package:ianvs_design has `uses-material-design: true` set but the primary pubspec contains `uses-material-design: false`. If the application needs material icons, then `uses-material-design`  must be set to true.
00:00 +0: loading /Users/robinfai/flutter_projects/ianvs-terminal/example/test/ai/terminal_ai_focus_test.dart
00:00 +0: approved desktop result restores input for a same-task follow-up
══╡ EXCEPTION CAUGHT BY FLUTTER TEST FRAMEWORK ╞════════════════════════════════════════════════════
The following TestFailure was thrown running a test:
Expected: <true>
  Actual: <false>

When the exception was thrown, this was the stack:
#4      main.<anonymous closure> (file:///Users/robinfai/flutter_projects/ianvs-terminal/example/test/ai/terminal_ai_focus_test.dart:121:7)
<asynchronous suspension>
#5      testWidgets.<anonymous closure>.<anonymous closure> (package:flutter_test/src/widget_tester.dart:192:15)
<asynchronous suspension>
#6      TestWidgetsFlutterBinding._runTestBody (package:flutter_test/src/binding.dart:1952:5)
<asynchronous suspension>
<asynchronous suspension>
(elided one frame from package:stack_trace)

This was caught by the test expectation on the following line:
  file:///Users/robinfai/flutter_projects/ianvs-terminal/example/test/ai/terminal_ai_focus_test.dart line 121
The test description was:
  approved desktop result restores input for a same-task follow-up
════════════════════════════════════════════════════════════════════════════════════════════════════
00:00 +0 -1: approved desktop result restores input for a same-task follow-up [E]
  Test failed. See exception logs above.
  The test description was: approved desktop result restores input for a same-task follow-up
  
00:00 +0 -1: finished result preserves historical reading and keyboard owner
00:00 +1 -1: finished result preserves selected assistant text
00:00 +2 -1: finished result never moves focus out of connection settings
00:01 +3 -1: phone result does not reopen the keyboard after command review
00:01 +4 -1: desktop background completion does not take keyboard focus
00:01 +5 -1: Some tests failed.

Failing tests:
  /Users/robinfai/flutter_projects/ianvs-terminal/example/test/ai/terminal_ai_focus_test.dart: approved desktop result restores input for a same-task follow-up
