Resolving dependencies in `/Users/robinfai/flutter_projects/ianvs-terminal`...
Downloading packages...
  _fe_analyzer_shared 96.0.0 (109.0.0 available)
  analyzer 10.2.0 (14.5.0 available)
  clock 1.1.2 (1.1.3 available)
  code_assets 1.0.0 (2.1.0 available)
  coverage 1.15.0 (1.15.1 available)
  cross_file 0.3.5+4 (0.4.0 available)
  cupertino_icons 1.0.9 (2.0.0 available)
  file_selector_android 0.5.2+6 (0.5.2+11 available)
  file_selector_ios 0.5.3+5 (0.5.3+6 available)
  file_selector_linux 0.9.4 (0.9.4+1 available)
  file_selector_macos 0.9.5 (0.9.5+1 available)
  file_selector_windows 0.9.3+5 (0.9.3+6 available)
  flutter_riverpod 3.3.1 (3.4.3 available)
  flutter_secure_storage 10.3.1 (11.2.0 available)
  flutter_secure_storage_darwin 0.3.2 (0.4.3 available)
  flutter_secure_storage_linux 3.0.2 (3.0.3 available)
  flutter_secure_storage_platform_interface 2.0.3 (2.1.1 available)
  frontend_server_client 4.0.0 (4.1.0 available)
  glob 2.1.3 (2.2.0 available)
  hooks 1.0.3 (2.2.0 available)
  ianvs_design 0.4.0 (0.4.1 available)
  intl 0.20.2 (0.20.3 available)
  io 1.0.5 (1.1.0 available)
  jni 1.0.0 (1.1.0 available)
  jni_flutter 1.0.1 (1.0.4+1 available)
  matcher 0.12.19 (0.12.20 available)
  material_color_utilities 0.13.0 (0.13.1 available)
  meta 1.18.0 (1.19.0 available)
  mime 2.0.0 (2.1.0 available)
  native_toolchain_c 0.17.6 (0.19.5 available)
  objective_c 9.3.0 (9.6.2 available)
  package_config 2.2.0 (3.0.0 available)
  path_provider 2.1.5 (2.1.6 available)
  path_provider_linux 2.2.1 (2.2.2 available)
  path_provider_platform_interface 2.1.2 (2.1.3 available)
  platform 3.1.6 (3.2.0 available)
  pool 1.5.2 (1.5.3 available)
  process 5.0.5 (5.0.6 available)
  protobuf 6.0.0 (6.1.0 available)
  pub_semver 2.2.0 (2.2.1 available)
  record_use 0.6.0 (1.1.1 available)
  riverpod 3.2.1 (3.4.3 available)
  source_maps 0.10.13 (0.10.14 available)
  stack_trace 1.12.1 (1.12.2 available)
  test 1.31.0 (1.33.0 available)
  test_api 0.7.11 (0.7.15 available)
  test_core 0.6.17 (0.6.21 available)
  vector_math 2.2.0 (2.4.3 available)
  very_good_analysis 10.3.0 (11.0.0 available)
  vm_service 15.1.0 (15.3.0 available)
  webdriver 3.1.0 (3.2.0 available)
  yaml 3.1.3 (3.1.4 available)
Got dependencies in `/Users/robinfai/flutter_projects/ianvs-terminal`!
52 packages have newer versions incompatible with dependency constraints.
Try `flutter pub outdated` for more information.
package:ianvs_design has `uses-material-design: true` set but the primary pubspec contains `uses-material-design: false`. If the application needs material icons, then `uses-material-design`  must be set to true.
00:00 +0: loading /Users/robinfai/flutter_projects/ianvs-terminal/example/test/shell/shell_close_protection_test.dart
00:00 +0: Shell close protection pending proposal cancellation preserves state and permits copying draft
00:02 +1: Shell close protection ready Composer draft-only close preserves drafts on cancel and closes only the target on confirm
══╡ EXCEPTION CAUGHT BY FLUTTER TEST FRAMEWORK ╞════════════════════════════════════════════════════
The following assertion was thrown running a test:
The value of a foundation debug variable was changed by the test.

When the exception was thrown, this was the stack:
#0      debugAssertAllFoundationVarsUnset.<anonymous closure> (package:flutter/src/foundation/debug.dart:45:7)
#1      debugAssertAllFoundationVarsUnset (package:flutter/src/foundation/debug.dart:48:4)
#2      TestWidgetsFlutterBinding._verifyInvariants (package:flutter_test/src/binding.dart:1995:7)
#3      AutomatedTestWidgetsFlutterBinding._verifyInvariants (package:flutter_test/src/binding.dart:2524:11)
#4      TestWidgetsFlutterBinding._runTestBody (package:flutter_test/src/binding.dart:1973:7)
<asynchronous suspension>
<asynchronous suspension>
(elided one frame from package:stack_trace)

The test description was:
  ready Composer draft-only close preserves drafts on cancel and closes only the target on confirm
════════════════════════════════════════════════════════════════════════════════════════════════════
00:03 +1 -1: Shell close protection ready Composer draft-only close preserves drafts on cancel and closes only the target on confirm [E]
  Test failed. See exception logs above.
  The test description was: ready Composer draft-only close preserves drafts on cancel and closes only the target on confirm
  
00:03 +1 -1: Shell close protection idle AI draft-only close preserves drafts on cancel and closes only the target on confirm
══╡ EXCEPTION CAUGHT BY FLUTTER TEST FRAMEWORK ╞════════════════════════════════════════════════════
The following assertion was thrown running a test:
The value of a foundation debug variable was changed by the test.

When the exception was thrown, this was the stack:
#0      debugAssertAllFoundationVarsUnset.<anonymous closure> (package:flutter/src/foundation/debug.dart:45:7)
#1      debugAssertAllFoundationVarsUnset (package:flutter/src/foundation/debug.dart:48:4)
#2      TestWidgetsFlutterBinding._verifyInvariants (package:flutter_test/src/binding.dart:1995:7)
#3      AutomatedTestWidgetsFlutterBinding._verifyInvariants (package:flutter_test/src/binding.dart:2524:11)
#4      TestWidgetsFlutterBinding._runTestBody (package:flutter_test/src/binding.dart:1973:7)
<asynchronous suspension>
<asynchronous suspension>
(elided one frame from package:stack_trace)

The test description was:
  idle AI draft-only close preserves drafts on cancel and closes only the target on confirm
════════════════════════════════════════════════════════════════════════════════════════════════════
00:04 +1 -2: Shell close protection idle AI draft-only close preserves drafts on cancel and closes only the target on confirm [E]
  Test failed. See exception logs above.
  The test description was: idle AI draft-only close preserves drafts on cancel and closes only the target on confirm
  
00:04 +1 -2: Shell close protection Composer and AI draft-only close preserves drafts on cancel and closes only the target on confirm
══╡ EXCEPTION CAUGHT BY FLUTTER TEST FRAMEWORK ╞════════════════════════════════════════════════════
The following assertion was thrown running a test:
The value of a foundation debug variable was changed by the test.

When the exception was thrown, this was the stack:
#0      debugAssertAllFoundationVarsUnset.<anonymous closure> (package:flutter/src/foundation/debug.dart:45:7)
#1      debugAssertAllFoundationVarsUnset (package:flutter/src/foundation/debug.dart:48:4)
#2      TestWidgetsFlutterBinding._verifyInvariants (package:flutter_test/src/binding.dart:1995:7)
#3      AutomatedTestWidgetsFlutterBinding._verifyInvariants (package:flutter_test/src/binding.dart:2524:11)
#4      TestWidgetsFlutterBinding._runTestBody (package:flutter_test/src/binding.dart:1973:7)
<asynchronous suspension>
<asynchronous suspension>
(elided one frame from package:stack_trace)

The test description was:
  Composer and AI draft-only close preserves drafts on cancel and closes only the target on confirm
════════════════════════════════════════════════════════════════════════════════════════════════════
00:05 +1 -3: Shell close protection Composer and AI draft-only close preserves drafts on cancel and closes only the target on confirm [E]
  Test failed. See exception logs above.
  The test description was: Composer and AI draft-only close preserves drafts on cancel and closes only the target on confirm
  
00:05 +1 -3: Shell close protection older idle AI task draft-only close preserves drafts on cancel and closes only the target on confirm
══╡ EXCEPTION CAUGHT BY FLUTTER TEST FRAMEWORK ╞════════════════════════════════════════════════════
The following assertion was thrown running a test:
The value of a foundation debug variable was changed by the test.

When the exception was thrown, this was the stack:
#0      debugAssertAllFoundationVarsUnset.<anonymous closure> (package:flutter/src/foundation/debug.dart:45:7)
#1      debugAssertAllFoundationVarsUnset (package:flutter/src/foundation/debug.dart:48:4)
#2      TestWidgetsFlutterBinding._verifyInvariants (package:flutter_test/src/binding.dart:1995:7)
#3      AutomatedTestWidgetsFlutterBinding._verifyInvariants (package:flutter_test/src/binding.dart:2524:11)
#4      TestWidgetsFlutterBinding._runTestBody (package:flutter_test/src/binding.dart:1973:7)
<asynchronous suspension>
<asynchronous suspension>
(elided one frame from package:stack_trace)

The test description was:
  older idle AI task draft-only close preserves drafts on cancel and closes only the target on
  confirm
════════════════════════════════════════════════════════════════════════════════════════════════════
00:06 +1 -4: Shell close protection older idle AI task draft-only close preserves drafts on cancel and closes only the target on confirm [E]
  Test failed. See exception logs above.
  The test description was: older idle AI task draft-only close preserves drafts on cancel and closes only the target on confirm
  
00:06 +1 -4: Shell close protection current idle AI attachment-only close preserves sources on cancel
══╡ EXCEPTION CAUGHT BY FLUTTER TEST FRAMEWORK ╞════════════════════════════════════════════════════
The following assertion was thrown running a test:
The value of a foundation debug variable was changed by the test.

When the exception was thrown, this was the stack:
#0      debugAssertAllFoundationVarsUnset.<anonymous closure> (package:flutter/src/foundation/debug.dart:45:7)
#1      debugAssertAllFoundationVarsUnset (package:flutter/src/foundation/debug.dart:48:4)
#2      TestWidgetsFlutterBinding._verifyInvariants (package:flutter_test/src/binding.dart:1995:7)
#3      AutomatedTestWidgetsFlutterBinding._verifyInvariants (package:flutter_test/src/binding.dart:2524:11)
#4      TestWidgetsFlutterBinding._runTestBody (package:flutter_test/src/binding.dart:1973:7)
<asynchronous suspension>
<asynchronous suspension>
(elided one frame from package:stack_trace)

The test description was:
  current idle AI attachment-only close preserves sources on cancel
════════════════════════════════════════════════════════════════════════════════════════════════════
00:07 +1 -5: Shell close protection current idle AI attachment-only close preserves sources on cancel [E]
  Test failed. See exception logs above.
  The test description was: current idle AI attachment-only close preserves sources on cancel
  
00:07 +1 -5: Shell close protection older idle AI attachment-only close preserves sources on cancel
══╡ EXCEPTION CAUGHT BY FLUTTER TEST FRAMEWORK ╞════════════════════════════════════════════════════
The following assertion was thrown running a test:
The value of a foundation debug variable was changed by the test.

When the exception was thrown, this was the stack:
#0      debugAssertAllFoundationVarsUnset.<anonymous closure> (package:flutter/src/foundation/debug.dart:45:7)
#1      debugAssertAllFoundationVarsUnset (package:flutter/src/foundation/debug.dart:48:4)
#2      TestWidgetsFlutterBinding._verifyInvariants (package:flutter_test/src/binding.dart:1995:7)
#3      AutomatedTestWidgetsFlutterBinding._verifyInvariants (package:flutter_test/src/binding.dart:2524:11)
#4      TestWidgetsFlutterBinding._runTestBody (package:flutter_test/src/binding.dart:1973:7)
<asynchronous suspension>
<asynchronous suspension>
(elided one frame from package:stack_trace)

The test description was:
  older idle AI attachment-only close preserves sources on cancel
════════════════════════════════════════════════════════════════════════════════════════════════════
00:07 +1 -6: Shell close protection older idle AI attachment-only close preserves sources on cancel [E]
  Test failed. See exception logs above.
  The test description was: older idle AI attachment-only close preserves sources on cancel
  
00:07 +1 -6: Shell close protection idle tab without drafts closes without confirmation
══╡ EXCEPTION CAUGHT BY FLUTTER TEST FRAMEWORK ╞════════════════════════════════════════════════════
The following assertion was thrown running a test:
The value of a foundation debug variable was changed by the test.

When the exception was thrown, this was the stack:
#0      debugAssertAllFoundationVarsUnset.<anonymous closure> (package:flutter/src/foundation/debug.dart:45:7)
#1      debugAssertAllFoundationVarsUnset (package:flutter/src/foundation/debug.dart:48:4)
#2      TestWidgetsFlutterBinding._verifyInvariants (package:flutter_test/src/binding.dart:1995:7)
#3      AutomatedTestWidgetsFlutterBinding._verifyInvariants (package:flutter_test/src/binding.dart:2524:11)
#4      TestWidgetsFlutterBinding._runTestBody (package:flutter_test/src/binding.dart:1973:7)
<asynchronous suspension>
<asynchronous suspension>
(elided one frame from package:stack_trace)

The test description was:
  idle tab without drafts closes without confirmation
════════════════════════════════════════════════════════════════════════════════════════════════════
00:07 +1 -7: Shell close protection idle tab without drafts closes without confirmation [E]
  Test failed. See exception logs above.
  The test description was: idle tab without drafts closes without confirmation
  
00:07 +1 -7: Shell close protection tab warning aggregates actual running and unreviewed panes
00:08 +2 -7: Shell close protection a pane added while confirmation is open is never closed by it
00:08 +3 -7: Shell close protection unknown receipt in an older task is protected while current task is idle
00:08 +4 -7: Shell close protection proposal changes during recording finalization reject stale close and resume recording
00:08 +5 -7: Shell close protection topology changes during recording finalization reject stale close and resume recording
00:09 +6 -7: Shell close protection attachment changes during recording finalization reject stale close and resume recording
00:09 +7 -7: Shell close protection recording save rejection preserves the approved close target AI state
00:09 +8 -7: Shell close protection native partial tab close removes only successful panes and preserves failed pane AI
00:09 +9 -7: Shell close protection pane close protection targets only that pane
00:10 +10 -7: Shell close protection pane close repeats proposal check after recording finalization
00:10 +11 -7: Shell close protection disconnected mobile owner with unknown result can cancel removal
00:10 +12 -7: Shell close protection late API reply after confirmed close cannot propose or write again
00:11 +13 -7: Shell close protection asynchronous complete close preserves a newly opened modal focus
00:11 +14 -7: Shell close protection asynchronous partial close preserves a newly opened modal focus
00:11 +15 -7: Some tests failed.

Failing tests:
  /Users/robinfai/flutter_projects/ianvs-terminal/example/test/shell/shell_close_protection_test.dart: Shell close protection Composer and AI draft-only close preserves drafts on cancel and closes only the target on confirm
  /Users/robinfai/flutter_projects/ianvs-terminal/example/test/shell/shell_close_protection_test.dart: Shell close protection current idle AI attachment-only close preserves sources on cancel
  /Users/robinfai/flutter_projects/ianvs-terminal/example/test/shell/shell_close_protection_test.dart: Shell close protection idle AI draft-only close preserves drafts on cancel and closes only the target on confirm
  /Users/robinfai/flutter_projects/ianvs-terminal/example/test/shell/shell_close_protection_test.dart: Shell close protection idle tab without drafts closes without confirmation
  ... and 3 more
