00:00 +0: loading test/docs_contract_test.dart
00:00 +0: execution target manifest matches repository evidence
00:00 +1: authoritative documentation links resolve
00:00 +2: docs archive exceptions are closed legacy paths and scoped PRD assets
00:00 +3: documentation link gate ignores fenced Markdown examples but checks rendered links
00:00 +4: documentation link gate still rejects a missing link after a fenced example
00:00 +5: documentation link gate shorter or different fence markers cannot end a code example
00:00 +6: documentation link gate a delimiter followed by text does not close the example
00:00 +7: documentation archive gate allows only the exact frozen legacy paths
00:00 +8: documentation archive gate rejects new archive directories even when they are empty
00:00 +9: documentation archive gate allows the PRD validators and evidence inside a case or shared run
00:00 +10: documentation archive gate the PRD exception does not allow unrelated scripts or archives
00:00 +11: compatibility baseline keeps six-layer evidence explicit
00:00 +12: current testing guide points to interaction regressions
00:00 +13: terminal verification script runs docs contract tests
00:00 +14: terminal verification script uses portable source scans
00:00 +15: terminal verification scopes the vendored Clippy allowance
00:00 +16: terminal verification script automatically discovers example tests
00:00 +17: vttest GUI gate serializes the PTY-heavy VT220 suite
00:00 +18: release real PTY gate owns a bounded app process group
00:00 +19: release process runner kills helpers after the group leader exits
00:06 +20: All tests passed!
