package:ianvs_design has `uses-material-design: true` set but the primary pubspec contains `uses-material-design: false`. If the application needs material icons, then `uses-material-design`  must be set to true.
00:00 +0: loading /Users/robinfai/flutter_projects/ianvs-terminal/example/test/preferences/app_preferences_models_test.dart
00:00 +0: /Users/robinfai/flutter_projects/ianvs-terminal/example/test/preferences/app_preferences_models_test.dart: platform preference clears the override and follows the receiving platform
00:00 +1: /Users/robinfai/flutter_projects/ianvs-terminal/example/test/preferences/app_preferences_models_test.dart: mobile defaults to Blocks without persisting an implicit choice
00:00 +2: /Users/robinfai/flutter_projects/ianvs-terminal/example/test/preferences/app_preferences_models_test.dart: preferred terminal mode roundtrips and unknown values keep Normal
00:00 +3: /Users/robinfai/flutter_projects/ianvs-terminal/example/test/preferences/app_preferences_models_test.dart: app preferences copyWith and toJson normalize schema versions
00:00 +4: /Users/robinfai/flutter_projects/ianvs-terminal/example/test/preferences/app_preferences_models_test.dart: app defaults copyWith normalizes default profile ids
00:00 +5: /Users/robinfai/flutter_projects/ianvs-terminal/example/test/preferences/app_preferences_models_test.dart: app defaults toJson normalizes invalid direct default profile ids
00:00 +6: /Users/robinfai/flutter_projects/ianvs-terminal/example/test/preferences/app_preferences_models_test.dart: app appearance copyWith normalizes terminal viewport padding
00:00 +7: /Users/robinfai/flutter_projects/ianvs-terminal/example/test/preferences/app_preferences_models_test.dart: app appearance language mode defaults and roundtrips through json
00:00 +8: /Users/robinfai/flutter_projects/ianvs-terminal/example/test/preferences/app_preferences_models_test.dart: app appearance toJson normalizes invalid direct padding
00:00 +9: /Users/robinfai/flutter_projects/ianvs-terminal/example/test/preferences/app_preferences_models_test.dart: app appearance normalizes finite padding into supported range
00:00 +10: /Users/robinfai/flutter_projects/ianvs-terminal/example/test/shell/defaults_appearance_redesign_test.dart: platform terminal preference stages and saves explicitly
00:00 +11: /Users/robinfai/flutter_projects/ianvs-terminal/example/test/shell/terminal_modes_test.dart: reset platform preference affects only new sessions TargetPlatform.macOS
00:01 +12: /Users/robinfai/flutter_projects/ianvs-terminal/example/test/shell/terminal_modes_test.dart: reset platform preference affects only new sessions TargetPlatform.macOS
00:01 +13: /Users/robinfai/flutter_projects/ianvs-terminal/example/test/shell/terminal_modes_test.dart: reset platform preference affects only new sessions TargetPlatform.macOS
00:01 +14: /Users/robinfai/flutter_projects/ianvs-terminal/example/test/shell/terminal_modes_test.dart: reset platform preference affects only new sessions TargetPlatform.macOS
00:01 +15: /Users/robinfai/flutter_projects/ianvs-terminal/example/test/shell/terminal_modes_test.dart: reset platform preference affects only new sessions TargetPlatform.macOS
00:01 +16: /Users/robinfai/flutter_projects/ianvs-terminal/example/test/shell/terminal_modes_test.dart: reset platform preference affects only new sessions TargetPlatform.macOS
══╡ EXCEPTION CAUGHT BY FLUTTER TEST FRAMEWORK ╞════════════════════════════════════════════════════
The following assertion was thrown running a test:
The value of a foundation debug variable was changed by the test.

When the exception was thrown, this was the stack:
#0      debugAssertAllFoundationVarsUnset.<anonymous closure> (package:flutter/src/foundation/debug.dart:45:7)
#1      debugAssertAllFoundationVarsUnset (package:flutter/src/foundation/debug.dart:48:4)
#2      TestWidgetsFlutterBinding._verifyInvariants (package:flutter_test/src/binding.dart:1995:7)
#3      AutomatedTestWidgetsFlutterBinding._verifyInvariants (package:flutter_test/src/binding.dart:2524:11)
#4      TestWidgetsFlutterBinding._runTestBody (package:flutter_test/src/binding.dart:1973:7)
<asynchronous suspension>
<asynchronous suspension>
(elided one frame from package:stack_trace)

The test description was:
  reset platform preference affects only new sessions TargetPlatform.macOS
════════════════════════════════════════════════════════════════════════════════════════════════════
00:01 +16 -1: /Users/robinfai/flutter_projects/ianvs-terminal/example/test/shell/defaults_appearance_redesign_test.dart: reset menu stages a profile reset and cancel discards it
00:01 +16 -1: /Users/robinfai/flutter_projects/ianvs-terminal/example/test/shell/terminal_modes_test.dart: reset platform preference affects only new sessions TargetPlatform.macOS [E]
  Test failed. See exception logs above.
  The test description was: reset platform preference affects only new sessions TargetPlatform.macOS
  
00:01 +17 -1: /Users/robinfai/flutter_projects/ianvs-terminal/example/test/shell/terminal_modes_test.dart: reset platform preference affects only new sessions TargetPlatform.iOS
══╡ EXCEPTION CAUGHT BY FLUTTER TEST FRAMEWORK ╞════════════════════════════════════════════════════
The following _TypeError was thrown running a test:
Null check operator used on a null value

When the exception was thrown, this was the stack:
#0      main.<anonymous closure> (file:///Users/robinfai/flutter_projects/ianvs-terminal/example/test/shell/terminal_modes_test.dart:104:49)
<asynchronous suspension>
#1      testWidgets.<anonymous closure>.<anonymous closure> (package:flutter_test/src/widget_tester.dart:192:15)
<asynchronous suspension>
#2      TestWidgetsFlutterBinding._runTestBody (package:flutter_test/src/binding.dart:1952:5)
<asynchronous suspension>
<asynchronous suspension>
(elided one frame from package:stack_trace)

The test description was:
  reset platform preference affects only new sessions TargetPlatform.iOS
════════════════════════════════════════════════════════════════════════════════════════════════════
00:02 +17 -2: /Users/robinfai/flutter_projects/ianvs-terminal/example/test/shell/defaults_appearance_redesign_test.dart: all desktop sections reflow at 680 px and 2x text in Brightness.dark
00:02 +17 -2: /Users/robinfai/flutter_projects/ianvs-terminal/example/test/shell/terminal_modes_test.dart: reset platform preference affects only new sessions TargetPlatform.iOS [E]
  Test failed. See exception logs above.
  The test description was: reset platform preference affects only new sessions TargetPlatform.iOS
  
00:02 +18 -2: /Users/robinfai/flutter_projects/ianvs-terminal/example/test/shell/terminal_modes_test.dart: open tab menu follows capability recovery and loss
00:02 +19 -2: /Users/robinfai/flutter_projects/ianvs-terminal/example/test/shell/terminal_modes_test.dart: open tab menu follows capability recovery and loss
00:02 +20 -2: /Users/robinfai/flutter_projects/ianvs-terminal/example/test/shell/terminal_modes_test.dart: open tab menu follows capability recovery and loss
00:02 +21 -2: /Users/robinfai/flutter_projects/ianvs-terminal/example/test/shell/defaults_appearance_redesign_test.dart: iPhone settings sections remain reachable at Size(375.0, 667.0) and 2.0x
00:02 +22 -2: /Users/robinfai/flutter_projects/ianvs-terminal/example/test/shell/terminal_modes_test.dart: desktop tab recheck preserves Normal, draft and the same session
00:02 +23 -2: /Users/robinfai/flutter_projects/ianvs-terminal/example/test/shell/terminal_modes_test.dart: desktop tab recheck preserves Normal, draft and the same session
00:03 +24 -2: /Users/robinfai/flutter_projects/ianvs-terminal/example/test/shell/terminal_modes_test.dart: desktop tab recheck preserves Normal, draft and the same session
00:03 +25 -2: /Users/robinfai/flutter_projects/ianvs-terminal/example/test/shell/defaults_appearance_redesign_test.dart: iPhone settings sections remain reachable at Size(402.0, 874.0) and 2.0x
00:03 +26 -2: /Users/robinfai/flutter_projects/ianvs-terminal/example/test/shell/terminal_modes_test.dart: output checks refresh ownership before falling back
00:03 +27 -2: /Users/robinfai/flutter_projects/ianvs-terminal/example/test/shell/terminal_modes_test.dart: output checks refresh ownership before falling back
00:03 +28 -2: /Users/robinfai/flutter_projects/ianvs-terminal/example/test/shell/defaults_appearance_redesign_test.dart: iPhone settings sections remain reachable at Size(874.0, 402.0) and 1.0x
00:03 +29 -2: /Users/robinfai/flutter_projects/ianvs-terminal/example/test/shell/terminal_modes_test.dart: tab mode switching follows SSH context and preserves the draft
00:03 +30 -2: /Users/robinfai/flutter_projects/ianvs-terminal/example/test/shell/terminal_modes_test.dart: tab mode switching follows SSH context and preserves the draft
00:03 +31 -2: /Users/robinfai/flutter_projects/ianvs-terminal/example/test/shell/terminal_modes_test.dart: tab mode switching follows SSH context and preserves the draft
00:03 +32 -2: /Users/robinfai/flutter_projects/ianvs-terminal/example/test/shell/terminal_modes_test.dart: tab mode switching follows SSH context and preserves the draft
00:03 +33 -2: /Users/robinfai/flutter_projects/ianvs-terminal/example/test/shell/defaults_appearance_redesign_test.dart: wide defaults dialog renders shortcuts as a persistent tab
00:04 +34 -2: /Users/robinfai/flutter_projects/ianvs-terminal/example/test/shell/terminal_modes_test.dart: new session preference and manual choices survive pane moves
00:04 +35 -2: /Users/robinfai/flutter_projects/ianvs-terminal/example/test/shell/terminal_modes_test.dart: new session preference and manual choices survive pane moves
00:04 +36 -2: /Users/robinfai/flutter_projects/ianvs-terminal/example/test/shell/terminal_modes_test.dart: new session preference and manual choices survive pane moves
00:04 +37 -2: /Users/robinfai/flutter_projects/ianvs-terminal/example/test/shell/terminal_modes_test.dart: new session preference and manual choices survive pane moves
00:04 +38 -2: /Users/robinfai/flutter_projects/ianvs-terminal/example/test/shell/terminal_modes_test.dart: new session preference and manual choices survive pane moves
00:04 +39 -2: /Users/robinfai/flutter_projects/ianvs-terminal/example/test/shell/terminal_modes_test.dart: new session preference and manual choices survive pane moves
00:04 +40 -2: /Users/robinfai/flutter_projects/ianvs-terminal/example/test/shell/terminal_modes_test.dart: new session preference and manual choices survive pane moves
00:04 +41 -2: /Users/robinfai/flutter_projects/ianvs-terminal/example/test/shell/defaults_appearance_redesign_test.dart: compact defaults dialog keeps the touch-friendly radio layout
00:04 +42 -2: Some tests failed.

Failing tests:
  /Users/robinfai/flutter_projects/ianvs-terminal/example/test/shell/terminal_modes_test.dart: reset platform preference affects only new sessions TargetPlatform.iOS
  /Users/robinfai/flutter_projects/ianvs-terminal/example/test/shell/terminal_modes_test.dart: reset platform preference affects only new sessions TargetPlatform.macOS
