00:00 +0: loading /Users/robinfai/flutter_projects/ianvs-terminal/packages/ianvs_terminal/test/terminal_cursor_move_test.dart
00:00 +0: /Users/robinfai/flutter_projects/ianvs-terminal/packages/ianvs_terminal/test/terminal_cursor_move_test.dart: terminalCursorMoveSequence moves left and right without vertical arrows in normal buffer
00:00 +1: /Users/robinfai/flutter_projects/ianvs-terminal/packages/ianvs_terminal/test/terminal_session_config_v1_test.dart: TerminalSessionConfigV1 round-trips the declared exact current config
00:00 +2: /Users/robinfai/flutter_projects/ianvs-terminal/packages/ianvs_terminal/test/terminal_session_config_v1_test.dart: TerminalSessionConfigV1 round-trips the declared exact current config
00:00 +3: /Users/robinfai/flutter_projects/ianvs-terminal/packages/ianvs_terminal/test/terminal_session_config_v1_test.dart: TerminalSessionConfigV1 round-trips the declared exact current config
00:00 +4: /Users/robinfai/flutter_projects/ianvs-terminal/packages/ianvs_terminal/test/terminal_session_config_v1_test.dart: TerminalSessionConfigV1 round-trips the declared exact current config
00:00 +5: /Users/robinfai/flutter_projects/ianvs-terminal/packages/ianvs_terminal/test/terminal_session_config_v1_test.dart: TerminalSessionConfigV1 round-trips the declared exact current config
00:00 +6: /Users/robinfai/flutter_projects/ianvs-terminal/packages/ianvs_terminal/test/terminal_config_test.dart: SSH injection overrides preserve inheritance and false on round trip
00:00 +7: /Users/robinfai/flutter_projects/ianvs-terminal/packages/ianvs_terminal/test/terminal_config_test.dart: SSH injection overrides preserve inheritance and false on round trip
00:00 +8: /Users/robinfai/flutter_projects/ianvs-terminal/packages/ianvs_terminal/test/terminal_config_test.dart: SSH injection overrides preserve inheritance and false on round trip
00:00 +9: /Users/robinfai/flutter_projects/ianvs-terminal/packages/ianvs_terminal/test/terminal_session_config_v1_test.dart: TerminalSessionConfigV1 keeps client-only Alt click preference outside the native v1 ABI
00:00 +10: /Users/robinfai/flutter_projects/ianvs-terminal/packages/ianvs_terminal/test/terminal_cursor_move_test.dart: terminalCursorMoveSequence counts wide emoji and combining clusters without UTF16 length
00:00 +11: /Users/robinfai/flutter_projects/ianvs-terminal/packages/ianvs_terminal/test/terminal_config_test.dart: current terminal config round-trips its exact nested shape
00:00 +12: /Users/robinfai/flutter_projects/ianvs-terminal/packages/ianvs_terminal/test/terminal_session_config_v1_test.dart: TerminalSessionConfigV1 rejects unknown and case-alias fields at every boundary
00:00 +13: /Users/robinfai/flutter_projects/ianvs-terminal/packages/ianvs_terminal/test/terminal_session_config_v1_test.dart: TerminalSessionConfigV1 rejects unknown and case-alias fields at every boundary
00:00 +14: /Users/robinfai/flutter_projects/ianvs-terminal/packages/ianvs_terminal/test/terminal_session_config_v1_test.dart: TerminalSessionConfigV1 rejects unknown and case-alias fields at every boundary
00:00 +15: /Users/robinfai/flutter_projects/ianvs-terminal/packages/ianvs_terminal/test/terminal_session_config_v1_test.dart: TerminalSessionConfigV1 rejects unknown and case-alias fields at every boundary
00:00 +16: /Users/robinfai/flutter_projects/ianvs-terminal/packages/ianvs_terminal/test/terminal_config_test.dart: current parser rejects unknown nested SSH fields
00:00 +17: /Users/robinfai/flutter_projects/ianvs-terminal/packages/ianvs_terminal/test/terminal_config_test.dart: current parser rejects unknown nested SSH fields
00:00 +18: /Users/robinfai/flutter_projects/ianvs-terminal/packages/ianvs_terminal/test/terminal_session_config_v1_test.dart: TerminalSessionConfigV1 enforces the shared complete exact-shape corpus
00:00 +19: /Users/robinfai/flutter_projects/ianvs-terminal/packages/ianvs_terminal/test/terminal_session_config_v1_test.dart: TerminalSessionConfigV1 enforces the shared complete exact-shape corpus
00:00 +20: /Users/robinfai/flutter_projects/ianvs-terminal/packages/ianvs_terminal/test/terminal_session_config_v1_test.dart: TerminalSessionConfigV1 enforces the shared complete exact-shape corpus
00:00 +21: /Users/robinfai/flutter_projects/ianvs-terminal/packages/ianvs_terminal/test/terminal_session_config_v1_test.dart: TerminalSessionConfigV1 enforces the shared complete exact-shape corpus
00:00 +22: /Users/robinfai/flutter_projects/ianvs-terminal/packages/ianvs_terminal/test/terminal_session_config_v1_test.dart: TerminalSessionConfigV1 enforces the shared complete exact-shape corpus
00:00 +23: /Users/robinfai/flutter_projects/ianvs-terminal/packages/ianvs_terminal/test/terminal_session_config_v1_test.dart: TerminalSessionConfigV1 enforces the shared complete exact-shape corpus
00:00 +24: /Users/robinfai/flutter_projects/ianvs-terminal/packages/ianvs_terminal/test/terminal_viewport_alt_click_test.dart: TerminalViewport Alt click sends one unmodified arrow batch and bypasses copy and links
00:00 +25: /Users/robinfai/flutter_projects/ianvs-terminal/packages/ianvs_terminal/test/terminal_viewport_alt_click_test.dart: TerminalViewport Alt click sends one unmodified arrow batch and bypasses copy and links
00:00 +26: /Users/robinfai/flutter_projects/ianvs-terminal/packages/ianvs_terminal/test/terminal_viewport_alt_click_test.dart: TerminalViewport Alt click sends one unmodified arrow batch and bypasses copy and links
00:00 +27: /Users/robinfai/flutter_projects/ianvs-terminal/packages/ianvs_terminal/test/terminal_viewport_alt_click_test.dart: TerminalViewport Alt click sends one unmodified arrow batch and bypasses copy and links
00:00 +28: /Users/robinfai/flutter_projects/ianvs-terminal/packages/ianvs_terminal/test/terminal_viewport_alt_click_test.dart: TerminalViewport Alt click sends one unmodified arrow batch and bypasses copy and links
00:00 +29: /Users/robinfai/flutter_projects/ianvs-terminal/packages/ianvs_terminal/test/terminal_viewport_alt_click_test.dart: TerminalViewport Alt click sends one unmodified arrow batch and bypasses copy and links
00:00 +30: /Users/robinfai/flutter_projects/ianvs-terminal/packages/ianvs_terminal/test/terminal_viewport_alt_click_test.dart: TerminalViewport Alt click sends one unmodified arrow batch and bypasses copy and links
00:00 +31: /Users/robinfai/flutter_projects/ianvs-terminal/packages/ianvs_terminal/test/terminal_viewport_alt_click_test.dart: TerminalViewport Alt click sends one unmodified arrow batch and bypasses copy and links
00:00 +32: /Users/robinfai/flutter_projects/ianvs-terminal/packages/ianvs_terminal/test/terminal_viewport_alt_click_test.dart: TerminalViewport Alt click sends one unmodified arrow batch and bypasses copy and links
00:00 +33: /Users/robinfai/flutter_projects/ianvs-terminal/packages/ianvs_terminal/test/terminal_viewport_alt_click_test.dart: TerminalViewport Alt click sends one unmodified arrow batch and bypasses copy and links
00:00 +34: /Users/robinfai/flutter_projects/ianvs-terminal/packages/ianvs_terminal/test/terminal_viewport_alt_click_test.dart: TerminalViewport Alt click sends one unmodified arrow batch and bypasses copy and links
00:00 +35: /Users/robinfai/flutter_projects/ianvs-terminal/packages/ianvs_terminal/test/terminal_viewport_alt_click_test.dart: TerminalViewport Alt click sends one unmodified arrow batch and bypasses copy and links
00:00 +36: /Users/robinfai/flutter_projects/ianvs-terminal/packages/ianvs_terminal/test/terminal_viewport_alt_click_test.dart: TerminalViewport Alt click sends one unmodified arrow batch and bypasses copy and links
00:00 +37: /Users/robinfai/flutter_projects/ianvs-terminal/packages/ianvs_terminal/test/terminal_viewport_alt_click_test.dart: TerminalViewport Alt click sends one unmodified arrow batch and bypasses copy and links
00:00 +38: /Users/robinfai/flutter_projects/ianvs-terminal/packages/ianvs_terminal/test/terminal_viewport_alt_click_test.dart: TerminalViewport Alt click sends one unmodified arrow batch and bypasses copy and links
00:00 +39: /Users/robinfai/flutter_projects/ianvs-terminal/packages/ianvs_terminal/test/terminal_viewport_alt_click_test.dart: TerminalViewport Alt click sends one unmodified arrow batch and bypasses copy and links
00:00 +40: /Users/robinfai/flutter_projects/ianvs-terminal/packages/ianvs_terminal/test/terminal_viewport_alt_click_test.dart: TerminalViewport Alt click sends one unmodified arrow batch and bypasses copy and links
00:00 +41: /Users/robinfai/flutter_projects/ianvs-terminal/packages/ianvs_terminal/test/terminal_viewport_alt_click_test.dart: TerminalViewport Alt click sends one unmodified arrow batch and bypasses copy and links
00:00 +42: /Users/robinfai/flutter_projects/ianvs-terminal/packages/ianvs_terminal/test/terminal_viewport_alt_click_test.dart: TerminalViewport Alt click sends one unmodified arrow batch and bypasses copy and links
00:00 +43: /Users/robinfai/flutter_projects/ianvs-terminal/packages/ianvs_terminal/test/terminal_viewport_alt_click_test.dart: TerminalViewport Alt click sends one unmodified arrow batch and bypasses copy and links
00:00 +44: /Users/robinfai/flutter_projects/ianvs-terminal/packages/ianvs_terminal/test/terminal_viewport_keyboard_test.dart: terminal handles command-q before an unhandled event bubbles to the host
00:00 +45: /Users/robinfai/flutter_projects/ianvs-terminal/packages/ianvs_terminal/test/terminal_viewport_keyboard_test.dart: terminal handles command-q before an unhandled event bubbles to the host
00:00 +46: /Users/robinfai/flutter_projects/ianvs-terminal/packages/ianvs_terminal/test/terminal_viewport_keyboard_test.dart: terminal handles command-q before an unhandled event bubbles to the host
00:00 +47: /Users/robinfai/flutter_projects/ianvs-terminal/packages/ianvs_terminal/test/terminal_viewport_keyboard_test.dart: terminal handles command-q before an unhandled event bubbles to the host
00:00 +48: /Users/robinfai/flutter_projects/ianvs-terminal/packages/ianvs_terminal/test/terminal_viewport_mobile_gesture_test.dart: iPhone keyboard follows theme while input remains attached (variant: TargetPlatform.iOS)
00:00 +49: /Users/robinfai/flutter_projects/ianvs-terminal/packages/ianvs_terminal/test/terminal_viewport_mobile_gesture_test.dart: iPhone keyboard follows theme while input remains attached (variant: TargetPlatform.iOS)
00:00 +50: /Users/robinfai/flutter_projects/ianvs-terminal/packages/ianvs_terminal/test/terminal_viewport_mobile_gesture_test.dart: iPhone keyboard follows theme while input remains attached (variant: TargetPlatform.iOS)
00:00 +51: /Users/robinfai/flutter_projects/ianvs-terminal/packages/ianvs_terminal/test/terminal_viewport_mobile_gesture_test.dart: iPhone keyboard follows theme while input remains attached (variant: TargetPlatform.iOS)
00:00 +52: /Users/robinfai/flutter_projects/ianvs-terminal/packages/ianvs_terminal/test/terminal_viewport_mobile_gesture_test.dart: iPhone keyboard follows theme while input remains attached (variant: TargetPlatform.iOS)
00:00 +53: /Users/robinfai/flutter_projects/ianvs-terminal/packages/ianvs_terminal/test/terminal_viewport_mobile_gesture_test.dart: iPhone keyboard follows theme while input remains attached (variant: TargetPlatform.iOS)
00:00 +54: /Users/robinfai/flutter_projects/ianvs-terminal/packages/ianvs_terminal/test/terminal_viewport_mobile_gesture_test.dart: iPhone keyboard follows theme while input remains attached (variant: TargetPlatform.iOS)
00:00 +55: /Users/robinfai/flutter_projects/ianvs-terminal/packages/ianvs_terminal/test/terminal_viewport_mobile_gesture_test.dart: iPhone keyboard follows theme while input remains attached (variant: TargetPlatform.iOS)
00:00 +56: /Users/robinfai/flutter_projects/ianvs-terminal/packages/ianvs_terminal/test/terminal_viewport_mobile_gesture_test.dart: iPhone keyboard follows theme while input remains attached (variant: TargetPlatform.iOS)
00:00 +57: /Users/robinfai/flutter_projects/ianvs-terminal/packages/ianvs_terminal/test/terminal_viewport_mobile_gesture_test.dart: iPhone keyboard follows theme while input remains attached (variant: TargetPlatform.iOS)
00:00 +58: /Users/robinfai/flutter_projects/ianvs-terminal/packages/ianvs_terminal/test/terminal_input_controller_test.dart: kitty keyboard event reporting suppresses release after platform paste shortcut
00:00 +59: /Users/robinfai/flutter_projects/ianvs-terminal/packages/ianvs_terminal/test/terminal_viewport_alt_click_test.dart: TerminalViewport Alt click keeps Alt drag as block selection even after returning to start
00:00 +60: /Users/robinfai/flutter_projects/ianvs-terminal/packages/ianvs_terminal/test/terminal_viewport_alt_click_test.dart: TerminalViewport Alt click keeps Alt drag as block selection even after returning to start
00:00 +61: /Users/robinfai/flutter_projects/ianvs-terminal/packages/ianvs_terminal/test/terminal_viewport_alt_click_test.dart: TerminalViewport Alt click keeps Alt drag as block selection even after returning to start
00:00 +62: /Users/robinfai/flutter_projects/ianvs-terminal/packages/ianvs_terminal/test/terminal_viewport_alt_click_test.dart: TerminalViewport Alt click keeps Alt drag as block selection even after returning to start
00:00 +63: /Users/robinfai/flutter_projects/ianvs-terminal/packages/ianvs_terminal/test/terminal_viewport_mobile_gesture_test.dart: desktop trackpad pan follows content while wheel deltas keep wheel semantics (variant: TargetPlatform.macOS)
00:00 +64: /Users/robinfai/flutter_projects/ianvs-terminal/packages/ianvs_terminal/test/terminal_viewport_mobile_gesture_test.dart: desktop trackpad pan follows content while wheel deltas keep wheel semantics (variant: TargetPlatform.macOS)
00:00 +65: /Users/robinfai/flutter_projects/ianvs-terminal/packages/ianvs_terminal/test/terminal_viewport_mobile_gesture_test.dart: desktop trackpad pan follows content while wheel deltas keep wheel semantics (variant: TargetPlatform.macOS)
00:00 +66: /Users/robinfai/flutter_projects/ianvs-terminal/packages/ianvs_terminal/test/terminal_viewport_mobile_gesture_test.dart: desktop trackpad pan follows content while wheel deltas keep wheel semantics (variant: TargetPlatform.macOS)
00:00 +67: /Users/robinfai/flutter_projects/ianvs-terminal/packages/ianvs_terminal/test/terminal_viewport_mobile_gesture_test.dart: desktop trackpad pan follows content while wheel deltas keep wheel semantics (variant: TargetPlatform.macOS)
00:00 +68: /Users/robinfai/flutter_projects/ianvs-terminal/packages/ianvs_terminal/test/terminal_viewport_mobile_gesture_test.dart: desktop trackpad pan follows content while wheel deltas keep wheel semantics (variant: TargetPlatform.macOS)
00:00 +69: /Users/robinfai/flutter_projects/ianvs-terminal/packages/ianvs_terminal/test/terminal_viewport_alt_click_test.dart: TerminalViewport Alt click uses the latest cursor when output arrives during the click
00:00 +70: /Users/robinfai/flutter_projects/ianvs-terminal/packages/ianvs_terminal/test/terminal_viewport_alt_click_test.dart: TerminalViewport Alt click uses the latest cursor when output arrives during the click
00:00 +71: /Users/robinfai/flutter_projects/ianvs-terminal/packages/ianvs_terminal/test/terminal_viewport_alt_click_test.dart: TerminalViewport Alt click uses the latest cursor when output arrives during the click
00:00 +72: /Users/robinfai/flutter_projects/ianvs-terminal/packages/ianvs_terminal/test/terminal_viewport_alt_click_test.dart: TerminalViewport Alt click uses the latest cursor when output arrives during the click
00:00 +73: /Users/robinfai/flutter_projects/ianvs-terminal/packages/ianvs_terminal/test/terminal_viewport_alt_click_test.dart: TerminalViewport Alt click uses the latest cursor when output arrives during the click
00:00 +74: /Users/robinfai/flutter_projects/ianvs-terminal/packages/ianvs_terminal/test/terminal_viewport_mobile_gesture_test.dart: selection magnifier follows the finger and disappears on release (variant: TargetPlatform.iOS)
00:00 +75: /Users/robinfai/flutter_projects/ianvs-terminal/packages/ianvs_terminal/test/terminal_viewport_mobile_gesture_test.dart: selection magnifier follows the finger and disappears on release (variant: TargetPlatform.iOS)
00:00 +76: /Users/robinfai/flutter_projects/ianvs-terminal/packages/ianvs_terminal/test/terminal_viewport_mobile_gesture_test.dart: selection magnifier follows the finger and disappears on release (variant: TargetPlatform.iOS)
00:00 +77: /Users/robinfai/flutter_projects/ianvs-terminal/packages/ianvs_terminal/test/terminal_viewport_mobile_gesture_test.dart: selection magnifier follows the finger and disappears on release (variant: TargetPlatform.iOS)
00:00 +78: /Users/robinfai/flutter_projects/ianvs-terminal/packages/ianvs_terminal/test/terminal_viewport_mobile_gesture_test.dart: selection magnifier follows the finger and disappears on release (variant: TargetPlatform.iOS)
00:00 +79: /Users/robinfai/flutter_projects/ianvs-terminal/packages/ianvs_terminal/test/terminal_viewport_mobile_gesture_test.dart: selection magnifier follows the finger and disappears on release (variant: TargetPlatform.iOS)
00:00 +80: /Users/robinfai/flutter_projects/ianvs-terminal/packages/ianvs_terminal/test/terminal_viewport_mobile_gesture_test.dart: selection magnifier follows the finger and disappears on release (variant: TargetPlatform.iOS)
00:00 +81: /Users/robinfai/flutter_projects/ianvs-terminal/packages/ianvs_terminal/test/terminal_viewport_mobile_gesture_test.dart: selection magnifier follows the finger and disappears on release (variant: TargetPlatform.iOS)
00:00 +82: /Users/robinfai/flutter_projects/ianvs-terminal/packages/ianvs_terminal/test/terminal_viewport_mobile_gesture_test.dart: selection magnifier follows the finger and disappears on release (variant: TargetPlatform.iOS)
00:00 +83: /Users/robinfai/flutter_projects/ianvs-terminal/packages/ianvs_terminal/test/terminal_viewport_mobile_gesture_test.dart: selection magnifier follows the finger and disappears on release (variant: TargetPlatform.iOS)
00:00 +84: /Users/robinfai/flutter_projects/ianvs-terminal/packages/ianvs_terminal/test/terminal_viewport_mobile_gesture_test.dart: selection magnifier follows the finger and disappears on release (variant: TargetPlatform.iOS)
00:00 +85: /Users/robinfai/flutter_projects/ianvs-terminal/packages/ianvs_terminal/test/terminal_viewport_mobile_gesture_test.dart: selection magnifier follows the finger and disappears on release (variant: TargetPlatform.iOS)
00:00 +86: /Users/robinfai/flutter_projects/ianvs-terminal/packages/ianvs_terminal/test/terminal_viewport_mobile_gesture_test.dart: selection magnifier follows the finger and disappears on release (variant: TargetPlatform.iOS)
00:00 +87: /Users/robinfai/flutter_projects/ianvs-terminal/packages/ianvs_terminal/test/terminal_viewport_mobile_gesture_test.dart: selection magnifier follows the finger and disappears on release (variant: TargetPlatform.iOS)
00:00 +88: /Users/robinfai/flutter_projects/ianvs-terminal/packages/ianvs_terminal/test/terminal_input_controller_test.dart: terminal viewport sends focus tracking reports on focus changes
00:00 +89: /Users/robinfai/flutter_projects/ianvs-terminal/packages/ianvs_terminal/test/terminal_input_controller_test.dart: terminal viewport sends focus tracking reports on focus changes
00:00 +90: /Users/robinfai/flutter_projects/ianvs-terminal/packages/ianvs_terminal/test/terminal_input_controller_test.dart: terminal viewport sends focus tracking reports on focus changes
00:00 +91: /Users/robinfai/flutter_projects/ianvs-terminal/packages/ianvs_terminal/test/terminal_input_controller_test.dart: terminal viewport sends focus tracking reports on focus changes
00:00 +92: /Users/robinfai/flutter_projects/ianvs-terminal/packages/ianvs_terminal/test/terminal_input_controller_test.dart: terminal viewport sends focus tracking reports on focus changes
00:00 +93: /Users/robinfai/flutter_projects/ianvs-terminal/packages/ianvs_terminal/test/terminal_input_controller_test.dart: terminal viewport sends focus tracking reports on focus changes
00:00 +94: /Users/robinfai/flutter_projects/ianvs-terminal/packages/ianvs_terminal/test/terminal_input_controller_test.dart: terminal viewport sends focus tracking reports on focus changes
00:00 +95: /Users/robinfai/flutter_projects/ianvs-terminal/packages/ianvs_terminal/test/terminal_input_controller_test.dart: terminal viewport sends focus tracking reports on focus changes
00:00 +96: /Users/robinfai/flutter_projects/ianvs-terminal/packages/ianvs_terminal/test/terminal_input_controller_test.dart: terminal viewport sends focus tracking reports on focus changes
00:00 +97: /Users/robinfai/flutter_projects/ianvs-terminal/packages/ianvs_terminal/test/terminal_input_controller_test.dart: terminal viewport sends focus tracking reports on focus changes
00:00 +98: /Users/robinfai/flutter_projects/ianvs-terminal/packages/ianvs_terminal/test/terminal_input_controller_test.dart: terminal viewport sends focus tracking reports on focus changes
00:00 +99: /Users/robinfai/flutter_projects/ianvs-terminal/packages/ianvs_terminal/test/terminal_input_controller_test.dart: terminal viewport sends focus tracking reports on focus changes
00:00 +100: /Users/robinfai/flutter_projects/ianvs-terminal/packages/ianvs_terminal/test/terminal_input_controller_test.dart: terminal viewport sends focus tracking reports on focus changes
00:00 +101: /Users/robinfai/flutter_projects/ianvs-terminal/packages/ianvs_terminal/test/terminal_input_controller_test.dart: terminal viewport sends focus tracking reports on focus changes
00:00 +102: /Users/robinfai/flutter_projects/ianvs-terminal/packages/ianvs_terminal/test/terminal_input_controller_test.dart: terminal viewport sends focus tracking reports on focus changes
00:00 +103: /Users/robinfai/flutter_projects/ianvs-terminal/packages/ianvs_terminal/test/terminal_input_controller_test.dart: terminal viewport sends focus tracking reports on focus changes
00:00 +104: /Users/robinfai/flutter_projects/ianvs-terminal/packages/ianvs_terminal/test/terminal_input_controller_test.dart: terminal viewport sends focus tracking reports on focus changes
00:00 +105: /Users/robinfai/flutter_projects/ianvs-terminal/packages/ianvs_terminal/test/terminal_input_controller_test.dart: terminal viewport sends focus tracking reports on focus changes
00:00 +106: /Users/robinfai/flutter_projects/ianvs-terminal/packages/ianvs_terminal/test/terminal_input_controller_test.dart: terminal viewport sends focus tracking reports on focus changes
00:00 +107: /Users/robinfai/flutter_projects/ianvs-terminal/packages/ianvs_terminal/test/terminal_viewport_mobile_gesture_test.dart: iPhone long press selects a word and exposes a 44-point copy action (variant: TargetPlatform.iOS)
00:00 +108: /Users/robinfai/flutter_projects/ianvs-terminal/packages/ianvs_terminal/test/terminal_viewport_mobile_gesture_test.dart: iPhone long press selects a word and exposes a 44-point copy action (variant: TargetPlatform.iOS)
00:00 +109: /Users/robinfai/flutter_projects/ianvs-terminal/packages/ianvs_terminal/test/terminal_viewport_mobile_gesture_test.dart: iPhone long press selects a word and exposes a 44-point copy action (variant: TargetPlatform.iOS)
00:00 +110: /Users/robinfai/flutter_projects/ianvs-terminal/packages/ianvs_terminal/test/terminal_viewport_mobile_gesture_test.dart: iPhone long press selects a word and exposes a 44-point copy action (variant: TargetPlatform.iOS)
00:00 +111: /Users/robinfai/flutter_projects/ianvs-terminal/packages/ianvs_terminal/test/terminal_viewport_mobile_gesture_test.dart: iPhone long press selects a word and exposes a 44-point copy action (variant: TargetPlatform.iOS)
00:00 +112: /Users/robinfai/flutter_projects/ianvs-terminal/packages/ianvs_terminal_core/test/terminal_viewport_alt_click_test.dart: TerminalViewport Alt click sends one unmodified arrow batch and bypasses copy and links
00:00 +113: /Users/robinfai/flutter_projects/ianvs-terminal/packages/ianvs_terminal_core/test/terminal_viewport_alt_click_test.dart: TerminalViewport Alt click sends one unmodified arrow batch and bypasses copy and links
00:00 +114: /Users/robinfai/flutter_projects/ianvs-terminal/packages/ianvs_terminal_core/test/terminal_viewport_alt_click_test.dart: TerminalViewport Alt click sends one unmodified arrow batch and bypasses copy and links
00:00 +115: /Users/robinfai/flutter_projects/ianvs-terminal/packages/ianvs_terminal_core/test/terminal_viewport_alt_click_test.dart: TerminalViewport Alt click sends one unmodified arrow batch and bypasses copy and links
00:00 +116: /Users/robinfai/flutter_projects/ianvs-terminal/packages/ianvs_terminal_core/test/terminal_viewport_alt_click_test.dart: TerminalViewport Alt click sends one unmodified arrow batch and bypasses copy and links
00:00 +117: /Users/robinfai/flutter_projects/ianvs-terminal/packages/ianvs_terminal_core/test/terminal_viewport_alt_click_test.dart: TerminalViewport Alt click sends one unmodified arrow batch and bypasses copy and links
00:00 +118: /Users/robinfai/flutter_projects/ianvs-terminal/packages/ianvs_terminal_core/test/terminal_viewport_alt_click_test.dart: TerminalViewport Alt click sends one unmodified arrow batch and bypasses copy and links
00:00 +119: /Users/robinfai/flutter_projects/ianvs-terminal/packages/ianvs_terminal_core/test/terminal_viewport_alt_click_test.dart: TerminalViewport Alt click sends one unmodified arrow batch and bypasses copy and links
00:00 +120: /Users/robinfai/flutter_projects/ianvs-terminal/packages/ianvs_terminal_core/test/terminal_viewport_alt_click_test.dart: TerminalViewport Alt click sends one unmodified arrow batch and bypasses copy and links
00:00 +121: /Users/robinfai/flutter_projects/ianvs-terminal/packages/ianvs_terminal_core/test/terminal_viewport_alt_click_test.dart: TerminalViewport Alt click sends one unmodified arrow batch and bypasses copy and links
00:00 +122: /Users/robinfai/flutter_projects/ianvs-terminal/packages/ianvs_terminal_core/test/terminal_viewport_alt_click_test.dart: TerminalViewport Alt click sends one unmodified arrow batch and bypasses copy and links
00:00 +123: /Users/robinfai/flutter_projects/ianvs-terminal/packages/ianvs_terminal_core/test/terminal_viewport_alt_click_test.dart: TerminalViewport Alt click sends one unmodified arrow batch and bypasses copy and links
00:00 +124: /Users/robinfai/flutter_projects/ianvs-terminal/packages/ianvs_terminal_core/test/terminal_viewport_alt_click_test.dart: TerminalViewport Alt click sends one unmodified arrow batch and bypasses copy and links
00:00 +125: /Users/robinfai/flutter_projects/ianvs-terminal/packages/ianvs_terminal_core/test/terminal_viewport_alt_click_test.dart: TerminalViewport Alt click sends one unmodified arrow batch and bypasses copy and links
00:00 +126: /Users/robinfai/flutter_projects/ianvs-terminal/packages/ianvs_terminal_core/test/terminal_viewport_alt_click_test.dart: TerminalViewport Alt click sends one unmodified arrow batch and bypasses copy and links
00:00 +127: /Users/robinfai/flutter_projects/ianvs-terminal/packages/ianvs_terminal_core/test/terminal_viewport_alt_click_test.dart: TerminalViewport Alt click sends one unmodified arrow batch and bypasses copy and links
00:00 +128: /Users/robinfai/flutter_projects/ianvs-terminal/packages/ianvs_terminal_core/test/terminal_viewport_alt_click_test.dart: TerminalViewport Alt click sends one unmodified arrow batch and bypasses copy and links
00:00 +129: /Users/robinfai/flutter_projects/ianvs-terminal/packages/ianvs_terminal_core/test/terminal_viewport_alt_click_test.dart: TerminalViewport Alt click sends one unmodified arrow batch and bypasses copy and links
00:01 +130: /Users/robinfai/flutter_projects/ianvs-terminal/packages/ianvs_terminal_core/test/terminal_viewport_alt_click_test.dart: TerminalViewport Alt click sends one unmodified arrow batch and bypasses copy and links
00:01 +131: /Users/robinfai/flutter_projects/ianvs-terminal/packages/ianvs_terminal_core/test/terminal_viewport_alt_click_test.dart: TerminalViewport Alt click sends one unmodified arrow batch and bypasses copy and links
00:01 +132: /Users/robinfai/flutter_projects/ianvs-terminal/packages/ianvs_terminal_core/test/terminal_viewport_alt_click_test.dart: TerminalViewport Alt click sends one unmodified arrow batch and bypasses copy and links
00:01 +133: /Users/robinfai/flutter_projects/ianvs-terminal/packages/ianvs_terminal_core/test/terminal_viewport_alt_click_test.dart: TerminalViewport Alt click sends one unmodified arrow batch and bypasses copy and links
00:01 +134: /Users/robinfai/flutter_projects/ianvs-terminal/packages/ianvs_terminal_core/test/terminal_viewport_alt_click_test.dart: TerminalViewport Alt click sends one unmodified arrow batch and bypasses copy and links
00:01 +135: /Users/robinfai/flutter_projects/ianvs-terminal/packages/ianvs_terminal_core/test/terminal_viewport_alt_click_test.dart: TerminalViewport Alt click sends one unmodified arrow batch and bypasses copy and links
00:01 +136: /Users/robinfai/flutter_projects/ianvs-terminal/packages/ianvs_terminal_core/test/terminal_viewport_alt_click_test.dart: TerminalViewport Alt click sends one unmodified arrow batch and bypasses copy and links
00:01 +137: /Users/robinfai/flutter_projects/ianvs-terminal/packages/ianvs_terminal_core/test/terminal_viewport_alt_click_test.dart: TerminalViewport Alt click sends one unmodified arrow batch and bypasses copy and links
00:01 +138: /Users/robinfai/flutter_projects/ianvs-terminal/packages/ianvs_terminal_core/test/terminal_viewport_alt_click_test.dart: TerminalViewport Alt click sends one unmodified arrow batch and bypasses copy and links
00:01 +139: /Users/robinfai/flutter_projects/ianvs-terminal/packages/ianvs_terminal_core/test/terminal_viewport_alt_click_test.dart: TerminalViewport Alt click sends one unmodified arrow batch and bypasses copy and links
00:01 +140: /Users/robinfai/flutter_projects/ianvs-terminal/packages/ianvs_terminal_core/test/terminal_viewport_alt_click_test.dart: TerminalViewport Alt click sends one unmodified arrow batch and bypasses copy and links
00:01 +141: /Users/robinfai/flutter_projects/ianvs-terminal/packages/ianvs_terminal_core/test/terminal_viewport_alt_click_test.dart: TerminalViewport Alt click sends one unmodified arrow batch and bypasses copy and links
00:01 +142: /Users/robinfai/flutter_projects/ianvs-terminal/packages/ianvs_terminal_core/test/terminal_viewport_alt_click_test.dart: TerminalViewport Alt click sends one unmodified arrow batch and bypasses copy and links
00:01 +143: /Users/robinfai/flutter_projects/ianvs-terminal/packages/ianvs_terminal_core/test/terminal_viewport_alt_click_test.dart: TerminalViewport Alt click sends one unmodified arrow batch and bypasses copy and links
00:01 +144: /Users/robinfai/flutter_projects/ianvs-terminal/packages/ianvs_terminal_core/test/terminal_viewport_alt_click_test.dart: TerminalViewport Alt click sends one unmodified arrow batch and bypasses copy and links
00:01 +145: /Users/robinfai/flutter_projects/ianvs-terminal/packages/ianvs_terminal_core/test/terminal_viewport_alt_click_test.dart: TerminalViewport Alt click sends one unmodified arrow batch and bypasses copy and links
00:01 +146: /Users/robinfai/flutter_projects/ianvs-terminal/packages/ianvs_terminal_core/test/terminal_viewport_alt_click_test.dart: TerminalViewport Alt click sends one unmodified arrow batch and bypasses copy and links
00:01 +147: /Users/robinfai/flutter_projects/ianvs-terminal/packages/ianvs_terminal_core/test/terminal_viewport_alt_click_test.dart: TerminalViewport Alt click sends one unmodified arrow batch and bypasses copy and links
00:01 +148: /Users/robinfai/flutter_projects/ianvs-terminal/packages/ianvs_terminal_core/test/terminal_viewport_alt_click_test.dart: TerminalViewport Alt click sends one unmodified arrow batch and bypasses copy and links
00:01 +149: /Users/robinfai/flutter_projects/ianvs-terminal/packages/ianvs_terminal_core/test/terminal_viewport_alt_click_test.dart: TerminalViewport Alt click sends one unmodified arrow batch and bypasses copy and links
00:01 +150: /Users/robinfai/flutter_projects/ianvs-terminal/packages/ianvs_terminal_core/test/terminal_viewport_alt_click_test.dart: TerminalViewport Alt click sends one unmodified arrow batch and bypasses copy and links
00:01 +151: /Users/robinfai/flutter_projects/ianvs-terminal/packages/ianvs_terminal_core/test/terminal_viewport_alt_click_test.dart: TerminalViewport Alt click sends one unmodified arrow batch and bypasses copy and links
00:01 +152: /Users/robinfai/flutter_projects/ianvs-terminal/packages/ianvs_terminal_core/test/terminal_viewport_alt_click_test.dart: TerminalViewport Alt click sends one unmodified arrow batch and bypasses copy and links
00:01 +153: /Users/robinfai/flutter_projects/ianvs-terminal/packages/ianvs_terminal_core/test/terminal_viewport_alt_click_test.dart: TerminalViewport Alt click sends one unmodified arrow batch and bypasses copy and links
00:01 +154: /Users/robinfai/flutter_projects/ianvs-terminal/packages/ianvs_terminal_core/test/terminal_viewport_alt_click_test.dart: TerminalViewport Alt click sends one unmodified arrow batch and bypasses copy and links
00:01 +155: /Users/robinfai/flutter_projects/ianvs-terminal/packages/ianvs_terminal_core/test/terminal_viewport_alt_click_test.dart: TerminalViewport Alt click sends one unmodified arrow batch and bypasses copy and links
00:01 +156: /Users/robinfai/flutter_projects/ianvs-terminal/packages/ianvs_terminal_core/test/terminal_viewport_alt_click_test.dart: TerminalViewport Alt click sends one unmodified arrow batch and bypasses copy and links
00:01 +157: /Users/robinfai/flutter_projects/ianvs-terminal/packages/ianvs_terminal_core/test/terminal_viewport_alt_click_test.dart: TerminalViewport Alt click sends one unmodified arrow batch and bypasses copy and links
00:01 +158: /Users/robinfai/flutter_projects/ianvs-terminal/packages/ianvs_terminal_core/test/terminal_viewport_alt_click_test.dart: TerminalViewport Alt click sends one unmodified arrow batch and bypasses copy and links
00:01 +159: /Users/robinfai/flutter_projects/ianvs-terminal/packages/ianvs_terminal_core/test/terminal_viewport_alt_click_test.dart: TerminalViewport Alt click sends one unmodified arrow batch and bypasses copy and links
00:01 +160: /Users/robinfai/flutter_projects/ianvs-terminal/packages/ianvs_terminal_core/test/terminal_viewport_alt_click_test.dart: TerminalViewport Alt click sends one unmodified arrow batch and bypasses copy and links
00:01 +161: /Users/robinfai/flutter_projects/ianvs-terminal/packages/ianvs_terminal_core/test/terminal_viewport_alt_click_test.dart: TerminalViewport Alt click sends one unmodified arrow batch and bypasses copy and links
00:01 +162: /Users/robinfai/flutter_projects/ianvs-terminal/packages/ianvs_terminal_core/test/terminal_viewport_alt_click_test.dart: TerminalViewport Alt click sends one unmodified arrow batch and bypasses copy and links
00:01 +163: /Users/robinfai/flutter_projects/ianvs-terminal/packages/ianvs_terminal_core/test/terminal_viewport_alt_click_test.dart: TerminalViewport Alt click sends one unmodified arrow batch and bypasses copy and links
00:01 +164: /Users/robinfai/flutter_projects/ianvs-terminal/packages/ianvs_terminal_core/test/embed/terminal_embed_current_test.dart: panel tracks title, exit, and exact tab disposal
00:01 +165: /Users/robinfai/flutter_projects/ianvs-terminal/packages/ianvs_terminal_core/test/embed/terminal_embed_current_test.dart: panel tracks title, exit, and exact tab disposal
00:01 +166: /Users/robinfai/flutter_projects/ianvs-terminal/packages/ianvs_terminal_core/test/embed/terminal_embed_current_test.dart: panel tracks title, exit, and exact tab disposal
00:01 +167: /Users/robinfai/flutter_projects/ianvs-terminal/packages/ianvs_terminal_core/test/embed/terminal_embed_current_test.dart: panel tracks title, exit, and exact tab disposal
Shell: PASS /bin/zsh: ASCII left
Shell: PASS /bin/zsh: soft wrap left
Shell: PASS /bin/zsh: Chinese left
Shell: PASS /bin/zsh: ASCII right
Shell: PASS /bin/zsh: Chinese right
Shell: PASS /bin/bash: ASCII left
Shell: PASS /bin/bash: soft wrap left
Shell: PASS /bin/bash: Chinese left
Shell: PASS /bin/bash: ASCII right
Shell: PASS /bin/bash: Chinese right
00:01 +168: /Users/robinfai/flutter_projects/ianvs-terminal/packages/ianvs_terminal_core/test/embed/terminal_embed_current_test.dart: panel tracks title, exit, and exact tab disposal
00:01 +169: /Users/robinfai/flutter_projects/ianvs-terminal/packages/ianvs_terminal_core/test/embed/terminal_embed_current_test.dart: panel tracks title, exit, and exact tab disposal
00:01 +170: /Users/robinfai/flutter_projects/ianvs-terminal/packages/ianvs_terminal_core/test/embed/terminal_embed_current_test.dart: panel tracks title, exit, and exact tab disposal
00:01 +171: /Users/robinfai/flutter_projects/ianvs-terminal/packages/ianvs_terminal_core/test/embed/terminal_embed_current_test.dart: panel tracks title, exit, and exact tab disposal
00:01 +172: /Users/robinfai/flutter_projects/ianvs-terminal/packages/ianvs_terminal_core/test/embed/terminal_embed_current_test.dart: panel tracks title, exit, and exact tab disposal
00:01 +173: /Users/robinfai/flutter_projects/ianvs-terminal/packages/ianvs_terminal_core/test/embed/terminal_embed_current_test.dart: panel tracks title, exit, and exact tab disposal
00:01 +174: /Users/robinfai/flutter_projects/ianvs-terminal/packages/ianvs_terminal_core/test/embed/terminal_embed_current_test.dart: panel tracks title, exit, and exact tab disposal
00:01 +175: /Users/robinfai/flutter_projects/ianvs-terminal/packages/ianvs_terminal_core/test/embed/terminal_embed_current_test.dart: panel tracks title, exit, and exact tab disposal
00:01 +176: /Users/robinfai/flutter_projects/ianvs-terminal/packages/ianvs_terminal_core/test/embed/terminal_embed_current_test.dart: panel tracks title, exit, and exact tab disposal
00:01 +177: /Users/robinfai/flutter_projects/ianvs-terminal/packages/ianvs_terminal_core/test/embed/terminal_embed_current_test.dart: panel tracks title, exit, and exact tab disposal
00:01 +178: /Users/robinfai/flutter_projects/ianvs-terminal/packages/ianvs_terminal_core/test/embed/terminal_embed_current_test.dart: panel tracks title, exit, and exact tab disposal
00:01 +179: /Users/robinfai/flutter_projects/ianvs-terminal/packages/ianvs_terminal_core/test/embed/terminal_embed_current_test.dart: panel tracks title, exit, and exact tab disposal
00:01 +180: /Users/robinfai/flutter_projects/ianvs-terminal/packages/ianvs_terminal_core/test/embed/terminal_embed_current_test.dart: panel tracks title, exit, and exact tab disposal
00:01 +181: /Users/robinfai/flutter_projects/ianvs-terminal/packages/ianvs_terminal_core/test/terminal_viewport_alt_click_test.dart: TerminalViewport Alt click mode change during a local click does not emit orphan mouse release
00:01 +182: /Users/robinfai/flutter_projects/ianvs-terminal/packages/ianvs_terminal_core/test/terminal_viewport_alt_click_test.dart: TerminalViewport Alt click mode change during a local click does not emit orphan mouse release
00:01 +183: /Users/robinfai/flutter_projects/ianvs-terminal/packages/ianvs_terminal_core/test/terminal_viewport_alt_click_test.dart: TerminalViewport Alt click mode change during a local click does not emit orphan mouse release
00:01 +184: /Users/robinfai/flutter_projects/ianvs-terminal/packages/ianvs_terminal_core/test/terminal_viewport_alt_click_test.dart: TerminalViewport Alt click ordinary click and touch do not move the input cursor
00:01 +185: All tests passed!
