package:ianvs_design has `uses-material-design: true` set but the primary pubspec contains `uses-material-design: false`. If the application needs material icons, then `uses-material-design`  must be set to true.
00:00 +0: loading /Users/robinfai/flutter_projects/ianvs-terminal/example/test/profiles/profile_editor_test.dart
00:00 +0: profile editor seeds nested terminal fields and saves structured changes
00:06 +1: profile editor groups controls under the profile hierarchy
00:06 +2: profile editor uses a wide section rail and aligned color controls
00:06 +3: profile editor section navigation jumps to deep sections
00:07 +4: profile editor search filters and jumps to matching sections
00:07 +5: profile editor exposes focused semantics and keyboard section traversal
00:07 +6: profile editor only enables save after an edit
00:07 +7: mobile profile sections use a single horizontal navigator
00:07 +8: profile editor summarizes and resets dirty sections
00:07 +9: profile editor saves notification and send-text triggers
00:07 +10: profile editor saves automatic profile switching rules
00:07 +11: profile editor blocks metadata collections above limits
00:08 +12: profile editor blocks launch and font collections above limits
00:09 +13: profile editor blocks invalid values and duplicate env keys
00:10 +14: profile editor rejects non-finite typography values
00:10 +15: profile editor rejects excessive scrollback retention
00:10 +16: profile editor confirms before discarding unsaved changes
00:10 +17: profile editor color picker uses palette controls and resets the color field
00:11 +18: profile editor can return terminal colors to the app theme
00:11 +19: profile editor renders theme presets and applies a preset to all terminal colors
00:12 +20: profile editor clears preset selection after a manual color edit and keeps manual values
00:12 +21: profile editor reset only clears one color after applying a preset
00:13 +22: All tests passed!
