package:ianvs_design has `uses-material-design: true` set but the primary pubspec contains `uses-material-design: false`. If the application needs material icons, then `uses-material-design`  must be set to true.
00:00 +0: loading /Users/robinfai/flutter_projects/ianvs-terminal/example/test/ui/desktop_component_states_preview_test.dart
00:00 +0: (setUpAll)
00:00 +0: light block renders the production control without overflow (variant: TargetPlatform.macOS)
00:00 +1: light contextChip renders the production control without overflow (variant: TargetPlatform.macOS)
00:00 +2: light candidate renders the production control without overflow (variant: TargetPlatform.macOS)
00:01 +3: light button renders the production control without overflow (variant: TargetPlatform.macOS)
00:01 +4: light tab renders the production control without overflow (variant: TargetPlatform.macOS)
00:01 +5: light splitter renders the production control without overflow (variant: TargetPlatform.macOS)
00:01 +6: dark block renders the production control without overflow (variant: TargetPlatform.macOS)
00:01 +7: dark contextChip renders the production control without overflow (variant: TargetPlatform.macOS)
00:01 +8: dark candidate renders the production control without overflow (variant: TargetPlatform.macOS)
00:01 +9: dark button renders the production control without overflow (variant: TargetPlatform.macOS)
00:02 +10: dark tab renders the production control without overflow (variant: TargetPlatform.macOS)
00:02 +11: dark splitter renders the production control without overflow (variant: TargetPlatform.macOS)
00:02 +12: contrast-light block renders the production control without overflow (variant: TargetPlatform.macOS)
00:02 +13: contrast-light contextChip renders the production control without overflow (variant: TargetPlatform.macOS)
00:02 +14: contrast-light candidate renders the production control without overflow (variant: TargetPlatform.macOS)
00:02 +15: contrast-light button renders the production control without overflow (variant: TargetPlatform.macOS)
00:02 +16: contrast-light tab renders the production control without overflow (variant: TargetPlatform.macOS)
00:02 +17: contrast-light splitter renders the production control without overflow (variant: TargetPlatform.macOS)
00:03 +18: contrast-dark block renders the production control without overflow (variant: TargetPlatform.macOS)
00:03 +19: contrast-dark contextChip renders the production control without overflow (variant: TargetPlatform.macOS)
00:03 +20: contrast-dark candidate renders the production control without overflow (variant: TargetPlatform.macOS)
00:03 +21: contrast-dark button renders the production control without overflow (variant: TargetPlatform.macOS)
00:03 +22: contrast-dark tab renders the production control without overflow (variant: TargetPlatform.macOS)
00:03 +23: contrast-dark splitter renders the production control without overflow (variant: TargetPlatform.macOS)
00:03 +24: narrow-2x block renders the production control without overflow (variant: TargetPlatform.macOS)
00:03 +25: narrow-2x contextChip renders the production control without overflow (variant: TargetPlatform.macOS)
00:03 +26: narrow-2x candidate renders the production control without overflow (variant: TargetPlatform.macOS)
00:04 +27: narrow-2x button renders the production control without overflow (variant: TargetPlatform.macOS)
00:04 +28: narrow-2x tab renders the production control without overflow (variant: TargetPlatform.macOS)
00:04 +29: narrow-2x splitter renders the production control without overflow (variant: TargetPlatform.macOS)
00:04 +30: native catalogue environment controls reach the required variants (variant: TargetPlatform.macOS)
00:04 +31: Block running is a controller fact independent of selection (variant: TargetPlatform.macOS)
00:04 +32: Block failed is a controller fact independent of selection (variant: TargetPlatform.macOS)
00:05 +33: Block unknown is a controller fact independent of selection (variant: TargetPlatform.macOS)
00:05 +34: Block command keyboard focus does not select until activation (variant: TargetPlatform.macOS)
00:05 +35: Block hover and held press do not select until activation; focus stays meaningful (variant: TargetPlatform.macOS)
00:05 +36: ContextChip keeps inspect separate from source deletion and supports keyboard focus (variant: TargetPlatform.macOS)
00:06 +37: ContextChip removal unavailable does not falsely disable inspection (variant: TargetPlatform.macOS)
00:06 +38: candidate hover and arrows highlight without executing; Enter only accepts the draft (variant: TargetPlatform.macOS)
00:06 +39: primary action has real keyboard focus before Enter activates the fixture (variant: TargetPlatform.macOS)
00:06 +40: primary action pressed is not submitted; release uses only the local fixture (variant: TargetPlatform.macOS)
00:06 +41: button DesktopPreviewFact.emptyDraft exposes the production disabled cause and cannot act (variant: TargetPlatform.macOS)
00:06 +42: button DesktopPreviewFact.submitting exposes the production disabled cause and cannot act (variant: TargetPlatform.macOS)
00:07 +43: tab hover/press/focus are not activation and keyboard activation selects once (variant: TargetPlatform.macOS)
00:07 +44: splitter horizontal distinguishes hover from real drag (variant: TargetPlatform.macOS)
00:07 +45: splitter horizontal keyboard focus and semantics resize the real local fixture (variant: TargetPlatform.macOS)
00:07 +46: splitter vertical distinguishes hover from real drag (variant: TargetPlatform.macOS)
00:08 +47: splitter vertical keyboard focus and semantics resize the real local fixture (variant: TargetPlatform.macOS)
00:08 +48: (tearDownAll)
00:08 +48: All tests passed!
