package:ianvs_design has `uses-material-design: true` set but the primary pubspec contains `uses-material-design: false`. If the application needs material icons, then `uses-material-design`  must be set to true.
00:00 +0: loading /Users/robinfai/flutter_projects/ianvs-terminal/example/integration_test/terminal_ai_k9s_acceptance_test.dart
Building macOS application...                                   
✓ Built build/macos/Build/Products/Debug/Trail Development.app
00:00 +0: k9s uses the full grid and hands AI input back to the same PTY
══╡ EXCEPTION CAUGHT BY FLUTTER TEST FRAMEWORK ╞════════════════════════════════════════════════════
The following TestFailure was thrown running a test:
Timed out: manual Blocks restore

When the exception was thrown, this was the stack:
#0      fail (package:matcher/src/expect/expect.dart:187:31)
#1      main.<anonymous closure>.waitFor (file:///Users/robinfai/flutter_projects/ianvs-terminal/example/integration_test/terminal_ai_k9s_acceptance_test.dart:185:49)
<asynchronous suspension>
#2      main.<anonymous closure>.restoreBlocks (file:///Users/robinfai/flutter_projects/ianvs-terminal/example/integration_test/terminal_ai_k9s_acceptance_test.dart:361:9)
<asynchronous suspension>
#3      main.<anonymous closure> (file:///Users/robinfai/flutter_projects/ianvs-terminal/example/integration_test/terminal_ai_k9s_acceptance_test.dart:383:7)
<asynchronous suspension>
#4      testWidgets.<anonymous closure>.<anonymous closure> (package:flutter_test/src/widget_tester.dart:192:15)
<asynchronous suspension>
#5      TestWidgetsFlutterBinding._runTestBody (package:flutter_test/src/binding.dart:1952:5)
<asynchronous suspension>
<asynchronous suspension>
(elided one frame from package:stack_trace)

The test description was:
  k9s uses the full grid and hands AI input back to the same PTY
════════════════════════════════════════════════════════════════════════════════════════════════════
00:39 +0 -1: k9s uses the full grid and hands AI input back to the same PTY [E]
  Test failed. See exception logs above.
  The test description was: k9s uses the full grid and hands AI input back to the same PTY
  
00:40 +0 -1: (tearDownAll)
00:40 +0 -1: Some tests failed.

Failing tests:
  /Users/robinfai/flutter_projects/ianvs-terminal/example/integration_test/terminal_ai_k9s_acceptance_test.dart: k9s uses the full grid and hands AI input back to the same PTY
