00:00 +0: loading /Users/robinfai/flutter_projects/ianvs-terminal/packages/ianvs_terminal/test/terminal/command_blocks_timeline_test.dart
00:00 +0: filtered pointer selection attaches only original rows [126, 127]
00:00 +1: filtered pointer selection attaches only original rows [126, 300]
══╡ EXCEPTION CAUGHT BY FLUTTER TEST FRAMEWORK ╞════════════════════════════════════════════════════
The following TestFailure was thrown running a test:
Expected: [126, 300]
  Actual: MappedListIterable<TerminalRow, int>:[
            126,
            127,
            128,
            129,
            130,
            131,
            132,
            133,
            134,
            135,
            136,
            137,
            138,
            139,
            140,
            141,
            142,
            143,
            144,
            145,
            146,
            147,
            148,
            149,
            ...
          ]
   Which: at location [1] is <127> instead of <300>

When the exception was thrown, this was the stack:
#4      main.<anonymous closure> (file:///Users/robinfai/flutter_projects/ianvs-terminal/packages/ianvs_terminal/test/terminal/command_blocks_timeline_test.dart:556:7)
<asynchronous suspension>
#5      testWidgets.<anonymous closure>.<anonymous closure> (package:flutter_test/src/widget_tester.dart:192:15)
<asynchronous suspension>
#6      TestWidgetsFlutterBinding._runTestBody (package:flutter_test/src/binding.dart:1952:5)
<asynchronous suspension>
<asynchronous suspension>
(elided one frame from package:stack_trace)

This was caught by the test expectation on the following line:
  file:///Users/robinfai/flutter_projects/ianvs-terminal/packages/ianvs_terminal/test/terminal/command_blocks_timeline_test.dart line 556
The test description was:
  filtered pointer selection attaches only original rows [126, 300]
════════════════════════════════════════════════════════════════════════════════════════════════════
00:00 +1 -1: filtered pointer selection attaches only original rows [126, 300] [E]
  Test failed. See exception logs above.
  The test description was: filtered pointer selection attaches only original rows [126, 300]
  
00:00 +1 -1: filtered pointer selection attaches only original rows [126, 999]
══╡ EXCEPTION CAUGHT BY FLUTTER TEST FRAMEWORK ╞════════════════════════════════════════════════════
The following TestFailure was thrown running a test:
Expected: not null
  Actual: <null>

When the exception was thrown, this was the stack:
#4      main.<anonymous closure> (file:///Users/robinfai/flutter_projects/ianvs-terminal/packages/ianvs_terminal/test/terminal/command_blocks_timeline_test.dart:555:7)
<asynchronous suspension>
#5      testWidgets.<anonymous closure>.<anonymous closure> (package:flutter_test/src/widget_tester.dart:192:15)
<asynchronous suspension>
#6      TestWidgetsFlutterBinding._runTestBody (package:flutter_test/src/binding.dart:1952:5)
<asynchronous suspension>
<asynchronous suspension>
(elided one frame from package:stack_trace)

This was caught by the test expectation on the following line:
  file:///Users/robinfai/flutter_projects/ianvs-terminal/packages/ianvs_terminal/test/terminal/command_blocks_timeline_test.dart line 555
The test description was:
  filtered pointer selection attaches only original rows [126, 999]
════════════════════════════════════════════════════════════════════════════════════════════════════
00:00 +1 -2: filtered pointer selection attaches only original rows [126, 999] [E]
  Test failed. See exception logs above.
  The test description was: filtered pointer selection attaches only original rows [126, 999]
  
00:00 +1 -2: Some tests failed.

Failing tests:
  /Users/robinfai/flutter_projects/ianvs-terminal/packages/ianvs_terminal/test/terminal/command_blocks_timeline_test.dart: filtered pointer selection attaches only original rows [126, 300]
  /Users/robinfai/flutter_projects/ianvs-terminal/packages/ianvs_terminal/test/terminal/command_blocks_timeline_test.dart: filtered pointer selection attaches only original rows [126, 999]
