package:ianvs_design has `uses-material-design: true` set but the primary pubspec contains `uses-material-design: false`. If the application needs material icons, then `uses-material-design`  must be set to true.
00:00 +0: loading /Users/robinfai/flutter_projects/ianvs-terminal/example/test/shell/mobile_terminal_modes_test.dart
00:00 +0: phone TUI AI overlay preserves grid and isolates auxiliary keys
══╡ EXCEPTION CAUGHT BY FLUTTER TEST FRAMEWORK ╞════════════════════════════════════════════════════
The following TestFailure was thrown running a test:
Expected: _DebugSize:<Size(390.0, 730.0)>
  Actual: _DebugSize:<Size(390.0, 792.0)>

When the exception was thrown, this was the stack:
#4      main.<anonymous closure> (file:///Users/robinfai/flutter_projects/ianvs-terminal/example/test/shell/mobile_terminal_modes_test.dart:416:7)
<asynchronous suspension>
#5      testWidgets.<anonymous closure>.<anonymous closure> (package:flutter_test/src/widget_tester.dart:192:15)
<asynchronous suspension>
#6      TestWidgetsFlutterBinding._runTestBody (package:flutter_test/src/binding.dart:1952:5)
<asynchronous suspension>
<asynchronous suspension>
(elided one frame from package:stack_trace)

This was caught by the test expectation on the following line:
  file:///Users/robinfai/flutter_projects/ianvs-terminal/example/test/shell/mobile_terminal_modes_test.dart line 416
The test description was:
  phone TUI AI overlay preserves grid and isolates auxiliary keys
════════════════════════════════════════════════════════════════════════════════════════════════════
00:01 +0 -1: phone TUI AI overlay preserves grid and isolates auxiliary keys [E]
  Test failed. See exception logs above.
  The test description was: phone TUI AI overlay preserves grid and isolates auxiliary keys
  
00:01 +0 -1: Some tests failed.

Failing tests:
  /Users/robinfai/flutter_projects/ianvs-terminal/example/test/shell/mobile_terminal_modes_test.dart: phone TUI AI overlay preserves grid and isolates auxiliary keys
