00:00 +0: loading /Users/robinfai/flutter_projects/ianvs-terminal/packages/ianvs_terminal/test/terminal/command_blocks_timeline_test.dart
00:00 +0: reader restores native line and selection after eviction (filter false)
══╡ EXCEPTION CAUGHT BY FLUTTER TEST FRAMEWORK ╞════════════════════════════════════════════════════
The following TestFailure was thrown running a test:
Expected: a numeric value within <0.1> of <1113.0>
  Actual: <0.0>
   Which:  differs by <1113.0>

When the exception was thrown, this was the stack:
#4      main.<anonymous closure> (file:///Users/robinfai/flutter_projects/ianvs-terminal/packages/ianvs_terminal/test/terminal/command_blocks_timeline_test.dart:62:7)
<asynchronous suspension>
#5      testWidgets.<anonymous closure>.<anonymous closure> (package:flutter_test/src/widget_tester.dart:192:15)
<asynchronous suspension>
#6      TestWidgetsFlutterBinding._runTestBody (package:flutter_test/src/binding.dart:1952:5)
<asynchronous suspension>
<asynchronous suspension>
(elided one frame from package:stack_trace)

This was caught by the test expectation on the following line:
  file:///Users/robinfai/flutter_projects/ianvs-terminal/packages/ianvs_terminal/test/terminal/command_blocks_timeline_test.dart line 62
The test description was:
  reader restores native line and selection after eviction (filter false)
════════════════════════════════════════════════════════════════════════════════════════════════════
00:00 +0 -1: reader restores native line and selection after eviction (filter false) [E]
  Test failed. See exception logs above.
  The test description was: reader restores native line and selection after eviction (filter false)
  
00:00 +0 -1: reader restores native line and selection after eviction (filter true)
══╡ EXCEPTION CAUGHT BY FLUTTER TEST FRAMEWORK ╞════════════════════════════════════════════════════
The following TestFailure was thrown running a test:
Expected: a numeric value within <0.1> of <1773.0>
  Actual: <0.0>
   Which:  differs by <1773.0>

When the exception was thrown, this was the stack:
#4      main.<anonymous closure> (file:///Users/robinfai/flutter_projects/ianvs-terminal/packages/ianvs_terminal/test/terminal/command_blocks_timeline_test.dart:62:7)
<asynchronous suspension>
#5      testWidgets.<anonymous closure>.<anonymous closure> (package:flutter_test/src/widget_tester.dart:192:15)
<asynchronous suspension>
#6      TestWidgetsFlutterBinding._runTestBody (package:flutter_test/src/binding.dart:1952:5)
<asynchronous suspension>
<asynchronous suspension>
(elided one frame from package:stack_trace)

This was caught by the test expectation on the following line:
  file:///Users/robinfai/flutter_projects/ianvs-terminal/packages/ianvs_terminal/test/terminal/command_blocks_timeline_test.dart line 62
The test description was:
  reader restores native line and selection after eviction (filter true)
════════════════════════════════════════════════════════════════════════════════════════════════════
00:01 +0 -2: reader restores native line and selection after eviction (filter true) [E]
  Test failed. See exception logs above.
  The test description was: reader restores native line and selection after eviction (filter true)
  
00:01 +0 -2: Some tests failed.

Failing tests:
  /Users/robinfai/flutter_projects/ianvs-terminal/packages/ianvs_terminal/test/terminal/command_blocks_timeline_test.dart: reader restores native line and selection after eviction (filter false)
  /Users/robinfai/flutter_projects/ianvs-terminal/packages/ianvs_terminal/test/terminal/command_blocks_timeline_test.dart: reader restores native line and selection after eviction (filter true)
