00:00 +0: loading /Users/robinfai/flutter_projects/ianvs-terminal/packages/ianvs_terminal/test/terminal/command_block_copy_test.dart
00:00 +0: reader drags and copies across pages (phone false, reverse false, filtered false) (variant: TargetPlatform.macOS)
BEFORE MOVE FRAME FocusNode#aeb9e(terminal-viewport [PRIMARY FOCUS])(context: Focus, PRIMARY FOCUS)
AFTER MOVE FRAME FocusScopeNode#6f50d(Navigator Scope [PRIMARY FOCUS])(context: FocusScope, PRIMARY FOCUS)
route present 1, gesture false, focus FocusScopeNode#6f50d(Navigator Scope [PRIMARY FOCUS])(context: FocusScope, PRIMARY FOCUS)
══╡ EXCEPTION CAUGHT BY FLUTTER TEST FRAMEWORK ╞════════════════════════════════════════════════════
The following TestFailure was thrown running a test:
Expected: 'row 126 · 中文\n'
            'row 127 · 中文row 128 · 中文\n'
            'row 129 · 中文\n'
            'row'
  Actual: 'previous clipboard'
   Which: is different.
          Expected: row 126 ·  ...
            Actual: previous c ...
                    ^
           Differ at offset 0

When the exception was thrown, this was the stack:
#4      main.<anonymous closure> (file:///Users/robinfai/flutter_projects/ianvs-terminal/packages/ianvs_terminal/test/terminal/command_block_copy_test.dart:189:13)
<asynchronous suspension>
#5      testWidgets.<anonymous closure>.<anonymous closure> (package:flutter_test/src/widget_tester.dart:192:15)
<asynchronous suspension>
#6      TestWidgetsFlutterBinding._runTestBody (package:flutter_test/src/binding.dart:1952:5)
<asynchronous suspension>
<asynchronous suspension>
(elided one frame from package:stack_trace)

This was caught by the test expectation on the following line:
  file:///Users/robinfai/flutter_projects/ianvs-terminal/packages/ianvs_terminal/test/terminal/command_block_copy_test.dart line 189
The test description was:
  reader drags and copies across pages (phone false, reverse false, filtered false) (variant:
  TargetPlatform.macOS)
════════════════════════════════════════════════════════════════════════════════════════════════════
00:00 +0 -1: reader drags and copies across pages (phone false, reverse false, filtered false) (variant: TargetPlatform.macOS) [E]
  Test failed. See exception logs above.
  The test description was: reader drags and copies across pages (phone false, reverse false, filtered false) (variant: TargetPlatform.macOS)
  
00:00 +0 -1: Some tests failed.

Failing tests:
  /Users/robinfai/flutter_projects/ianvs-terminal/packages/ianvs_terminal/test/terminal/command_block_copy_test.dart: reader drags and copies across pages (phone false, reverse false, filtered false) (variant: TargetPlatform.macOS)
