00:00 +0: loading /Users/robinfai/flutter_projects/ianvs-terminal/packages/ianvs_terminal/test/terminal/command_block_copy_test.dart
00:00 +0: selecting running output pauses tail following until explicitly resumed (phone false) (variant: TargetPlatform.macOS)
══╡ EXCEPTION CAUGHT BY FLUTTER TEST FRAMEWORK ╞════════════════════════════════════════════════════
The following TestFailure was thrown running a test:
Expected: <8299.0>
  Actual: <8739.0>
Selected history must stay under the pointer when new output arrives.

When the exception was thrown, this was the stack:
#4      main.<anonymous closure> (file:///Users/robinfai/flutter_projects/ianvs-terminal/packages/ianvs_terminal/test/terminal/command_block_copy_test.dart:473:9)
<asynchronous suspension>
#5      testWidgets.<anonymous closure>.<anonymous closure> (package:flutter_test/src/widget_tester.dart:192:15)
<asynchronous suspension>
#6      TestWidgetsFlutterBinding._runTestBody (package:flutter_test/src/binding.dart:1952:5)
<asynchronous suspension>
<asynchronous suspension>
(elided one frame from package:stack_trace)

This was caught by the test expectation on the following line:
  file:///Users/robinfai/flutter_projects/ianvs-terminal/packages/ianvs_terminal/test/terminal/command_block_copy_test.dart line 473
The test description was:
  selecting running output pauses tail following until explicitly resumed (phone false) (variant:
  TargetPlatform.macOS)
════════════════════════════════════════════════════════════════════════════════════════════════════
00:00 +0 -1: selecting running output pauses tail following until explicitly resumed (phone false) (variant: TargetPlatform.macOS) [E]
  Test failed. See exception logs above.
  The test description was: selecting running output pauses tail following until explicitly resumed (phone false) (variant: TargetPlatform.macOS)
  
00:00 +0 -1: selecting running output pauses tail following until explicitly resumed (phone true) (variant: TargetPlatform.iOS)
══╡ EXCEPTION CAUGHT BY FLUTTER TEST FRAMEWORK ╞════════════════════════════════════════════════════
The following TestFailure was thrown running a test:
Expected: <8063.0>
  Actual: <8503.0>
Selected history must stay under the pointer when new output arrives.

When the exception was thrown, this was the stack:
#4      main.<anonymous closure> (file:///Users/robinfai/flutter_projects/ianvs-terminal/packages/ianvs_terminal/test/terminal/command_block_copy_test.dart:473:9)
<asynchronous suspension>
#5      testWidgets.<anonymous closure>.<anonymous closure> (package:flutter_test/src/widget_tester.dart:192:15)
<asynchronous suspension>
#6      TestWidgetsFlutterBinding._runTestBody (package:flutter_test/src/binding.dart:1952:5)
<asynchronous suspension>
<asynchronous suspension>
(elided one frame from package:stack_trace)

This was caught by the test expectation on the following line:
  file:///Users/robinfai/flutter_projects/ianvs-terminal/packages/ianvs_terminal/test/terminal/command_block_copy_test.dart line 473
The test description was:
  selecting running output pauses tail following until explicitly resumed (phone true) (variant:
  TargetPlatform.iOS)
════════════════════════════════════════════════════════════════════════════════════════════════════
00:00 +0 -2: selecting running output pauses tail following until explicitly resumed (phone true) (variant: TargetPlatform.iOS) [E]
  Test failed. See exception logs above.
  The test description was: selecting running output pauses tail following until explicitly resumed (phone true) (variant: TargetPlatform.iOS)
  
00:00 +0 -2: Some tests failed.

Failing tests:
  /Users/robinfai/flutter_projects/ianvs-terminal/packages/ianvs_terminal/test/terminal/command_block_copy_test.dart: selecting running output pauses tail following until explicitly resumed (phone false) (variant: TargetPlatform.macOS)
  /Users/robinfai/flutter_projects/ianvs-terminal/packages/ianvs_terminal/test/terminal/command_block_copy_test.dart: selecting running output pauses tail following until explicitly resumed (phone true) (variant: TargetPlatform.iOS)
