package:ianvs_design has `uses-material-design: true` set but the primary pubspec contains `uses-material-design: false`. If the application needs material icons, then `uses-material-design`  must be set to true.
00:00 +0: loading /Users/robinfai/flutter_projects/ianvs-terminal/example/test/shell/mobile_terminal_modes_test.dart
00:00 +0: phone TUI grid and input ownership landscape
══╡ EXCEPTION CAUGHT BY RENDERING LIBRARY ╞══════════════════════
The following assertion was thrown during layout:
A RenderFlex overflowed by 30 pixels on the bottom.

The relevant error-causing widget was:
  Column
  Column:file:///Users/robinfai/flutter_projects/ianvs-terminal/example/lib/features/ai/terminal_ai_workspace.dart:1365:18

The overflowing RenderFlex has an orientation of Axis.vertical.
The edge of the RenderFlex that is overflowing has been marked in
the rendering with a yellow and black striped pattern. This is
usually caused by the contents being too big for the RenderFlex.
Consider applying a flex factor (e.g. using an Expanded widget)
to force the children of the RenderFlex to fit within the
available space instead of being sized to their natural size.
This is considered an error condition because it indicates that
there is content that cannot be seen. If the content is
legitimately bigger than the available space, consider clipping
it with a ClipRect widget before putting it in the flex, or using
a scrollable container rather than a Flex, like a ListView.
The specific RenderFlex in question is: RenderFlex#3d34c OVERFLOWING:
  needs compositing
  parentData: <none> (can use size)
  constraints: BoxConstraints(w=844.0, h=158.0)
  size: Size(844.0, 158.0)
  direction: vertical
  mainAxisAlignment: start
  mainAxisSize: max
  crossAxisAlignment: stretch
  verticalDirection: down
  spacing: 0.0
◢◤◢◤◢◤◢◤◢◤◢◤◢◤◢◤◢◤◢◤◢◤◢◤◢◤◢◤◢◤◢◤◢◤◢◤◢◤◢◤◢◤◢◤◢◤◢◤◢◤◢◤◢◤◢◤◢◤◢◤◢◤◢◤◢◤◢◤◢◤◢◤◢◤◢◤◢◤◢◤◢◤◢◤◢◤◢◤◢◤◢◤◢◤◢◤◢◤◢◤
═════════════════════════════════════════════════════════════════

══╡ EXCEPTION CAUGHT BY FLUTTER TEST FRAMEWORK ╞════════════════════════════════════════════════════
The following TestFailure was thrown running a test:
Expected: null
  Actual: FlutterError:<A RenderFlex overflowed by 30 pixels on the bottom.>

When the exception was thrown, this was the stack:
#4      main.<anonymous closure> (file:///Users/robinfai/flutter_projects/ianvs-terminal/example/test/shell/mobile_terminal_modes_test.dart:599:7)
<asynchronous suspension>
#5      testWidgets.<anonymous closure>.<anonymous closure> (package:flutter_test/src/widget_tester.dart:192:15)
<asynchronous suspension>
#6      TestWidgetsFlutterBinding._runTestBody (package:flutter_test/src/binding.dart:1952:5)
<asynchronous suspension>
<asynchronous suspension>
(elided one frame from package:stack_trace)

This was caught by the test expectation on the following line:
  file:///Users/robinfai/flutter_projects/ianvs-terminal/example/test/shell/mobile_terminal_modes_test.dart line 599
The test description was:
  phone TUI grid and input ownership landscape
════════════════════════════════════════════════════════════════════════════════════════════════════
00:01 +0 -1: phone TUI grid and input ownership landscape [E]
  Test failed. See exception logs above.
  The test description was: phone TUI grid and input ownership landscape
  
00:01 +0 -1: Some tests failed.

Failing tests:
  /Users/robinfai/flutter_projects/ianvs-terminal/example/test/shell/mobile_terminal_modes_test.dart: phone TUI grid and input ownership landscape
