package:ianvs_design has `uses-material-design: true` set but the primary pubspec contains `uses-material-design: false`. If the application needs material icons, then `uses-material-design`  must be set to true.
00:00 +0: loading /Users/robinfai/flutter_projects/ianvs-terminal/example/test/ai/terminal_ai_workspace_test.dart
00:00 +0: workspace layout dark Size(960.0, 700.0) scale 1.0
00:00 +1: workspace layout dark Size(960.0, 700.0) scale 2.0
00:00 +2: workspace layout dark Size(390.0, 480.0) scale 1.0
00:00 +3: workspace layout dark Size(320.0, 260.0) scale 1.0
00:00 +4: workspace layout light Size(960.0, 700.0) scale 1.0
00:00 +5: workspace layout light Size(960.0, 700.0) scale 2.0
00:00 +6: workspace layout light Size(390.0, 480.0) scale 1.0
00:00 +7: workspace layout light Size(320.0, 260.0) scale 1.0
00:00 +8: short phone keeps draft usable with a proposal and attachment
00:00 +9: long command keeps its source range visible on a phone
00:00 +10: IME does not send; sent context stays frozen and draft is separate
00:01 +11: mobile review has full command and fixed footer; stale target revokes
00:01 +12: new response preserves reading; latest and return are explicit
00:01 +13: editing requires a fresh revision and one approval sends once
00:01 +14: task switch restores the same message after width reflow
00:01 +15: desktop keyboard review requires focus on the approval button
00:01 +16: clarification stays in one task and pause preserves a new draft
00:01 +17: phone long-command review scrolls without approving Size(390.0, 480.0)
00:01 +18: phone long-command review scrolls without approving Size(844.0, 300.0)
00:01 +19: mobile background cancels proposal without interrupting terminal
00:01 +20: TUI overlay consumes Escape and returns after approved keys only once
00:01 +21: entering full-screen returns the input owner to the terminal
00:01 +22: workspace configuration failure preserves draft and save never sends it
00:02 +23: authentication recovery saves without sending or losing task
00:02 +24: phone disconnect recovery is explicit and revokes old approval
00:02 +25: unknown submission checks its receipt without retrying the command
00:02 +26: target dialog never transfers approval and rechecks changed target
00:02 +27: canonical block replaces accepted proposal without copied output
00:02 +28: All tests passed!
