OpenSSH Composer: zsh-emacs
PASS zsh-emacs
OpenSSH Composer: zsh-vi
PASS zsh-vi
OpenSSH Composer: zsh-emacs-local-ssh
PASS zsh-emacs-local-ssh
OpenSSH Composer: bash-emacs
package:ianvs_design has `uses-material-design: true` set but the primary pubspec contains `uses-material-design: false`. If the application needs material icons, then `uses-material-design`  must be set to true.
00:00 +0: loading /Users/robinfai/flutter_projects/ianvs-terminal/example/integration_test/ssh_composer_acceptance_test.dart
Building macOS application...                                   
✓ Built build/macos/Build/Products/Debug/Trail Development.app
00:00 +0: SSH negotiates Blocks, changes nodes and runs fullscreen tools
══╡ EXCEPTION CAUGHT BY FLUTTER TEST FRAMEWORK ╞════════════════════════════════════════════════════
The following TestFailure was thrown running a test:
Expected: <44>
  Actual: <38>

When the exception was thrown, this was the stack:
#4      main.<anonymous closure> (file:///Users/robinfai/flutter_projects/ianvs-terminal/example/integration_test/ssh_composer_acceptance_test.dart:326:9)
<asynchronous suspension>
#5      testWidgets.<anonymous closure>.<anonymous closure> (package:flutter_test/src/widget_tester.dart:192:15)
<asynchronous suspension>
#6      TestWidgetsFlutterBinding._runTestBody (package:flutter_test/src/binding.dart:1952:5)
<asynchronous suspension>
<asynchronous suspension>
(elided one frame from package:stack_trace)

This was caught by the test expectation on the following line:
  file:///Users/robinfai/flutter_projects/ianvs-terminal/example/integration_test/ssh_composer_acceptance_test.dart line 326
The test description was:
  SSH negotiates Blocks, changes nodes and runs fullscreen tools
════════════════════════════════════════════════════════════════════════════════════════════════════
00:08 +0 -1: SSH negotiates Blocks, changes nodes and runs fullscreen tools [E]
  Test failed. See exception logs above.
  The test description was: SSH negotiates Blocks, changes nodes and runs fullscreen tools
  
00:08 +0 -1: (tearDownAll)
00:08 +0 -1: Some tests failed.

Failing tests:
  /Users/robinfai/flutter_projects/ianvs-terminal/example/integration_test/ssh_composer_acceptance_test.dart: SSH negotiates Blocks, changes nodes and runs fullscreen tools

Traceback (most recent call last):
  File "/Users/robinfai/flutter_projects/ianvs-terminal/tools/ssh_boundary_lab/composer.py", line 152, in <module>
    main()
    ~~~~^^
  File "/Users/robinfai/flutter_projects/ianvs-terminal/tools/ssh_boundary_lab/composer.py", line 143, in main
    raise RuntimeError('macOS SSH Composer acceptance failed')
RuntimeError: macOS SSH Composer acceptance failed
