package:ianvs_design has `uses-material-design: true` set but the primary pubspec contains `uses-material-design: false`. If the application needs material icons, then `uses-material-design`  must be set to true.
00:00 +0: loading /Users/robinfai/flutter_projects/ianvs-terminal/example/integration_test/ssh_composer_acceptance_test.dart
Building macOS application...                                   
✓ Built build/macos/Build/Products/Debug/Trail Development.app
00:00 +0: SSH negotiates Blocks, changes nodes and runs fullscreen tools
══╡ EXCEPTION CAUGHT BY FLUTTER TEST FRAMEWORK ╞════════════════════════════════════════════════════
The following TestFailure was thrown running a test:
Composer state did not settle:
{"available":true,"alternateScreen":false,"nativeBlocks":[{"id":"1790992858715-17","command":"/usr/bin/vim
-Nu NONE -i NONE -n","exitCode":0,"totalLines":0}]}

When the exception was thrown, this was the stack:
#0      fail (package:matcher/src/expect/expect.dart:187:31)
#1      until (file:///Users/robinfai/flutter_projects/ianvs-terminal/example/integration_test/composer_acceptance_test.dart:844:7)
<asynchronous suspension>
#2      main.<anonymous closure> (file:///Users/robinfai/flutter_projects/ianvs-terminal/example/integration_test/ssh_composer_acceptance_test.dart:306:9)
<asynchronous suspension>
#3      testWidgets.<anonymous closure>.<anonymous closure> (package:flutter_test/src/widget_tester.dart:192:15)
<asynchronous suspension>
#4      TestWidgetsFlutterBinding._runTestBody (package:flutter_test/src/binding.dart:1952:5)
<asynchronous suspension>
<asynchronous suspension>
(elided one frame from package:stack_trace)

The test description was:
  SSH negotiates Blocks, changes nodes and runs fullscreen tools
════════════════════════════════════════════════════════════════════════════════════════════════════
00:24 +0 -1: SSH negotiates Blocks, changes nodes and runs fullscreen tools [E]
  Test failed. See exception logs above.
  The test description was: SSH negotiates Blocks, changes nodes and runs fullscreen tools
  
00:24 +0 -1: (tearDownAll)
00:24 +0 -1: Some tests failed.

Failing tests:
  /Users/robinfai/flutter_projects/ianvs-terminal/example/integration_test/ssh_composer_acceptance_test.dart: SSH negotiates Blocks, changes nodes and runs fullscreen tools
