package:ianvs_design has `uses-material-design: true` set but the primary pubspec contains `uses-material-design: false`. If the application needs material icons, then `uses-material-design`  must be set to true.
00:00 +0: loading /Users/robinfai/flutter_projects/ianvs-terminal/example/test/design/command_blocks_review_test.dart
00:00 +0: (setUpAll)
00:00 +0: continued review English error fits small phone above keyboard
══╡ EXCEPTION CAUGHT BY FLUTTER TEST FRAMEWORK ╞════════════════════════════════════════════════════
The following TestFailure was thrown running a test:
Expected: a value less than or equal to <8>
  Actual: <53.21335029602051>
   Which: is not a value less than or equal to <8>
An error must not move filter controls away from their input.

When the exception was thrown, this was the stack:
#4      main.<anonymous closure> (file:///Users/robinfai/flutter_projects/ianvs-terminal/example/test/design/command_blocks_review_test.dart:571:5)
<asynchronous suspension>
#5      testWidgets.<anonymous closure>.<anonymous closure> (package:flutter_test/src/widget_tester.dart:192:15)
<asynchronous suspension>
#6      TestWidgetsFlutterBinding._runTestBody (package:flutter_test/src/binding.dart:1952:5)
<asynchronous suspension>
<asynchronous suspension>
(elided one frame from package:stack_trace)

This was caught by the test expectation on the following line:
  file:///Users/robinfai/flutter_projects/ianvs-terminal/example/test/design/command_blocks_review_test.dart line 571
The test description was:
  continued review English error fits small phone above keyboard
════════════════════════════════════════════════════════════════════════════════════════════════════
00:00 +0 -1: continued review English error fits small phone above keyboard [E]
  Test failed. See exception logs above.
  The test description was: continued review English error fits small phone above keyboard

00:00 +0 -1: (tearDownAll)
00:00 +0 -1: Some tests failed.

Failing tests:
  /Users/robinfai/flutter_projects/ianvs-terminal/example/test/design/command_blocks_review_test.dart: continued review English error fits small phone above keyboard
