package:ianvs_design has `uses-material-design: true` set but the primary pubspec contains `uses-material-design: false`. If the application needs material icons, then `uses-material-design`  must be set to true.
00:00 +0: loading /Users/robinfai/flutter_projects/ianvs-terminal/example/test/design/command_blocks_review_test.dart
00:00 +0: (setUpAll)
00:00 +0: continued review filter remains usable small-phone
══╡ EXCEPTION CAUGHT BY FLUTTER TEST FRAMEWORK ╞════════════════════════════════════════════════════
The following TestFailure was thrown running a test:
Expected: null
  Actual: FlutterError:<A RenderFlex overflowed by 91 pixels on the bottom.>

When the exception was thrown, this was the stack:
#4      main.<anonymous closure> (file:///Users/robinfai/flutter_projects/ianvs-terminal/example/test/design/command_blocks_review_test.dart:408:7)
<asynchronous suspension>
#5      testWidgets.<anonymous closure>.<anonymous closure> (package:flutter_test/src/widget_tester.dart:192:15)
<asynchronous suspension>
#6      TestWidgetsFlutterBinding._runTestBody (package:flutter_test/src/binding.dart:1952:5)
<asynchronous suspension>
<asynchronous suspension>
(elided one frame from package:stack_trace)

This was caught by the test expectation on the following line:
  file:///Users/robinfai/flutter_projects/ianvs-terminal/example/test/design/command_blocks_review_test.dart line 408
The test description was:
  continued review filter remains usable small-phone
════════════════════════════════════════════════════════════════════════════════════════════════════
00:00 +0 -1: continued review filter remains usable small-phone [E]
  Test failed. See exception logs above.
  The test description was: continued review filter remains usable small-phone

00:00 +0 -1: continued review filter remains usable phone-safe-area
══╡ EXCEPTION CAUGHT BY FLUTTER TEST FRAMEWORK ╞════════════════════════════════════════════════════
The following TestFailure was thrown running a test:
Expected: a value greater than or equal to <44>
  Actual: <43.0>
   Which: is not a value greater than or equal to <44>
Safe areas and history notices must leave readable output.

When the exception was thrown, this was the stack:
#4      main.<anonymous closure> (file:///Users/robinfai/flutter_projects/ianvs-terminal/example/test/design/command_blocks_review_test.dart:410:7)
<asynchronous suspension>
#5      testWidgets.<anonymous closure>.<anonymous closure> (package:flutter_test/src/widget_tester.dart:192:15)
<asynchronous suspension>
#6      TestWidgetsFlutterBinding._runTestBody (package:flutter_test/src/binding.dart:1952:5)
<asynchronous suspension>
<asynchronous suspension>
(elided one frame from package:stack_trace)

This was caught by the test expectation on the following line:
  file:///Users/robinfai/flutter_projects/ianvs-terminal/example/test/design/command_blocks_review_test.dart line 410
The test description was:
  continued review filter remains usable phone-safe-area
════════════════════════════════════════════════════════════════════════════════════════════════════
00:01 +0 -2: continued review filter remains usable phone-safe-area [E]
  Test failed. See exception logs above.
  The test description was: continued review filter remains usable phone-safe-area

00:01 +0 -2: continued review filter remains usable landscape-safe-area
══╡ EXCEPTION CAUGHT BY FLUTTER TEST FRAMEWORK ╞════════════════════════════════════════════════════
The following TestFailure was thrown running a test:
Expected: a value greater than or equal to <44>
  Actual: <30.0>
   Which: is not a value greater than or equal to <44>
Safe areas and history notices must leave readable output.

When the exception was thrown, this was the stack:
#4      main.<anonymous closure> (file:///Users/robinfai/flutter_projects/ianvs-terminal/example/test/design/command_blocks_review_test.dart:410:7)
<asynchronous suspension>
#5      testWidgets.<anonymous closure>.<anonymous closure> (package:flutter_test/src/widget_tester.dart:192:15)
<asynchronous suspension>
#6      TestWidgetsFlutterBinding._runTestBody (package:flutter_test/src/binding.dart:1952:5)
<asynchronous suspension>
<asynchronous suspension>
(elided one frame from package:stack_trace)

This was caught by the test expectation on the following line:
  file:///Users/robinfai/flutter_projects/ianvs-terminal/example/test/design/command_blocks_review_test.dart line 410
The test description was:
  continued review filter remains usable landscape-safe-area
════════════════════════════════════════════════════════════════════════════════════════════════════
00:01 +0 -3: continued review filter remains usable landscape-safe-area [E]
  Test failed. See exception logs above.
  The test description was: continued review filter remains usable landscape-safe-area

00:01 +0 -3: continued review export fits small phone at large text
00:01 +1 -3: (tearDownAll)
00:01 +1 -3: Some tests failed.

Failing tests:
  /Users/robinfai/flutter_projects/ianvs-terminal/example/test/design/command_blocks_review_test.dart: continued review filter remains usable landscape-safe-area
  /Users/robinfai/flutter_projects/ianvs-terminal/example/test/design/command_blocks_review_test.dart: continued review filter remains usable phone-safe-area
  /Users/robinfai/flutter_projects/ianvs-terminal/example/test/design/command_blocks_review_test.dart: continued review filter remains usable small-phone
