00:00 +0: loading /Users/robinfai/flutter_projects/ianvs-terminal/packages/ianvs_terminal/test/terminal_viewport_keyboard_test.dart
00:00 +0: /Users/robinfai/flutter_projects/ianvs-terminal/packages/ianvs_terminal/test/terminal_focus_reporter_test.dart: TerminalFocusReporter disabled tracking returns null and clears dedupe state
00:00 +1: /Users/robinfai/flutter_projects/ianvs-terminal/packages/ianvs_terminal/test/terminal_focus_reporter_test.dart: TerminalFocusReporter reports initial focus once
00:00 +2: /Users/robinfai/flutter_projects/ianvs-terminal/packages/ianvs_terminal/test/terminal_viewport_keyboard_test.dart: read-only viewport host focus override null keeps IME closed (variant: TargetPlatform.iOS)
00:00 +3: /Users/robinfai/flutter_projects/ianvs-terminal/packages/ianvs_terminal/test/terminal_viewport_keyboard_test.dart: read-only viewport host focus override null keeps IME closed (variant: TargetPlatform.iOS)
00:00 +4: /Users/robinfai/flutter_projects/ianvs-terminal/packages/ianvs_terminal/test/terminal_viewport_keyboard_test.dart: read-only viewport host focus override null keeps IME closed (variant: TargetPlatform.iOS)
00:00 +5: /Users/robinfai/flutter_projects/ianvs-terminal/packages/ianvs_terminal/test/terminal_viewport_keyboard_test.dart: read-only viewport host focus override null keeps IME closed (variant: TargetPlatform.iOS)
00:00 +6: /Users/robinfai/flutter_projects/ianvs-terminal/packages/ianvs_terminal/test/terminal_viewport_keyboard_test.dart: read-only viewport host focus override null keeps IME closed (variant: TargetPlatform.iOS)
00:00 +7: /Users/robinfai/flutter_projects/ianvs-terminal/packages/ianvs_terminal/test/terminal_viewport_keyboard_test.dart: read-only viewport host focus override null keeps IME closed (variant: TargetPlatform.iOS)
00:00 +8: /Users/robinfai/flutter_projects/ianvs-terminal/packages/ianvs_terminal/test/terminal_viewport_mobile_gesture_test.dart: iPhone keyboard follows theme while input remains attached (variant: TargetPlatform.iOS)
00:00 +9: /Users/robinfai/flutter_projects/ianvs-terminal/packages/ianvs_terminal/test/terminal_viewport_mobile_gesture_test.dart: iPhone keyboard follows theme while input remains attached (variant: TargetPlatform.iOS)
00:00 +10: /Users/robinfai/flutter_projects/ianvs-terminal/packages/ianvs_terminal/test/terminal_viewport_mobile_gesture_test.dart: iPhone keyboard follows theme while input remains attached (variant: TargetPlatform.iOS)
00:00 +11: /Users/robinfai/flutter_projects/ianvs-terminal/packages/ianvs_terminal/test/terminal_viewport_mobile_gesture_test.dart: iPhone keyboard follows theme while input remains attached (variant: TargetPlatform.iOS)
00:00 +12: /Users/robinfai/flutter_projects/ianvs-terminal/packages/ianvs_terminal/test/terminal_viewport_mobile_gesture_test.dart: iPhone keyboard follows theme while input remains attached (variant: TargetPlatform.iOS)
00:00 +13: /Users/robinfai/flutter_projects/ianvs-terminal/packages/ianvs_terminal/test/terminal_viewport_mobile_gesture_test.dart: iPhone keyboard follows theme while input remains attached (variant: TargetPlatform.iOS)
00:00 +14: /Users/robinfai/flutter_projects/ianvs-terminal/packages/ianvs_terminal/test/terminal_viewport_mobile_gesture_test.dart: iPhone keyboard follows theme while input remains attached (variant: TargetPlatform.iOS)
00:00 +15: /Users/robinfai/flutter_projects/ianvs-terminal/packages/ianvs_terminal/test/terminal_viewport_mobile_gesture_test.dart: iPhone keyboard follows theme while input remains attached (variant: TargetPlatform.iOS)
00:00 +16: /Users/robinfai/flutter_projects/ianvs-terminal/packages/ianvs_terminal/test/terminal_viewport_mobile_gesture_test.dart: iPhone keyboard follows theme while input remains attached (variant: TargetPlatform.iOS)
00:00 +17: /Users/robinfai/flutter_projects/ianvs-terminal/packages/ianvs_terminal/test/terminal_viewport_mobile_gesture_test.dart: iPhone keyboard follows theme while input remains attached (variant: TargetPlatform.iOS)
00:00 +18: /Users/robinfai/flutter_projects/ianvs-terminal/packages/ianvs_terminal/test/terminal_viewport_mobile_gesture_test.dart: iPhone keyboard follows theme while input remains attached (variant: TargetPlatform.iOS)
00:00 +19: /Users/robinfai/flutter_projects/ianvs-terminal/packages/ianvs_terminal/test/terminal_viewport_mobile_gesture_test.dart: iPhone keyboard follows theme while input remains attached (variant: TargetPlatform.iOS)
00:00 +20: /Users/robinfai/flutter_projects/ianvs-terminal/packages/ianvs_terminal/test/terminal_viewport_mobile_gesture_test.dart: iPhone keyboard follows theme while input remains attached (variant: TargetPlatform.iOS)
00:00 +21: /Users/robinfai/flutter_projects/ianvs-terminal/packages/ianvs_terminal/test/terminal_viewport_mobile_gesture_test.dart: iPhone keyboard follows theme while input remains attached (variant: TargetPlatform.iOS)
00:00 +22: /Users/robinfai/flutter_projects/ianvs-terminal/packages/ianvs_terminal/test/terminal_viewport_mobile_gesture_test.dart: iPhone keyboard follows theme while input remains attached (variant: TargetPlatform.iOS)
00:00 +23: /Users/robinfai/flutter_projects/ianvs-terminal/packages/ianvs_terminal/test/terminal_viewport_mobile_gesture_test.dart: iPhone keyboard follows theme while input remains attached (variant: TargetPlatform.iOS)
00:00 +24: /Users/robinfai/flutter_projects/ianvs-terminal/packages/ianvs_terminal/test/terminal_viewport_mobile_gesture_test.dart: iPhone keyboard follows theme while input remains attached (variant: TargetPlatform.iOS)
00:00 +25: /Users/robinfai/flutter_projects/ianvs-terminal/packages/ianvs_terminal/test/terminal_viewport_mobile_gesture_test.dart: iPhone keyboard follows theme while input remains attached (variant: TargetPlatform.iOS)
00:00 +26: /Users/robinfai/flutter_projects/ianvs-terminal/packages/ianvs_terminal/test/terminal_viewport_render_test.dart: OSC 1337 inline buttons are themed, accessible, clickable and keyboard reachable
00:00 +27: /Users/robinfai/flutter_projects/ianvs-terminal/packages/ianvs_terminal/test/terminal_viewport_render_test.dart: OSC 1337 inline buttons are themed, accessible, clickable and keyboard reachable
00:00 +28: /Users/robinfai/flutter_projects/ianvs-terminal/packages/ianvs_terminal/test/terminal_viewport_render_test.dart: OSC 1337 inline buttons are themed, accessible, clickable and keyboard reachable
00:00 +29: /Users/robinfai/flutter_projects/ianvs-terminal/packages/ianvs_terminal/test/terminal_viewport_render_test.dart: OSC 1337 inline buttons are themed, accessible, clickable and keyboard reachable
00:00 +30: /Users/robinfai/flutter_projects/ianvs-terminal/packages/ianvs_terminal/test/terminal_viewport_render_test.dart: OSC 1337 inline buttons are themed, accessible, clickable and keyboard reachable
00:00 +31: /Users/robinfai/flutter_projects/ianvs-terminal/packages/ianvs_terminal/test/terminal_viewport_render_test.dart: OSC 1337 inline buttons are themed, accessible, clickable and keyboard reachable
00:00 +32: /Users/robinfai/flutter_projects/ianvs-terminal/packages/ianvs_terminal/test/terminal_viewport_render_test.dart: OSC 1337 inline buttons are themed, accessible, clickable and keyboard reachable
00:00 +33: /Users/robinfai/flutter_projects/ianvs-terminal/packages/ianvs_terminal/test/terminal_viewport_render_test.dart: OSC 1337 inline buttons are themed, accessible, clickable and keyboard reachable
00:00 +34: /Users/robinfai/flutter_projects/ianvs-terminal/packages/ianvs_terminal/test/terminal_viewport_render_test.dart: OSC 1337 inline buttons are themed, accessible, clickable and keyboard reachable
00:00 +35: /Users/robinfai/flutter_projects/ianvs-terminal/packages/ianvs_terminal/test/terminal_viewport_render_test.dart: OSC 1337 inline buttons are themed, accessible, clickable and keyboard reachable
00:00 +36: /Users/robinfai/flutter_projects/ianvs-terminal/packages/ianvs_terminal/test/terminal_viewport_render_test.dart: OSC 1337 inline buttons are themed, accessible, clickable and keyboard reachable
00:00 +37: /Users/robinfai/flutter_projects/ianvs-terminal/packages/ianvs_terminal/test/terminal_viewport_render_test.dart: OSC 1337 inline buttons are themed, accessible, clickable and keyboard reachable
00:00 +38: /Users/robinfai/flutter_projects/ianvs-terminal/packages/ianvs_terminal/test/terminal_viewport_render_test.dart: OSC 1337 inline buttons are themed, accessible, clickable and keyboard reachable
00:00 +39: /Users/robinfai/flutter_projects/ianvs-terminal/packages/ianvs_terminal/test/terminal_viewport_render_test.dart: OSC 1337 inline buttons are themed, accessible, clickable and keyboard reachable
00:00 +40: /Users/robinfai/flutter_projects/ianvs-terminal/packages/ianvs_terminal/test/terminal_viewport_render_test.dart: OSC 1337 inline buttons are themed, accessible, clickable and keyboard reachable
00:00 +41: /Users/robinfai/flutter_projects/ianvs-terminal/packages/ianvs_terminal/test/terminal_viewport_render_test.dart: OSC 1337 inline buttons are themed, accessible, clickable and keyboard reachable
00:00 +42: /Users/robinfai/flutter_projects/ianvs-terminal/packages/ianvs_terminal/test/terminal_viewport_render_test.dart: OSC 1337 inline buttons are themed, accessible, clickable and keyboard reachable
00:00 +43: /Users/robinfai/flutter_projects/ianvs-terminal/packages/ianvs_terminal/test/terminal_viewport_render_test.dart: OSC 1337 inline buttons are themed, accessible, clickable and keyboard reachable
00:00 +44: /Users/robinfai/flutter_projects/ianvs-terminal/packages/ianvs_terminal/test/terminal_viewport_render_test.dart: OSC 1337 inline buttons are themed, accessible, clickable and keyboard reachable
00:00 +45: /Users/robinfai/flutter_projects/ianvs-terminal/packages/ianvs_terminal/test/terminal_viewport_render_test.dart: OSC 1337 inline buttons are themed, accessible, clickable and keyboard reachable
00:00 +46: /Users/robinfai/flutter_projects/ianvs-terminal/packages/ianvs_terminal/test/terminal_viewport_render_test.dart: OSC 1337 inline buttons are themed, accessible, clickable and keyboard reachable
00:00 +47: /Users/robinfai/flutter_projects/ianvs-terminal/packages/ianvs_terminal/test/terminal_viewport_render_test.dart: OSC 1337 inline buttons are themed, accessible, clickable and keyboard reachable
00:00 +48: /Users/robinfai/flutter_projects/ianvs-terminal/packages/ianvs_terminal/test/terminal_viewport_render_test.dart: OSC 1337 inline buttons are themed, accessible, clickable and keyboard reachable
00:00 +49: /Users/robinfai/flutter_projects/ianvs-terminal/packages/ianvs_terminal/test/terminal_viewport_render_test.dart: OSC 1337 inline buttons are themed, accessible, clickable and keyboard reachable
00:00 +50: /Users/robinfai/flutter_projects/ianvs-terminal/packages/ianvs_terminal/test/terminal_viewport_render_test.dart: OSC 1337 inline buttons are themed, accessible, clickable and keyboard reachable
00:00 +51: /Users/robinfai/flutter_projects/ianvs-terminal/packages/ianvs_terminal/test/terminal_viewport_render_test.dart: OSC 1337 inline buttons are themed, accessible, clickable and keyboard reachable
00:00 +52: /Users/robinfai/flutter_projects/ianvs-terminal/packages/ianvs_terminal/test/terminal_viewport_render_test.dart: OSC 1337 inline buttons are themed, accessible, clickable and keyboard reachable
00:00 +53: /Users/robinfai/flutter_projects/ianvs-terminal/packages/ianvs_terminal/test/terminal_viewport_render_test.dart: OSC 1337 inline buttons are themed, accessible, clickable and keyboard reachable
00:00 +54: /Users/robinfai/flutter_projects/ianvs-terminal/packages/ianvs_terminal/test/terminal_viewport_mobile_gesture_test.dart: selection magnifier follows the finger and disappears on release (variant: TargetPlatform.iOS)
00:00 +55: /Users/robinfai/flutter_projects/ianvs-terminal/packages/ianvs_terminal/test/terminal_viewport_mobile_gesture_test.dart: selection magnifier follows the finger and disappears on release (variant: TargetPlatform.iOS)
00:00 +56: /Users/robinfai/flutter_projects/ianvs-terminal/packages/ianvs_terminal/test/terminal_viewport_mobile_gesture_test.dart: selection magnifier follows the finger and disappears on release (variant: TargetPlatform.iOS)
00:00 +57: /Users/robinfai/flutter_projects/ianvs-terminal/packages/ianvs_terminal/test/terminal_input_controller_test.dart: terminal viewport sends focus tracking reports on focus changes
00:00 +58: /Users/robinfai/flutter_projects/ianvs-terminal/packages/ianvs_terminal/test/terminal_input_controller_test.dart: terminal viewport sends focus tracking reports on focus changes
00:00 +59: /Users/robinfai/flutter_projects/ianvs-terminal/packages/ianvs_terminal/test/terminal_input_controller_test.dart: terminal viewport sends focus tracking reports on focus changes
00:00 +60: /Users/robinfai/flutter_projects/ianvs-terminal/packages/ianvs_terminal/test/terminal_input_controller_test.dart: terminal viewport sends focus tracking reports on focus changes
00:00 +61: /Users/robinfai/flutter_projects/ianvs-terminal/packages/ianvs_terminal/test/terminal_input_controller_test.dart: terminal viewport sends focus tracking reports on focus changes
00:00 +62: /Users/robinfai/flutter_projects/ianvs-terminal/packages/ianvs_terminal/test/terminal_input_controller_test.dart: terminal viewport sends focus tracking reports on focus changes
00:00 +63: /Users/robinfai/flutter_projects/ianvs-terminal/packages/ianvs_terminal/test/terminal_input_controller_test.dart: terminal viewport sends focus tracking reports on focus changes
00:00 +64: /Users/robinfai/flutter_projects/ianvs-terminal/packages/ianvs_terminal/test/terminal_input_controller_test.dart: terminal viewport sends focus tracking reports on focus changes
00:00 +65: /Users/robinfai/flutter_projects/ianvs-terminal/packages/ianvs_terminal/test/terminal_input_controller_test.dart: terminal viewport sends focus tracking reports on focus changes
00:00 +66: /Users/robinfai/flutter_projects/ianvs-terminal/packages/ianvs_terminal/test/terminal_input_controller_test.dart: terminal viewport sends focus tracking reports on focus changes
00:00 +67: /Users/robinfai/flutter_projects/ianvs-terminal/packages/ianvs_terminal/test/terminal_input_controller_test.dart: terminal viewport sends focus tracking reports on focus changes
00:00 +68: /Users/robinfai/flutter_projects/ianvs-terminal/packages/ianvs_terminal/test/terminal_input_controller_test.dart: terminal viewport sends focus tracking reports on focus changes
00:00 +69: /Users/robinfai/flutter_projects/ianvs-terminal/packages/ianvs_terminal/test/terminal_input_controller_test.dart: terminal viewport sends focus tracking reports on focus changes
00:00 +70: /Users/robinfai/flutter_projects/ianvs-terminal/packages/ianvs_terminal/test/terminal_viewport_mobile_gesture_test.dart: pending touch selection capture ignores stale content (unmount false) (variant: TargetPlatform.iOS)
00:00 +71: /Users/robinfai/flutter_projects/ianvs-terminal/packages/ianvs_terminal/test/terminal_viewport_render_test.dart: explicit hyperlink tap preserves its OSC 8 protocol id
00:00 +72: /Users/robinfai/flutter_projects/ianvs-terminal/packages/ianvs_terminal/test/terminal_input_controller_test.dart: terminal viewport scopes focus reports across panes
00:00 +73: /Users/robinfai/flutter_projects/ianvs-terminal/packages/ianvs_terminal/test/terminal_input_controller_test.dart: terminal viewport scopes focus reports across panes
00:00 +74: /Users/robinfai/flutter_projects/ianvs-terminal/packages/ianvs_terminal/test/terminal_viewport_mobile_gesture_test.dart: pending touch selection capture ignores stale content (unmount true) (variant: TargetPlatform.iOS)
00:00 +75: /Users/robinfai/flutter_projects/ianvs-terminal/packages/ianvs_terminal/test/terminal_viewport_render_test.dart: backend default backgrounds do not create row blocks
00:00 +76: /Users/robinfai/flutter_projects/ianvs-terminal/packages/ianvs_terminal/test/terminal_input_controller_test.dart: terminal viewport reports focus out when unmounted while focused
00:00 +77: /Users/robinfai/flutter_projects/ianvs-terminal/packages/ianvs_terminal/test/terminal_input_controller_test.dart: terminal viewport reports focus out when unmounted while focused
00:00 +78: /Users/robinfai/flutter_projects/ianvs-terminal/packages/ianvs_terminal/test/terminal_viewport_mobile_gesture_test.dart: iPhone one-finger drag scrolls the viewport instead of terminal modes (variant: TargetPlatform.iOS)
00:00 +79: /Users/robinfai/flutter_projects/ianvs-terminal/packages/ianvs_terminal/test/terminal_viewport_mobile_gesture_test.dart: iPhone one-finger drag scrolls the viewport instead of terminal modes (variant: TargetPlatform.iOS)
00:00 +80: /Users/robinfai/flutter_projects/ianvs-terminal/packages/ianvs_terminal/test/terminal_viewport_mobile_gesture_test.dart: iPhone one-finger drag scrolls the viewport instead of terminal modes (variant: TargetPlatform.iOS)
00:00 +81: /Users/robinfai/flutter_projects/ianvs-terminal/packages/ianvs_terminal/test/terminal_viewport_mobile_gesture_test.dart: iPhone one-finger drag scrolls the viewport instead of terminal modes (variant: TargetPlatform.iOS)
00:00 +82: /Users/robinfai/flutter_projects/ianvs-terminal/packages/ianvs_terminal/test/terminal_viewport_render_test.dart: block cursor repaints custom geometry without rebuilding its row
00:00 +83: /Users/robinfai/flutter_projects/ianvs-terminal/packages/ianvs_terminal/test/terminal_viewport_render_test.dart: block cursor repaints custom geometry without rebuilding its row
00:00 +84: /Users/robinfai/flutter_projects/ianvs-terminal/packages/ianvs_terminal/test/terminal_viewport_render_test.dart: block cursor repaints custom geometry without rebuilding its row
00:00 +85: /Users/robinfai/flutter_projects/ianvs-terminal/packages/ianvs_terminal/test/terminal_viewport_render_test.dart: block cursor repaints custom geometry without rebuilding its row
00:00 +86: /Users/robinfai/flutter_projects/ianvs-terminal/packages/ianvs_terminal/test/terminal_viewport_render_test.dart: block cursor repaints custom geometry without rebuilding its row
00:00 +87: /Users/robinfai/flutter_projects/ianvs-terminal/packages/ianvs_terminal/test/terminal_viewport_render_test.dart: block cursor repaints custom geometry without rebuilding its row
00:00 +88: /Users/robinfai/flutter_projects/ianvs-terminal/packages/ianvs_terminal/test/terminal_viewport_render_test.dart: block cursor repaints custom geometry without rebuilding its row
00:00 +89: /Users/robinfai/flutter_projects/ianvs-terminal/packages/ianvs_terminal/test/terminal_viewport_render_test.dart: block cursor repaints custom geometry without rebuilding its row
00:00 +90: /Users/robinfai/flutter_projects/ianvs-terminal/packages/ianvs_terminal/test/terminal_viewport_mobile_gesture_test.dart: iPhone long press selects a word and exposes a 44-point copy action (variant: TargetPlatform.iOS)
00:00 +91: /Users/robinfai/flutter_projects/ianvs-terminal/packages/ianvs_terminal/test/terminal_viewport_mobile_gesture_test.dart: iPhone long press selects a word and exposes a 44-point copy action (variant: TargetPlatform.iOS)
00:00 +92: /Users/robinfai/flutter_projects/ianvs-terminal/packages/ianvs_terminal/test/terminal_viewport_mobile_gesture_test.dart: iPhone long press selects a word and exposes a 44-point copy action (variant: TargetPlatform.iOS)
00:00 +93: /Users/robinfai/flutter_projects/ianvs-terminal/packages/ianvs_terminal/test/terminal_viewport_mobile_gesture_test.dart: iPhone long press selects a word and exposes a 44-point copy action (variant: TargetPlatform.iOS)
00:00 +94: /Users/robinfai/flutter_projects/ianvs-terminal/packages/ianvs_terminal/test/terminal_viewport_mobile_gesture_test.dart: iPhone long press selects a word and exposes a 44-point copy action (variant: TargetPlatform.iOS)
00:00 +95: /Users/robinfai/flutter_projects/ianvs-terminal/packages/ianvs_terminal/test/terminal_viewport_mobile_gesture_test.dart: iPhone long press selects a word and exposes a 44-point copy action (variant: TargetPlatform.iOS)
00:00 +96: /Users/robinfai/flutter_projects/ianvs-terminal/packages/ianvs_terminal/test/terminal_viewport_mobile_gesture_test.dart: iPhone long press selects a word and exposes a 44-point copy action (variant: TargetPlatform.iOS)
00:00 +97: /Users/robinfai/flutter_projects/ianvs-terminal/packages/ianvs_terminal/test/terminal_viewport_mobile_gesture_test.dart: iPhone long press selects a word and exposes a 44-point copy action (variant: TargetPlatform.iOS)
00:00 +98: /Users/robinfai/flutter_projects/ianvs-terminal/packages/ianvs_terminal/test/terminal_viewport_mobile_gesture_test.dart: iPhone long press selects a word and exposes a 44-point copy action (variant: TargetPlatform.iOS)
00:00 +99: /Users/robinfai/flutter_projects/ianvs-terminal/packages/ianvs_terminal/test/terminal_viewport_mobile_gesture_test.dart: iPhone long press selects a word and exposes a 44-point copy action (variant: TargetPlatform.iOS)
00:00 +100: /Users/robinfai/flutter_projects/ianvs-terminal/packages/ianvs_terminal/test/terminal_viewport_mobile_gesture_test.dart: iPhone long press selects a word and exposes a 44-point copy action (variant: TargetPlatform.iOS)
00:00 +101: /Users/robinfai/flutter_projects/ianvs-terminal/packages/ianvs_terminal/test/terminal_input_controller_test.dart: terminal viewport sends SGR pixel mouse coordinates
00:00 +102: /Users/robinfai/flutter_projects/ianvs-terminal/packages/ianvs_terminal/test/terminal_input_controller_test.dart: terminal viewport sends SGR pixel mouse coordinates
00:00 +103: /Users/robinfai/flutter_projects/ianvs-terminal/packages/ianvs_terminal/test/terminal_input_controller_test.dart: terminal viewport sends SGR pixel mouse coordinates
00:00 +104: /Users/robinfai/flutter_projects/ianvs-terminal/packages/ianvs_terminal/test/terminal_input_controller_test.dart: terminal viewport sends SGR pixel mouse coordinates
00:00 +105: /Users/robinfai/flutter_projects/ianvs-terminal/packages/ianvs_terminal/test/terminal_input_controller_test.dart: terminal viewport sends SGR pixel mouse coordinates
00:00 +106: /Users/robinfai/flutter_projects/ianvs-terminal/packages/ianvs_terminal/test/terminal_input_controller_test.dart: terminal viewport sends SGR pixel mouse coordinates
00:00 +107: /Users/robinfai/flutter_projects/ianvs-terminal/packages/ianvs_terminal/test/terminal_input_controller_test.dart: terminal viewport sends SGR pixel mouse coordinates
00:00 +108: /Users/robinfai/flutter_projects/ianvs-terminal/packages/ianvs_terminal/test/terminal_input_controller_test.dart: terminal viewport sends SGR pixel mouse coordinates
00:00 +109: /Users/robinfai/flutter_projects/ianvs-terminal/packages/ianvs_terminal/test/terminal_input_controller_test.dart: terminal viewport sends SGR pixel mouse coordinates
00:00 +110: /Users/robinfai/flutter_projects/ianvs-terminal/packages/ianvs_terminal/test/terminal_input_controller_test.dart: terminal viewport sends SGR pixel mouse coordinates
00:00 +111: /Users/robinfai/flutter_projects/ianvs-terminal/packages/ianvs_terminal/test/terminal_viewport_render_test.dart: powerline glyphs use cell-snapped geometry while Nerd icons stay narrow
00:00 +112: /Users/robinfai/flutter_projects/ianvs-terminal/packages/ianvs_terminal/test/terminal_viewport_mobile_gesture_test.dart: iPhone software keyboard can delete repeatedly after a blank-tap paste (variant: TargetPlatform.iOS)
00:00 +113: /Users/robinfai/flutter_projects/ianvs-terminal/packages/ianvs_terminal/test/terminal_viewport_mobile_gesture_test.dart: iPhone software keyboard can delete repeatedly after a blank-tap paste (variant: TargetPlatform.iOS)
00:00 +114: /Users/robinfai/flutter_projects/ianvs-terminal/packages/ianvs_terminal/test/terminal_viewport_mobile_gesture_test.dart: iPhone software keyboard can delete repeatedly after a blank-tap paste (variant: TargetPlatform.iOS)
00:01 +115: /Users/robinfai/flutter_projects/ianvs-terminal/packages/ianvs_terminal/test/terminal_viewport_mobile_gesture_test.dart: iPhone software keyboard can delete repeatedly after a blank-tap paste (variant: TargetPlatform.iOS)
00:01 +116: /Users/robinfai/flutter_projects/ianvs-terminal/packages/ianvs_terminal/test/terminal_viewport_mobile_gesture_test.dart: iPhone software keyboard can delete repeatedly after a blank-tap paste (variant: TargetPlatform.iOS)
00:01 +117: /Users/robinfai/flutter_projects/ianvs-terminal/packages/ianvs_terminal/test/terminal_viewport_render_test.dart: search highlights tolerate non-finite radius
00:01 +118: /Users/robinfai/flutter_projects/ianvs-terminal/packages/ianvs_terminal/test/terminal_input_controller_test.dart: terminal viewport releases mouse at last in-bounds cell
00:01 +119: /Users/robinfai/flutter_projects/ianvs-terminal/packages/ianvs_terminal/test/terminal_input_controller_test.dart: terminal viewport releases mouse at last in-bounds cell
00:01 +120: /Users/robinfai/flutter_projects/ianvs-terminal/packages/ianvs_terminal/test/terminal_input_controller_test.dart: terminal viewport releases mouse at last in-bounds cell
00:01 +121: /Users/robinfai/flutter_projects/ianvs-terminal/packages/ianvs_terminal/test/terminal_input_controller_test.dart: terminal viewport releases mouse at last in-bounds cell
00:01 +122: /Users/robinfai/flutter_projects/ianvs-terminal/packages/ianvs_terminal/test/terminal_viewport_mobile_gesture_test.dart: iPhone paste backspace proxy stays outside IME composition (variant: TargetPlatform.iOS)
00:01 +123: /Users/robinfai/flutter_projects/ianvs-terminal/packages/ianvs_terminal/test/terminal_viewport_mobile_gesture_test.dart: iPhone paste backspace proxy stays outside IME composition (variant: TargetPlatform.iOS)
00:01 +124: /Users/robinfai/flutter_projects/ianvs-terminal/packages/ianvs_terminal/test/terminal_input_controller_test.dart: terminal viewport suppresses motion in normal mouse mode
00:01 +125: /Users/robinfai/flutter_projects/ianvs-terminal/packages/ianvs_terminal/test/terminal_input_controller_test.dart: terminal viewport suppresses motion in normal mouse mode
00:01 +126: /Users/robinfai/flutter_projects/ianvs-terminal/packages/ianvs_terminal/test/terminal_viewport_mobile_gesture_test.dart: iPhone character tap does not paste clipboard text (variant: TargetPlatform.iOS)
00:01 +127: /Users/robinfai/flutter_projects/ianvs-terminal/packages/ianvs_terminal/test/terminal_viewport_mobile_gesture_test.dart: iPhone character tap does not paste clipboard text (variant: TargetPlatform.iOS)
00:01 +128: /Users/robinfai/flutter_projects/ianvs-terminal/packages/ianvs_terminal/test/terminal_input_controller_test.dart: terminal viewport ignores mouse reports outside the terminal surface
00:01 +129: /Users/robinfai/flutter_projects/ianvs-terminal/packages/ianvs_terminal/test/terminal_viewport_render_test.dart: iTerm thumbnail keeps its size while current viewport clipping changes
00:01 +130: /Users/robinfai/flutter_projects/ianvs-terminal/packages/ianvs_terminal/test/terminal_viewport_render_test.dart: iTerm thumbnail keeps its size while current viewport clipping changes
00:01 +131: /Users/robinfai/flutter_projects/ianvs-terminal/packages/ianvs_terminal/test/terminal_viewport_render_test.dart: iTerm thumbnail keeps its size while current viewport clipping changes
00:01 +132: /Users/robinfai/flutter_projects/ianvs-terminal/packages/ianvs_terminal/test/terminal_viewport_mobile_gesture_test.dart: iPhone long-press selection auto-scrolls at the top edge row (variant: TargetPlatform.iOS)
00:01 +133: /Users/robinfai/flutter_projects/ianvs-terminal/packages/ianvs_terminal/test/terminal_viewport_mobile_gesture_test.dart: iPhone long-press selection auto-scrolls at the top edge row (variant: TargetPlatform.iOS)
00:01 +134: /Users/robinfai/flutter_projects/ianvs-terminal/packages/ianvs_terminal/test/terminal_viewport_render_test.dart: terminal graphic thumbnail exposes image actions and preview
00:01 +135: /Users/robinfai/flutter_projects/ianvs-terminal/packages/ianvs_terminal/test/terminal_viewport_render_test.dart: terminal graphic thumbnail exposes image actions and preview
00:01 +136: /Users/robinfai/flutter_projects/ianvs-terminal/packages/ianvs_terminal/test/terminal_viewport_render_test.dart: terminal graphic thumbnail exposes image actions and preview
00:01 +137: /Users/robinfai/flutter_projects/ianvs-terminal/packages/ianvs_terminal/test/terminal_viewport_render_test.dart: terminal graphic thumbnail exposes image actions and preview
00:01 +138: /Users/robinfai/flutter_projects/ianvs-terminal/packages/ianvs_terminal/test/terminal_viewport_render_test.dart: terminal graphic thumbnail exposes image actions and preview
00:01 +139: /Users/robinfai/flutter_projects/ianvs-terminal/packages/ianvs_terminal/test/terminal_viewport_render_test.dart: terminal graphic thumbnail exposes image actions and preview
00:01 +140: /Users/robinfai/flutter_projects/ianvs-terminal/packages/ianvs_terminal/test/terminal_viewport_render_test.dart: terminal graphic thumbnail exposes image actions and preview
00:01 +141: /Users/robinfai/flutter_projects/ianvs-terminal/packages/ianvs_terminal/test/terminal_viewport_render_test.dart: terminal graphic thumbnail exposes image actions and preview
00:01 +142: /Users/robinfai/flutter_projects/ianvs-terminal/packages/ianvs_terminal/test/terminal_viewport_render_test.dart: terminal graphic thumbnail exposes image actions and preview
00:01 +143: /Users/robinfai/flutter_projects/ianvs-terminal/packages/ianvs_terminal/test/terminal_viewport_render_test.dart: terminal graphic thumbnail exposes image actions and preview
00:01 +144: /Users/robinfai/flutter_projects/ianvs-terminal/packages/ianvs_terminal/test/terminal_viewport_render_test.dart: terminal graphic thumbnail exposes image actions and preview
00:01 +145: /Users/robinfai/flutter_projects/ianvs-terminal/packages/ianvs_terminal/test/terminal_viewport_render_test.dart: terminal graphic thumbnail exposes image actions and preview
00:01 +146: /Users/robinfai/flutter_projects/ianvs-terminal/packages/ianvs_terminal/test/terminal_viewport_render_test.dart: terminal graphic thumbnail exposes image actions and preview
00:01 +147: /Users/robinfai/flutter_projects/ianvs-terminal/packages/ianvs_terminal/test/terminal_viewport_render_test.dart: terminal graphic thumbnail exposes image actions and preview
00:01 +148: /Users/robinfai/flutter_projects/ianvs-terminal/packages/ianvs_terminal/test/terminal_input_controller_test.dart: iOS software keyboard commits text and newline exactly once
00:01 +149: /Users/robinfai/flutter_projects/ianvs-terminal/packages/ianvs_terminal/test/terminal_viewport_render_test.dart: terminal viewport positions graphics using remeasured cells and viewport-relative rows
00:01 +150: /Users/robinfai/flutter_projects/ianvs-terminal/packages/ianvs_terminal/test/terminal_viewport_render_test.dart: terminal viewport layers graphics around text by z-index
00:01 +151: /Users/robinfai/flutter_projects/ianvs-terminal/packages/ianvs_terminal/test/terminal_viewport_render_test.dart: terminal viewport gives duplicate render-id graphics unique keys
00:01 +152: /Users/robinfai/flutter_projects/ianvs-terminal/packages/ianvs_terminal/test/terminal_viewport_render_test.dart: terminal viewport applies graphic source rectangle transform
00:01 +153: /Users/robinfai/flutter_projects/ianvs-terminal/packages/ianvs_terminal/test/terminal_viewport_render_test.dart: terminal viewport uses placement id for graphic identity
00:01 +154: /Users/robinfai/flutter_projects/ianvs-terminal/packages/ianvs_terminal/test/terminal_viewport_render_test.dart: terminal viewport moves the previous graphic while its replacement loads
00:01 +155: /Users/robinfai/flutter_projects/ianvs-terminal/packages/ianvs_terminal/test/terminal_viewport_render_test.dart: terminal viewport keeps animated graphic geometry stable across versions
00:01 +156: /Users/robinfai/flutter_projects/ianvs-terminal/packages/ianvs_terminal/test/terminal_viewport_render_test.dart: terminal viewport preserves graphic overlay when render id changes
00:01 +157: /Users/robinfai/flutter_projects/ianvs-terminal/packages/ianvs_terminal/test/terminal_viewport_render_test.dart: terminal viewport keeps previous graphic when placement swaps asset id
00:01 +158: /Users/robinfai/flutter_projects/ianvs-terminal/packages/ianvs_terminal/test/terminal_viewport_render_test.dart: terminal viewport keys graphic overlays by render id
00:01 +159: /Users/robinfai/flutter_projects/ianvs-terminal/packages/ianvs_terminal/test/terminal_viewport_render_test.dart: terminal viewport removes a graphic omitted by Rust
00:01 +160: /Users/robinfai/flutter_projects/ianvs-terminal/packages/ianvs_terminal/test/terminal_viewport_render_test.dart: terminal viewport does not resurrect omitted graphic after late decode
00:01 +161: /Users/robinfai/flutter_projects/ianvs-terminal/packages/ianvs_terminal/test/terminal_viewport_render_test.dart: terminal viewport synchronizes graphics cache only for live asset revisions
00:01 +162: /Users/robinfai/flutter_projects/ianvs-terminal/packages/ianvs_terminal/test/terminal_viewport_render_test.dart: terminal viewport forces graphics cache sync after cache or controller replacement
00:01 +163: /Users/robinfai/flutter_projects/ianvs-terminal/packages/ianvs_terminal/test/terminal_viewport_render_test.dart: terminal viewport evicts stale graphics on initial mount
00:01 +164: /Users/robinfai/flutter_projects/ianvs-terminal/packages/ianvs_terminal/test/terminal_viewport_render_test.dart: search highlights stay on expected wrapped visible rows
00:01 +165: All tests passed!
