package:ianvs_design has `uses-material-design: true` set but the primary pubspec contains `uses-material-design: false`. If the application needs material icons, then `uses-material-design`  must be set to true.
00:00 +0: loading /Users/robinfai/flutter_projects/ianvs-terminal/example/test/widget_test.dart
00:00 +0: clicking an inactive split pane with mouse reporting activates and reports to that pane
══╡ EXCEPTION CAUGHT BY FLUTTER TEST FRAMEWORK ╞════════════════════════════════════════════════════
The following TestFailure was thrown running a test:
Expected: ['1', '1']
  Actual: ['1']
   Which: at location [1] is ['1'] which shorter than expected

When the exception was thrown, this was the stack:
#4      main.<anonymous closure> (file:///Users/robinfai/flutter_projects/ianvs-terminal/example/test/widget_test.dart:1573:7)
<asynchronous suspension>
#5      testWidgets.<anonymous closure>.<anonymous closure> (package:flutter_test/src/widget_tester.dart:192:15)
<asynchronous suspension>
#6      TestWidgetsFlutterBinding._runTestBody (package:flutter_test/src/binding.dart:1952:5)
<asynchronous suspension>
<asynchronous suspension>
(elided one frame from package:stack_trace)

This was caught by the test expectation on the following line:
  file:///Users/robinfai/flutter_projects/ianvs-terminal/example/test/widget_test.dart line 1573
The test description was:
  clicking an inactive split pane with mouse reporting activates and reports to that pane
════════════════════════════════════════════════════════════════════════════════════════════════════
00:01 +0 -1: clicking an inactive split pane with mouse reporting activates and reports to that pane [E]
  Test failed. See exception logs above.
  The test description was: clicking an inactive split pane with mouse reporting activates and reports to that pane
  
00:01 +0 -1: switching split panes routes focus reports to the pane gaining or losing focus
══╡ EXCEPTION CAUGHT BY FLUTTER TEST FRAMEWORK ╞════════════════════════════════════════════════════
The following TestFailure was thrown running a test:
Expected: ['2:\x1B[O', '1:\x1B[I']
  Actual: ['1:\x1B[I']
   Which: at location [0] is '1:\x1B[I' instead of '2:\x1B[O'

When the exception was thrown, this was the stack:
#4      main.<anonymous closure> (file:///Users/robinfai/flutter_projects/ianvs-terminal/example/test/widget_test.dart:1638:7)
<asynchronous suspension>
#5      testWidgets.<anonymous closure>.<anonymous closure> (package:flutter_test/src/widget_tester.dart:192:15)
<asynchronous suspension>
#6      TestWidgetsFlutterBinding._runTestBody (package:flutter_test/src/binding.dart:1952:5)
<asynchronous suspension>
<asynchronous suspension>
(elided one frame from package:stack_trace)

This was caught by the test expectation on the following line:
  file:///Users/robinfai/flutter_projects/ianvs-terminal/example/test/widget_test.dart line 1638
The test description was:
  switching split panes routes focus reports to the pane gaining or losing focus
════════════════════════════════════════════════════════════════════════════════════════════════════
00:02 +0 -2: switching split panes routes focus reports to the pane gaining or losing focus [E]
  Test failed. See exception logs above.
  The test description was: switching split panes routes focus reports to the pane gaining or losing focus
  
00:02 +0 -2: Some tests failed.

Failing tests:
  /Users/robinfai/flutter_projects/ianvs-terminal/example/test/widget_test.dart: clicking an inactive split pane with mouse reporting activates and reports to that pane
  /Users/robinfai/flutter_projects/ianvs-terminal/example/test/widget_test.dart: switching split panes routes focus reports to the pane gaining or losing focus
