package:ianvs_design has `uses-material-design: true` set but the primary pubspec contains `uses-material-design: false`. If the application needs material icons, then `uses-material-design`  must be set to true.
00:00 +0: loading /Users/robinfai/flutter_projects/ianvs-terminal/example/integration_test/terminal_ai_workspace_acceptance_test.dart
Building macOS application...                                   
✓ Built build/macos/Build/Products/Debug/Trail Development.app
00:00 +0: Main AI timeline submits once and returns unchanged TUI grid
══╡ EXCEPTION CAUGHT BY FLUTTER TEST FRAMEWORK ╞════════════════════════════════════════════════════
The following TestFailure was thrown running a test:
Expected: [
            {
              'start_line': 33,
              'end_line': 35,
              'output': '34\n'
                '35'
            },
            {'start_line': 76, 'end_line': 77, 'output': '77'}
          ]
  Actual: [
            {
              'start_line': 33,
              'end_line': 35,
              'output': '34\n'
                '35',
              'citation': '[block:1790984858639-14:34-35]'
            },
            {
              'start_line': 76,
              'end_line': 77,
              'output': '77',
              'citation': '[block:1790984858639-14:77-77]'
            }
          ]
   Which: at location [0] is {
            'start_line': 33,
            'end_line': 35,
            'output': '34\n'
              '35',
            'citation': '[block:1790984858639-14:34-35]'
          } which has different length and has extra map key 'citation'

When the exception was thrown, this was the stack:
#4      main.<anonymous closure> (file:///Users/robinfai/flutter_projects/ianvs-terminal/example/integration_test/terminal_ai_workspace_acceptance_test.dart:791:7)
<asynchronous suspension>
#5      testWidgets.<anonymous closure>.<anonymous closure> (package:flutter_test/src/widget_tester.dart:192:15)
<asynchronous suspension>
#6      TestWidgetsFlutterBinding._runTestBody (package:flutter_test/src/binding.dart:1952:5)
<asynchronous suspension>
<asynchronous suspension>
(elided one frame from package:stack_trace)

This was caught by the test expectation on the following line:
  file:///Users/robinfai/flutter_projects/ianvs-terminal/example/integration_test/terminal_ai_workspace_acceptance_test.dart line 791
The test description was:
  Main AI timeline submits once and returns unchanged TUI grid
════════════════════════════════════════════════════════════════════════════════════════════════════
00:28 +0 -1: Main AI timeline submits once and returns unchanged TUI grid [E]
  Test failed. See exception logs above.
  The test description was: Main AI timeline submits once and returns unchanged TUI grid
  
00:28 +0 -1: Production component preview M01-fixed-text
00:33 +1 -1: Production component preview M01-keyboard-space
00:34 +2 -1: Production component preview M03-dark-evidence
00:37 +3 -1: Production component preview M01-landscape
00:42 +4 -1: (tearDownAll)
00:42 +4 -1: Some tests failed.

Failing tests:
  /Users/robinfai/flutter_projects/ianvs-terminal/example/integration_test/terminal_ai_workspace_acceptance_test.dart: Main AI timeline submits once and returns unchanged TUI grid
