package:ianvs_design has `uses-material-design: true` set but the primary pubspec contains `uses-material-design: false`. If the application needs material icons, then `uses-material-design`  must be set to true.
00:00 +0: loading /Users/robinfai/flutter_projects/ianvs-terminal/example/test/ai/terminal_ai_citation_regression_test.dart
00:00 +0: /Users/robinfai/flutter_projects/ianvs-terminal/example/test/ai/terminal_ai_citation_regression_test.dart: streamed duplicate and overlapping evidence stays usable Size(960.0, 700.0)
00:00 +1: /Users/robinfai/flutter_projects/ianvs-terminal/example/test/ai/terminal_ai_citation_regression_test.dart: streamed duplicate and overlapping evidence stays usable Size(960.0, 700.0)
00:00 +2: /Users/robinfai/flutter_projects/ianvs-terminal/example/test/ai/terminal_ai_citation_regression_test.dart: streamed duplicate and overlapping evidence stays usable Size(960.0, 700.0)
00:00 +3: /Users/robinfai/flutter_projects/ianvs-terminal/example/test/ai/terminal_ai_citation_regression_test.dart: streamed duplicate and overlapping evidence stays usable Size(960.0, 700.0)
00:00 +4: /Users/robinfai/flutter_projects/ianvs-terminal/example/test/ai/terminal_ai_citation_regression_test.dart: streamed duplicate and overlapping evidence stays usable Size(960.0, 700.0)
00:00 +5: /Users/robinfai/flutter_projects/ianvs-terminal/example/test/ai/terminal_ai_citation_regression_test.dart: streamed duplicate and overlapping evidence stays usable Size(960.0, 700.0)
00:00 +6: /Users/robinfai/flutter_projects/ianvs-terminal/example/test/ai/terminal_ai_citation_regression_test.dart: streamed duplicate and overlapping evidence stays usable Size(960.0, 700.0)
00:00 +7: /Users/robinfai/flutter_projects/ianvs-terminal/example/test/ai/terminal_ai_citation_regression_test.dart: streamed duplicate and overlapping evidence stays usable Size(960.0, 700.0)
00:00 +8: /Users/robinfai/flutter_projects/ianvs-terminal/example/test/ai/terminal_ai_citation_regression_test.dart: streamed duplicate and overlapping evidence stays usable Size(960.0, 700.0)
00:00 +9: /Users/robinfai/flutter_projects/ianvs-terminal/example/test/ai/terminal_ai_citation_regression_test.dart: streamed duplicate and overlapping evidence stays usable Size(960.0, 700.0)
00:00 +10: /Users/robinfai/flutter_projects/ianvs-terminal/example/test/ai/terminal_ai_citation_regression_test.dart: streamed duplicate and overlapping evidence stays usable Size(960.0, 700.0)
00:00 +11: /Users/robinfai/flutter_projects/ianvs-terminal/example/test/ai/terminal_ai_citation_regression_test.dart: streamed duplicate and overlapping evidence stays usable Size(960.0, 700.0)
00:00 +12: /Users/robinfai/flutter_projects/ianvs-terminal/example/test/ai/terminal_ai_citation_regression_test.dart: streamed duplicate and overlapping evidence stays usable Size(960.0, 700.0)
00:00 +13: /Users/robinfai/flutter_projects/ianvs-terminal/example/test/ai/terminal_ai_citation_regression_test.dart: streamed duplicate and overlapping evidence stays usable Size(960.0, 700.0)
00:00 +14: /Users/robinfai/flutter_projects/ianvs-terminal/example/test/ai/terminal_ai_citation_regression_test.dart: streamed duplicate and overlapping evidence stays usable Size(960.0, 700.0)
00:00 +15: /Users/robinfai/flutter_projects/ianvs-terminal/example/test/ai/terminal_ai_citation_regression_test.dart: streamed duplicate and overlapping evidence stays usable Size(960.0, 700.0)
00:00 +16: /Users/robinfai/flutter_projects/ianvs-terminal/example/test/ai/terminal_ai_citation_regression_test.dart: streamed duplicate and overlapping evidence stays usable Size(960.0, 700.0)
00:00 +17: /Users/robinfai/flutter_projects/ianvs-terminal/example/test/ai/terminal_ai_citation_regression_test.dart: streamed duplicate and overlapping evidence stays usable Size(960.0, 700.0)
00:00 +18: /Users/robinfai/flutter_projects/ianvs-terminal/example/test/ai/terminal_ai_citation_regression_test.dart: streamed duplicate and overlapping evidence stays usable Size(960.0, 700.0)
00:00 +19: /Users/robinfai/flutter_projects/ianvs-terminal/example/test/ai/terminal_ai_citation_regression_test.dart: streamed duplicate and overlapping evidence stays usable Size(960.0, 700.0)
00:00 +20: /Users/robinfai/flutter_projects/ianvs-terminal/example/test/ai/terminal_ai_citation_regression_test.dart: streamed duplicate and overlapping evidence stays usable Size(960.0, 700.0)
00:00 +21: /Users/robinfai/flutter_projects/ianvs-terminal/example/test/ai/terminal_ai_citation_regression_test.dart: streamed duplicate and overlapping evidence stays usable Size(960.0, 700.0)
00:00 +22: /Users/robinfai/flutter_projects/ianvs-terminal/example/test/ai/terminal_ai_citation_regression_test.dart: streamed duplicate and overlapping evidence stays usable Size(960.0, 700.0)
00:00 +23: /Users/robinfai/flutter_projects/ianvs-terminal/example/test/ai/terminal_ai_citation_regression_test.dart: streamed duplicate and overlapping evidence stays usable Size(960.0, 700.0)
00:00 +24: /Users/robinfai/flutter_projects/ianvs-terminal/example/test/ai/terminal_ai_citation_regression_test.dart: streamed duplicate and overlapping evidence stays usable Size(960.0, 700.0)
00:00 +25: /Users/robinfai/flutter_projects/ianvs-terminal/example/test/ai/terminal_ai_citation_regression_test.dart: streamed duplicate and overlapping evidence stays usable Size(960.0, 700.0)
00:00 +26: /Users/robinfai/flutter_projects/ianvs-terminal/example/test/ai/terminal_ai_citation_regression_test.dart: streamed duplicate and overlapping evidence stays usable Size(960.0, 700.0)
00:00 +27: /Users/robinfai/flutter_projects/ianvs-terminal/example/test/ai/terminal_ai_citation_regression_test.dart: streamed duplicate and overlapping evidence stays usable Size(960.0, 700.0)
00:00 +28: /Users/robinfai/flutter_projects/ianvs-terminal/example/test/ai/terminal_ai_citation_regression_test.dart: streamed duplicate and overlapping evidence stays usable Size(960.0, 700.0)
00:00 +29: /Users/robinfai/flutter_projects/ianvs-terminal/example/test/ai/terminal_ai_citation_regression_test.dart: streamed duplicate and overlapping evidence stays usable Size(960.0, 700.0)
00:00 +30: /Users/robinfai/flutter_projects/ianvs-terminal/example/test/ai/terminal_ai_citation_regression_test.dart: streamed duplicate and overlapping evidence stays usable Size(960.0, 700.0)
00:00 +31: /Users/robinfai/flutter_projects/ianvs-terminal/example/test/ai/terminal_ai_citation_regression_test.dart: streamed duplicate and overlapping evidence stays usable Size(960.0, 700.0)
00:00 +32: /Users/robinfai/flutter_projects/ianvs-terminal/example/test/ai/terminal_ai_citation_regression_test.dart: streamed duplicate and overlapping evidence stays usable Size(960.0, 700.0)
00:00 +33: /Users/robinfai/flutter_projects/ianvs-terminal/example/test/ai/terminal_ai_citation_regression_test.dart: streamed duplicate and overlapping evidence stays usable Size(960.0, 700.0)
00:00 +34: /Users/robinfai/flutter_projects/ianvs-terminal/example/test/ai/terminal_ai_citation_regression_test.dart: streamed duplicate and overlapping evidence stays usable Size(960.0, 700.0)
00:00 +35: /Users/robinfai/flutter_projects/ianvs-terminal/example/test/ai/terminal_ai_citation_regression_test.dart: streamed duplicate and overlapping evidence stays usable Size(960.0, 700.0)
00:00 +36: /Users/robinfai/flutter_projects/ianvs-terminal/example/test/ai/terminal_ai_focus_test.dart: approved desktop result restores input for a same-task follow-up
00:01 +37: /Users/robinfai/flutter_projects/ianvs-terminal/example/test/ai/terminal_ai_focus_test.dart: approved desktop result restores input for a same-task follow-up
00:01 +38: /Users/robinfai/flutter_projects/ianvs-terminal/example/test/ai/terminal_ai_focus_test.dart: approved desktop result restores input for a same-task follow-up
00:01 +39: /Users/robinfai/flutter_projects/ianvs-terminal/example/test/ai/terminal_ai_focus_test.dart: approved desktop result restores input for a same-task follow-up
00:01 +40: /Users/robinfai/flutter_projects/ianvs-terminal/example/test/ai/terminal_ai_focus_test.dart: approved desktop result restores input for a same-task follow-up
00:01 +41: /Users/robinfai/flutter_projects/ianvs-terminal/example/test/ai/terminal_ai_focus_test.dart: approved desktop result restores input for a same-task follow-up
00:01 +42: /Users/robinfai/flutter_projects/ianvs-terminal/example/test/ai/terminal_ai_focus_test.dart: approved desktop result restores input for a same-task follow-up
00:01 +43: /Users/robinfai/flutter_projects/ianvs-terminal/example/test/ai/terminal_ai_focus_test.dart: approved desktop result restores input for a same-task follow-up
00:01 +44: /Users/robinfai/flutter_projects/ianvs-terminal/example/test/ai/terminal_ai_focus_test.dart: approved desktop result restores input for a same-task follow-up
00:01 +45: /Users/robinfai/flutter_projects/ianvs-terminal/example/test/ai/terminal_ai_focus_test.dart: approved desktop result restores input for a same-task follow-up
00:01 +46: /Users/robinfai/flutter_projects/ianvs-terminal/example/test/ai/ai_settings_discovery_test.dart: approval preference is explicit, saved, and survives backend changes
00:01 +47: /Users/robinfai/flutter_projects/ianvs-terminal/example/test/ai/terminal_ai_workspace_test.dart: phone declines from timeline without entering review Size(320.0, 568.0)
00:01 +48: /Users/robinfai/flutter_projects/ianvs-terminal/example/test/ai/terminal_ai_workspace_test.dart: phone declines from timeline without entering review Size(320.0, 568.0)
00:01 +49: /Users/robinfai/flutter_projects/ianvs-terminal/example/test/ai/terminal_ai_workspace_test.dart: phone declines from timeline without entering review Size(320.0, 568.0)
00:01 +50: /Users/robinfai/flutter_projects/ianvs-terminal/example/test/ai/terminal_ai_workspace_test.dart: phone declines from timeline without entering review Size(320.0, 568.0)
00:01 +51: /Users/robinfai/flutter_projects/ianvs-terminal/example/test/ai/terminal_ai_workspace_test.dart: phone declines from timeline without entering review Size(320.0, 568.0)
00:01 +52: /Users/robinfai/flutter_projects/ianvs-terminal/example/test/ai/terminal_ai_workspace_test.dart: phone declines from timeline without entering review Size(320.0, 568.0)
00:01 +53: /Users/robinfai/flutter_projects/ianvs-terminal/example/test/ai/terminal_ai_workspace_test.dart: phone declines from timeline without entering review Size(320.0, 568.0)
00:01 +54: /Users/robinfai/flutter_projects/ianvs-terminal/example/test/ai/terminal_ai_workspace_test.dart: phone declines from timeline without entering review Size(320.0, 568.0)
00:01 +55: /Users/robinfai/flutter_projects/ianvs-terminal/example/test/ai/terminal_ai_workspace_test.dart: phone declines from timeline without entering review Size(320.0, 568.0)
00:01 +56: /Users/robinfai/flutter_projects/ianvs-terminal/example/test/ai/terminal_ai_workspace_test.dart: phone declines from timeline without entering review Size(320.0, 568.0)
00:01 +57: /Users/robinfai/flutter_projects/ianvs-terminal/example/test/ai/terminal_ai_workspace_test.dart: phone declines from timeline without entering review Size(320.0, 568.0)
00:01 +58: /Users/robinfai/flutter_projects/ianvs-terminal/example/test/ai/terminal_ai_workspace_test.dart: phone declines from timeline without entering review Size(320.0, 568.0)
00:01 +59: /Users/robinfai/flutter_projects/ianvs-terminal/example/test/ai/terminal_ai_workspace_test.dart: phone declines from timeline without entering review Size(320.0, 568.0)
00:01 +60: /Users/robinfai/flutter_projects/ianvs-terminal/example/test/ai/terminal_ai_workspace_test.dart: phone declines from timeline without entering review Size(320.0, 568.0)
00:01 +61: /Users/robinfai/flutter_projects/ianvs-terminal/example/test/ai/terminal_ai_workspace_test.dart: phone declines from timeline without entering review Size(320.0, 568.0)
00:01 +62: /Users/robinfai/flutter_projects/ianvs-terminal/example/test/ai/terminal_ai_workspace_test.dart: phone declines from timeline without entering review Size(320.0, 568.0)
00:01 +63: /Users/robinfai/flutter_projects/ianvs-terminal/example/test/ai/terminal_ai_workspace_test.dart: phone declines from timeline without entering review Size(320.0, 568.0)
00:01 +64: /Users/robinfai/flutter_projects/ianvs-terminal/example/test/ai/terminal_ai_workspace_test.dart: phone declines from timeline without entering review Size(320.0, 568.0)
00:01 +65: /Users/robinfai/flutter_projects/ianvs-terminal/example/test/ai/terminal_ai_workspace_test.dart: phone declines from timeline without entering review Size(320.0, 568.0)
00:01 +66: /Users/robinfai/flutter_projects/ianvs-terminal/example/test/ai/terminal_ai_workspace_test.dart: phone declines from timeline without entering review Size(320.0, 568.0)
00:01 +67: /Users/robinfai/flutter_projects/ianvs-terminal/example/test/ai/terminal_ai_workspace_test.dart: phone declines from timeline without entering review Size(320.0, 568.0)
00:01 +68: /Users/robinfai/flutter_projects/ianvs-terminal/example/test/ai/terminal_ai_workspace_test.dart: phone declines from timeline without entering review Size(320.0, 568.0)
00:01 +69: /Users/robinfai/flutter_projects/ianvs-terminal/example/test/ai/ai_settings_discovery_test.dart: manual edit during detection is not overwritten
00:01 +70: /Users/robinfai/flutter_projects/ianvs-terminal/example/test/ai/ai_settings_discovery_test.dart: manual edit during detection is not overwritten
00:01 +71: /Users/robinfai/flutter_projects/ianvs-terminal/example/test/ai/ai_settings_discovery_test.dart: manual edit during detection is not overwritten
00:01 +72: /Users/robinfai/flutter_projects/ianvs-terminal/example/test/ai/ai_settings_discovery_test.dart: manual edit during detection is not overwritten
00:01 +73: /Users/robinfai/flutter_projects/ianvs-terminal/example/test/ai/acp_rpc_test.dart: ACP process transport a timed-out request does not prevent later requests
00:01 +74: /Users/robinfai/flutter_projects/ianvs-terminal/example/test/ai/terminal_ai_focus_test.dart: finished result never moves focus out of connection settings
00:01 +75: /Users/robinfai/flutter_projects/ianvs-terminal/example/test/ai/terminal_ai_focus_test.dart: finished result never moves focus out of connection settings
00:02 +76: /Users/robinfai/flutter_projects/ianvs-terminal/example/test/ai/terminal_ai_focus_test.dart: finished result never moves focus out of connection settings
00:02 +77: /Users/robinfai/flutter_projects/ianvs-terminal/example/test/ai/terminal_ai_focus_test.dart: finished result never moves focus out of connection settings
00:02 +78: /Users/robinfai/flutter_projects/ianvs-terminal/example/test/ai/ai_settings_discovery_test.dart: switching connection type discards a pending result
00:02 +79: /Users/robinfai/flutter_projects/ianvs-terminal/example/test/ai/terminal_ai_widgets_test.dart: Composer Enter routes natural language to AI without shell execution
00:02 +80: /Users/robinfai/flutter_projects/ianvs-terminal/example/test/ai/terminal_ai_widgets_test.dart: Composer Enter routes natural language to AI without shell execution
00:02 +81: /Users/robinfai/flutter_projects/ianvs-terminal/example/test/ai/terminal_ai_focus_test.dart: phone result does not reopen the keyboard after command review
00:02 +82: /Users/robinfai/flutter_projects/ianvs-terminal/example/test/ai/terminal_ai_focus_test.dart: phone result does not reopen the keyboard after command review
00:02 +83: /Users/robinfai/flutter_projects/ianvs-terminal/example/test/ai/terminal_ai_focus_test.dart: phone result does not reopen the keyboard after command review
00:02 +84: /Users/robinfai/flutter_projects/ianvs-terminal/example/test/ai/terminal_ai_workspace_test.dart: conversation role distinction desktop-wide
00:02 +85: /Users/robinfai/flutter_projects/ianvs-terminal/example/test/ai/ai_settings_discovery_test.dart: closing while detection is pending is safe
00:02 +86: /Users/robinfai/flutter_projects/ianvs-terminal/example/test/ai/ai_settings_discovery_test.dart: closing while detection is pending is safe
00:02 +87: /Users/robinfai/flutter_projects/ianvs-terminal/example/test/ai/terminal_ai_focus_test.dart: desktop background completion does not take keyboard focus
00:02 +88: /Users/robinfai/flutter_projects/ianvs-terminal/example/test/ai/terminal_ai_focus_test.dart: desktop background completion does not take keyboard focus
00:02 +89: /Users/robinfai/flutter_projects/ianvs-terminal/example/test/ai/terminal_ai_focus_test.dart: desktop background completion does not take keyboard focus
00:02 +90: /Users/robinfai/flutter_projects/ianvs-terminal/example/test/ai/terminal_ai_focus_test.dart: desktop background completion does not take keyboard focus
00:02 +91: /Users/robinfai/flutter_projects/ianvs-terminal/example/test/ai/terminal_ai_focus_test.dart: desktop background completion does not take keyboard focus
00:02 +92: /Users/robinfai/flutter_projects/ianvs-terminal/example/test/ai/terminal_ai_focus_test.dart: desktop background completion does not take keyboard focus
00:02 +93: /Users/robinfai/flutter_projects/ianvs-terminal/example/test/ai/terminal_ai_focus_test.dart: desktop background completion does not take keyboard focus
00:02 +94: /Users/robinfai/flutter_projects/ianvs-terminal/example/test/ai/terminal_ai_focus_test.dart: desktop background completion does not take keyboard focus
00:02 +95: /Users/robinfai/flutter_projects/ianvs-terminal/example/test/ai/terminal_ai_focus_test.dart: desktop background completion does not take keyboard focus
00:02 +96: /Users/robinfai/flutter_projects/ianvs-terminal/example/test/ai/terminal_ai_focus_test.dart: desktop background completion does not take keyboard focus
00:02 +97: /Users/robinfai/flutter_projects/ianvs-terminal/example/test/ai/terminal_ai_focus_test.dart: desktop background completion does not take keyboard focus
00:02 +98: /Users/robinfai/flutter_projects/ianvs-terminal/example/test/ai/terminal_ai_focus_test.dart: desktop background completion does not take keyboard focus
00:02 +99: /Users/robinfai/flutter_projects/ianvs-terminal/example/test/ai/terminal_ai_focus_test.dart: desktop background completion does not take keyboard focus
00:02 +100: /Users/robinfai/flutter_projects/ianvs-terminal/example/test/ai/terminal_ai_focus_test.dart: desktop background completion does not take keyboard focus
00:02 +101: /Users/robinfai/flutter_projects/ianvs-terminal/example/test/ai/terminal_ai_focus_test.dart: desktop background completion does not take keyboard focus
00:02 +102: /Users/robinfai/flutter_projects/ianvs-terminal/example/test/ai/terminal_ai_focus_test.dart: desktop background completion does not take keyboard focus
00:02 +103: /Users/robinfai/flutter_projects/ianvs-terminal/example/test/ai/terminal_ai_focus_test.dart: desktop background completion does not take keyboard focus
00:02 +104: /Users/robinfai/flutter_projects/ianvs-terminal/example/test/ai/terminal_ai_focus_test.dart: desktop background completion does not take keyboard focus
00:02 +105: /Users/robinfai/flutter_projects/ianvs-terminal/example/test/ai/terminal_ai_focus_test.dart: desktop background completion does not take keyboard focus
00:02 +106: /Users/robinfai/flutter_projects/ianvs-terminal/example/test/ai/terminal_ai_focus_test.dart: desktop background completion does not take keyboard focus
00:02 +107: /Users/robinfai/flutter_projects/ianvs-terminal/example/test/ai/ai_settings_discovery_test.dart: timeout returns to manual configuration
00:02 +108: /Users/robinfai/flutter_projects/ianvs-terminal/example/test/ai/ai_settings_discovery_test.dart: timeout returns to manual configuration
00:02 +109: /Users/robinfai/flutter_projects/ianvs-terminal/example/test/ai/ai_settings_discovery_test.dart: timeout returns to manual configuration
00:02 +110: /Users/robinfai/flutter_projects/ianvs-terminal/example/test/ai/ai_settings_discovery_test.dart: timeout returns to manual configuration
00:02 +111: /Users/robinfai/flutter_projects/ianvs-terminal/example/test/ai/terminal_ai_message_test.dart: role marker contrast in Brightness.dark
00:02 +112: /Users/robinfai/flutter_projects/ianvs-terminal/example/test/ai/terminal_ai_message_test.dart: role marker contrast in Brightness.dark
00:02 +113: /Users/robinfai/flutter_projects/ianvs-terminal/example/test/ai/terminal_ai_message_test.dart: role marker contrast in Brightness.dark
00:02 +114: /Users/robinfai/flutter_projects/ianvs-terminal/example/test/ai/terminal_ai_message_test.dart: role marker contrast in Brightness.dark
00:02 +115: /Users/robinfai/flutter_projects/ianvs-terminal/example/test/ai/terminal_ai_message_test.dart: role marker contrast in Brightness.dark
00:02 +116: /Users/robinfai/flutter_projects/ianvs-terminal/example/test/ai/terminal_ai_message_test.dart: role marker contrast in Brightness.dark
00:02 +117: /Users/robinfai/flutter_projects/ianvs-terminal/example/test/ai/terminal_ai_message_test.dart: role marker contrast in Brightness.dark
00:02 +118: /Users/robinfai/flutter_projects/ianvs-terminal/example/test/ai/terminal_ai_message_test.dart: role marker contrast in Brightness.dark
00:02 +119: /Users/robinfai/flutter_projects/ianvs-terminal/example/test/ai/terminal_ai_message_test.dart: role marker contrast in Brightness.dark
00:02 +120: /Users/robinfai/flutter_projects/ianvs-terminal/example/test/ai/terminal_ai_message_test.dart: role marker contrast in Brightness.dark
00:02 +121: /Users/robinfai/flutter_projects/ianvs-terminal/example/test/ai/terminal_ai_message_test.dart: role marker contrast in Brightness.dark
00:02 +122: /Users/robinfai/flutter_projects/ianvs-terminal/example/test/ai/terminal_ai_message_test.dart: role marker contrast in Brightness.dark
00:02 +123: /Users/robinfai/flutter_projects/ianvs-terminal/example/test/ai/terminal_ai_message_test.dart: role marker contrast in Brightness.dark
00:02 +124: /Users/robinfai/flutter_projects/ianvs-terminal/example/test/ai/terminal_ai_message_test.dart: role marker contrast in Brightness.dark
00:02 +125: /Users/robinfai/flutter_projects/ianvs-terminal/example/test/ai/terminal_ai_message_test.dart: role marker contrast in Brightness.dark
00:02 +126: /Users/robinfai/flutter_projects/ianvs-terminal/example/test/ai/terminal_ai_message_test.dart: role marker contrast in Brightness.dark
00:02 +127: /Users/robinfai/flutter_projects/ianvs-terminal/example/test/ai/ai_settings_discovery_test.dart: compact Brightness.light discovery error scrolls without overflow
00:02 +128: /Users/robinfai/flutter_projects/ianvs-terminal/example/test/ai/terminal_ai_test.dart: long approved turns preserve the request and complete tool pairs
00:02 +129: /Users/robinfai/flutter_projects/ianvs-terminal/example/test/ai/terminal_ai_test.dart: long approved turns preserve the request and complete tool pairs
00:02 +130: /Users/robinfai/flutter_projects/ianvs-terminal/example/test/ai/terminal_ai_focus_test.dart: reply preserves an active draft and composition phone=true
00:02 +131: /Users/robinfai/flutter_projects/ianvs-terminal/example/test/ai/terminal_ai_focus_test.dart: reply preserves an active draft and composition phone=true
00:02 +132: /Users/robinfai/flutter_projects/ianvs-terminal/example/test/ai/terminal_ai_focus_test.dart: reply preserves an active draft and composition phone=true
00:02 +133: /Users/robinfai/flutter_projects/ianvs-terminal/example/test/ai/terminal_ai_message_test.dart: role surfaces share alignment and bounded reading width at 1.0
00:02 +134: /Users/robinfai/flutter_projects/ianvs-terminal/example/test/ai/terminal_ai_test.dart: a follow-up retains the goal after a long turn hits its limit
00:02 +135: /Users/robinfai/flutter_projects/ianvs-terminal/example/test/ai/terminal_ai_test.dart: a follow-up retains the goal after a long turn hits its limit
00:02 +136: /Users/robinfai/flutter_projects/ianvs-terminal/example/test/ai/terminal_ai_test.dart: a follow-up retains the goal after a long turn hits its limit
00:03 +137: /Users/robinfai/flutter_projects/ianvs-terminal/example/test/ai/terminal_ai_test.dart: a follow-up retains the goal after a long turn hits its limit
00:03 +138: /Users/robinfai/flutter_projects/ianvs-terminal/example/test/ai/terminal_ai_test.dart: a follow-up retains the goal after a long turn hits its limit
00:03 +139: /Users/robinfai/flutter_projects/ianvs-terminal/example/test/ai/terminal_ai_test.dart: a follow-up retains the goal after a long turn hits its limit
00:03 +140: /Users/robinfai/flutter_projects/ianvs-terminal/example/test/ai/terminal_ai_test.dart: a follow-up retains the goal after a long turn hits its limit
00:03 +141: /Users/robinfai/flutter_projects/ianvs-terminal/example/test/ai/terminal_ai_test.dart: a follow-up retains the goal after a long turn hits its limit
00:03 +142: /Users/robinfai/flutter_projects/ianvs-terminal/example/test/ai/terminal_ai_test.dart: a follow-up retains the goal after a long turn hits its limit
00:03 +143: /Users/robinfai/flutter_projects/ianvs-terminal/example/test/ai/terminal_ai_test.dart: a follow-up retains the goal after a long turn hits its limit
00:03 +144: /Users/robinfai/flutter_projects/ianvs-terminal/example/test/ai/terminal_ai_test.dart: a follow-up retains the goal after a long turn hits its limit
00:03 +145: /Users/robinfai/flutter_projects/ianvs-terminal/example/test/ai/terminal_ai_test.dart: a follow-up retains the goal after a long turn hits its limit
00:03 +146: /Users/robinfai/flutter_projects/ianvs-terminal/example/test/ai/terminal_ai_test.dart: a follow-up retains the goal after a long turn hits its limit
00:03 +147: /Users/robinfai/flutter_projects/ianvs-terminal/example/test/ai/terminal_ai_test.dart: a follow-up retains the goal after a long turn hits its limit
00:03 +148: /Users/robinfai/flutter_projects/ianvs-terminal/example/test/ai/terminal_ai_message_test.dart: model markdown is readable and selectable (phone false, dark false)
00:03 +149: /Users/robinfai/flutter_projects/ianvs-terminal/example/test/ai/terminal_ai_workspace_test.dart: desktop header hover explains actions without invoking them
00:03 +150: /Users/robinfai/flutter_projects/ianvs-terminal/example/test/ai/terminal_ai_workspace_test.dart: desktop header hover explains actions without invoking them
00:03 +151: /Users/robinfai/flutter_projects/ianvs-terminal/example/test/ai/terminal_ai_workspace_test.dart: desktop header hover explains actions without invoking them
00:03 +152: /Users/robinfai/flutter_projects/ianvs-terminal/example/test/ai/terminal_ai_workspace_test.dart: desktop header hover explains actions without invoking them
00:03 +153: /Users/robinfai/flutter_projects/ianvs-terminal/example/test/ai/terminal_ai_workspace_test.dart: desktop header hover explains actions without invoking them
00:03 +154: /Users/robinfai/flutter_projects/ianvs-terminal/example/test/ai/terminal_ai_workspace_test.dart: desktop header hover explains actions without invoking them
00:03 +155: /Users/robinfai/flutter_projects/ianvs-terminal/example/test/ai/terminal_ai_workspace_test.dart: desktop header hover explains actions without invoking them
00:03 +156: /Users/robinfai/flutter_projects/ianvs-terminal/example/test/ai/terminal_ai_workspace_test.dart: desktop header hover explains actions without invoking them
00:03 +157: /Users/robinfai/flutter_projects/ianvs-terminal/example/test/ai/terminal_ai_workspace_test.dart: desktop header hover explains actions without invoking them
00:03 +158: /Users/robinfai/flutter_projects/ianvs-terminal/example/test/ai/terminal_ai_workspace_test.dart: desktop header hover explains actions without invoking them
00:03 +159: /Users/robinfai/flutter_projects/ianvs-terminal/example/test/ai/terminal_ai_workspace_test.dart: desktop header hover explains actions without invoking them
00:03 +160: /Users/robinfai/flutter_projects/ianvs-terminal/example/test/ai/terminal_ai_workspace_test.dart: desktop header hover explains actions without invoking them
00:03 +161: /Users/robinfai/flutter_projects/ianvs-terminal/example/test/ai/terminal_ai_workspace_test.dart: desktop header hover explains actions without invoking them
00:03 +162: /Users/robinfai/flutter_projects/ianvs-terminal/example/test/ai/terminal_ai_workspace_test.dart: desktop header hover explains actions without invoking them
00:03 +163: /Users/robinfai/flutter_projects/ianvs-terminal/example/test/ai/terminal_ai_workspace_test.dart: desktop header hover explains actions without invoking them
00:03 +164: /Users/robinfai/flutter_projects/ianvs-terminal/example/test/ai/terminal_ai_workspace_test.dart: desktop header hover explains actions without invoking them
00:03 +165: /Users/robinfai/flutter_projects/ianvs-terminal/example/test/ai/terminal_ai_workspace_test.dart: desktop header hover explains actions without invoking them
00:03 +166: /Users/robinfai/flutter_projects/ianvs-terminal/example/test/ai/terminal_ai_workspace_test.dart: desktop header hover explains actions without invoking them
00:03 +167: /Users/robinfai/flutter_projects/ianvs-terminal/example/test/ai/terminal_ai_workspace_test.dart: desktop header hover explains actions without invoking them
00:03 +168: /Users/robinfai/flutter_projects/ianvs-terminal/example/test/ai/terminal_ai_workspace_test.dart: desktop header hover explains actions without invoking them
00:03 +169: /Users/robinfai/flutter_projects/ianvs-terminal/example/test/ai/terminal_ai_workspace_test.dart: desktop header hover explains actions without invoking them
00:03 +170: /Users/robinfai/flutter_projects/ianvs-terminal/example/test/ai/terminal_ai_workspace_test.dart: desktop header hover explains actions without invoking them
00:03 +171: /Users/robinfai/flutter_projects/ianvs-terminal/example/test/ai/terminal_ai_workspace_test.dart: desktop header hover explains actions without invoking them
00:03 +172: /Users/robinfai/flutter_projects/ianvs-terminal/example/test/ai/terminal_ai_workspace_test.dart: IME commit updates the visible intent without waiting or sending
00:03 +173: /Users/robinfai/flutter_projects/ianvs-terminal/example/test/ai/terminal_ai_workspace_test.dart: input intent routes commands and keeps manual override dark phone=false
00:03 +174: /Users/robinfai/flutter_projects/ianvs-terminal/example/test/ai/terminal_ai_workspace_test.dart: input intent routes commands and keeps manual override dark phone=false
00:03 +175: /Users/robinfai/flutter_projects/ianvs-terminal/example/test/ai/terminal_ai_workspace_test.dart: input intent routes commands and keeps manual override dark phone=false
00:03 +176: /Users/robinfai/flutter_projects/ianvs-terminal/example/test/ai/terminal_ai_workspace_test.dart: input intent routes commands and keeps manual override dark phone=false
00:03 +177: /Users/robinfai/flutter_projects/ianvs-terminal/example/test/ai/terminal_ai_workspace_test.dart: input intent routes commands and keeps manual override dark phone=false
00:03 +178: /Users/robinfai/flutter_projects/ianvs-terminal/example/test/ai/terminal_ai_workspace_test.dart: input intent routes commands and keeps manual override dark phone=false
00:03 +179: /Users/robinfai/flutter_projects/ianvs-terminal/example/test/ai/terminal_ai_workspace_test.dart: input intent routes commands and keeps manual override dark phone=false
00:03 +180: /Users/robinfai/flutter_projects/ianvs-terminal/example/test/ai/terminal_ai_workspace_test.dart: input intent routes commands and keeps manual override dark phone=false
00:03 +181: /Users/robinfai/flutter_projects/ianvs-terminal/example/test/ai/terminal_ai_workspace_test.dart: input intent routes commands and keeps manual override dark phone=false
00:03 +182: /Users/robinfai/flutter_projects/ianvs-terminal/example/test/ai/terminal_ai_workspace_test.dart: input intent routes commands and keeps manual override dark phone=false
00:03 +183: /Users/robinfai/flutter_projects/ianvs-terminal/example/test/ai/terminal_ai_workspace_test.dart: input intent routes commands and keeps manual override dark phone=false
00:03 +184: /Users/robinfai/flutter_projects/ianvs-terminal/example/test/ai/terminal_ai_workspace_test.dart: input intent routes commands and keeps manual override dark phone=false
00:03 +185: /Users/robinfai/flutter_projects/ianvs-terminal/example/test/ai/terminal_ai_workspace_test.dart: input intent routes commands and keeps manual override dark phone=false
00:03 +186: /Users/robinfai/flutter_projects/ianvs-terminal/example/test/ai/terminal_ai_workspace_test.dart: input intent routes commands and keeps manual override dark phone=false
00:03 +187: /Users/robinfai/flutter_projects/ianvs-terminal/example/test/ai/terminal_ai_workspace_test.dart: input intent routes commands and keeps manual override dark phone=false
00:03 +188: /Users/robinfai/flutter_projects/ianvs-terminal/example/test/ai/terminal_ai_workspace_test.dart: input intent routes commands and keeps manual override dark phone=false
00:03 +189: /Users/robinfai/flutter_projects/ianvs-terminal/example/test/ai/terminal_ai_workspace_test.dart: input intent routes commands and keeps manual override dark phone=false
00:03 +190: /Users/robinfai/flutter_projects/ianvs-terminal/example/test/ai/terminal_ai_workspace_test.dart: input intent routes commands and keeps manual override dark phone=false
00:03 +191: /Users/robinfai/flutter_projects/ianvs-terminal/example/test/ai/terminal_ai_workspace_test.dart: input intent routes commands and keeps manual override dark phone=false
00:03 +192: /Users/robinfai/flutter_projects/ianvs-terminal/example/test/ai/terminal_ai_workspace_test.dart: input intent routes commands and keeps manual override dark phone=false
00:03 +193: /Users/robinfai/flutter_projects/ianvs-terminal/example/test/ai/terminal_ai_workspace_test.dart: input intent routes commands and keeps manual override dark phone=false
00:03 +194: /Users/robinfai/flutter_projects/ianvs-terminal/example/test/ai/terminal_ai_workspace_test.dart: input intent routes commands and keeps manual override dark phone=false
00:03 +195: /Users/robinfai/flutter_projects/ianvs-terminal/example/test/ai/terminal_ai_workspace_test.dart: input intent routes commands and keeps manual override dark phone=false
00:03 +196: /Users/robinfai/flutter_projects/ianvs-terminal/example/test/ai/terminal_ai_workspace_test.dart: input intent routes commands and keeps manual override dark phone=false
00:03 +197: /Users/robinfai/flutter_projects/ianvs-terminal/example/test/ai/terminal_ai_workspace_test.dart: input intent routes commands and keeps manual override dark phone=false
00:03 +198: /Users/robinfai/flutter_projects/ianvs-terminal/example/test/ai/terminal_ai_workspace_test.dart: input intent routes commands and keeps manual override dark phone=false
00:03 +199: /Users/robinfai/flutter_projects/ianvs-terminal/example/test/ai/terminal_ai_workspace_test.dart: input intent routes commands and keeps manual override dark phone=false
00:03 +200: /Users/robinfai/flutter_projects/ianvs-terminal/example/test/ai/terminal_ai_workspace_test.dart: input intent routes commands and keeps manual override dark phone=false
00:03 +201: /Users/robinfai/flutter_projects/ianvs-terminal/example/test/ai/terminal_ai_workspace_test.dart: input intent routes commands and keeps manual override dark phone=false
00:03 +202: /Users/robinfai/flutter_projects/ianvs-terminal/example/test/ai/terminal_ai_workspace_test.dart: input intent routes commands and keeps manual override dark phone=false
00:03 +203: /Users/robinfai/flutter_projects/ianvs-terminal/example/test/ai/terminal_ai_workspace_test.dart: input intent routes commands and keeps manual override dark phone=false
00:03 +204: /Users/robinfai/flutter_projects/ianvs-terminal/example/test/ai/terminal_ai_workspace_test.dart: input intent routes commands and keeps manual override dark phone=false
00:03 +205: /Users/robinfai/flutter_projects/ianvs-terminal/example/test/ai/terminal_ai_workspace_test.dart: input intent routes commands and keeps manual override dark phone=false
00:03 +206: /Users/robinfai/flutter_projects/ianvs-terminal/example/test/ai/terminal_ai_workspace_test.dart: input intent routes commands and keeps manual override dark phone=false
00:03 +207: /Users/robinfai/flutter_projects/ianvs-terminal/example/test/ai/terminal_ai_workspace_test.dart: input intent routes commands and keeps manual override dark phone=false
00:03 +208: /Users/robinfai/flutter_projects/ianvs-terminal/example/test/ai/terminal_ai_workspace_test.dart: input intent routes commands and keeps manual override dark phone=false
00:03 +209: /Users/robinfai/flutter_projects/ianvs-terminal/example/test/ai/terminal_ai_workspace_test.dart: input intent routes commands and keeps manual override dark phone=false
00:03 +210: /Users/robinfai/flutter_projects/ianvs-terminal/example/test/ai/terminal_ai_workspace_test.dart: input intent routes commands and keeps manual override dark phone=false
00:03 +211: /Users/robinfai/flutter_projects/ianvs-terminal/example/test/ai/terminal_ai_workspace_test.dart: input intent routes commands and keeps manual override dark phone=false
00:03 +212: /Users/robinfai/flutter_projects/ianvs-terminal/example/test/ai/terminal_ai_workspace_test.dart: input intent routes commands and keeps manual override dark phone=false
00:03 +213: /Users/robinfai/flutter_projects/ianvs-terminal/example/test/ai/terminal_ai_workspace_test.dart: input intent routes commands and keeps manual override dark phone=false
00:03 +214: /Users/robinfai/flutter_projects/ianvs-terminal/example/test/ai/terminal_ai_workspace_test.dart: input intent routes commands and keeps manual override dark phone=false
00:03 +215: /Users/robinfai/flutter_projects/ianvs-terminal/example/test/ai/terminal_ai_workspace_test.dart: input intent routes commands and keeps manual override dark phone=false
00:03 +216: /Users/robinfai/flutter_projects/ianvs-terminal/example/test/ai/terminal_ai_workspace_test.dart: input intent routes commands and keeps manual override dark phone=false
00:03 +217: /Users/robinfai/flutter_projects/ianvs-terminal/example/test/ai/terminal_ai_workspace_test.dart: input intent routes commands and keeps manual override dark phone=false
00:03 +218: /Users/robinfai/flutter_projects/ianvs-terminal/example/test/ai/terminal_ai_workspace_test.dart: input intent routes commands and keeps manual override dark phone=false
00:03 +219: /Users/robinfai/flutter_projects/ianvs-terminal/example/test/ai/terminal_ai_workspace_test.dart: input intent routes commands and keeps manual override dark phone=false
00:03 +220: /Users/robinfai/flutter_projects/ianvs-terminal/example/test/ai/terminal_ai_workspace_test.dart: input intent routes commands and keeps manual override dark phone=false
00:03 +221: /Users/robinfai/flutter_projects/ianvs-terminal/example/test/ai/terminal_ai_workspace_test.dart: input intent routes commands and keeps manual override dark phone=false
00:03 +222: /Users/robinfai/flutter_projects/ianvs-terminal/example/test/ai/terminal_ai_workspace_test.dart: input intent routes commands and keeps manual override dark phone=false
00:03 +223: /Users/robinfai/flutter_projects/ianvs-terminal/example/test/ai/terminal_ai_workspace_test.dart: input intent routes commands and keeps manual override dark phone=false
00:03 +224: /Users/robinfai/flutter_projects/ianvs-terminal/example/test/ai/terminal_ai_workspace_test.dart: input intent routes commands and keeps manual override dark phone=false
00:03 +225: /Users/robinfai/flutter_projects/ianvs-terminal/example/test/ai/terminal_ai_workspace_test.dart: input intent routes commands and keeps manual override dark phone=false
00:03 +226: /Users/robinfai/flutter_projects/ianvs-terminal/example/test/ai/terminal_ai_workspace_test.dart: input intent routes commands and keeps manual override dark phone=false
00:03 +227: /Users/robinfai/flutter_projects/ianvs-terminal/example/test/ai/terminal_ai_workspace_test.dart: input intent routes commands and keeps manual override dark phone=false
00:03 +228: /Users/robinfai/flutter_projects/ianvs-terminal/example/test/ai/terminal_ai_workspace_test.dart: input intent routes commands and keeps manual override dark phone=false
00:03 +229: /Users/robinfai/flutter_projects/ianvs-terminal/example/test/ai/terminal_ai_workspace_test.dart: input intent routes commands and keeps manual override dark phone=false
00:03 +230: /Users/robinfai/flutter_projects/ianvs-terminal/example/test/ai/terminal_ai_workspace_test.dart: input intent routes commands and keeps manual override dark phone=false
00:03 +231: /Users/robinfai/flutter_projects/ianvs-terminal/example/test/ai/terminal_ai_evidence_navigation_test.dart: evidence returns to its task outside window chrome (dark false, phone false)
00:03 +232: /Users/robinfai/flutter_projects/ianvs-terminal/example/test/ai/terminal_ai_evidence_navigation_test.dart: evidence returns to its task outside window chrome (dark false, phone false)
00:04 +233: /Users/robinfai/flutter_projects/ianvs-terminal/example/test/ai/terminal_ai_evidence_navigation_test.dart: evidence returns to its task outside window chrome (dark false, phone false)
00:04 +234: /Users/robinfai/flutter_projects/ianvs-terminal/example/test/ai/terminal_ai_evidence_navigation_test.dart: evidence returns to its task outside window chrome (dark false, phone false)
00:04 +235: /Users/robinfai/flutter_projects/ianvs-terminal/example/test/ai/terminal_ai_evidence_navigation_test.dart: evidence returns to its task outside window chrome (dark false, phone false)
00:04 +236: /Users/robinfai/flutter_projects/ianvs-terminal/example/test/ai/terminal_ai_workspace_test.dart: input intent routes commands and keeps manual override light phone=false
00:04 +237: /Users/robinfai/flutter_projects/ianvs-terminal/example/test/ai/terminal_ai_evidence_navigation_test.dart: evidence returns to its task outside window chrome (dark false, phone true)
00:04 +238: /Users/robinfai/flutter_projects/ianvs-terminal/example/test/ai/terminal_ai_evidence_navigation_test.dart: evidence returns to its task outside window chrome (dark false, phone true)
00:04 +239: /Users/robinfai/flutter_projects/ianvs-terminal/example/test/ai/terminal_ai_workspace_test.dart: high contrast and reduced motion desktop light
00:04 +240: /Users/robinfai/flutter_projects/ianvs-terminal/example/test/ai/terminal_ai_evidence_navigation_test.dart: evidence returns to its task outside window chrome (dark true, phone false)
00:05 +241: /Users/robinfai/flutter_projects/ianvs-terminal/example/test/ai/terminal_ai_workspace_test.dart: high contrast and reduced motion desktop-2x light
00:05 +242: /Users/robinfai/flutter_projects/ianvs-terminal/example/test/ai/terminal_ai_evidence_navigation_test.dart: evidence returns to its task outside window chrome (dark true, phone true)
00:05 +243: /Users/robinfai/flutter_projects/ianvs-terminal/example/test/ai/terminal_ai_evidence_navigation_test.dart: evidence returns to its task outside window chrome (dark true, phone true)
00:05 +244: /Users/robinfai/flutter_projects/ianvs-terminal/example/test/ai/terminal_ai_workspace_test.dart: source markers render only valid original lines: empty=true
00:05 +245: /Users/robinfai/flutter_projects/ianvs-terminal/example/test/ai/terminal_ai_evidence_navigation_test.dart: reader respects a larger system inset without doubling chrome
00:05 +246: /Users/robinfai/flutter_projects/ianvs-terminal/example/test/ai/terminal_ai_evidence_navigation_test.dart: reader respects a larger system inset without doubling chrome
00:05 +247: /Users/robinfai/flutter_projects/ianvs-terminal/example/test/ai/terminal_ai_evidence_navigation_test.dart: reader respects a larger system inset without doubling chrome
00:05 +248: /Users/robinfai/flutter_projects/ianvs-terminal/example/test/ai/terminal_ai_evidence_navigation_test.dart: reader respects a larger system inset without doubling chrome
00:05 +249: /Users/robinfai/flutter_projects/ianvs-terminal/example/test/ai/terminal_ai_workspace_test.dart: workspace layout dark Size(960.0, 700.0) scale 2.0
00:05 +250: /Users/robinfai/flutter_projects/ianvs-terminal/example/test/ai/terminal_ai_evidence_navigation_test.dart: citation retains source row and bypasses saved filter (phone false)
00:05 +251: /Users/robinfai/flutter_projects/ianvs-terminal/example/test/ai/terminal_ai_evidence_navigation_test.dart: citation retains source row and bypasses saved filter (phone false)
00:05 +252: /Users/robinfai/flutter_projects/ianvs-terminal/example/test/ai/terminal_ai_evidence_navigation_test.dart: citation retains source row and bypasses saved filter (phone false)
00:05 +253: /Users/robinfai/flutter_projects/ianvs-terminal/example/test/ai/terminal_ai_evidence_navigation_test.dart: citation retains source row and bypasses saved filter (phone false)
00:05 +254: /Users/robinfai/flutter_projects/ianvs-terminal/example/test/ai/terminal_ai_evidence_navigation_test.dart: citation retains source row and bypasses saved filter (phone false)
00:05 +255: /Users/robinfai/flutter_projects/ianvs-terminal/example/test/ai/terminal_ai_evidence_navigation_test.dart: citation retains source row and bypasses saved filter (phone false)
00:05 +256: /Users/robinfai/flutter_projects/ianvs-terminal/example/test/ai/terminal_ai_evidence_navigation_test.dart: citation retains source row and bypasses saved filter (phone false)
00:05 +257: /Users/robinfai/flutter_projects/ianvs-terminal/example/test/ai/terminal_ai_workspace_test.dart: short phone keeps draft usable with a proposal and attachment
00:05 +258: /Users/robinfai/flutter_projects/ianvs-terminal/example/test/ai/terminal_ai_evidence_navigation_test.dart: citation retains source row and bypasses saved filter (phone true)
00:05 +259: /Users/robinfai/flutter_projects/ianvs-terminal/example/test/ai/terminal_ai_evidence_navigation_test.dart: citation retains source row and bypasses saved filter (phone true)
00:05 +260: /Users/robinfai/flutter_projects/ianvs-terminal/example/test/ai/terminal_ai_evidence_navigation_test.dart: citation retains source row and bypasses saved filter (phone true)
00:05 +261: /Users/robinfai/flutter_projects/ianvs-terminal/example/test/ai/terminal_ai_workspace_test.dart: mobile review has full command and fixed footer; stale target revokes
00:05 +262: /Users/robinfai/flutter_projects/ianvs-terminal/example/test/ai/terminal_ai_evidence_navigation_test.dart: citation cannot drift when source is evicted during before click
00:05 +263: /Users/robinfai/flutter_projects/ianvs-terminal/example/test/ai/terminal_ai_workspace_test.dart: new response preserves reading; latest and return are explicit
00:05 +264: /Users/robinfai/flutter_projects/ianvs-terminal/example/test/ai/terminal_ai_workspace_test.dart: new response preserves reading; latest and return are explicit
00:05 +265: /Users/robinfai/flutter_projects/ianvs-terminal/example/test/ai/terminal_ai_evidence_navigation_test.dart: citation cannot drift when source is evicted during keyboard dismissal
00:05 +266: /Users/robinfai/flutter_projects/ianvs-terminal/example/test/ai/terminal_ai_workspace_test.dart: navigation labels fit and preserve pending reading wide-en
00:05 +267: /Users/robinfai/flutter_projects/ianvs-terminal/example/test/ai/terminal_ai_workspace_test.dart: navigation labels fit and preserve pending reading wide-en
00:05 +268: /Users/robinfai/flutter_projects/ianvs-terminal/example/test/ai/terminal_ai_evidence_navigation_test.dart: overlapping citations from different retained versions remain ambiguous
00:05 +269: /Users/robinfai/flutter_projects/ianvs-terminal/example/test/ai/terminal_ai_workspace_test.dart: navigation labels fit and preserve pending reading wide-zh-dark
00:06 +270: /Users/robinfai/flutter_projects/ianvs-terminal/example/test/ai/terminal_ai_evidence_navigation_test.dart: retained citation recovers its target after a page changes version
00:06 +271: /Users/robinfai/flutter_projects/ianvs-terminal/example/test/ai/terminal_ai_workspace_test.dart: navigation labels fit and preserve pending reading desktop-2x
00:06 +272: /Users/robinfai/flutter_projects/ianvs-terminal/example/test/ai/terminal_ai_evidence_navigation_test.dart: reconnected sessions with equal native IDs open the quoted source
00:06 +273: /Users/robinfai/flutter_projects/ianvs-terminal/example/test/ai/terminal_ai_evidence_navigation_test.dart: reconnected sessions with equal native IDs open the quoted source
00:06 +274: /Users/robinfai/flutter_projects/ianvs-terminal/example/test/ai/terminal_ai_workspace_test.dart: navigation labels fit and preserve pending reading phone-fixed
00:06 +275: /Users/robinfai/flutter_projects/ianvs-terminal/example/test/ai/terminal_ai_workspace_test.dart: latest cancels an unfinished return to the reading anchor
00:06 +276: /Users/robinfai/flutter_projects/ianvs-terminal/example/test/ai/terminal_ai_workspace_test.dart: live status announces phase changes without elapsed time or output (phone false)
00:07 +277: /Users/robinfai/flutter_projects/ianvs-terminal/example/test/ai/terminal_ai_workspace_test.dart: each consecutive proposal needs its own UI approval (phone false)
00:07 +278: /Users/robinfai/flutter_projects/ianvs-terminal/example/test/ai/terminal_ai_workspace_test.dart: live status announces phase changes without elapsed time or output (phone true)
00:08 +279: /Users/robinfai/flutter_projects/ianvs-terminal/example/test/ai/terminal_ai_workspace_test.dart: each consecutive proposal needs its own UI approval (phone true)
00:08 +280: /Users/robinfai/flutter_projects/ianvs-terminal/example/test/ai/terminal_ai_workspace_test.dart: editing requires a fresh revision and one approval sends once
00:09 +281: /Users/robinfai/flutter_projects/ianvs-terminal/example/test/ai/terminal_ai_workspace_test.dart: task switch restores the same message after width reflow
00:09 +282: /Users/robinfai/flutter_projects/ianvs-terminal/example/test/ai/terminal_ai_workspace_test.dart: desktop keyboard review requires focus on the approval button
00:09 +283: /Users/robinfai/flutter_projects/ianvs-terminal/example/test/ai/terminal_ai_workspace_test.dart: clarification stays in one task and pause preserves a new draft
00:09 +284: /Users/robinfai/flutter_projects/ianvs-terminal/example/test/ai/terminal_ai_workspace_test.dart: phone long-command review scrolls without approving Size(390.0, 480.0)
00:09 +285: /Users/robinfai/flutter_projects/ianvs-terminal/example/test/ai/terminal_ai_workspace_test.dart: phone long-command review scrolls without approving Size(844.0, 300.0)
00:09 +286: /Users/robinfai/flutter_projects/ianvs-terminal/example/test/ai/terminal_ai_workspace_test.dart: mobile live block keeps six rows, reading and paused task dark
00:09 +287: /Users/robinfai/flutter_projects/ianvs-terminal/example/test/ai/terminal_ai_workspace_test.dart: mobile live block keeps six rows, reading and paused task light
00:09 +288: /Users/robinfai/flutter_projects/ianvs-terminal/example/test/ai/terminal_ai_workspace_test.dart: mobile background cancels proposal without interrupting terminal
00:09 +289: /Users/robinfai/flutter_projects/ianvs-terminal/example/test/ai/terminal_ai_workspace_test.dart: TUI overlay consumes Escape and returns after approved keys only once
00:09 +290: /Users/robinfai/flutter_projects/ianvs-terminal/example/test/ai/terminal_ai_workspace_test.dart: TUI exit before its receipt still returns input once
00:10 +291: /Users/robinfai/flutter_projects/ianvs-terminal/example/test/ai/terminal_ai_workspace_test.dart: entering full-screen returns the input owner to the terminal
00:10 +292: /Users/robinfai/flutter_projects/ianvs-terminal/example/test/ai/terminal_ai_workspace_test.dart: workspace configuration failure preserves draft and save never sends it desktop-light
00:10 +293: /Users/robinfai/flutter_projects/ianvs-terminal/example/test/ai/terminal_ai_workspace_test.dart: workspace configuration failure preserves draft and save never sends it desktop-dark-2x
00:10 +294: /Users/robinfai/flutter_projects/ianvs-terminal/example/test/ai/terminal_ai_workspace_test.dart: workspace configuration failure preserves draft and save never sends it phone-light
00:10 +295: /Users/robinfai/flutter_projects/ianvs-terminal/example/test/ai/terminal_ai_workspace_test.dart: workspace configuration failure preserves draft and save never sends it phone-landscape
00:10 +296: /Users/robinfai/flutter_projects/ianvs-terminal/example/test/ai/terminal_ai_workspace_test.dart: authentication recovery saves without sending or losing task
00:10 +297: /Users/robinfai/flutter_projects/ianvs-terminal/example/test/ai/terminal_ai_workspace_test.dart: phone disconnect recovery is explicit and revokes old approval
00:10 +298: /Users/robinfai/flutter_projects/ianvs-terminal/example/test/ai/terminal_ai_workspace_test.dart: unknown submission checks its receipt without retrying the command
00:10 +299: /Users/robinfai/flutter_projects/ianvs-terminal/example/test/ai/terminal_ai_workspace_test.dart: unknown submission explains possible execution after reconnect en desktop-light
00:10 +300: /Users/robinfai/flutter_projects/ianvs-terminal/example/test/ai/terminal_ai_workspace_test.dart: unknown submission explains possible execution after reconnect en desktop-dark
00:10 +301: /Users/robinfai/flutter_projects/ianvs-terminal/example/test/ai/terminal_ai_workspace_test.dart: unknown submission explains possible execution after reconnect en desktop-2x
00:11 +302: /Users/robinfai/flutter_projects/ianvs-terminal/example/test/ai/terminal_ai_workspace_test.dart: unknown submission explains possible execution after reconnect en phone-light
00:11 +303: /Users/robinfai/flutter_projects/ianvs-terminal/example/test/ai/terminal_ai_workspace_test.dart: unknown submission explains possible execution after reconnect en phone-dark
00:11 +304: /Users/robinfai/flutter_projects/ianvs-terminal/example/test/ai/terminal_ai_workspace_test.dart: unknown submission explains possible execution after reconnect en phone-landscape
00:11 +305: /Users/robinfai/flutter_projects/ianvs-terminal/example/test/ai/terminal_ai_workspace_test.dart: unknown submission explains possible execution after reconnect zh desktop-light
00:11 +306: /Users/robinfai/flutter_projects/ianvs-terminal/example/test/ai/terminal_ai_workspace_test.dart: unknown submission explains possible execution after reconnect zh desktop-dark
00:11 +307: /Users/robinfai/flutter_projects/ianvs-terminal/example/test/ai/terminal_ai_workspace_test.dart: unknown submission explains possible execution after reconnect zh desktop-2x
00:11 +308: /Users/robinfai/flutter_projects/ianvs-terminal/example/test/ai/terminal_ai_workspace_test.dart: unknown submission explains possible execution after reconnect zh phone-light
00:11 +309: /Users/robinfai/flutter_projects/ianvs-terminal/example/test/ai/terminal_ai_workspace_test.dart: unknown submission explains possible execution after reconnect zh phone-dark
00:11 +310: /Users/robinfai/flutter_projects/ianvs-terminal/example/test/ai/terminal_ai_workspace_test.dart: unknown submission explains possible execution after reconnect zh phone-landscape
00:11 +311: /Users/robinfai/flutter_projects/ianvs-terminal/example/test/ai/terminal_ai_workspace_test.dart: target dialog never transfers approval and rechecks changed target
00:11 +312: /Users/robinfai/flutter_projects/ianvs-terminal/example/test/ai/terminal_ai_workspace_test.dart: target resume double click opens one dialog and one model turn
00:11 +313: /Users/robinfai/flutter_projects/ianvs-terminal/example/test/ai/terminal_ai_workspace_test.dart: target choice cannot resume another task
00:11 +314: /Users/robinfai/flutter_projects/ianvs-terminal/example/test/ai/terminal_ai_workspace_test.dart: inline target choice rejects an unseen hop and preserves draft
00:11 +315: /Users/robinfai/flutter_projects/ianvs-terminal/example/test/ai/terminal_ai_workspace_test.dart: target long labels desktop dark
00:11 +316: /Users/robinfai/flutter_projects/ianvs-terminal/example/test/ai/terminal_ai_workspace_test.dart: target long labels desktop light
00:12 +317: /Users/robinfai/flutter_projects/ianvs-terminal/example/test/ai/terminal_ai_workspace_test.dart: target long labels desktop-zh dark
00:12 +318: /Users/robinfai/flutter_projects/ianvs-terminal/example/test/ai/terminal_ai_workspace_test.dart: target long labels desktop-zh light
00:12 +319: /Users/robinfai/flutter_projects/ianvs-terminal/example/test/ai/terminal_ai_workspace_test.dart: target long labels desktop-large dark
00:12 +320: /Users/robinfai/flutter_projects/ianvs-terminal/example/test/ai/terminal_ai_workspace_test.dart: target long labels desktop-large light
00:12 +321: /Users/robinfai/flutter_projects/ianvs-terminal/example/test/ai/terminal_ai_workspace_test.dart: target long labels phone dark
00:12 +322: /Users/robinfai/flutter_projects/ianvs-terminal/example/test/ai/terminal_ai_workspace_test.dart: target long labels phone light
00:12 +323: /Users/robinfai/flutter_projects/ianvs-terminal/example/test/ai/terminal_ai_workspace_test.dart: target long labels phone-short dark
00:12 +324: /Users/robinfai/flutter_projects/ianvs-terminal/example/test/ai/terminal_ai_workspace_test.dart: target long labels phone-short light
00:12 +325: /Users/robinfai/flutter_projects/ianvs-terminal/example/test/ai/terminal_ai_workspace_test.dart: target long labels phone-landscape dark
00:12 +326: /Users/robinfai/flutter_projects/ianvs-terminal/example/test/ai/terminal_ai_workspace_test.dart: target long labels phone-landscape light
00:12 +327: /Users/robinfai/flutter_projects/ianvs-terminal/example/test/ai/terminal_ai_workspace_test.dart: canonical block replaces accepted proposal without copied output
00:12 +328: All tests passed!
