00:00 +0: loading /Users/robinfai/flutter_projects/ianvs-terminal/packages/ianvs_terminal/test/terminal_runtime_controller_test.dart
00:00 +0: /Users/robinfai/flutter_projects/ianvs-terminal/packages/ianvs_terminal/test/terminal/command_blocks_test.dart: command decoding matches native 64 KiB UTF-8 limit
00:00 +1: /Users/robinfai/flutter_projects/ianvs-terminal/packages/ianvs_terminal/test/terminal_runtime_controller_test.dart: terminal viewport controller normalizes delta fallback state as a snapshot
00:00 +2: /Users/robinfai/flutter_projects/ianvs-terminal/packages/ianvs_terminal/test/terminal/command_blocks_timeline_test.dart: task timeline selects and attaches only its visible blocks
00:00 +3: /Users/robinfai/flutter_projects/ianvs-terminal/packages/ianvs_terminal/test/terminal/command_blocks_timeline_test.dart: task timeline selects and attaches only its visible blocks
00:00 +4: /Users/robinfai/flutter_projects/ianvs-terminal/packages/ianvs_terminal/test/terminal/command_blocks_timeline_test.dart: task timeline selects and attaches only its visible blocks
00:00 +5: /Users/robinfai/flutter_projects/ianvs-terminal/packages/ianvs_terminal/test/terminal/command_blocks_timeline_test.dart: task timeline selects and attaches only its visible blocks
00:00 +6: /Users/robinfai/flutter_projects/ianvs-terminal/packages/ianvs_terminal/test/terminal/command_blocks_timeline_test.dart: task timeline selects and attaches only its visible blocks
00:00 +7: /Users/robinfai/flutter_projects/ianvs-terminal/packages/ianvs_terminal/test/terminal/command_blocks_timeline_test.dart: task timeline selects and attaches only its visible blocks
00:00 +8: /Users/robinfai/flutter_projects/ianvs-terminal/packages/ianvs_terminal/test/terminal/command_blocks_timeline_test.dart: task timeline selects and attaches only its visible blocks
00:00 +9: /Users/robinfai/flutter_projects/ianvs-terminal/packages/ianvs_terminal/test/terminal/command_blocks_timeline_test.dart: task timeline selects and attaches only its visible blocks
00:00 +10: /Users/robinfai/flutter_projects/ianvs-terminal/packages/ianvs_terminal/test/terminal/command_blocks_timeline_test.dart: task timeline selects and attaches only its visible blocks
00:00 +11: /Users/robinfai/flutter_projects/ianvs-terminal/packages/ianvs_terminal/test/terminal/command_blocks_timeline_test.dart: task timeline selects and attaches only its visible blocks
00:00 +12: /Users/robinfai/flutter_projects/ianvs-terminal/packages/ianvs_terminal/test/terminal/command_blocks_timeline_test.dart: task timeline selects and attaches only its visible blocks
00:00 +13: /Users/robinfai/flutter_projects/ianvs-terminal/packages/ianvs_terminal/test/terminal/command_blocks_timeline_test.dart: task timeline selects and attaches only its visible blocks
00:00 +14: /Users/robinfai/flutter_projects/ianvs-terminal/packages/ianvs_terminal/test/terminal/command_blocks_timeline_test.dart: task timeline selects and attaches only its visible blocks
00:00 +15: /Users/robinfai/flutter_projects/ianvs-terminal/packages/ianvs_terminal/test/terminal/command_blocks_timeline_test.dart: task timeline selects and attaches only its visible blocks
00:00 +16: /Users/robinfai/flutter_projects/ianvs-terminal/packages/ianvs_terminal/test/terminal/command_blocks_timeline_test.dart: task timeline selects and attaches only its visible blocks
00:00 +17: /Users/robinfai/flutter_projects/ianvs-terminal/packages/ianvs_terminal/test/terminal/command_blocks_timeline_test.dart: task timeline selects and attaches only its visible blocks
00:00 +18: /Users/robinfai/flutter_projects/ianvs-terminal/packages/ianvs_terminal/test/terminal/command_blocks_timeline_test.dart: task timeline selects and attaches only its visible blocks
00:00 +19: /Users/robinfai/flutter_projects/ianvs-terminal/packages/ianvs_terminal/test/terminal/command_blocks_timeline_test.dart: task timeline selects and attaches only its visible blocks
00:00 +20: /Users/robinfai/flutter_projects/ianvs-terminal/packages/ianvs_terminal/test/terminal/command_blocks_timeline_test.dart: task timeline selects and attaches only its visible blocks
00:00 +21: /Users/robinfai/flutter_projects/ianvs-terminal/packages/ianvs_terminal/test/terminal/command_blocks_timeline_test.dart: task timeline selects and attaches only its visible blocks
00:00 +22: /Users/robinfai/flutter_projects/ianvs-terminal/packages/ianvs_terminal/test/terminal/command_blocks_timeline_test.dart: task timeline selects and attaches only its visible blocks
00:00 +23: /Users/robinfai/flutter_projects/ianvs-terminal/packages/ianvs_terminal/test/terminal/command_blocks_timeline_test.dart: task timeline selects and attaches only its visible blocks
00:00 +24: /Users/robinfai/flutter_projects/ianvs-terminal/packages/ianvs_terminal/test/terminal/command_blocks_timeline_test.dart: task timeline selects and attaches only its visible blocks
00:00 +25: /Users/robinfai/flutter_projects/ianvs-terminal/packages/ianvs_terminal/test/terminal/command_blocks_timeline_test.dart: task timeline selects and attaches only its visible blocks
00:00 +26: /Users/robinfai/flutter_projects/ianvs-terminal/packages/ianvs_terminal/test/terminal/command_blocks_timeline_test.dart: task timeline selects and attaches only its visible blocks
00:00 +27: /Users/robinfai/flutter_projects/ianvs-terminal/packages/ianvs_terminal/test/terminal/command_blocks_timeline_test.dart: task timeline selects and attaches only its visible blocks
00:00 +28: /Users/robinfai/flutter_projects/ianvs-terminal/packages/ianvs_terminal/test/terminal/command_blocks_timeline_test.dart: task timeline selects and attaches only its visible blocks
00:00 +29: /Users/robinfai/flutter_projects/ianvs-terminal/packages/ianvs_terminal/test/terminal/command_blocks_timeline_test.dart: task timeline selects and attaches only its visible blocks
00:00 +30: /Users/robinfai/flutter_projects/ianvs-terminal/packages/ianvs_terminal/test/terminal/command_blocks_timeline_test.dart: task timeline selects and attaches only its visible blocks
00:00 +31: /Users/robinfai/flutter_projects/ianvs-terminal/packages/ianvs_terminal/test/terminal/command_blocks_timeline_test.dart: task timeline selects and attaches only its visible blocks
00:00 +32: /Users/robinfai/flutter_projects/ianvs-terminal/packages/ianvs_terminal/test/terminal/command_blocks_timeline_test.dart: task timeline selects and attaches only its visible blocks
00:00 +33: /Users/robinfai/flutter_projects/ianvs-terminal/packages/ianvs_terminal/test/terminal/command_blocks_timeline_test.dart: task timeline selects and attaches only its visible blocks
00:00 +34: /Users/robinfai/flutter_projects/ianvs-terminal/packages/ianvs_terminal/test/terminal/command_blocks_timeline_test.dart: task timeline selects and attaches only its visible blocks
00:00 +35: /Users/robinfai/flutter_projects/ianvs-terminal/packages/ianvs_terminal/test/terminal/command_blocks_timeline_test.dart: task timeline selects and attaches only its visible blocks
00:00 +36: /Users/robinfai/flutter_projects/ianvs-terminal/packages/ianvs_terminal/test/terminal/command_blocks_timeline_test.dart: task timeline selects and attaches only its visible blocks
00:00 +37: /Users/robinfai/flutter_projects/ianvs-terminal/packages/ianvs_terminal/test/terminal/command_blocks_timeline_test.dart: task timeline selects and attaches only its visible blocks
00:00 +38: /Users/robinfai/flutter_projects/ianvs-terminal/packages/ianvs_terminal/test/terminal/command_blocks_timeline_test.dart: task timeline selects and attaches only its visible blocks
00:00 +39: /Users/robinfai/flutter_projects/ianvs-terminal/packages/ianvs_terminal/test/terminal/command_blocks_timeline_test.dart: task timeline selects and attaches only its visible blocks
00:00 +40: /Users/robinfai/flutter_projects/ianvs-terminal/packages/ianvs_terminal/test/terminal/command_blocks_timeline_test.dart: task timeline selects and attaches only its visible blocks
00:00 +41: /Users/robinfai/flutter_projects/ianvs-terminal/packages/ianvs_terminal/test/terminal/command_blocks_timeline_test.dart: task timeline selects and attaches only its visible blocks
00:00 +42: /Users/robinfai/flutter_projects/ianvs-terminal/packages/ianvs_terminal/test/terminal/command_blocks_timeline_test.dart: task timeline selects and attaches only its visible blocks
00:00 +43: /Users/robinfai/flutter_projects/ianvs-terminal/packages/ianvs_terminal/test/terminal/command_blocks_timeline_test.dart: task timeline selects and attaches only its visible blocks
00:00 +44: /Users/robinfai/flutter_projects/ianvs-terminal/packages/ianvs_terminal/test/terminal/command_blocks_timeline_test.dart: task timeline selects and attaches only its visible blocks
00:00 +45: /Users/robinfai/flutter_projects/ianvs-terminal/packages/ianvs_terminal/test/terminal/command_blocks_timeline_test.dart: task timeline selects and attaches only its visible blocks
00:00 +46: /Users/robinfai/flutter_projects/ianvs-terminal/packages/ianvs_terminal/test/terminal/command_blocks_timeline_test.dart: task timeline selects and attaches only its visible blocks
00:00 +47: /Users/robinfai/flutter_projects/ianvs-terminal/packages/ianvs_terminal/test/terminal/command_blocks_timeline_test.dart: task timeline selects and attaches only its visible blocks
00:00 +48: /Users/robinfai/flutter_projects/ianvs-terminal/packages/ianvs_terminal/test/terminal/command_blocks_timeline_test.dart: task timeline selects and attaches only its visible blocks
00:00 +49: /Users/robinfai/flutter_projects/ianvs-terminal/packages/ianvs_terminal/test/terminal/command_blocks_timeline_test.dart: task timeline selects and attaches only its visible blocks
00:00 +50: /Users/robinfai/flutter_projects/ianvs-terminal/packages/ianvs_terminal/test/terminal/command_blocks_timeline_test.dart: task timeline selects and attaches only its visible blocks
00:00 +51: /Users/robinfai/flutter_projects/ianvs-terminal/packages/ianvs_terminal/test/terminal/command_blocks_timeline_test.dart: task timeline selects and attaches only its visible blocks
00:00 +52: /Users/robinfai/flutter_projects/ianvs-terminal/packages/ianvs_terminal/test/terminal/command_blocks_timeline_test.dart: task timeline selects and attaches only its visible blocks
00:00 +53: /Users/robinfai/flutter_projects/ianvs-terminal/packages/ianvs_terminal/test/terminal/command_blocks_timeline_test.dart: task timeline selects and attaches only its visible blocks
00:00 +54: /Users/robinfai/flutter_projects/ianvs-terminal/packages/ianvs_terminal/test/terminal/command_blocks_timeline_test.dart: task timeline selects and attaches only its visible blocks
00:00 +55: /Users/robinfai/flutter_projects/ianvs-terminal/packages/ianvs_terminal/test/terminal/command_blocks_timeline_test.dart: task timeline selects and attaches only its visible blocks
00:00 +56: /Users/robinfai/flutter_projects/ianvs-terminal/packages/ianvs_terminal/test/terminal/command_blocks_timeline_test.dart: task timeline selects and attaches only its visible blocks
00:00 +57: /Users/robinfai/flutter_projects/ianvs-terminal/packages/ianvs_terminal/test/terminal/command_blocks_timeline_test.dart: task timeline selects and attaches only its visible blocks
00:00 +58: /Users/robinfai/flutter_projects/ianvs-terminal/packages/ianvs_terminal/test/terminal/command_blocks_timeline_test.dart: task timeline selects and attaches only its visible blocks
00:00 +59: /Users/robinfai/flutter_projects/ianvs-terminal/packages/ianvs_terminal/test/terminal/command_blocks_timeline_test.dart: task timeline selects and attaches only its visible blocks
00:00 +60: /Users/robinfai/flutter_projects/ianvs-terminal/packages/ianvs_terminal/test/terminal/command_blocks_timeline_test.dart: task timeline selects and attaches only its visible blocks
00:00 +61: /Users/robinfai/flutter_projects/ianvs-terminal/packages/ianvs_terminal/test/terminal/command_blocks_timeline_test.dart: task timeline selects and attaches only its visible blocks
00:00 +62: /Users/robinfai/flutter_projects/ianvs-terminal/packages/ianvs_terminal/test/terminal/command_blocks_timeline_test.dart: task timeline selects and attaches only its visible blocks
00:00 +63: /Users/robinfai/flutter_projects/ianvs-terminal/packages/ianvs_terminal/test/terminal/command_blocks_timeline_test.dart: task timeline selects and attaches only its visible blocks
00:00 +64: /Users/robinfai/flutter_projects/ianvs-terminal/packages/ianvs_terminal/test/terminal/command_blocks_timeline_test.dart: task timeline selects and attaches only its visible blocks
00:00 +65: /Users/robinfai/flutter_projects/ianvs-terminal/packages/ianvs_terminal/test/terminal/command_blocks_timeline_test.dart: task timeline selects and attaches only its visible blocks
00:00 +66: /Users/robinfai/flutter_projects/ianvs-terminal/packages/ianvs_terminal/test/terminal/command_blocks_timeline_test.dart: task timeline selects and attaches only its visible blocks
00:00 +67: /Users/robinfai/flutter_projects/ianvs-terminal/packages/ianvs_terminal/test/terminal/command_blocks_timeline_test.dart: task timeline selects and attaches only its visible blocks
00:00 +68: /Users/robinfai/flutter_projects/ianvs-terminal/packages/ianvs_terminal/test/terminal/command_blocks_timeline_test.dart: task timeline selects and attaches only its visible blocks
00:00 +69: /Users/robinfai/flutter_projects/ianvs-terminal/packages/ianvs_terminal/test/terminal/command_blocks_timeline_test.dart: task timeline selects and attaches only its visible blocks
00:00 +70: /Users/robinfai/flutter_projects/ianvs-terminal/packages/ianvs_terminal/test/terminal/command_blocks_timeline_test.dart: task timeline selects and attaches only its visible blocks
00:00 +71: /Users/robinfai/flutter_projects/ianvs-terminal/packages/ianvs_terminal/test/terminal/command_blocks_timeline_test.dart: task timeline selects and attaches only its visible blocks
00:00 +72: /Users/robinfai/flutter_projects/ianvs-terminal/packages/ianvs_terminal/test/terminal/command_blocks_timeline_test.dart: task timeline selects and attaches only its visible blocks
00:00 +73: /Users/robinfai/flutter_projects/ianvs-terminal/packages/ianvs_terminal/test/terminal/command_blocks_timeline_test.dart: task timeline selects and attaches only its visible blocks
00:00 +74: /Users/robinfai/flutter_projects/ianvs-terminal/packages/ianvs_terminal/test/terminal/command_blocks_timeline_test.dart: task timeline selects and attaches only its visible blocks
00:00 +75: /Users/robinfai/flutter_projects/ianvs-terminal/packages/ianvs_terminal/test/terminal/command_blocks_timeline_test.dart: task timeline selects and attaches only its visible blocks
00:00 +76: /Users/robinfai/flutter_projects/ianvs-terminal/packages/ianvs_terminal/test/terminal/command_blocks_timeline_test.dart: task timeline selects and attaches only its visible blocks
00:00 +77: /Users/robinfai/flutter_projects/ianvs-terminal/packages/ianvs_terminal/test/terminal/command_blocks_timeline_test.dart: task timeline selects and attaches only its visible blocks
00:00 +78: /Users/robinfai/flutter_projects/ianvs-terminal/packages/ianvs_terminal/test/terminal/command_blocks_timeline_test.dart: task timeline selects and attaches only its visible blocks
00:00 +79: /Users/robinfai/flutter_projects/ianvs-terminal/packages/ianvs_terminal/test/terminal/command_blocks_timeline_test.dart: task timeline selects and attaches only its visible blocks
00:00 +80: /Users/robinfai/flutter_projects/ianvs-terminal/packages/ianvs_terminal/test/terminal/command_blocks_timeline_test.dart: task timeline selects and attaches only its visible blocks
00:00 +81: /Users/robinfai/flutter_projects/ianvs-terminal/packages/ianvs_terminal/test/terminal/command_blocks_timeline_test.dart: task timeline selects and attaches only its visible blocks
00:00 +82: /Users/robinfai/flutter_projects/ianvs-terminal/packages/ianvs_terminal/test/terminal/command_blocks_timeline_test.dart: task timeline selects and attaches only its visible blocks
00:00 +83: /Users/robinfai/flutter_projects/ianvs-terminal/packages/ianvs_terminal/test/terminal/command_blocks_timeline_test.dart: task timeline selects and attaches only its visible blocks
00:00 +84: /Users/robinfai/flutter_projects/ianvs-terminal/packages/ianvs_terminal/test/terminal/command_blocks_timeline_test.dart: task timeline selects and attaches only its visible blocks
00:00 +85: /Users/robinfai/flutter_projects/ianvs-terminal/packages/ianvs_terminal/test/terminal/command_blocks_timeline_test.dart: task timeline selects and attaches only its visible blocks
00:00 +86: /Users/robinfai/flutter_projects/ianvs-terminal/packages/ianvs_terminal/test/terminal/command_blocks_timeline_test.dart: task timeline selects and attaches only its visible blocks
00:00 +87: /Users/robinfai/flutter_projects/ianvs-terminal/packages/ianvs_terminal/test/terminal/command_blocks_timeline_test.dart: task timeline selects and attaches only its visible blocks
00:00 +88: /Users/robinfai/flutter_projects/ianvs-terminal/packages/ianvs_terminal/test/terminal/command_blocks_timeline_test.dart: task timeline selects and attaches only its visible blocks
00:00 +89: /Users/robinfai/flutter_projects/ianvs-terminal/packages/ianvs_terminal/test/terminal/command_blocks_timeline_test.dart: task timeline selects and attaches only its visible blocks
00:00 +90: /Users/robinfai/flutter_projects/ianvs-terminal/packages/ianvs_terminal/test/terminal/command_blocks_timeline_test.dart: task timeline selects and attaches only its visible blocks
00:00 +91: /Users/robinfai/flutter_projects/ianvs-terminal/packages/ianvs_terminal/test/terminal/command_blocks_timeline_test.dart: task timeline selects and attaches only its visible blocks
00:00 +92: /Users/robinfai/flutter_projects/ianvs-terminal/packages/ianvs_terminal/test/terminal/command_blocks_timeline_test.dart: task timeline selects and attaches only its visible blocks
00:00 +93: /Users/robinfai/flutter_projects/ianvs-terminal/packages/ianvs_terminal/test/terminal/command_blocks_test.dart: whole block fits one third, uses full rows and expands at (font: Instance of 'TerminalFontConfig', scale: 1.0, size: Size(900.0, 900.0))
00:00 +94: /Users/robinfai/flutter_projects/ianvs-terminal/packages/ianvs_terminal/test/terminal/command_blocks_test.dart: whole block fits one third, uses full rows and expands at (font: Instance of 'TerminalFontConfig', scale: 1.0, size: Size(900.0, 900.0))
00:00 +95: /Users/robinfai/flutter_projects/ianvs-terminal/packages/ianvs_terminal/test/terminal/command_blocks_test.dart: whole block fits one third, uses full rows and expands at (font: Instance of 'TerminalFontConfig', scale: 1.0, size: Size(900.0, 900.0))
00:00 +96: /Users/robinfai/flutter_projects/ianvs-terminal/packages/ianvs_terminal/test/terminal/command_blocks_test.dart: whole block fits one third, uses full rows and expands at (font: Instance of 'TerminalFontConfig', scale: 1.0, size: Size(900.0, 900.0))
00:00 +97: /Users/robinfai/flutter_projects/ianvs-terminal/packages/ianvs_terminal/test/terminal/command_blocks_test.dart: whole block fits one third, uses full rows and expands at (font: Instance of 'TerminalFontConfig', scale: 1.0, size: Size(900.0, 900.0))
00:01 +98: /Users/robinfai/flutter_projects/ianvs-terminal/packages/ianvs_terminal/test/terminal/command_blocks_test.dart: whole block fits one third, uses full rows and expands at (font: Instance of 'TerminalFontConfig', scale: 1.0, size: Size(900.0, 900.0))
00:01 +99: /Users/robinfai/flutter_projects/ianvs-terminal/packages/ianvs_terminal/test/terminal/command_blocks_test.dart: whole block fits one third, uses full rows and expands at (font: Instance of 'TerminalFontConfig', scale: 1.0, size: Size(900.0, 900.0))
00:01 +100: /Users/robinfai/flutter_projects/ianvs-terminal/packages/ianvs_terminal/test/terminal/command_blocks_timeline_test.dart: reader restores native line and selection after eviction (filter false) (variant: TargetPlatform.iOS)
00:01 +101: /Users/robinfai/flutter_projects/ianvs-terminal/packages/ianvs_terminal/test/terminal/command_blocks_timeline_test.dart: reader restores native line and selection after eviction (filter false) (variant: TargetPlatform.iOS)
00:01 +102: /Users/robinfai/flutter_projects/ianvs-terminal/packages/ianvs_terminal/test/terminal/command_blocks_timeline_test.dart: reader restores native line and selection after eviction (filter false) (variant: TargetPlatform.iOS)
00:01 +103: /Users/robinfai/flutter_projects/ianvs-terminal/packages/ianvs_terminal/test/terminal/command_blocks_timeline_test.dart: reader restores native line and selection after eviction (filter false) (variant: TargetPlatform.iOS)
00:01 +104: /Users/robinfai/flutter_projects/ianvs-terminal/packages/ianvs_terminal/test/terminal/command_blocks_timeline_test.dart: reader restores native line and selection after eviction (filter false) (variant: TargetPlatform.iOS)
00:01 +105: /Users/robinfai/flutter_projects/ianvs-terminal/packages/ianvs_terminal/test/terminal/command_blocks_timeline_test.dart: reader restores native line and selection after eviction (filter false) (variant: TargetPlatform.iOS)
00:01 +106: /Users/robinfai/flutter_projects/ianvs-terminal/packages/ianvs_terminal/test/terminal/command_blocks_timeline_test.dart: reader restores native line and selection after eviction (filter false) (variant: TargetPlatform.iOS)
00:01 +107: /Users/robinfai/flutter_projects/ianvs-terminal/packages/ianvs_terminal/test/terminal/command_blocks_timeline_test.dart: reader restores native line and selection after eviction (filter false) (variant: TargetPlatform.iOS)
00:01 +108: /Users/robinfai/flutter_projects/ianvs-terminal/packages/ianvs_terminal/test/terminal/command_blocks_timeline_test.dart: reader restores native line and selection after eviction (filter false) (variant: TargetPlatform.iOS)
00:01 +109: /Users/robinfai/flutter_projects/ianvs-terminal/packages/ianvs_terminal/test/terminal/command_blocks_timeline_test.dart: reader restores native line and selection after eviction (filter false) (variant: TargetPlatform.iOS)
00:01 +110: /Users/robinfai/flutter_projects/ianvs-terminal/packages/ianvs_terminal/test/terminal/command_blocks_timeline_test.dart: reader restores native line and selection after eviction (filter false) (variant: TargetPlatform.iOS)
00:01 +111: /Users/robinfai/flutter_projects/ianvs-terminal/packages/ianvs_terminal/test/terminal/command_blocks_timeline_test.dart: reader restores native line and selection after eviction (filter false) (variant: TargetPlatform.iOS)
00:01 +112: /Users/robinfai/flutter_projects/ianvs-terminal/packages/ianvs_terminal/test/terminal/command_blocks_timeline_test.dart: reader restores native line and selection after eviction (filter false) (variant: TargetPlatform.iOS)
00:01 +113: /Users/robinfai/flutter_projects/ianvs-terminal/packages/ianvs_terminal/test/terminal/command_blocks_timeline_test.dart: reader restores native line and selection after eviction (filter false) (variant: TargetPlatform.iOS)
00:01 +114: /Users/robinfai/flutter_projects/ianvs-terminal/packages/ianvs_terminal/test/terminal/command_blocks_timeline_test.dart: reader restores native line and selection after eviction (filter false) (variant: TargetPlatform.iOS)
00:01 +115: /Users/robinfai/flutter_projects/ianvs-terminal/packages/ianvs_terminal/test/terminal/command_blocks_timeline_test.dart: reader restores native line and selection after eviction (filter false) (variant: TargetPlatform.iOS)
00:01 +116: /Users/robinfai/flutter_projects/ianvs-terminal/packages/ianvs_terminal/test/terminal/command_blocks_timeline_test.dart: reader restores native line and selection after eviction (filter false) (variant: TargetPlatform.iOS)
00:01 +117: /Users/robinfai/flutter_projects/ianvs-terminal/packages/ianvs_terminal/test/terminal/command_blocks_timeline_test.dart: reader restores native line and selection after eviction (filter false) (variant: TargetPlatform.iOS)
00:01 +118: /Users/robinfai/flutter_projects/ianvs-terminal/packages/ianvs_terminal/test/terminal/command_blocks_timeline_test.dart: reader restores native line and selection after eviction (filter false) (variant: TargetPlatform.iOS)
00:01 +119: /Users/robinfai/flutter_projects/ianvs-terminal/packages/ianvs_terminal/test/terminal/command_blocks_timeline_test.dart: reader restores native line and selection after eviction (filter false) (variant: TargetPlatform.iOS)
00:01 +120: /Users/robinfai/flutter_projects/ianvs-terminal/packages/ianvs_terminal/test/terminal/command_blocks_timeline_test.dart: reader restores native line and selection after eviction (filter false) (variant: TargetPlatform.iOS)
00:01 +121: /Users/robinfai/flutter_projects/ianvs-terminal/packages/ianvs_terminal/test/terminal/command_blocks_timeline_test.dart: reader restores native line and selection after eviction (filter false) (variant: TargetPlatform.iOS)
00:01 +122: /Users/robinfai/flutter_projects/ianvs-terminal/packages/ianvs_terminal/test/terminal/command_blocks_timeline_test.dart: reader restores native line and selection after eviction (filter false) (variant: TargetPlatform.iOS)
00:01 +123: /Users/robinfai/flutter_projects/ianvs-terminal/packages/ianvs_terminal/test/terminal/command_blocks_timeline_test.dart: reader restores native line and selection after eviction (filter false) (variant: TargetPlatform.iOS)
00:01 +124: /Users/robinfai/flutter_projects/ianvs-terminal/packages/ianvs_terminal/test/terminal/command_blocks_timeline_test.dart: reader restores native line and selection after eviction (filter false) (variant: TargetPlatform.iOS)
00:01 +125: /Users/robinfai/flutter_projects/ianvs-terminal/packages/ianvs_terminal/test/terminal/command_blocks_timeline_test.dart: reader restores native line and selection after eviction (filter false) (variant: TargetPlatform.iOS)
00:01 +126: /Users/robinfai/flutter_projects/ianvs-terminal/packages/ianvs_terminal/test/terminal/command_blocks_timeline_test.dart: reader restores native line and selection after eviction (filter false) (variant: TargetPlatform.iOS)
00:01 +127: /Users/robinfai/flutter_projects/ianvs-terminal/packages/ianvs_terminal/test/terminal/command_blocks_timeline_test.dart: reader restores native line and selection after eviction (filter false) (variant: TargetPlatform.iOS)
00:01 +128: /Users/robinfai/flutter_projects/ianvs-terminal/packages/ianvs_terminal/test/terminal/command_blocks_timeline_test.dart: reader restores native line and selection after eviction (filter false) (variant: TargetPlatform.iOS)
00:01 +129: /Users/robinfai/flutter_projects/ianvs-terminal/packages/ianvs_terminal/test/terminal/command_blocks_timeline_test.dart: reader restores native line and selection after eviction (filter false) (variant: TargetPlatform.iOS)
00:01 +130: /Users/robinfai/flutter_projects/ianvs-terminal/packages/ianvs_terminal/test/terminal/command_blocks_test.dart: whole block fits one third, uses full rows and expands at (font: Instance of 'TerminalFontConfig', scale: 2.0, size: Size(360.0, 330.0))
00:01 +131: /Users/robinfai/flutter_projects/ianvs-terminal/packages/ianvs_terminal/test/terminal/command_blocks_test.dart: whole block fits one third, uses full rows and expands at (font: Instance of 'TerminalFontConfig', scale: 2.0, size: Size(360.0, 330.0))
00:01 +132: /Users/robinfai/flutter_projects/ianvs-terminal/packages/ianvs_terminal/test/terminal/command_blocks_test.dart: whole block fits one third, uses full rows and expands at (font: Instance of 'TerminalFontConfig', scale: 2.0, size: Size(360.0, 330.0))
00:01 +133: /Users/robinfai/flutter_projects/ianvs-terminal/packages/ianvs_terminal/test/terminal/command_blocks_test.dart: whole block fits one third, uses full rows and expands at (font: Instance of 'TerminalFontConfig', scale: 2.0, size: Size(360.0, 330.0))
00:01 +134: /Users/robinfai/flutter_projects/ianvs-terminal/packages/ianvs_terminal/test/terminal/command_blocks_test.dart: whole block fits one third, uses full rows and expands at (font: Instance of 'TerminalFontConfig', scale: 2.0, size: Size(360.0, 330.0))
00:01 +135: /Users/robinfai/flutter_projects/ianvs-terminal/packages/ianvs_terminal/test/terminal/command_blocks_test.dart: whole block fits one third, uses full rows and expands at (font: Instance of 'TerminalFontConfig', scale: 2.0, size: Size(360.0, 330.0))
00:01 +136: /Users/robinfai/flutter_projects/ianvs-terminal/packages/ianvs_terminal/test/terminal/command_blocks_test.dart: whole block fits one third, uses full rows and expands at (font: Instance of 'TerminalFontConfig', scale: 2.0, size: Size(360.0, 330.0))
00:01 +137: /Users/robinfai/flutter_projects/ianvs-terminal/packages/ianvs_terminal/test/terminal/command_blocks_test.dart: whole block fits one third, uses full rows and expands at (font: Instance of 'TerminalFontConfig', scale: 2.0, size: Size(360.0, 330.0))
00:01 +138: /Users/robinfai/flutter_projects/ianvs-terminal/packages/ianvs_terminal/test/terminal/command_blocks_test.dart: whole block fits one third, uses full rows and expands at (font: Instance of 'TerminalFontConfig', scale: 2.0, size: Size(360.0, 330.0))
00:01 +139: /Users/robinfai/flutter_projects/ianvs-terminal/packages/ianvs_terminal/test/terminal/command_blocks_test.dart: whole block fits one third, uses full rows and expands at (font: Instance of 'TerminalFontConfig', scale: 2.0, size: Size(360.0, 330.0))
00:01 +140: /Users/robinfai/flutter_projects/ianvs-terminal/packages/ianvs_terminal/test/terminal/command_blocks_test.dart: whole block fits one third, uses full rows and expands at (font: Instance of 'TerminalFontConfig', scale: 2.0, size: Size(360.0, 330.0))
00:01 +141: /Users/robinfai/flutter_projects/ianvs-terminal/packages/ianvs_terminal/test/terminal/command_blocks_test.dart: whole block fits one third, uses full rows and expands at (font: Instance of 'TerminalFontConfig', scale: 2.0, size: Size(360.0, 330.0))
00:01 +142: /Users/robinfai/flutter_projects/ianvs-terminal/packages/ianvs_terminal/test/terminal/command_blocks_test.dart: whole block fits one third, uses full rows and expands at (font: Instance of 'TerminalFontConfig', scale: 2.0, size: Size(360.0, 330.0))
00:01 +143: /Users/robinfai/flutter_projects/ianvs-terminal/packages/ianvs_terminal/test/terminal/command_blocks_test.dart: whole block fits one third, uses full rows and expands at (font: Instance of 'TerminalFontConfig', scale: 2.0, size: Size(360.0, 330.0))
00:01 +144: /Users/robinfai/flutter_projects/ianvs-terminal/packages/ianvs_terminal/test/terminal/command_blocks_timeline_test.dart: reader restores native line and selection after eviction (filter true) (variant: TargetPlatform.iOS)
00:01 +145: /Users/robinfai/flutter_projects/ianvs-terminal/packages/ianvs_terminal/test/terminal/command_blocks_timeline_test.dart: reader restores native line and selection after eviction (filter true) (variant: TargetPlatform.iOS)
00:01 +146: /Users/robinfai/flutter_projects/ianvs-terminal/packages/ianvs_terminal/test/terminal/command_blocks_timeline_test.dart: reader restores native line and selection after eviction (filter true) (variant: TargetPlatform.iOS)
00:01 +147: /Users/robinfai/flutter_projects/ianvs-terminal/packages/ianvs_terminal/test/terminal/command_blocks_timeline_test.dart: reader restores native line and selection after eviction (filter true) (variant: TargetPlatform.iOS)
00:01 +148: /Users/robinfai/flutter_projects/ianvs-terminal/packages/ianvs_terminal/test/terminal/command_blocks_timeline_test.dart: reader restores native line and selection after eviction (filter true) (variant: TargetPlatform.iOS)
00:01 +149: /Users/robinfai/flutter_projects/ianvs-terminal/packages/ianvs_terminal/test/terminal/command_blocks_timeline_test.dart: reader restores native line and selection after eviction (filter true) (variant: TargetPlatform.iOS)
00:01 +150: /Users/robinfai/flutter_projects/ianvs-terminal/packages/ianvs_terminal/test/terminal/command_blocks_timeline_test.dart: reader restores native line and selection after eviction (filter true) (variant: TargetPlatform.iOS)
00:01 +151: /Users/robinfai/flutter_projects/ianvs-terminal/packages/ianvs_terminal/test/terminal/command_blocks_timeline_test.dart: reader restores native line and selection after eviction (filter true) (variant: TargetPlatform.iOS)
00:01 +152: /Users/robinfai/flutter_projects/ianvs-terminal/packages/ianvs_terminal/test/terminal/command_blocks_timeline_test.dart: reader restores native line and selection after eviction (filter true) (variant: TargetPlatform.iOS)
00:01 +153: /Users/robinfai/flutter_projects/ianvs-terminal/packages/ianvs_terminal/test/terminal/command_blocks_timeline_test.dart: reader restores native line and selection after eviction (filter true) (variant: TargetPlatform.iOS)
00:01 +154: /Users/robinfai/flutter_projects/ianvs-terminal/packages/ianvs_terminal/test/terminal/command_blocks_timeline_test.dart: reader restores native line and selection after eviction (filter true) (variant: TargetPlatform.iOS)
00:01 +155: /Users/robinfai/flutter_projects/ianvs-terminal/packages/ianvs_terminal/test/terminal/command_blocks_timeline_test.dart: reader restores native line and selection after eviction (filter true) (variant: TargetPlatform.iOS)
00:01 +156: /Users/robinfai/flutter_projects/ianvs-terminal/packages/ianvs_terminal/test/terminal/command_blocks_timeline_test.dart: reader restores native line and selection after eviction (filter true) (variant: TargetPlatform.iOS)
00:01 +157: /Users/robinfai/flutter_projects/ianvs-terminal/packages/ianvs_terminal/test/terminal/command_blocks_timeline_test.dart: reader restores native line and selection after eviction (filter true) (variant: TargetPlatform.iOS)
00:01 +158: /Users/robinfai/flutter_projects/ianvs-terminal/packages/ianvs_terminal/test/terminal/command_blocks_timeline_test.dart: reader restores native line and selection after eviction (filter true) (variant: TargetPlatform.iOS)
00:01 +159: /Users/robinfai/flutter_projects/ianvs-terminal/packages/ianvs_terminal/test/terminal/command_blocks_timeline_test.dart: reader restores native line and selection after eviction (filter true) (variant: TargetPlatform.iOS)
00:01 +160: /Users/robinfai/flutter_projects/ianvs-terminal/packages/ianvs_terminal/test/terminal/command_blocks_timeline_test.dart: reader restores native line and selection after eviction (filter true) (variant: TargetPlatform.iOS)
00:01 +161: /Users/robinfai/flutter_projects/ianvs-terminal/packages/ianvs_terminal/test/terminal/command_blocks_timeline_test.dart: reader restores native line and selection after eviction (filter true) (variant: TargetPlatform.iOS)
00:01 +162: /Users/robinfai/flutter_projects/ianvs-terminal/packages/ianvs_terminal/test/terminal/command_blocks_timeline_test.dart: reader restores native line and selection after eviction (filter true) (variant: TargetPlatform.iOS)
00:01 +163: /Users/robinfai/flutter_projects/ianvs-terminal/packages/ianvs_terminal/test/terminal/command_blocks_timeline_test.dart: reader restores native line and selection after eviction (filter true) (variant: TargetPlatform.iOS)
00:01 +164: /Users/robinfai/flutter_projects/ianvs-terminal/packages/ianvs_terminal/test/terminal/command_blocks_timeline_test.dart: reader restores native line and selection after eviction (filter true) (variant: TargetPlatform.iOS)
00:01 +165: /Users/robinfai/flutter_projects/ianvs-terminal/packages/ianvs_terminal/test/terminal/command_blocks_timeline_test.dart: reader restores native line and selection after eviction (filter true) (variant: TargetPlatform.iOS)
00:01 +166: /Users/robinfai/flutter_projects/ianvs-terminal/packages/ianvs_terminal/test/terminal/command_blocks_timeline_test.dart: reader restores native line and selection after eviction (filter true) (variant: TargetPlatform.iOS)
00:01 +167: /Users/robinfai/flutter_projects/ianvs-terminal/packages/ianvs_terminal/test/terminal/command_blocks_timeline_test.dart: reader restores native line and selection after eviction (filter true) (variant: TargetPlatform.iOS)
00:01 +168: /Users/robinfai/flutter_projects/ianvs-terminal/packages/ianvs_terminal/test/terminal/command_blocks_timeline_test.dart: reader restores native line and selection after eviction (filter true) (variant: TargetPlatform.iOS)
00:01 +169: /Users/robinfai/flutter_projects/ianvs-terminal/packages/ianvs_terminal/test/terminal/command_blocks_timeline_test.dart: reader restores native line and selection after eviction (filter true) (variant: TargetPlatform.iOS)
00:01 +170: /Users/robinfai/flutter_projects/ianvs-terminal/packages/ianvs_terminal/test/terminal/command_blocks_timeline_test.dart: reader restores native line and selection after eviction (filter true) (variant: TargetPlatform.iOS)
00:01 +171: /Users/robinfai/flutter_projects/ianvs-terminal/packages/ianvs_terminal/test/terminal/command_blocks_timeline_test.dart: reader restores native line and selection after eviction (filter true) (variant: TargetPlatform.iOS)
00:01 +172: /Users/robinfai/flutter_projects/ianvs-terminal/packages/ianvs_terminal/test/terminal/command_blocks_timeline_test.dart: reader restores native line and selection after eviction (filter true) (variant: TargetPlatform.iOS)
00:01 +173: /Users/robinfai/flutter_projects/ianvs-terminal/packages/ianvs_terminal/test/terminal/command_blocks_timeline_test.dart: reader restores native line and selection after eviction (filter true) (variant: TargetPlatform.iOS)
00:01 +174: /Users/robinfai/flutter_projects/ianvs-terminal/packages/ianvs_terminal/test/terminal/command_blocks_timeline_test.dart: reader restores native line and selection after eviction (filter true) (variant: TargetPlatform.iOS)
00:01 +175: /Users/robinfai/flutter_projects/ianvs-terminal/packages/ianvs_terminal/test/terminal/command_blocks_timeline_test.dart: reader restores native line and selection after eviction (filter true) (variant: TargetPlatform.iOS)
00:01 +176: /Users/robinfai/flutter_projects/ianvs-terminal/packages/ianvs_terminal/test/terminal/command_blocks_timeline_test.dart: reader restores native line and selection after eviction (filter true) (variant: TargetPlatform.iOS)
00:01 +177: /Users/robinfai/flutter_projects/ianvs-terminal/packages/ianvs_terminal/test/terminal/command_blocks_timeline_test.dart: reader restores native line and selection after eviction (filter true) (variant: TargetPlatform.iOS)
00:01 +178: /Users/robinfai/flutter_projects/ianvs-terminal/packages/ianvs_terminal/test/terminal/command_blocks_timeline_test.dart: reader restores native line and selection after eviction (filter true) (variant: TargetPlatform.iOS)
00:01 +179: /Users/robinfai/flutter_projects/ianvs-terminal/packages/ianvs_terminal/test/terminal/command_blocks_timeline_test.dart: reader restores native line and selection after eviction (filter true) (variant: TargetPlatform.iOS)
00:01 +180: /Users/robinfai/flutter_projects/ianvs-terminal/packages/ianvs_terminal/test/terminal/command_blocks_timeline_test.dart: reader restores native line and selection after eviction (filter true) (variant: TargetPlatform.iOS)
00:01 +181: /Users/robinfai/flutter_projects/ianvs-terminal/packages/ianvs_terminal/test/terminal/command_blocks_timeline_test.dart: reader restores native line and selection after eviction (filter true) (variant: TargetPlatform.iOS)
00:01 +182: /Users/robinfai/flutter_projects/ianvs-terminal/packages/ianvs_terminal/test/terminal/command_blocks_timeline_test.dart: reader restores native line and selection after eviction (filter true) (variant: TargetPlatform.iOS)
00:01 +183: /Users/robinfai/flutter_projects/ianvs-terminal/packages/ianvs_terminal/test/terminal/command_blocks_timeline_test.dart: reader restores native line and selection after eviction (filter true) (variant: TargetPlatform.iOS)
00:01 +184: /Users/robinfai/flutter_projects/ianvs-terminal/packages/ianvs_terminal/test/terminal/command_blocks_timeline_test.dart: reader restores native line and selection after eviction (filter true) (variant: TargetPlatform.iOS)
00:01 +185: /Users/robinfai/flutter_projects/ianvs-terminal/packages/ianvs_terminal/test/terminal/command_blocks_timeline_test.dart: reader restores native line and selection after eviction (filter true) (variant: TargetPlatform.iOS)
00:01 +186: /Users/robinfai/flutter_projects/ianvs-terminal/packages/ianvs_terminal/test/terminal/command_blocks_timeline_test.dart: reader restores native line and selection after eviction (filter true) (variant: TargetPlatform.iOS)
00:01 +187: /Users/robinfai/flutter_projects/ianvs-terminal/packages/ianvs_terminal/test/terminal/command_blocks_test.dart: short-window find remains reachable and Escape closes it
00:01 +188: /Users/robinfai/flutter_projects/ianvs-terminal/packages/ianvs_terminal/test/terminal/command_blocks_test.dart: short-window find remains reachable and Escape closes it
00:01 +189: /Users/robinfai/flutter_projects/ianvs-terminal/packages/ianvs_terminal/test/terminal/command_blocks_test.dart: short-window find remains reachable and Escape closes it
00:01 +190: /Users/robinfai/flutter_projects/ianvs-terminal/packages/ianvs_terminal/test/terminal/command_blocks_test.dart: short-window find remains reachable and Escape closes it
00:01 +191: /Users/robinfai/flutter_projects/ianvs-terminal/packages/ianvs_terminal/test/terminal/command_blocks_test.dart: short-window find remains reachable and Escape closes it
00:01 +192: /Users/robinfai/flutter_projects/ianvs-terminal/packages/ianvs_terminal/test/terminal/command_blocks_test.dart: short-window find remains reachable and Escape closes it
00:01 +193: /Users/robinfai/flutter_projects/ianvs-terminal/packages/ianvs_terminal/test/terminal/command_blocks_test.dart: short-window find remains reachable and Escape closes it
00:01 +194: /Users/robinfai/flutter_projects/ianvs-terminal/packages/ianvs_terminal/test/terminal/command_blocks_test.dart: short-window find remains reachable and Escape closes it
00:01 +195: /Users/robinfai/flutter_projects/ianvs-terminal/packages/ianvs_terminal/test/terminal/command_blocks_test.dart: short-window find remains reachable and Escape closes it
00:01 +196: /Users/robinfai/flutter_projects/ianvs-terminal/packages/ianvs_terminal/test/terminal/command_blocks_test.dart: short-window find remains reachable and Escape closes it
00:01 +197: /Users/robinfai/flutter_projects/ianvs-terminal/packages/ianvs_terminal/test/terminal/command_blocks_test.dart: short-window find remains reachable and Escape closes it
00:01 +198: /Users/robinfai/flutter_projects/ianvs-terminal/packages/ianvs_terminal/test/terminal/command_blocks_test.dart: short-window find remains reachable and Escape closes it
00:01 +199: /Users/robinfai/flutter_projects/ianvs-terminal/packages/ianvs_terminal/test/terminal/command_blocks_test.dart: short-window find remains reachable and Escape closes it
00:01 +200: /Users/robinfai/flutter_projects/ianvs-terminal/packages/ianvs_terminal/test/terminal/command_blocks_test.dart: short-window find remains reachable and Escape closes it
00:01 +201: /Users/robinfai/flutter_projects/ianvs-terminal/packages/ianvs_terminal/test/terminal/command_blocks_test.dart: short-window find remains reachable and Escape closes it
00:01 +202: /Users/robinfai/flutter_projects/ianvs-terminal/packages/ianvs_terminal/test/terminal/command_blocks_test.dart: short-window find remains reachable and Escape closes it
00:01 +203: /Users/robinfai/flutter_projects/ianvs-terminal/packages/ianvs_terminal/test/terminal/command_blocks_test.dart: short-window find remains reachable and Escape closes it
00:02 +204: /Users/robinfai/flutter_projects/ianvs-terminal/packages/ianvs_terminal/test/terminal/command_blocks_test.dart: short-window find remains reachable and Escape closes it
00:02 +205: /Users/robinfai/flutter_projects/ianvs-terminal/packages/ianvs_terminal/test/terminal/command_blocks_test.dart: short-window find remains reachable and Escape closes it
00:02 +206: /Users/robinfai/flutter_projects/ianvs-terminal/packages/ianvs_terminal/test/terminal/command_blocks_test.dart: short-window find remains reachable and Escape closes it
00:02 +207: /Users/robinfai/flutter_projects/ianvs-terminal/packages/ianvs_terminal/test/terminal/command_blocks_test.dart: short-window find remains reachable and Escape closes it
00:02 +208: /Users/robinfai/flutter_projects/ianvs-terminal/packages/ianvs_terminal/test/terminal/command_blocks_test.dart: short-window find remains reachable and Escape closes it
00:02 +209: /Users/robinfai/flutter_projects/ianvs-terminal/packages/ianvs_terminal/test/terminal/command_blocks_test.dart: short-window find remains reachable and Escape closes it
00:02 +210: /Users/robinfai/flutter_projects/ianvs-terminal/packages/ianvs_terminal/test/terminal/command_blocks_test.dart: short-window find remains reachable and Escape closes it
00:02 +211: /Users/robinfai/flutter_projects/ianvs-terminal/packages/ianvs_terminal/test/terminal/command_blocks_test.dart: short-window find remains reachable and Escape closes it
00:02 +212: /Users/robinfai/flutter_projects/ianvs-terminal/packages/ianvs_terminal/test/terminal/command_blocks_test.dart: short-window find remains reachable and Escape closes it
00:02 +213: /Users/robinfai/flutter_projects/ianvs-terminal/packages/ianvs_terminal/test/terminal/command_blocks_test.dart: short-window find remains reachable and Escape closes it
00:02 +214: /Users/robinfai/flutter_projects/ianvs-terminal/packages/ianvs_terminal/test/terminal/command_blocks_test.dart: short-window find remains reachable and Escape closes it
00:02 +215: /Users/robinfai/flutter_projects/ianvs-terminal/packages/ianvs_terminal/test/terminal/command_blocks_test.dart: short-window find remains reachable and Escape closes it
00:02 +216: /Users/robinfai/flutter_projects/ianvs-terminal/packages/ianvs_terminal/test/terminal/command_blocks_test.dart: short-window find remains reachable and Escape closes it
00:02 +217: /Users/robinfai/flutter_projects/ianvs-terminal/packages/ianvs_terminal/test/terminal/command_blocks_test.dart: short-window find remains reachable and Escape closes it
00:02 +218: /Users/robinfai/flutter_projects/ianvs-terminal/packages/ianvs_terminal/test/terminal/command_blocks_test.dart: short-window find remains reachable and Escape closes it
00:02 +219: /Users/robinfai/flutter_projects/ianvs-terminal/packages/ianvs_terminal/test/terminal/command_blocks_test.dart: short-window find remains reachable and Escape closes it
00:02 +220: /Users/robinfai/flutter_projects/ianvs-terminal/packages/ianvs_terminal/test/terminal/command_blocks_test.dart: short-window find remains reachable and Escape closes it
00:02 +221: /Users/robinfai/flutter_projects/ianvs-terminal/packages/ianvs_terminal/test/terminal/command_blocks_test.dart: short-window find remains reachable and Escape closes it
00:02 +222: /Users/robinfai/flutter_projects/ianvs-terminal/packages/ianvs_terminal/test/terminal/command_blocks_test.dart: short-window find remains reachable and Escape closes it
00:02 +223: /Users/robinfai/flutter_projects/ianvs-terminal/packages/ianvs_terminal/test/terminal/command_blocks_timeline_test.dart: shared AI timeline preserves reading across native updates
00:02 +224: /Users/robinfai/flutter_projects/ianvs-terminal/packages/ianvs_terminal/test/terminal/command_blocks_timeline_test.dart: shared AI timeline preserves reading across native updates
00:02 +225: /Users/robinfai/flutter_projects/ianvs-terminal/packages/ianvs_terminal/test/terminal/command_blocks_timeline_test.dart: shared AI timeline preserves reading across native updates
00:02 +226: /Users/robinfai/flutter_projects/ianvs-terminal/packages/ianvs_terminal/test/terminal/command_blocks_timeline_test.dart: shared AI timeline preserves reading across native updates
00:02 +227: /Users/robinfai/flutter_projects/ianvs-terminal/packages/ianvs_terminal/test/terminal/command_blocks_timeline_test.dart: shared AI timeline preserves reading across native updates
00:02 +228: /Users/robinfai/flutter_projects/ianvs-terminal/packages/ianvs_terminal/test/terminal/command_blocks_timeline_test.dart: shared AI timeline preserves reading across native updates
00:02 +229: /Users/robinfai/flutter_projects/ianvs-terminal/packages/ianvs_terminal/test/terminal/command_blocks_timeline_test.dart: shared AI timeline preserves reading across native updates
00:02 +230: /Users/robinfai/flutter_projects/ianvs-terminal/packages/ianvs_terminal/test/terminal/command_blocks_timeline_test.dart: shared AI timeline preserves reading across native updates
00:02 +231: /Users/robinfai/flutter_projects/ianvs-terminal/packages/ianvs_terminal/test/terminal/command_blocks_timeline_test.dart: shared AI timeline preserves reading across native updates
00:02 +232: /Users/robinfai/flutter_projects/ianvs-terminal/packages/ianvs_terminal/test/terminal/command_blocks_timeline_test.dart: shared AI timeline preserves reading across native updates
00:02 +233: /Users/robinfai/flutter_projects/ianvs-terminal/packages/ianvs_terminal/test/terminal/command_blocks_timeline_test.dart: shared AI timeline preserves reading across native updates
00:02 +234: /Users/robinfai/flutter_projects/ianvs-terminal/packages/ianvs_terminal/test/terminal/command_blocks_timeline_test.dart: shared AI timeline preserves reading across native updates
00:02 +235: /Users/robinfai/flutter_projects/ianvs-terminal/packages/ianvs_terminal/test/terminal/command_blocks_timeline_test.dart: shared AI timeline preserves reading across native updates
00:02 +236: /Users/robinfai/flutter_projects/ianvs-terminal/packages/ianvs_terminal/test/terminal/command_blocks_timeline_test.dart: shared AI timeline preserves reading across native updates
00:02 +237: /Users/robinfai/flutter_projects/ianvs-terminal/packages/ianvs_terminal/test/terminal/command_blocks_timeline_test.dart: shared AI timeline preserves reading across native updates
00:02 +238: /Users/robinfai/flutter_projects/ianvs-terminal/packages/ianvs_terminal/test/terminal/command_blocks_timeline_test.dart: shared AI timeline preserves reading across native updates
00:02 +239: /Users/robinfai/flutter_projects/ianvs-terminal/packages/ianvs_terminal/test/terminal/command_blocks_timeline_test.dart: shared AI timeline preserves reading across native updates
00:02 +240: /Users/robinfai/flutter_projects/ianvs-terminal/packages/ianvs_terminal/test/terminal/command_blocks_timeline_test.dart: shared AI timeline preserves reading across native updates
00:02 +241: /Users/robinfai/flutter_projects/ianvs-terminal/packages/ianvs_terminal/test/terminal/command_blocks_timeline_test.dart: shared AI timeline preserves reading across native updates
00:02 +242: /Users/robinfai/flutter_projects/ianvs-terminal/packages/ianvs_terminal/test/terminal/command_blocks_timeline_test.dart: shared AI timeline preserves reading across native updates
00:02 +243: /Users/robinfai/flutter_projects/ianvs-terminal/packages/ianvs_terminal/test/terminal/command_blocks_test.dart: offscreen bookmarks reveal lazily built blocks and wheel scroll is not pulled back
00:02 +244: /Users/robinfai/flutter_projects/ianvs-terminal/packages/ianvs_terminal/test/terminal/command_blocks_test.dart: offscreen bookmarks reveal lazily built blocks and wheel scroll is not pulled back
00:02 +245: /Users/robinfai/flutter_projects/ianvs-terminal/packages/ianvs_terminal/test/terminal/command_blocks_test.dart: offscreen bookmarks reveal lazily built blocks and wheel scroll is not pulled back
00:02 +246: /Users/robinfai/flutter_projects/ianvs-terminal/packages/ianvs_terminal/test/terminal/command_blocks_test.dart: offscreen bookmarks reveal lazily built blocks and wheel scroll is not pulled back
00:02 +247: /Users/robinfai/flutter_projects/ianvs-terminal/packages/ianvs_terminal/test/terminal/command_blocks_test.dart: offscreen bookmarks reveal lazily built blocks and wheel scroll is not pulled back
00:02 +248: /Users/robinfai/flutter_projects/ianvs-terminal/packages/ianvs_terminal/test/terminal/command_blocks_test.dart: offscreen bookmarks reveal lazily built blocks and wheel scroll is not pulled back
00:03 +249: /Users/robinfai/flutter_projects/ianvs-terminal/packages/ianvs_terminal/test/terminal/command_blocks_test.dart: offscreen bookmarks reveal lazily built blocks and wheel scroll is not pulled back
00:03 +250: /Users/robinfai/flutter_projects/ianvs-terminal/packages/ianvs_terminal/test/terminal/command_blocks_test.dart: offscreen bookmarks reveal lazily built blocks and wheel scroll is not pulled back
00:04 +251: /Users/robinfai/flutter_projects/ianvs-terminal/packages/ianvs_terminal/test/terminal/command_blocks_test.dart: block output passes pixel wheel deltas to vertical and horizontal scrollables (variant: TargetPlatform.macOS)
00:04 +252: /Users/robinfai/flutter_projects/ianvs-terminal/packages/ianvs_terminal/test/terminal/command_blocks_test.dart: one trackpad gesture crosses block boundaries and survives source refreshes (running: false) (variant: TargetPlatform.macOS)
00:05 +253: /Users/robinfai/flutter_projects/ianvs-terminal/packages/ianvs_terminal/test/terminal/command_blocks_test.dart: one trackpad gesture crosses block boundaries and survives source refreshes (running: true) (variant: TargetPlatform.macOS)
00:06 +254: /Users/robinfai/flutter_projects/ianvs-terminal/packages/ianvs_terminal/test/terminal/command_blocks_test.dart: range selection, bookmarks, paging and eviction stay session-local
00:06 +255: /Users/robinfai/flutter_projects/ianvs-terminal/packages/ianvs_terminal/test/terminal/command_blocks_test.dart: copy ignores filters and joins soft wraps across pages
00:06 +256: /Users/robinfai/flutter_projects/ianvs-terminal/packages/ianvs_terminal/test/terminal/command_blocks_test.dart: running block owns focus and PTY input; completed terminal is read-only
00:06 +257: /Users/robinfai/flutter_projects/ianvs-terminal/packages/ianvs_terminal/test/terminal/command_blocks_test.dart: re-input edits only, folding preserves terminal source
00:06 +258: All tests passed!
