00:00 +0: loading /Users/robinfai/flutter_projects/ianvs-terminal/packages/ianvs_terminal/test/terminal/command_blocks_test.dart
00:00 +0: /Users/robinfai/flutter_projects/ianvs-terminal/packages/ianvs_terminal/test/terminal/command_block_reader_tools_test.dart: find keeps context and selection across native pages
00:00 +1: /Users/robinfai/flutter_projects/ianvs-terminal/packages/ianvs_terminal/test/terminal/command_block_reader_tools_test.dart: find keeps context and selection across native pages
00:00 +2: /Users/robinfai/flutter_projects/ianvs-terminal/packages/ianvs_terminal/test/terminal/command_block_reader_tools_test.dart: find keeps context and selection across native pages
00:00 +3: /Users/robinfai/flutter_projects/ianvs-terminal/packages/ianvs_terminal/test/terminal/command_block_reader_tools_test.dart: find keeps context and selection across native pages
00:01 +4: /Users/robinfai/flutter_projects/ianvs-terminal/packages/ianvs_terminal/test/terminal/command_block_reader_tools_test.dart: find keeps context and selection across native pages
00:01 +5: /Users/robinfai/flutter_projects/ianvs-terminal/packages/ianvs_terminal/test/terminal/command_block_reader_tools_test.dart: find keeps context and selection across native pages
00:01 +6: /Users/robinfai/flutter_projects/ianvs-terminal/packages/ianvs_terminal/test/terminal/command_block_reader_tools_test.dart: find keeps context and selection across native pages
00:01 +7: /Users/robinfai/flutter_projects/ianvs-terminal/packages/ianvs_terminal/test/terminal/command_block_reader_tools_test.dart: find keeps context and selection across native pages
00:01 +8: /Users/robinfai/flutter_projects/ianvs-terminal/packages/ianvs_terminal/test/terminal/command_block_reader_tools_test.dart: find keeps context and selection across native pages
00:01 +9: /Users/robinfai/flutter_projects/ianvs-terminal/packages/ianvs_terminal/test/terminal/command_blocks_motion_test.dart: block overlays respect motion and return focus: TargetPlatform.macOS / false
00:02 +10: /Users/robinfai/flutter_projects/ianvs-terminal/packages/ianvs_terminal/test/terminal/command_blocks_motion_test.dart: block overlays respect motion and return focus: TargetPlatform.macOS / false
00:02 +11: /Users/robinfai/flutter_projects/ianvs-terminal/packages/ianvs_terminal/test/terminal/command_blocks_mobile_test.dart: touch reader crosses native pages without jumping or opening IME (variant: TargetPlatform.iOS)
00:02 +12: /Users/robinfai/flutter_projects/ianvs-terminal/packages/ianvs_terminal/test/terminal/command_blocks_mobile_test.dart: touch reader crosses native pages without jumping or opening IME (variant: TargetPlatform.iOS)
00:02 +13: /Users/robinfai/flutter_projects/ianvs-terminal/packages/ianvs_terminal/test/terminal/command_blocks_mobile_test.dart: touch reader crosses native pages without jumping or opening IME (variant: TargetPlatform.iOS)
00:02 +14: /Users/robinfai/flutter_projects/ianvs-terminal/packages/ianvs_terminal/test/terminal/command_blocks_mobile_test.dart: touch reader crosses native pages without jumping or opening IME (variant: TargetPlatform.iOS)
00:02 +15: /Users/robinfai/flutter_projects/ianvs-terminal/packages/ianvs_terminal/test/terminal/command_blocks_mobile_test.dart: touch reader crosses native pages without jumping or opening IME (variant: TargetPlatform.iOS)
00:02 +16: /Users/robinfai/flutter_projects/ianvs-terminal/packages/ianvs_terminal/test/terminal/command_blocks_mobile_test.dart: touch reader crosses native pages without jumping or opening IME (variant: TargetPlatform.iOS)
00:02 +17: /Users/robinfai/flutter_projects/ianvs-terminal/packages/ianvs_terminal/test/terminal/command_blocks_mobile_test.dart: touch reader crosses native pages without jumping or opening IME (variant: TargetPlatform.iOS)
00:02 +18: /Users/robinfai/flutter_projects/ianvs-terminal/packages/ianvs_terminal/test/terminal/command_blocks_mobile_test.dart: touch reader crosses native pages without jumping or opening IME (variant: TargetPlatform.iOS)
00:03 +19: /Users/robinfai/flutter_projects/ianvs-terminal/packages/ianvs_terminal/test/terminal/command_blocks_mobile_test.dart: touch reader crosses native pages without jumping or opening IME (variant: TargetPlatform.iOS)
00:03 +20: /Users/robinfai/flutter_projects/ianvs-terminal/packages/ianvs_terminal/test/terminal/command_blocks_mobile_test.dart: touch reader crosses native pages without jumping or opening IME (variant: TargetPlatform.iOS)
00:03 +21: /Users/robinfai/flutter_projects/ianvs-terminal/packages/ianvs_terminal/test/terminal/command_blocks_mobile_test.dart: touch reader crosses native pages without jumping or opening IME (variant: TargetPlatform.iOS)
00:03 +22: /Users/robinfai/flutter_projects/ianvs-terminal/packages/ianvs_terminal/test/terminal/command_blocks_mobile_test.dart: touch reader crosses native pages without jumping or opening IME (variant: TargetPlatform.iOS)
00:03 +23: /Users/robinfai/flutter_projects/ianvs-terminal/packages/ianvs_terminal/test/terminal/command_blocks_mobile_test.dart: touch reader crosses native pages without jumping or opening IME (variant: TargetPlatform.iOS)
00:03 +24: /Users/robinfai/flutter_projects/ianvs-terminal/packages/ianvs_terminal/test/terminal/command_blocks_mobile_test.dart: touch reader crosses native pages without jumping or opening IME (variant: TargetPlatform.iOS)
00:03 +25: /Users/robinfai/flutter_projects/ianvs-terminal/packages/ianvs_terminal/test/terminal/command_blocks_mobile_test.dart: touch reader crosses native pages without jumping or opening IME (variant: TargetPlatform.iOS)
00:03 +26: /Users/robinfai/flutter_projects/ianvs-terminal/packages/ianvs_terminal/test/terminal/command_blocks_mobile_test.dart: touch reader crosses native pages without jumping or opening IME (variant: TargetPlatform.iOS)
00:03 +27: /Users/robinfai/flutter_projects/ianvs-terminal/packages/ianvs_terminal/test/terminal/command_blocks_mobile_test.dart: touch reader crosses native pages without jumping or opening IME (variant: TargetPlatform.iOS)
00:04 +28: /Users/robinfai/flutter_projects/ianvs-terminal/packages/ianvs_terminal/test/terminal/command_blocks_mobile_test.dart: touch reader crosses native pages without jumping or opening IME (variant: TargetPlatform.iOS)
00:04 +29: /Users/robinfai/flutter_projects/ianvs-terminal/packages/ianvs_terminal/test/terminal/command_blocks_mobile_test.dart: touch reader crosses native pages without jumping or opening IME (variant: TargetPlatform.iOS)
00:04 +30: /Users/robinfai/flutter_projects/ianvs-terminal/packages/ianvs_terminal/test/terminal/command_blocks_mobile_test.dart: touch reader crosses native pages without jumping or opening IME (variant: TargetPlatform.iOS)
00:04 +31: /Users/robinfai/flutter_projects/ianvs-terminal/packages/ianvs_terminal/test/terminal/command_blocks_mobile_test.dart: touch reader crosses native pages without jumping or opening IME (variant: TargetPlatform.iOS)
00:04 +32: /Users/robinfai/flutter_projects/ianvs-terminal/packages/ianvs_terminal/test/terminal/command_blocks_mobile_test.dart: touch reader crosses native pages without jumping or opening IME (variant: TargetPlatform.iOS)
00:04 +33: /Users/robinfai/flutter_projects/ianvs-terminal/packages/ianvs_terminal/test/terminal/command_blocks_mobile_test.dart: touch reader crosses native pages without jumping or opening IME (variant: TargetPlatform.iOS)
00:04 +34: /Users/robinfai/flutter_projects/ianvs-terminal/packages/ianvs_terminal/test/terminal/command_blocks_mobile_test.dart: touch reader crosses native pages without jumping or opening IME (variant: TargetPlatform.iOS)
00:04 +35: /Users/robinfai/flutter_projects/ianvs-terminal/packages/ianvs_terminal/test/terminal/command_blocks_mobile_test.dart: touch reader crosses native pages without jumping or opening IME (variant: TargetPlatform.iOS)
00:05 +36: /Users/robinfai/flutter_projects/ianvs-terminal/packages/ianvs_terminal/test/terminal/command_blocks_mobile_test.dart: touch reader crosses native pages without jumping or opening IME (variant: TargetPlatform.iOS)
00:05 +37: /Users/robinfai/flutter_projects/ianvs-terminal/packages/ianvs_terminal/test/terminal/command_blocks_mobile_test.dart: touch reader crosses native pages without jumping or opening IME (variant: TargetPlatform.iOS)
00:05 +38: /Users/robinfai/flutter_projects/ianvs-terminal/packages/ianvs_terminal/test/terminal/command_blocks_mobile_test.dart: touch reader crosses native pages without jumping or opening IME (variant: TargetPlatform.iOS)
00:05 +39: /Users/robinfai/flutter_projects/ianvs-terminal/packages/ianvs_terminal/test/terminal/command_blocks_mobile_test.dart: touch reader crosses native pages without jumping or opening IME (variant: TargetPlatform.iOS)
00:05 +40: /Users/robinfai/flutter_projects/ianvs-terminal/packages/ianvs_terminal/test/terminal/command_blocks_mobile_test.dart: touch reader crosses native pages without jumping or opening IME (variant: TargetPlatform.iOS)
00:05 +41: /Users/robinfai/flutter_projects/ianvs-terminal/packages/ianvs_terminal/test/terminal/command_blocks_mobile_test.dart: touch reader crosses native pages without jumping or opening IME (variant: TargetPlatform.iOS)
00:06 +42: /Users/robinfai/flutter_projects/ianvs-terminal/packages/ianvs_terminal/test/terminal/command_blocks_test.dart: offscreen bookmarks reveal lazily built blocks and wheel scroll is not pulled back
00:06 +43: /Users/robinfai/flutter_projects/ianvs-terminal/packages/ianvs_terminal/test/terminal/command_blocks_test.dart: offscreen bookmarks reveal lazily built blocks and wheel scroll is not pulled back
00:06 +44: /Users/robinfai/flutter_projects/ianvs-terminal/packages/ianvs_terminal/test/terminal/command_blocks_test.dart: offscreen bookmarks reveal lazily built blocks and wheel scroll is not pulled back
00:07 +45: /Users/robinfai/flutter_projects/ianvs-terminal/packages/ianvs_terminal/test/terminal/command_blocks_test.dart: offscreen bookmarks reveal lazily built blocks and wheel scroll is not pulled back
00:07 +46: /Users/robinfai/flutter_projects/ianvs-terminal/packages/ianvs_terminal/test/terminal/command_blocks_test.dart: offscreen bookmarks reveal lazily built blocks and wheel scroll is not pulled back
00:07 +47: /Users/robinfai/flutter_projects/ianvs-terminal/packages/ianvs_terminal/test/terminal/command_block_copy_test.dart: reader edge drag scrolls beyond its starting page (phone false, upward false, filtered false) (variant: TargetPlatform.macOS)
00:07 +48: /Users/robinfai/flutter_projects/ianvs-terminal/packages/ianvs_terminal/test/terminal/command_block_copy_test.dart: reader edge drag scrolls beyond its starting page (phone false, upward false, filtered false) (variant: TargetPlatform.macOS)
00:08 +49: /Users/robinfai/flutter_projects/ianvs-terminal/packages/ianvs_terminal/test/terminal/command_block_copy_test.dart: reader edge drag scrolls beyond its starting page (phone false, upward false, filtered false) (variant: TargetPlatform.macOS)
00:08 +50: /Users/robinfai/flutter_projects/ianvs-terminal/packages/ianvs_terminal/test/terminal/command_blocks_test.dart: one trackpad gesture crosses block boundaries and survives source refreshes (running: true) (variant: TargetPlatform.macOS)
00:08 +51: /Users/robinfai/flutter_projects/ianvs-terminal/packages/ianvs_terminal/test/terminal/command_block_copy_test.dart: reader edge drag scrolls beyond its starting page (phone false, upward false, filtered true) (variant: TargetPlatform.macOS)
00:08 +52: /Users/robinfai/flutter_projects/ianvs-terminal/packages/ianvs_terminal/test/terminal/command_block_copy_test.dart: reader edge drag scrolls beyond its starting page (phone false, upward false, filtered true) (variant: TargetPlatform.macOS)
00:08 +53: /Users/robinfai/flutter_projects/ianvs-terminal/packages/ianvs_terminal/test/terminal/command_block_copy_test.dart: reader edge drag scrolls beyond its starting page (phone false, upward false, filtered true) (variant: TargetPlatform.macOS)
00:08 +54: /Users/robinfai/flutter_projects/ianvs-terminal/packages/ianvs_terminal/test/terminal/command_block_copy_test.dart: reader edge drag scrolls beyond its starting page (phone false, upward false, filtered true) (variant: TargetPlatform.macOS)
00:08 +55: /Users/robinfai/flutter_projects/ianvs-terminal/packages/ianvs_terminal/test/terminal/command_block_copy_test.dart: reader edge drag scrolls beyond its starting page (phone false, upward false, filtered true) (variant: TargetPlatform.macOS)
00:11 +56: /Users/robinfai/flutter_projects/ianvs-terminal/packages/ianvs_terminal/test/terminal/command_block_copy_test.dart: reader edge drag scrolls beyond its starting page (phone false, upward true, filtered false) (variant: TargetPlatform.macOS)
00:11 +57: /Users/robinfai/flutter_projects/ianvs-terminal/packages/ianvs_terminal/test/terminal/command_block_copy_test.dart: reader edge drag scrolls beyond its starting page (phone false, upward true, filtered true) (variant: TargetPlatform.macOS)
00:12 +58: /Users/robinfai/flutter_projects/ianvs-terminal/packages/ianvs_terminal/test/terminal/command_block_copy_test.dart: reader edge drag scrolls beyond its starting page (phone true, upward false, filtered false) (variant: TargetPlatform.iOS)
00:14 +59: /Users/robinfai/flutter_projects/ianvs-terminal/packages/ianvs_terminal/test/terminal/command_block_copy_test.dart: reader edge drag scrolls beyond its starting page (phone true, upward false, filtered true) (variant: TargetPlatform.iOS)
00:17 +60: /Users/robinfai/flutter_projects/ianvs-terminal/packages/ianvs_terminal/test/terminal/command_block_copy_test.dart: reader edge drag scrolls beyond its starting page (phone true, upward true, filtered false) (variant: TargetPlatform.iOS)
00:17 +61: /Users/robinfai/flutter_projects/ianvs-terminal/packages/ianvs_terminal/test/terminal/command_block_copy_test.dart: reader edge drag scrolls beyond its starting page (phone true, upward true, filtered true) (variant: TargetPlatform.iOS)
00:18 +62: /Users/robinfai/flutter_projects/ianvs-terminal/packages/ianvs_terminal/test/terminal/command_block_copy_test.dart: reader edge scroll stops on cancellation or disposal (phone false, unmount false) (variant: TargetPlatform.macOS)
00:19 +63: /Users/robinfai/flutter_projects/ianvs-terminal/packages/ianvs_terminal/test/terminal/command_block_copy_test.dart: reader edge scroll stops on cancellation or disposal (phone false, unmount true) (variant: TargetPlatform.macOS)
00:19 +64: /Users/robinfai/flutter_projects/ianvs-terminal/packages/ianvs_terminal/test/terminal/command_block_copy_test.dart: reader edge scroll stops on cancellation or disposal (phone true, unmount false) (variant: TargetPlatform.iOS)
00:19 +65: /Users/robinfai/flutter_projects/ianvs-terminal/packages/ianvs_terminal/test/terminal/command_block_copy_test.dart: reader edge scroll stops on cancellation or disposal (phone true, unmount true) (variant: TargetPlatform.iOS)
00:19 +66: /Users/robinfai/flutter_projects/ianvs-terminal/packages/ianvs_terminal/test/terminal/command_block_copy_test.dart: selecting running output pauses tail following until explicitly resumed (phone false) (variant: TargetPlatform.macOS)
00:19 +67: /Users/robinfai/flutter_projects/ianvs-terminal/packages/ianvs_terminal/test/terminal/command_block_copy_test.dart: selecting running output pauses tail following until explicitly resumed (phone true) (variant: TargetPlatform.iOS)
00:19 +68: /Users/robinfai/flutter_projects/ianvs-terminal/packages/ianvs_terminal/test/terminal/command_block_copy_test.dart: reader Option drag copies a rectangle across pages after horizontal scroll (variant: TargetPlatform.macOS)
00:19 +69: /Users/robinfai/flutter_projects/ianvs-terminal/packages/ianvs_terminal/test/terminal/command_block_copy_test.dart: reader keyboard copies selection across native pages
00:19 +70: /Users/robinfai/flutter_projects/ianvs-terminal/packages/ianvs_terminal/test/terminal/command_block_copy_test.dart: reader distinguishes whole output, filtered output and selection
00:20 +71: /Users/robinfai/flutter_projects/ianvs-terminal/packages/ianvs_terminal/test/terminal/command_block_copy_test.dart: copy does not replace clipboard with a partially evicted snapshot
00:20 +72: /Users/robinfai/flutter_projects/ianvs-terminal/packages/ianvs_terminal/test/terminal/command_block_copy_test.dart: stale selected rows never copy replacement history
00:20 +73: /Users/robinfai/flutter_projects/ianvs-terminal/packages/ianvs_terminal/test/terminal/command_block_copy_test.dart: column selections preserve wide characters and rectangle line breaks
00:20 +74: All tests passed!
