00:00 +0: loading /Users/robinfai/flutter_projects/ianvs-terminal/packages/ianvs_terminal_core/test/terminal/command_blocks_mobile_test.dart
00:00 +0: /Users/robinfai/flutter_projects/ianvs-terminal/packages/ianvs_terminal_core/test/terminal/command_blocks_mobile_test.dart: compact previews keep six rows and height when keyboard opens (variant: TargetPlatform.iOS)
00:00 +1: /Users/robinfai/flutter_projects/ianvs-terminal/packages/ianvs_terminal_core/test/terminal/command_blocks_mobile_test.dart: compact previews keep six rows and height when keyboard opens (variant: TargetPlatform.iOS)
00:00 +2: /Users/robinfai/flutter_projects/ianvs-terminal/packages/ianvs_terminal_core/test/terminal/command_blocks_mobile_test.dart: compact previews keep six rows and height when keyboard opens (variant: TargetPlatform.iOS)
00:00 +3: /Users/robinfai/flutter_projects/ianvs-terminal/packages/ianvs_terminal_core/test/terminal/command_block_reader_tools_test.dart: find keeps context and selection across native pages
00:00 +4: /Users/robinfai/flutter_projects/ianvs-terminal/packages/ianvs_terminal_core/test/terminal/command_block_reader_tools_test.dart: find keeps context and selection across native pages
00:00 +5: /Users/robinfai/flutter_projects/ianvs-terminal/packages/ianvs_terminal_core/test/terminal/command_block_reader_tools_test.dart: find keeps context and selection across native pages
00:00 +6: /Users/robinfai/flutter_projects/ianvs-terminal/packages/ianvs_terminal_core/test/terminal/command_block_reader_tools_test.dart: find keeps context and selection across native pages
00:00 +7: /Users/robinfai/flutter_projects/ianvs-terminal/packages/ianvs_terminal_core/test/terminal/command_block_reader_tools_test.dart: find keeps context and selection across native pages
00:00 +8: /Users/robinfai/flutter_projects/ianvs-terminal/packages/ianvs_terminal_core/test/terminal/command_block_reader_tools_test.dart: find keeps context and selection across native pages
00:01 +9: /Users/robinfai/flutter_projects/ianvs-terminal/packages/ianvs_terminal_core/test/terminal/command_block_reader_tools_test.dart: find keeps context and selection across native pages
00:01 +10: /Users/robinfai/flutter_projects/ianvs-terminal/packages/ianvs_terminal_core/test/terminal/command_blocks_mobile_test.dart: touch reader crosses native pages without jumping or opening IME (variant: TargetPlatform.iOS)
00:01 +11: /Users/robinfai/flutter_projects/ianvs-terminal/packages/ianvs_terminal_core/test/terminal/command_blocks_mobile_test.dart: touch reader crosses native pages without jumping or opening IME (variant: TargetPlatform.iOS)
00:01 +12: /Users/robinfai/flutter_projects/ianvs-terminal/packages/ianvs_terminal_core/test/terminal/command_blocks_mobile_test.dart: touch reader crosses native pages without jumping or opening IME (variant: TargetPlatform.iOS)
00:01 +13: /Users/robinfai/flutter_projects/ianvs-terminal/packages/ianvs_terminal_core/test/terminal/command_blocks_mobile_test.dart: touch reader crosses native pages without jumping or opening IME (variant: TargetPlatform.iOS)
00:01 +14: /Users/robinfai/flutter_projects/ianvs-terminal/packages/ianvs_terminal_core/test/terminal/command_blocks_mobile_test.dart: touch reader crosses native pages without jumping or opening IME (variant: TargetPlatform.iOS)
00:01 +15: /Users/robinfai/flutter_projects/ianvs-terminal/packages/ianvs_terminal_core/test/terminal/command_blocks_mobile_test.dart: touch reader crosses native pages without jumping or opening IME (variant: TargetPlatform.iOS)
00:01 +16: /Users/robinfai/flutter_projects/ianvs-terminal/packages/ianvs_terminal_core/test/terminal/command_blocks_mobile_test.dart: touch reader crosses native pages without jumping or opening IME (variant: TargetPlatform.iOS)
00:01 +17: /Users/robinfai/flutter_projects/ianvs-terminal/packages/ianvs_terminal_core/test/terminal/command_blocks_mobile_test.dart: touch reader crosses native pages without jumping or opening IME (variant: TargetPlatform.iOS)
00:01 +18: /Users/robinfai/flutter_projects/ianvs-terminal/packages/ianvs_terminal_core/test/terminal/command_blocks_mobile_test.dart: touch reader crosses native pages without jumping or opening IME (variant: TargetPlatform.iOS)
00:02 +19: /Users/robinfai/flutter_projects/ianvs-terminal/packages/ianvs_terminal_core/test/terminal/command_blocks_mobile_test.dart: touch reader crosses native pages without jumping or opening IME (variant: TargetPlatform.iOS)
00:02 +20: /Users/robinfai/flutter_projects/ianvs-terminal/packages/ianvs_terminal_core/test/terminal/command_blocks_mobile_test.dart: touch reader crosses native pages without jumping or opening IME (variant: TargetPlatform.iOS)
00:02 +21: /Users/robinfai/flutter_projects/ianvs-terminal/packages/ianvs_terminal_core/test/terminal/command_blocks_mobile_test.dart: touch reader crosses native pages without jumping or opening IME (variant: TargetPlatform.iOS)
00:02 +22: /Users/robinfai/flutter_projects/ianvs-terminal/packages/ianvs_terminal_core/test/terminal/command_blocks_mobile_test.dart: touch reader crosses native pages without jumping or opening IME (variant: TargetPlatform.iOS)
00:02 +23: /Users/robinfai/flutter_projects/ianvs-terminal/packages/ianvs_terminal_core/test/terminal/command_blocks_mobile_test.dart: touch reader crosses native pages without jumping or opening IME (variant: TargetPlatform.iOS)
00:02 +24: /Users/robinfai/flutter_projects/ianvs-terminal/packages/ianvs_terminal_core/test/terminal/command_blocks_mobile_test.dart: touch reader crosses native pages without jumping or opening IME (variant: TargetPlatform.iOS)
00:02 +25: /Users/robinfai/flutter_projects/ianvs-terminal/packages/ianvs_terminal_core/test/terminal/command_blocks_mobile_test.dart: touch reader crosses native pages without jumping or opening IME (variant: TargetPlatform.iOS)
00:02 +26: /Users/robinfai/flutter_projects/ianvs-terminal/packages/ianvs_terminal_core/test/terminal/command_blocks_mobile_test.dart: touch reader crosses native pages without jumping or opening IME (variant: TargetPlatform.iOS)
00:02 +27: /Users/robinfai/flutter_projects/ianvs-terminal/packages/ianvs_terminal_core/test/terminal/command_blocks_mobile_test.dart: touch reader crosses native pages without jumping or opening IME (variant: TargetPlatform.iOS)
00:02 +28: /Users/robinfai/flutter_projects/ianvs-terminal/packages/ianvs_terminal_core/test/terminal/command_blocks_mobile_test.dart: touch reader crosses native pages without jumping or opening IME (variant: TargetPlatform.iOS)
00:02 +29: /Users/robinfai/flutter_projects/ianvs-terminal/packages/ianvs_terminal_core/test/terminal/command_blocks_mobile_test.dart: touch reader crosses native pages without jumping or opening IME (variant: TargetPlatform.iOS)
00:02 +30: /Users/robinfai/flutter_projects/ianvs-terminal/packages/ianvs_terminal_core/test/terminal/command_blocks_mobile_test.dart: touch reader crosses native pages without jumping or opening IME (variant: TargetPlatform.iOS)
00:02 +31: /Users/robinfai/flutter_projects/ianvs-terminal/packages/ianvs_terminal_core/test/terminal/command_blocks_mobile_test.dart: touch reader crosses native pages without jumping or opening IME (variant: TargetPlatform.iOS)
00:03 +32: /Users/robinfai/flutter_projects/ianvs-terminal/packages/ianvs_terminal_core/test/terminal/command_blocks_mobile_test.dart: touch reader crosses native pages without jumping or opening IME (variant: TargetPlatform.iOS)
00:03 +33: /Users/robinfai/flutter_projects/ianvs-terminal/packages/ianvs_terminal_core/test/terminal/command_blocks_mobile_test.dart: touch reader crosses native pages without jumping or opening IME (variant: TargetPlatform.iOS)
00:03 +34: /Users/robinfai/flutter_projects/ianvs-terminal/packages/ianvs_terminal_core/test/terminal/command_blocks_test.dart: one trackpad gesture crosses block boundaries and survives source refreshes (running: false) (variant: TargetPlatform.macOS)
00:03 +35: /Users/robinfai/flutter_projects/ianvs-terminal/packages/ianvs_terminal_core/test/terminal/command_blocks_test.dart: one trackpad gesture crosses block boundaries and survives source refreshes (running: false) (variant: TargetPlatform.macOS)
00:03 +36: /Users/robinfai/flutter_projects/ianvs-terminal/packages/ianvs_terminal_core/test/terminal/command_blocks_test.dart: one trackpad gesture crosses block boundaries and survives source refreshes (running: false) (variant: TargetPlatform.macOS)
00:03 +37: /Users/robinfai/flutter_projects/ianvs-terminal/packages/ianvs_terminal_core/test/terminal/command_blocks_test.dart: one trackpad gesture crosses block boundaries and survives source refreshes (running: false) (variant: TargetPlatform.macOS)
00:03 +38: /Users/robinfai/flutter_projects/ianvs-terminal/packages/ianvs_terminal_core/test/terminal/command_blocks_mobile_test.dart: large dark text supports compact previews and reader at Size(360.0, 330.0) (variant: TargetPlatform.iOS)
00:03 +39: /Users/robinfai/flutter_projects/ianvs-terminal/packages/ianvs_terminal_core/test/terminal/command_blocks_test.dart: one trackpad gesture crosses block boundaries and survives source refreshes (running: true) (variant: TargetPlatform.macOS)
00:03 +40: /Users/robinfai/flutter_projects/ianvs-terminal/packages/ianvs_terminal_core/test/terminal/command_blocks_test.dart: range selection, bookmarks, paging and eviction stay session-local
00:03 +41: /Users/robinfai/flutter_projects/ianvs-terminal/packages/ianvs_terminal_core/test/terminal/command_blocks_test.dart: copy ignores filters and joins soft wraps across pages
00:03 +42: /Users/robinfai/flutter_projects/ianvs-terminal/packages/ianvs_terminal_core/test/terminal/command_blocks_test.dart: running block owns focus and PTY input; completed terminal is read-only
00:03 +43: /Users/robinfai/flutter_projects/ianvs-terminal/packages/ianvs_terminal_core/test/terminal/command_blocks_test.dart: re-input edits only, folding preserves terminal source
00:03 +44: All tests passed!
