00:00 +0: loading /Users/robinfai/flutter_projects/ianvs-terminal/packages/ianvs_terminal_core/test/terminal/command_blocks_mobile_test.dart
00:00 +0: /Users/robinfai/flutter_projects/ianvs-terminal/packages/ianvs_terminal_core/test/terminal/command_block_reader_tools_test.dart: find keeps context and selection across native pages
00:00 +1: /Users/robinfai/flutter_projects/ianvs-terminal/packages/ianvs_terminal_core/test/terminal/command_block_reader_tools_test.dart: find keeps context and selection across native pages
00:00 +2: /Users/robinfai/flutter_projects/ianvs-terminal/packages/ianvs_terminal_core/test/terminal/command_block_reader_tools_test.dart: find keeps context and selection across native pages
00:00 +3: /Users/robinfai/flutter_projects/ianvs-terminal/packages/ianvs_terminal_core/test/terminal/command_block_reader_tools_test.dart: find keeps context and selection across native pages
00:00 +4: /Users/robinfai/flutter_projects/ianvs-terminal/packages/ianvs_terminal_core/test/terminal/command_block_reader_tools_test.dart: find keeps context and selection across native pages
00:00 +5: /Users/robinfai/flutter_projects/ianvs-terminal/packages/ianvs_terminal_core/test/terminal/command_block_reader_tools_test.dart: find keeps context and selection across native pages
00:00 +6: /Users/robinfai/flutter_projects/ianvs-terminal/packages/ianvs_terminal_core/test/terminal/command_block_reader_tools_test.dart: find keeps context and selection across native pages
00:00 +7: /Users/robinfai/flutter_projects/ianvs-terminal/packages/ianvs_terminal_core/test/terminal/command_block_reader_tools_test.dart: find keeps context and selection across native pages
00:01 +8: /Users/robinfai/flutter_projects/ianvs-terminal/packages/ianvs_terminal_core/test/terminal/command_block_reader_tools_test.dart: find keeps context and selection across native pages
00:01 +9: /Users/robinfai/flutter_projects/ianvs-terminal/packages/ianvs_terminal_core/test/terminal/command_blocks_mobile_test.dart: touch reader crosses native pages without jumping or opening IME (variant: TargetPlatform.iOS)
00:01 +10: /Users/robinfai/flutter_projects/ianvs-terminal/packages/ianvs_terminal_core/test/terminal/command_blocks_mobile_test.dart: touch reader crosses native pages without jumping or opening IME (variant: TargetPlatform.iOS)
00:01 +11: /Users/robinfai/flutter_projects/ianvs-terminal/packages/ianvs_terminal_core/test/terminal/command_blocks_mobile_test.dart: touch reader crosses native pages without jumping or opening IME (variant: TargetPlatform.iOS)
00:01 +12: /Users/robinfai/flutter_projects/ianvs-terminal/packages/ianvs_terminal_core/test/terminal/command_blocks_mobile_test.dart: touch reader crosses native pages without jumping or opening IME (variant: TargetPlatform.iOS)
00:01 +13: /Users/robinfai/flutter_projects/ianvs-terminal/packages/ianvs_terminal_core/test/terminal/command_blocks_mobile_test.dart: touch reader crosses native pages without jumping or opening IME (variant: TargetPlatform.iOS)
00:01 +13 -1: /Users/robinfai/flutter_projects/ianvs-terminal/packages/ianvs_terminal_core/test/terminal/command_blocks_mobile_test.dart: touch reader crosses native pages without jumping or opening IME (variant: TargetPlatform.iOS)
00:01 +13 -1: /Users/robinfai/flutter_projects/ianvs-terminal/packages/ianvs_terminal_core/test/current_only_architecture_test.dart: standalone package exposes only current runtime contracts [E]
  Expected: empty
    Actual: ['lib/ianvs_terminal_core.dart: missing local production dependency']
  lib/ianvs_terminal_core.dart: missing local production dependency
  
  package:matcher                                                             expect
  package:flutter_test/src/widget_tester.dart 473:18                          expect
  packages/ianvs_terminal_core/test/current_only_architecture_test.dart 13:5  main.<fn>
  
00:01 +13 -2: /Users/robinfai/flutter_projects/ianvs-terminal/packages/ianvs_terminal_core/test/terminal/command_blocks_mobile_test.dart: touch reader crosses native pages without jumping or opening IME (variant: TargetPlatform.iOS)
00:01 +13 -2: /Users/robinfai/flutter_projects/ianvs-terminal/packages/ianvs_terminal_core/test/current_only_architecture_test.dart: standalone PTY and native ABI contain only current symbols [E]
  PathNotFoundException: Cannot open file, path = '/Users/robinfai/flutter_projects/ianvs-terminal/lib/src/pty/native_pty_backend.dart' (OS Error: No such file or directory, errno = 2)
  dart:io                                                                       _File.readAsStringSync
  packages/ianvs_terminal_core/test/current_only_architecture_test.dart 310:40  _read
  packages/ianvs_terminal_core/test/current_only_architecture_test.dart 59:17   main.<fn>
  
00:01 +14 -2: /Users/robinfai/flutter_projects/ianvs-terminal/packages/ianvs_terminal_core/test/terminal/command_blocks_mobile_test.dart: touch reader crosses native pages without jumping or opening IME (variant: TargetPlatform.iOS)
00:01 +15 -2: /Users/robinfai/flutter_projects/ianvs-terminal/packages/ianvs_terminal_core/test/terminal/command_blocks_mobile_test.dart: touch reader crosses native pages without jumping or opening IME (variant: TargetPlatform.iOS)
00:01 +16 -2: /Users/robinfai/flutter_projects/ianvs-terminal/packages/ianvs_terminal_core/test/terminal/command_blocks_mobile_test.dart: touch reader crosses native pages without jumping or opening IME (variant: TargetPlatform.iOS)
00:01 +17 -2: /Users/robinfai/flutter_projects/ianvs-terminal/packages/ianvs_terminal_core/test/terminal/command_blocks_mobile_test.dart: touch reader crosses native pages without jumping or opening IME (variant: TargetPlatform.iOS)
00:01 +18 -2: /Users/robinfai/flutter_projects/ianvs-terminal/packages/ianvs_terminal_core/test/terminal/command_blocks_mobile_test.dart: touch reader crosses native pages without jumping or opening IME (variant: TargetPlatform.iOS)
00:02 +19 -2: /Users/robinfai/flutter_projects/ianvs-terminal/packages/ianvs_terminal_core/test/terminal/command_blocks_mobile_test.dart: touch reader crosses native pages without jumping or opening IME (variant: TargetPlatform.iOS)
00:02 +20 -2: /Users/robinfai/flutter_projects/ianvs-terminal/packages/ianvs_terminal_core/test/terminal/command_blocks_mobile_test.dart: touch reader crosses native pages without jumping or opening IME (variant: TargetPlatform.iOS)
00:02 +21 -2: /Users/robinfai/flutter_projects/ianvs-terminal/packages/ianvs_terminal_core/test/terminal/command_blocks_mobile_test.dart: touch reader crosses native pages without jumping or opening IME (variant: TargetPlatform.iOS)
00:02 +22 -2: /Users/robinfai/flutter_projects/ianvs-terminal/packages/ianvs_terminal_core/test/terminal/command_blocks_mobile_test.dart: touch reader crosses native pages without jumping or opening IME (variant: TargetPlatform.iOS)
00:02 +23 -2: /Users/robinfai/flutter_projects/ianvs-terminal/packages/ianvs_terminal_core/test/terminal/command_blocks_mobile_test.dart: touch reader crosses native pages without jumping or opening IME (variant: TargetPlatform.iOS)
00:02 +24 -2: /Users/robinfai/flutter_projects/ianvs-terminal/packages/ianvs_terminal_core/test/terminal/command_blocks_mobile_test.dart: touch reader crosses native pages without jumping or opening IME (variant: TargetPlatform.iOS)
00:02 +25 -2: /Users/robinfai/flutter_projects/ianvs-terminal/packages/ianvs_terminal_core/test/terminal/command_blocks_mobile_test.dart: touch reader crosses native pages without jumping or opening IME (variant: TargetPlatform.iOS)
00:02 +26 -2: /Users/robinfai/flutter_projects/ianvs-terminal/packages/ianvs_terminal_core/test/terminal/command_blocks_mobile_test.dart: touch reader crosses native pages without jumping or opening IME (variant: TargetPlatform.iOS)
00:02 +27 -2: /Users/robinfai/flutter_projects/ianvs-terminal/packages/ianvs_terminal_core/test/terminal/command_blocks_mobile_test.dart: touch reader crosses native pages without jumping or opening IME (variant: TargetPlatform.iOS)
00:02 +28 -2: /Users/robinfai/flutter_projects/ianvs-terminal/packages/ianvs_terminal_core/test/terminal/command_blocks_mobile_test.dart: touch reader crosses native pages without jumping or opening IME (variant: TargetPlatform.iOS)
00:02 +29 -2: /Users/robinfai/flutter_projects/ianvs-terminal/packages/ianvs_terminal_core/test/terminal/command_blocks_mobile_test.dart: touch reader crosses native pages without jumping or opening IME (variant: TargetPlatform.iOS)
00:03 +30 -2: /Users/robinfai/flutter_projects/ianvs-terminal/packages/ianvs_terminal_core/test/terminal/command_blocks_mobile_test.dart: touch reader crosses native pages without jumping or opening IME (variant: TargetPlatform.iOS)
00:03 +31 -2: /Users/robinfai/flutter_projects/ianvs-terminal/packages/ianvs_terminal_core/test/terminal/command_blocks_mobile_test.dart: touch reader crosses native pages without jumping or opening IME (variant: TargetPlatform.iOS)
00:03 +32 -2: /Users/robinfai/flutter_projects/ianvs-terminal/packages/ianvs_terminal_core/test/terminal/command_blocks_test.dart: one trackpad gesture crosses block boundaries and survives source refreshes (running: false) (variant: TargetPlatform.macOS)
00:03 +33 -2: /Users/robinfai/flutter_projects/ianvs-terminal/packages/ianvs_terminal_core/test/terminal/command_blocks_test.dart: one trackpad gesture crosses block boundaries and survives source refreshes (running: false) (variant: TargetPlatform.macOS)
00:03 +34 -2: /Users/robinfai/flutter_projects/ianvs-terminal/packages/ianvs_terminal_core/test/terminal/command_blocks_test.dart: one trackpad gesture crosses block boundaries and survives source refreshes (running: false) (variant: TargetPlatform.macOS)
00:03 +35 -2: /Users/robinfai/flutter_projects/ianvs-terminal/packages/ianvs_terminal_core/test/terminal/command_blocks_test.dart: one trackpad gesture crosses block boundaries and survives source refreshes (running: false) (variant: TargetPlatform.macOS)
00:03 +36 -2: /Users/robinfai/flutter_projects/ianvs-terminal/packages/ianvs_terminal_core/test/terminal/command_blocks_test.dart: one trackpad gesture crosses block boundaries and survives source refreshes (running: false) (variant: TargetPlatform.macOS)
00:03 +37 -2: /Users/robinfai/flutter_projects/ianvs-terminal/packages/ianvs_terminal_core/test/terminal/command_blocks_test.dart: one trackpad gesture crosses block boundaries and survives source refreshes (running: true) (variant: TargetPlatform.macOS)
00:03 +38 -2: /Users/robinfai/flutter_projects/ianvs-terminal/packages/ianvs_terminal_core/test/terminal/command_blocks_test.dart: range selection, bookmarks, paging and eviction stay session-local
00:03 +39 -2: /Users/robinfai/flutter_projects/ianvs-terminal/packages/ianvs_terminal_core/test/terminal/command_blocks_test.dart: copy ignores filters and joins soft wraps across pages
00:03 +40 -2: /Users/robinfai/flutter_projects/ianvs-terminal/packages/ianvs_terminal_core/test/terminal/command_blocks_test.dart: running block owns focus and PTY input; completed terminal is read-only
00:03 +41 -2: /Users/robinfai/flutter_projects/ianvs-terminal/packages/ianvs_terminal_core/test/terminal/command_blocks_test.dart: re-input edits only, folding preserves terminal source
00:03 +42 -2: Some tests failed.

Failing tests:
  /Users/robinfai/flutter_projects/ianvs-terminal/packages/ianvs_terminal_core/test/current_only_architecture_test.dart: standalone PTY and native ABI contain only current symbols
  /Users/robinfai/flutter_projects/ianvs-terminal/packages/ianvs_terminal_core/test/current_only_architecture_test.dart: standalone package exposes only current runtime contracts
