Waiting for another flutter command to release the startup lock...
Analyzing ianvs-terminal...                                     

  error • Undefined name 'CommandTimelineView'. Try correcting the name to one that is defined, or defining the name • packages/ianvs_terminal_core/test/terminal/command_blocks_mobile_test.dart:119:32 • undefined_identifier
  error • The name 'CommandTimelineView' isn't a type, so it can't be used as a type argument. Try correcting the name to an existing type, or defining a type named 'CommandTimelineView' • packages/ianvs_terminal_core/test/terminal/command_blocks_mobile_test.dart:120:36 • non_type_as_type_argument
  error • Undefined name 'CommandTimelineView'. Try correcting the name to one that is defined, or defining the name • packages/ianvs_terminal_core/test/terminal/command_blocks_test.dart:99:40 • undefined_identifier
  error • The name 'CommandTimelineView' isn't a type, so it can't be used as a type argument. Try correcting the name to an existing type, or defining a type named 'CommandTimelineView' • packages/ianvs_terminal_core/test/terminal/command_blocks_test.dart:167:21 • non_type_as_type_argument
  error • Undefined name 'CommandTimelineView'. Try correcting the name to one that is defined, or defining the name • packages/ianvs_terminal_core/test/terminal/command_blocks_test.dart:167:54 • undefined_identifier
  error • The name 'CommandTimelineView' isn't a type, so it can't be used as a type argument. Try correcting the name to an existing type, or defining a type named 'CommandTimelineView' • packages/ianvs_terminal_core/test/terminal/command_blocks_test.dart:280:34 • non_type_as_type_argument
  error • Undefined name 'CommandTimelineView'. Try correcting the name to one that is defined, or defining the name • packages/ianvs_terminal_core/test/terminal/command_blocks_test.dart:281:21 • undefined_identifier
  error • Undefined name 'CommandTimelineView'. Try correcting the name to one that is defined, or defining the name • packages/ianvs_terminal_core/test/terminal/command_blocks_test.dart:331:32 • undefined_identifier
  error • The name 'CommandTimelineView' isn't a type, so it can't be used as a type argument. Try correcting the name to an existing type, or defining a type named 'CommandTimelineView' • packages/ianvs_terminal_core/test/terminal/command_blocks_test.dart:332:36 • non_type_as_type_argument
  error • The name 'CommandTimelineView' isn't a type, so it can't be used as a type argument. Try correcting the name to an existing type, or defining a type named 'CommandTimelineView' • packages/ianvs_terminal_core/test/terminal/command_blocks_test.dart:417:21 • non_type_as_type_argument
  error • Undefined name 'CommandTimelineView'. Try correcting the name to one that is defined, or defining the name • packages/ianvs_terminal_core/test/terminal/command_blocks_test.dart:417:54 • undefined_identifier
  error • The function 'CommandTimelineScrollController' isn't defined. Try importing the library that defines 'CommandTimelineScrollController', correcting the name to the name of an existing function, or defining a function named 'CommandTimelineScrollController' • packages/ianvs_terminal_core/test/terminal/command_blocks_timeline_test.dart:323:20 • undefined_function
  error • The function 'CommandTimelineView' isn't defined. Try importing the library that defines 'CommandTimelineView', correcting the name to the name of an existing function, or defining a function named 'CommandTimelineView' • packages/ianvs_terminal_core/test/terminal/command_blocks_timeline_test.dart:327:17 • undefined_function
warning • The type of 'i' can't be inferred; a type must be explicitly provided. Try specifying the type of the parameter • packages/ianvs_terminal_core/test/terminal/command_blocks_timeline_test.dart:330:30 • inference_failure_on_untyped_parameter
  error • The argument type 'dynamic' can't be assigned to the parameter type 'int'.  • packages/ianvs_terminal_core/test/terminal/command_blocks_timeline_test.dart:332:31 • argument_type_not_assignable
   info • Unnecessary use of a null check ('!'). Try removing the null check • packages/ianvs_terminal_core/test/terminal/command_blocks_timeline_test.dart:343:42 • unnecessary_null_checks
  error • The function 'CommandTimelineScrollController' isn't defined. Try importing the library that defines 'CommandTimelineScrollController', correcting the name to the name of an existing function, or defining a function named 'CommandTimelineScrollController' • packages/ianvs_terminal_core/test/terminal/command_blocks_timeline_test.dart:351:16 • undefined_function
  error • The function 'CommandTimelineScrollController' isn't defined. Try importing the library that defines 'CommandTimelineScrollController', correcting the name to the name of an existing function, or defining a function named 'CommandTimelineScrollController' • packages/ianvs_terminal_core/test/terminal/command_blocks_timeline_test.dart:447:20 • undefined_function
  error • The function 'CommandTimelineView' isn't defined. Try importing the library that defines 'CommandTimelineView', correcting the name to the name of an existing function, or defining a function named 'CommandTimelineView' • packages/ianvs_terminal_core/test/terminal/command_blocks_timeline_test.dart:451:15 • undefined_function
warning • The type of 'i' can't be inferred; a type must be explicitly provided. Try specifying the type of the parameter • packages/ianvs_terminal_core/test/terminal/command_blocks_timeline_test.dart:454:28 • inference_failure_on_untyped_parameter
  error • The argument type 'dynamic' can't be assigned to the parameter type 'int'.  • packages/ianvs_terminal_core/test/terminal/command_blocks_timeline_test.dart:456:29 • argument_type_not_assignable
  error • Undefined name 'CommandTimelineView'. Try correcting the name to one that is defined, or defining the name • packages/ianvs_terminal_core/test/terminal/command_blocks_timeline_test.dart:467:19 • undefined_identifier
   info • Unnecessary use of a null check ('!'). Try removing the null check • packages/ianvs_terminal_core/test/terminal/command_blocks_timeline_test.dart:473:40 • unnecessary_null_checks
  error • The function 'CommandTimelineScrollController' isn't defined. Try importing the library that defines 'CommandTimelineScrollController', correcting the name to the name of an existing function, or defining a function named 'CommandTimelineScrollController' • packages/ianvs_terminal_core/test/terminal/command_blocks_timeline_test.dart:491:22 • undefined_function
  error • The function 'CommandTimelineView' isn't defined. Try importing the library that defines 'CommandTimelineView', correcting the name to the name of an existing function, or defining a function named 'CommandTimelineView' • packages/ianvs_terminal_core/test/terminal/command_blocks_timeline_test.dart:495:17 • undefined_function
warning • The type of 'i' can't be inferred; a type must be explicitly provided. Try specifying the type of the parameter • packages/ianvs_terminal_core/test/terminal/command_blocks_timeline_test.dart:498:30 • inference_failure_on_untyped_parameter
  error • The argument type 'dynamic' can't be assigned to the parameter type 'int'.  • packages/ianvs_terminal_core/test/terminal/command_blocks_timeline_test.dart:499:41 • argument_type_not_assignable
  error • The argument type 'dynamic' can't be assigned to the parameter type 'int'.  • packages/ianvs_terminal_core/test/terminal/command_blocks_timeline_test.dart:501:31 • argument_type_not_assignable
   info • Unnecessary use of a null check ('!'). Try removing the null check • packages/ianvs_terminal_core/test/terminal/command_blocks_timeline_test.dart:510:42 • unnecessary_null_checks

29 issues found. (ran in 20.1s)
