package:ianvs_design has `uses-material-design: true` set but the primary pubspec contains `uses-material-design: false`. If the application needs material icons, then `uses-material-design`  must be set to true.
00:00 +0: loading /Users/robinfai/flutter_projects/ianvs-terminal/example/test/ai/terminal_ai_workspace_test.dart
00:00 +0: live status announces phase changes without elapsed time or output (phone false)
══╡ EXCEPTION CAUGHT BY FLUTTER TEST FRAMEWORK ╞════════════════════════════════════════════════════
The following TestFailure was thrown running a test:
Expected: 'AI is observing the terminal'
  Actual: 'Observe only\n'
            'AI is observing the terminal\n'
            'Current terminal · /tmp'
   Which: is different.
          Expected: AI is obse ...
            Actual: Observe on ...
                    ^
           Differ at offset 0

When the exception was thrown, this was the stack:
#4      main.<anonymous closure> (file:///Users/robinfai/flutter_projects/ianvs-terminal/example/test/ai/terminal_ai_workspace_test.dart:366:9)
<asynchronous suspension>
#5      testWidgets.<anonymous closure>.<anonymous closure> (package:flutter_test/src/widget_tester.dart:192:15)
<asynchronous suspension>
#6      TestWidgetsFlutterBinding._runTestBody (package:flutter_test/src/binding.dart:1952:5)
<asynchronous suspension>
<asynchronous suspension>
(elided one frame from package:stack_trace)

This was caught by the test expectation on the following line:
  file:///Users/robinfai/flutter_projects/ianvs-terminal/example/test/ai/terminal_ai_workspace_test.dart line 366
The test description was:
  live status announces phase changes without elapsed time or output (phone false)
════════════════════════════════════════════════════════════════════════════════════════════════════
00:00 +0 -1: live status announces phase changes without elapsed time or output (phone false) [E]
  Test failed. See exception logs above.
  The test description was: live status announces phase changes without elapsed time or output (phone false)
  
00:00 +0 -1: live status announces phase changes without elapsed time or output (phone true)
══╡ EXCEPTION CAUGHT BY FLUTTER TEST FRAMEWORK ╞════════════════════════════════════════════════════
The following TestFailure was thrown running a test:
Expected: 'AI is observing the terminal'
  Actual: 'Observe only\n'
            'AI is observing the terminal\n'
            'Current terminal · /tmp'
   Which: is different.
          Expected: AI is obse ...
            Actual: Observe on ...
                    ^
           Differ at offset 0

When the exception was thrown, this was the stack:
#4      main.<anonymous closure> (file:///Users/robinfai/flutter_projects/ianvs-terminal/example/test/ai/terminal_ai_workspace_test.dart:366:9)
<asynchronous suspension>
#5      testWidgets.<anonymous closure>.<anonymous closure> (package:flutter_test/src/widget_tester.dart:192:15)
<asynchronous suspension>
#6      TestWidgetsFlutterBinding._runTestBody (package:flutter_test/src/binding.dart:1952:5)
<asynchronous suspension>
<asynchronous suspension>
(elided one frame from package:stack_trace)

This was caught by the test expectation on the following line:
  file:///Users/robinfai/flutter_projects/ianvs-terminal/example/test/ai/terminal_ai_workspace_test.dart line 366
The test description was:
  live status announces phase changes without elapsed time or output (phone true)
════════════════════════════════════════════════════════════════════════════════════════════════════
00:00 +0 -2: live status announces phase changes without elapsed time or output (phone true) [E]
  Test failed. See exception logs above.
  The test description was: live status announces phase changes without elapsed time or output (phone true)
  
00:00 +0 -2: Some tests failed.

Failing tests:
  /Users/robinfai/flutter_projects/ianvs-terminal/example/test/ai/terminal_ai_workspace_test.dart: live status announces phase changes without elapsed time or output (phone false)
  /Users/robinfai/flutter_projects/ianvs-terminal/example/test/ai/terminal_ai_workspace_test.dart: live status announces phase changes without elapsed time or output (phone true)
