"/Users/robinfai/flutter_projects/ianvs-terminal/tools/verify_flutter_terminal.sh"
   Compiling ianvs_core v0.1.0 (/Users/robinfai/flutter_projects/ianvs-terminal/native/core)
    Finished `dev` profile [unoptimized + debuginfo] target(s) in 7.40s
Built Rust core at /Users/robinfai/flutter_projects/ianvs-terminal/native/core/target/debug/libianvs_core.dylib (arm64)
Generated C header at /var/folders/k2/8qbf3nrs7t1749d198rw0df40000gn/T//ianvs-generated-contracts.txNOCO/ianvs_core.h
   Compiling libc v0.2.185
   Compiling proc-macro2 v1.0.106
   Compiling quote v1.0.45
   Compiling cfg-if v1.0.4
   Compiling unicode-ident v1.0.24
   Compiling typenum v1.20.1
   Compiling zeroize v1.9.0
   Compiling subtle v2.6.1
   Compiling cmov v0.5.4
   Compiling rand_core v0.10.1
   Compiling getrandom v0.4.2
   Compiling const-oid v0.10.2
   Compiling autocfg v1.5.0
   Compiling cpubits v0.1.1
   Compiling base64ct v1.8.3
   Compiling memchr v2.8.0
   Compiling serde_core v1.0.229
   Compiling ctutils v0.4.2
   Compiling stable_deref_trait v1.2.1
   Compiling crossbeam-utils v0.8.21
   Compiling ff v0.14.0
   Compiling smallvec v1.15.1
   Compiling anyhow v1.0.102
   Compiling pem-rfc7468 v1.0.0
   Compiling log v0.4.33
   Compiling either v1.15.0
   Compiling num-traits v0.2.19
   Compiling der v0.8.1
   Compiling rayon-core v1.13.0
   Compiling bytes v1.12.1
   Compiling simd-adler32 v0.3.9
   Compiling group v0.14.0
   Compiling hybrid-array v0.4.14
   Compiling version_check v0.9.5
   Compiling base16ct v1.0.0
   Compiling thiserror v2.0.20
   Compiling adler2 v2.0.1
   Compiling generic-array v0.14.7
   Compiling arrayvec v0.7.6
   Compiling find-msvc-tools v0.1.9
   Compiling writeable v0.6.3
   Compiling crc32fast v1.5.0
   Compiling pin-project-lite v0.2.17
   Compiling crossbeam-epoch v0.9.18
   Compiling litemap v0.8.2
   Compiling shlex v1.3.0
   Compiling spki v0.8.0
   Compiling miniz_oxide v0.8.9
   Compiling crossbeam-deque v0.8.6
   Compiling futures-sink v0.3.33
   Compiling syn v2.0.117
   Compiling block-buffer v0.12.1
   Compiling block-padding v0.4.2
   Compiling cpufeatures v0.3.0
   Compiling syn v3.0.3
   Compiling jobserver v0.1.34
   Compiling errno v0.3.14
   Compiling crypto-common v0.2.2
   Compiling inout v0.2.2
   Compiling sec1 v0.8.1
   Compiling icu_properties_data v2.2.0
   Compiling zerocopy v0.8.48
   Compiling semver v1.0.28
   Compiling futures-core v0.3.33
   Compiling cc v1.2.60
   Compiling icu_normalizer_data v2.2.0
   Compiling utf8_iter v1.0.4
   Compiling rustc_version v0.4.1
   Compiling crypto-bigint v0.7.5
   Compiling num-integer v0.1.46
   Compiling futures-channel v0.3.33
   Compiling num-bigint v0.4.6
   Compiling rayon v1.12.0
   Compiling wnaf v0.14.0
   Compiling itertools v0.14.0
   Compiling as-slice v0.2.1
   Compiling built v0.8.0
   Compiling futures-task v0.3.33
   Compiling digest v0.11.3
   Compiling cipher v0.5.2
   Compiling universal-hash v0.6.1
   Compiling hmac v0.13.0
   Compiling sha2 v0.11.0
   Compiling polyval v0.7.3
   Compiling pbkdf2 v0.13.0
   Compiling ghash v0.6.0
   Compiling ctr v0.10.1
   Compiling aes v0.9.2
   Compiling aead v0.6.1
   Compiling salsa20 v0.11.0
   Compiling cbc v0.2.1
   Compiling bitflags v2.13.1
   Compiling signature v3.0.0
   Compiling hkdf v0.13.0
   Compiling num-rational v0.4.2
   Compiling cmake v0.1.58
   Compiling paste v1.0.15
   Compiling futures-io v0.3.33
   Compiling aes-gcm v0.11.0
   Compiling thiserror v1.0.69
   Compiling fs_extra v1.3.0
   Compiling parking_lot_core v0.9.12
   Compiling scrypt v0.12.0
   Compiling slab v0.4.12
   Compiling cfg_aliases v0.2.1
   Compiling av-scenechange v0.14.1
   Compiling pkg-config v0.3.33
   Compiling dunce v1.0.5
   Compiling pkcs5 v0.8.1
   Compiling serde v1.0.229
   Compiling nix v0.31.2
   Compiling rav1e v0.8.1
   Compiling chacha20 v0.10.1
   Compiling pkcs8 v0.11.0
   Compiling aligned v0.4.3
   Compiling aws-lc-sys v0.44.0
   Compiling curve25519-dalek v5.0.0
   Compiling flate2 v1.1.9
   Compiling signal-hook-registry v1.4.8
   Compiling socket2 v0.6.5
   Compiling mio v1.2.2
   Compiling no_std_io2 v0.9.3
   Compiling nom v8.0.0
   Compiling quick-error v2.0.1
   Compiling once_cell v1.21.4
   Compiling scopeguard v1.2.0
   Compiling cfg_aliases v0.1.1
   Compiling pastey v0.1.1
   Compiling y4m v0.8.0
   Compiling zmij v1.0.21
   Compiling nix v0.28.0
   Compiling lock_api v0.4.14
   Compiling bitstream-io v4.10.0
   Compiling maybe-rayon v0.1.1
   Compiling keccak v0.2.1
   Compiling simd_helpers v0.1.0
   Compiling synstructure v0.13.2
   Compiling noop_proc_macro v0.3.0
   Compiling elliptic-curve v0.14.1
   Compiling rfc6979 v0.6.0
   Compiling primefield v0.14.0
   Compiling ssh-encoding v0.3.0
   Compiling byteorder v1.5.0
   Compiling rustversion v1.0.22
   Compiling serde_json v1.0.149
   Compiling weezl v0.1.12
   Compiling new_debug_unreachable v1.0.6
   Compiling zune-core v0.5.1
   Compiling thiserror-impl v2.0.20
   Compiling tokio-macros v2.7.2
   Compiling serde_derive v1.0.229
   Compiling primeorder v0.14.0
   Compiling ecdsa v0.17.0
   Compiling itoa v1.0.18
   Compiling imgref v1.12.0
   Compiling zune-jpeg v0.5.15
   Compiling loop9 v0.1.5
   Compiling blowfish v0.10.0
   Compiling crypto-primes v0.7.2
   Compiling ed25519 v3.0.0
   Compiling tokio v1.53.1
   Compiling poly1305 v0.9.1
   Compiling blake2 v0.11.0-rc.6
   Compiling pkcs1 v0.8.0-rc.4
   Compiling avif-serialize v0.8.8
   Compiling zune-inflate v0.2.54
   Compiling fdeflate v0.3.7
   Compiling aho-corasick v1.1.4
   Compiling zerofrom-derive v0.1.7
   Compiling yoke-derive v0.8.2
   Compiling zerovec-derive v0.11.3
   Compiling displaydoc v0.2.5
   Compiling equator-macro v0.4.2
   Compiling bytemuck_derive v1.10.2
   Compiling zerocopy-derive v0.8.48
   Compiling futures-macro v0.3.33
   Compiling arg_enum_proc_macro v0.3.4
   Compiling thiserror-impl v1.0.69
   Compiling equator v0.4.2
   Compiling profiling-procmacros v1.0.17
   Compiling zerofrom v0.1.7
   Compiling fax_derive v0.2.0
   Compiling num-derive v0.4.2
   Compiling rustix v1.1.4
   Compiling futures-util v0.3.33
   Compiling profiling v1.0.17
   Compiling bytemuck v1.25.0
   Compiling aligned-vec v0.6.4
   Compiling hashbrown v0.17.0
   Compiling yoke v0.8.2
   Compiling v_frame v0.3.9
   Compiling fax v0.2.6
   Compiling av1-grain v0.2.5
   Compiling rgb v0.8.53
   Compiling pxfm v0.1.29
   Compiling font-types v0.11.3
   Compiling color_quant v1.1.0
   Compiling zerovec v0.11.6
   Compiling zerotrie v0.2.4
   Compiling tinyvec_macros v0.1.1
   Compiling read-fonts v0.37.0
   Compiling percent-encoding v2.3.2
   Compiling equivalent v1.0.2
   Compiling bit_field v0.10.3
   Compiling lebe v0.5.3
   Compiling hex v0.4.3
   Compiling byteorder-lite v0.1.0
   Compiling regex-syntax v0.8.10
   Compiling aws-lc-rs v1.18.0
   Compiling core-foundation-sys v0.8.7
   Compiling indexmap v2.14.0
   Compiling iana-time-zone v0.1.65
   Compiling image-webp v0.2.4
   Compiling form_urlencoded v1.2.2
   Compiling filedescriptor v0.8.3
   Compiling tinystr v0.8.3
   Compiling potential_utf v0.1.5
   Compiling tinyvec v1.11.0
   Compiling icu_locale_core v2.2.0
   Compiling icu_collections v2.2.0
   Compiling gif v0.14.2
   Compiling qoi v0.4.1
   Compiling rsa v0.10.0-rc.18
   Compiling png v0.18.1
   Compiling icu_provider v2.2.0
   Compiling regex-automata v0.4.14
   Compiling moxcms v0.8.1
   Compiling icu_properties v2.2.0
   Compiling icu_normalizer v2.2.0
   Compiling futures-executor v0.3.33
   Compiling ed25519-dalek v3.0.0
   Compiling argon2 v0.6.0-rc.8
   Compiling ssh-cipher v0.3.0
   Compiling idna_adapter v1.2.1
   Compiling idna v1.1.0
   Compiling bcrypt-pbkdf v0.11.0
   Compiling p384 v0.14.0
   Compiling p521 v0.14.0
   Compiling p256 v0.14.0
   Compiling sha3 v0.11.0
   Compiling rand v0.10.2
   Compiling sha1 v0.11.0
   Compiling block-buffer v0.10.4
   Compiling half v2.7.1
   Compiling crypto-common v0.1.7
   Compiling kem v0.3.0
   Compiling module-lattice v0.2.3
   Compiling serial2 v0.2.36
   Compiling ryu v1.0.23
   Compiling shell-words v1.1.1
   Compiling tiff v0.11.3
   Compiling exr v1.74.0
   Compiling sponge-cursor v0.1.0
   Compiling getrandom v0.3.4
   Compiling downcast-rs v1.2.1
   Compiling zeno v0.3.3
   Compiling zmodem2 v0.7.2 (/Users/robinfai/flutter_projects/ianvs-terminal/native/vendor/zmodem2)
   Compiling par-term-emu-core-rust v0.41.1 (/Users/robinfai/flutter_projects/ianvs-terminal/native/vendor/par-term-emu-core-rust)
   Compiling hashbrown v0.14.5
   Compiling yazi v0.2.1
   Compiling unsafe-libyaml v0.2.11
   Compiling untrusted v0.7.1
   Compiling unicode-segmentation v1.13.2
   Compiling serde_yaml v0.9.34+deprecated
   Compiling dashmap v6.2.1
   Compiling portable-pty v0.9.0
   Compiling sha3 v0.12.0
   Compiling ml-kem v0.3.2
   Compiling ravif v0.13.0
   Compiling skrifa v0.40.0
   Compiling internal-russh-num-bigint v0.5.0
   Compiling digest v0.10.7
   Compiling generic-array v1.4.4
   Compiling regex v1.12.3
   Compiling url v2.5.8
   Compiling futures v0.3.33
   Compiling tokio-util v0.7.19
   Compiling image v0.25.10
   Compiling russh-util v0.52.0
   Compiling unicode-normalization v0.1.25
   Compiling chrono v0.4.45
   Compiling russh-cryptovec v0.62.0
   Compiling enum_dispatch v0.3.13
   Compiling delegate v0.13.5
   Compiling prost-derive v0.14.4
   Compiling parking_lot v0.12.5
   Compiling ssh-key v0.7.0-rc.11
   Compiling serde_bytes v0.11.19
   Compiling swash v0.2.7
   Compiling uuid v1.23.1
   Compiling cpufeatures v0.2.17
   Compiling vte v0.15.0
   Compiling vte v0.14.1
   Compiling md5 v0.8.1
   Compiling ianvs_core v0.1.0 (/Users/robinfai/flutter_projects/ianvs-terminal/native/core)
   Compiling unicode-width v0.2.2
   Compiling hex-literal v1.1.0
   Compiling base64 v0.22.1
   Compiling fastrand v2.4.1
   Compiling data-encoding v2.11.1
   Compiling strip-ansi-escapes v0.2.1
   Compiling prost v0.14.4
   Compiling tempfile v3.27.0
   Compiling sha2 v0.10.9
   Compiling russh-sftp v2.4.0
   Compiling ianvs_completion_core v0.1.0 (/Users/robinfai/flutter_projects/ianvs-terminal/native/completion_core)
   Compiling glob v0.3.4
   Compiling russh v0.62.5
    Finished `dev` profile [unoptimized + debuginfo] target(s) in 30.12s
   Compiling libc v0.2.185
   Compiling proc-macro2 v1.0.106
   Compiling cfg-if v1.0.4
   Compiling quote v1.0.45
   Compiling unicode-ident v1.0.24
   Compiling typenum v1.20.1
   Compiling zeroize v1.9.0
   Compiling subtle v2.6.1
   Compiling cmov v0.5.4
   Compiling rand_core v0.10.1
   Compiling getrandom v0.4.2
   Compiling const-oid v0.10.2
   Compiling autocfg v1.5.0
   Compiling cpubits v0.1.1
   Compiling base64ct v1.8.3
   Compiling memchr v2.8.0
   Compiling serde_core v1.0.229
   Compiling stable_deref_trait v1.2.1
   Compiling ctutils v0.4.2
   Compiling crossbeam-utils v0.8.21
   Compiling ff v0.14.0
   Compiling anyhow v1.0.102
   Compiling smallvec v1.15.1
   Compiling pem-rfc7468 v1.0.0
   Compiling either v1.15.0
   Compiling log v0.4.33
   Compiling num-traits v0.2.19
   Compiling bytes v1.12.1
   Compiling der v0.8.1
   Compiling rayon-core v1.13.0
   Compiling simd-adler32 v0.3.9
   Compiling group v0.14.0
   Compiling version_check v0.9.5
   Compiling thiserror v2.0.20
   Compiling base16ct v1.0.0
   Compiling litemap v0.8.2
   Compiling pin-project-lite v0.2.17
   Compiling find-msvc-tools v0.1.9
   Compiling adler2 v2.0.1
   Compiling generic-array v0.14.7
   Compiling crossbeam-epoch v0.9.18
   Compiling crc32fast v1.5.0
   Compiling hybrid-array v0.4.14
   Compiling shlex v1.3.0
   Compiling arrayvec v0.7.6
   Compiling writeable v0.6.3
   Compiling syn v2.0.117
   Compiling syn v3.0.3
   Compiling crossbeam-deque v0.8.6
   Compiling jobserver v0.1.34
   Compiling miniz_oxide v0.8.9
   Compiling semver v1.0.28
   Compiling num-integer v0.1.46
   Compiling cc v1.2.60
   Compiling icu_normalizer_data v2.2.0
   Compiling icu_properties_data v2.2.0
   Compiling futures-sink v0.3.33
   Compiling utf8_iter v1.0.4
   Compiling cpufeatures v0.3.0
   Compiling num-bigint v0.4.6
   Compiling errno v0.3.14
   Compiling futures-core v0.3.33
   Compiling zerocopy v0.8.48
   Compiling futures-channel v0.3.33
   Compiling spki v0.8.0
   Compiling rayon v1.12.0
   Compiling rustc_version v0.4.1
   Compiling itertools v0.14.0
   Compiling crypto-common v0.2.2
   Compiling block-buffer v0.12.1
   Compiling block-padding v0.4.2
   Compiling crypto-bigint v0.7.5
   Compiling inout v0.2.2
   Compiling sec1 v0.8.1
   Compiling wnaf v0.14.0
   Compiling cmake v0.1.58
   Compiling as-slice v0.2.1
   Compiling dunce v1.0.5
   Compiling serde v1.0.229
   Compiling futures-io v0.3.33
   Compiling pkg-config v0.3.33
   Compiling bitflags v2.13.1
   Compiling num-rational v0.4.2
   Compiling parking_lot_core v0.9.12
   Compiling cfg_aliases v0.2.1
   Compiling thiserror v1.0.69
   Compiling fs_extra v1.3.0
   Compiling futures-task v0.3.33
   Compiling paste v1.0.15
   Compiling slab v0.4.12
   Compiling av-scenechange v0.14.1
   Compiling digest v0.11.3
   Compiling cipher v0.5.2
   Compiling universal-hash v0.6.1
   Compiling aead v0.6.1
   Compiling built v0.8.0
   Compiling hmac v0.13.0
   Compiling sha2 v0.11.0
   Compiling polyval v0.7.3
   Compiling ctr v0.10.1
   Compiling aes v0.9.2
   Compiling salsa20 v0.11.0
   Compiling pbkdf2 v0.13.0
   Compiling ghash v0.6.0
   Compiling cbc v0.2.1
   Compiling signature v3.0.0
   Compiling hkdf v0.13.0
   Compiling chacha20 v0.10.1
   Compiling aws-lc-sys v0.44.0
   Compiling aes-gcm v0.11.0
   Compiling nix v0.31.2
   Compiling aligned v0.4.3
   Compiling curve25519-dalek v5.0.0
   Compiling flate2 v1.1.9
   Compiling signal-hook-registry v1.4.8
   Compiling socket2 v0.6.5
   Compiling rav1e v0.8.1
   Compiling scrypt v0.12.0
   Compiling mio v1.2.2
   Compiling nom v8.0.0
   Compiling no_std_io2 v0.9.3
   Compiling scopeguard v1.2.0
   Compiling pkcs5 v0.8.1
   Compiling quick-error v2.0.1
   Compiling zmij v1.0.21
   Compiling pastey v0.1.1
   Compiling y4m v0.8.0
   Compiling once_cell v1.21.4
   Compiling cfg_aliases v0.1.1
   Compiling lock_api v0.4.14
   Compiling nix v0.28.0
   Compiling pkcs8 v0.11.0
   Compiling bitstream-io v4.10.0
   Compiling maybe-rayon v0.1.1
   Compiling keccak v0.2.1
   Compiling simd_helpers v0.1.0
   Compiling synstructure v0.13.2
   Compiling thiserror-impl v2.0.20
   Compiling serde_derive v1.0.229
   Compiling tokio-macros v2.7.2
   Compiling itoa v1.0.18
   Compiling byteorder v1.5.0
   Compiling noop_proc_macro v0.3.0
   Compiling zune-core v0.5.1
   Compiling new_debug_unreachable v1.0.6
   Compiling serde_json v1.0.149
   Compiling imgref v1.12.0
   Compiling rustversion v1.0.22
   Compiling weezl v0.1.12
   Compiling zune-jpeg v0.5.15
   Compiling blowfish v0.10.0
   Compiling loop9 v0.1.5
   Compiling ed25519 v3.0.0
   Compiling tokio v1.53.1
   Compiling poly1305 v0.9.1
   Compiling blake2 v0.11.0-rc.6
   Compiling pkcs1 v0.8.0-rc.4
   Compiling avif-serialize v0.8.8
   Compiling zune-inflate v0.2.54
   Compiling elliptic-curve v0.14.1
   Compiling primefield v0.14.0
   Compiling rfc6979 v0.6.0
   Compiling ssh-encoding v0.3.0
   Compiling crypto-primes v0.7.2
   Compiling fdeflate v0.3.7
   Compiling aho-corasick v1.1.4
   Compiling zerofrom-derive v0.1.7
   Compiling yoke-derive v0.8.2
   Compiling zerovec-derive v0.11.3
   Compiling displaydoc v0.2.5
   Compiling equator-macro v0.4.2
   Compiling bytemuck_derive v1.10.2
   Compiling futures-macro v0.3.33
   Compiling zerocopy-derive v0.8.48
   Compiling primeorder v0.14.0
   Compiling equator v0.4.2
   Compiling ecdsa v0.17.0
   Compiling futures-util v0.3.33
   Compiling arg_enum_proc_macro v0.3.4
   Compiling zerofrom v0.1.7
   Compiling bytemuck v1.25.0
   Compiling profiling-procmacros v1.0.17
   Compiling thiserror-impl v1.0.69
   Compiling fax_derive v0.2.0
   Compiling num-derive v0.4.2
   Compiling aligned-vec v0.6.4
   Compiling pxfm v0.1.29
   Compiling profiling v1.0.17
   Compiling yoke v0.8.2
   Compiling v_frame v0.3.9
   Compiling aws-lc-rs v1.18.0
   Compiling fax v0.2.6
   Compiling av1-grain v0.2.5
   Compiling font-types v0.11.3
   Compiling regex-syntax v0.8.10
   Compiling tinyvec_macros v0.1.1
   Compiling byteorder-lite v0.1.0
   Compiling zerovec v0.11.6
   Compiling zerotrie v0.2.4
   Compiling read-fonts v0.37.0
   Compiling lebe v0.5.3
   Compiling hashbrown v0.17.0
   Compiling color_quant v1.1.0
   Compiling bit_field v0.10.3
   Compiling percent-encoding v2.3.2
   Compiling rustix v1.1.4
   Compiling tinystr v0.8.3
   Compiling potential_utf v0.1.5
   Compiling hex v0.4.3
   Compiling icu_locale_core v2.2.0
   Compiling icu_collections v2.2.0
   Compiling rgb v0.8.53
   Compiling equivalent v1.0.2
   Compiling core-foundation-sys v0.8.7
   Compiling indexmap v2.14.0
   Compiling filedescriptor v0.8.3
   Compiling iana-time-zone v0.1.65
   Compiling futures-executor v0.3.33
   Compiling regex-automata v0.4.14
   Compiling icu_provider v2.2.0
   Compiling moxcms v0.8.1
   Compiling form_urlencoded v1.2.2
   Compiling gif v0.14.2
   Compiling image-webp v0.2.4
   Compiling tinyvec v1.11.0
   Compiling icu_properties v2.2.0
   Compiling icu_normalizer v2.2.0
   Compiling qoi v0.4.1
   Compiling p384 v0.14.0
   Compiling p256 v0.14.0
   Compiling p521 v0.14.0
   Compiling rsa v0.10.0-rc.18
   Compiling png v0.18.1
   Compiling idna_adapter v1.2.1
   Compiling half v2.7.1
   Compiling idna v1.1.0
   Compiling ssh-cipher v0.3.0
   Compiling tiff v0.11.3
   Compiling exr v1.74.0
   Compiling ed25519-dalek v3.0.0
   Compiling argon2 v0.6.0-rc.8
   Compiling bcrypt-pbkdf v0.11.0
   Compiling sha3 v0.11.0
   Compiling rand v0.10.2
   Compiling sha1 v0.11.0
   Compiling kem v0.3.0
   Compiling skrifa v0.40.0
   Compiling crypto-common v0.1.7
   Compiling block-buffer v0.10.4
   Compiling module-lattice v0.2.3
   Compiling serial2 v0.2.36
   Compiling yazi v0.2.1
   Compiling untrusted v0.7.1
   Compiling par-term-emu-core-rust v0.41.1 (/Users/robinfai/flutter_projects/ianvs-terminal/packages/ianvs_terminal_core/native/vendor/par-term-emu-core-rust)
   Compiling getrandom v0.3.4
   Compiling unsafe-libyaml v0.2.11
   Compiling downcast-rs v1.2.1
   Compiling hashbrown v0.14.5
   Compiling ryu v1.0.23
   Compiling sponge-cursor v0.1.0
   Compiling zeno v0.3.3
   Compiling unicode-segmentation v1.13.2
   Compiling shell-words v1.1.1
   Compiling zmodem2 v0.7.2 (/Users/robinfai/flutter_projects/ianvs-terminal/packages/ianvs_terminal_core/native/vendor/zmodem2)
   Compiling portable-pty v0.9.0
   Compiling sha3 v0.12.0
   Compiling ravif v0.13.0
   Compiling dashmap v6.2.1
   Compiling serde_yaml v0.9.34+deprecated
   Compiling ml-kem v0.3.2
   Compiling digest v0.10.7
   Compiling internal-russh-num-bigint v0.5.0
   Compiling generic-array v1.4.4
   Compiling url v2.5.8
   Compiling regex v1.12.3
   Compiling swash v0.2.7
   Compiling ssh-key v0.7.0-rc.11
   Compiling image v0.25.10
   Compiling unicode-normalization v0.1.25
   Compiling futures v0.3.33
   Compiling chrono v0.4.45
   Compiling tokio-util v0.7.19
   Compiling russh-util v0.52.0
   Compiling russh-cryptovec v0.62.0
   Compiling enum_dispatch v0.3.13
   Compiling delegate v0.13.5
   Compiling prost-derive v0.14.4
   Compiling parking_lot v0.12.5
   Compiling uuid v1.23.1
   Compiling serde_bytes v0.11.19
   Compiling cpufeatures v0.2.17
   Compiling vte v0.15.0
   Compiling vte v0.14.1
   Compiling fastrand v2.4.1
   Compiling md5 v0.8.1
   Compiling hex-literal v1.1.0
   Compiling data-encoding v2.11.1
   Compiling unicode-width v0.2.2
   Compiling base64 v0.22.1
   Compiling ianvs_core v0.1.0 (/Users/robinfai/flutter_projects/ianvs-terminal/packages/ianvs_terminal_core/native/core)
   Compiling tempfile v3.27.0
   Compiling strip-ansi-escapes v0.2.1
   Compiling sha2 v0.10.9
   Compiling russh-sftp v2.4.0
   Compiling ianvs_completion_core v0.1.0 (/Users/robinfai/flutter_projects/ianvs-terminal/packages/ianvs_terminal_core/native/completion_core)
   Compiling glob v0.3.4
   Compiling prost v0.14.4
   Compiling russh v0.62.5
    Finished `dev` profile [unoptimized + debuginfo] target(s) in 30.54s
/Users/robinfai/development/flutter/bin/internal/update_engine_version.sh: line 71: /Users/robinfai/development/flutter/bin/cache/engine.stamp.tmp.23108: Operation not permitted
/Users/robinfai/development/flutter/bin/internal/update_engine_version.sh: line 78: /Users/robinfai/development/flutter/bin/cache/engine.realm: Operation not permitted
make: *** [verify] Error 1
