Analyzing example...

   info • Use an initializing formal to assign a parameter to a field. Try using an initialing formal ('this._encryptionKey') to initialize the field • lib/data/configuration/data_api_configuration_repository.dart:111:8 • prefer_initializing_formals
   info • Use an initializing formal to assign a parameter to a field. Try using an initialing formal ('this._remoteConnectionValidator') to initialize the field • lib/data/configuration/data_api_configuration_repository.dart:405:8 • prefer_initializing_formals
   info • Use an initializing formal to assign a parameter to a field. Try using an initialing formal ('this._remoteAuthenticator') to initialize the field • lib/data/configuration/data_api_configuration_repository.dart:406:8 • prefer_initializing_formals
   info • Use an initializing formal to assign a parameter to a field. Try using an initialing formal ('this._remoteSessionRevoker') to initialize the field • lib/data/configuration/data_api_configuration_repository.dart:407:8 • prefer_initializing_formals
   info • Use an initializing formal to assign a parameter to a field. Try using an initialing formal ('this._authOperationCanceler') to initialize the field • lib/data/configuration/data_api_configuration_repository.dart:408:8 • prefer_initializing_formals
   info • Use an initializing formal to assign a parameter to a field. Try using an initialing formal ('this._sagaJournalWriter') to initialize the field • lib/data/configuration/data_api_configuration_repository.dart:409:8 • prefer_initializing_formals
   info • Use an initializing formal to assign a parameter to a field. Try using an initialing formal ('this._masterKeyRepository') to initialize the field • lib/data/configuration/data_api_configuration_repository.dart:414:8 • prefer_initializing_formals
   info • Use an initializing formal to assign a parameter to a field. Try using an initialing formal ('this._configurationRepository') to initialize the field • lib/data/services/data_api_bootstrap.dart:193:8 • prefer_initializing_formals
   info • Use an initializing formal to assign a parameter to a field. Try using an initialing formal ('this._remoteSessionStore') to initialize the field • lib/data/services/data_api_bootstrap.dart:204:8 • prefer_initializing_formals
   info • Use an initializing formal to assign a parameter to a field. Try using an initialing formal ('this._localRuntimeStarter') to initialize the field • lib/data/services/data_api_bootstrap.dart:205:8 • prefer_initializing_formals
   info • Use an initializing formal to assign a parameter to a field. Try using an initialing formal ('this._sidecarCloseTimeout') to initialize the field • lib/data/services/data_api_bootstrap.dart:210:8 • prefer_initializing_formals
   info • Use an initializing formal to assign a parameter to a field. Try using an initialing formal ('this._vaultFile') to initialize the field • lib/data/services/data_api_remote_session_vault.dart:22:8 • prefer_initializing_formals
   info • Use an initializing formal to assign a parameter to a field. Try using an initialing formal ('this._masterKeyRepository') to initialize the field • lib/data/services/data_api_remote_session_vault.dart:23:8 • prefer_initializing_formals
   info • Use an initializing formal to assign a parameter to a field. Try using an initialing formal ('this._primary') to initialize the field • lib/data/services/data_api_remote_session_vault.dart:261:8 • prefer_initializing_formals
   info • Use an initializing formal to assign a parameter to a field. Try using an initialing formal ('this._legacy') to initialize the field • lib/data/services/data_api_remote_session_vault.dart:262:8 • prefer_initializing_formals
   info • Use an initializing formal to assign a parameter to a field. Try using an initialing formal ('this._masterKeyRepository') to initialize the field • lib/data/services/data_api_remote_session_vault.dart:263:8 • prefer_initializing_formals
   info • Use an initializing formal to assign a parameter to a field. Try using an initialing formal ('this._migrationMarker') to initialize the field • lib/data/services/data_api_remote_session_vault.dart:264:8 • prefer_initializing_formals
   info • Use an initializing formal to assign a parameter to a field. Try using an initialing formal ('this._legacyMigrationEnabled') to initialize the field • lib/data/services/data_api_remote_session_vault.dart:265:8 • prefer_initializing_formals
   info • Use an initializing formal to assign a parameter to a field. Try using an initialing formal ('this._closeLocalSidecar') to initialize the field • lib/data/services/data_api_runtime.dart:61:8 • prefer_initializing_formals
   info • Use an initializing formal to assign a parameter to a field. Try using an initialing formal ('this._initialRuntime') to initialize the field • lib/data/services/data_api_startup_recovery.dart:19:8 • prefer_initializing_formals
   info • Use an initializing formal to assign a parameter to a field. Try using an initialing formal ('this._bootstrap') to initialize the field • lib/data/services/data_api_startup_recovery.dart:20:8 • prefer_initializing_formals
   info • Use an initializing formal to assign a parameter to a field. Try using an initialing formal ('this._resourceCleanup') to initialize the field • lib/data/services/local_data_api_sidecar.dart:28:8 • prefer_initializing_formals
   info • Use an initializing formal to assign a parameter to a field. Try using an initialing formal ('this._process') to initialize the field • lib/data/services/local_data_api_sidecar.dart:288:8 • prefer_initializing_formals
   info • Use an initializing formal to assign a parameter to a field. Try using an initialing formal ('this._processTerminator') to initialize the field • lib/data/services/local_data_api_sidecar.dart:289:8 • prefer_initializing_formals
   info • Use an initializing formal to assign a parameter to a field. Try using an initialing formal ('this._cancelSubscriptions') to initialize the field • lib/data/services/local_data_api_sidecar.dart:290:8 • prefer_initializing_formals
   info • Use an initializing formal to assign a parameter to a field. Try using an initialing formal ('this._gracePeriod') to initialize the field • lib/data/services/local_data_api_sidecar.dart:411:8 • prefer_initializing_formals
   info • Use an initializing formal to assign a parameter to a field. Try using an initialing formal ('this._terminateTimeout') to initialize the field • lib/data/services/local_data_api_sidecar.dart:412:8 • prefer_initializing_formals
   info • Use an initializing formal to assign a parameter to a field. Try using an initialing formal ('this._killTimeout') to initialize the field • lib/data/services/local_data_api_sidecar.dart:413:8 • prefer_initializing_formals
   info • Use an initializing formal to assign a parameter to a field. Try using an initialing formal ('this._storage') to initialize the field • lib/data/services/portable_master_key.dart:113:8 • prefer_initializing_formals
   info • Use an initializing formal to assign a parameter to a field. Try using an initialing formal ('this._allowCreation') to initialize the field • lib/data/services/portable_master_key.dart:182:8 • prefer_initializing_formals
   info • Use an initializing formal to assign a parameter to a field. Try using an initialing formal ('this._pasteHistory') to initialize the field • lib/data/sync/sync_repositories.dart:40:8 • prefer_initializing_formals
   info • Use an initializing formal to assign a parameter to a field. Try using an initialing formal ('this._local') to initialize the field • lib/data/sync/sync_repositories.dart:102:8 • prefer_initializing_formals
   info • Use an initializing formal to assign a parameter to a field. Try using an initialing formal ('this._binding') to initialize the field • lib/data/sync/sync_repositories.dart:103:8 • prefer_initializing_formals
   info • Use an initializing formal to assign a parameter to a field. Try using an initialing formal ('this._coordinator') to initialize the field • lib/data/sync/sync_repositories.dart:104:8 • prefer_initializing_formals
   info • Use an initializing formal to assign a parameter to a field. Try using an initialing formal ('this._local') to initialize the field • lib/data/sync/sync_repositories.dart:191:8 • prefer_initializing_formals
   info • Use an initializing formal to assign a parameter to a field. Try using an initialing formal ('this._binding') to initialize the field • lib/data/sync/sync_repositories.dart:192:8 • prefer_initializing_formals
   info • Use an initializing formal to assign a parameter to a field. Try using an initialing formal ('this._coordinator') to initialize the field • lib/data/sync/sync_repositories.dart:193:8 • prefer_initializing_formals
   info • Use an initializing formal to assign a parameter to a field. Try using an initialing formal ('this._local') to initialize the field • lib/data/sync/sync_repositories.dart:253:8 • prefer_initializing_formals
   info • Use an initializing formal to assign a parameter to a field. Try using an initialing formal ('this._binding') to initialize the field • lib/data/sync/sync_repositories.dart:254:8 • prefer_initializing_formals
   info • Use an initializing formal to assign a parameter to a field. Try using an initialing formal ('this._coordinator') to initialize the field • lib/data/sync/sync_repositories.dart:255:8 • prefer_initializing_formals
   info • Use an initializing formal to assign a parameter to a field. Try using an initialing formal ('this._client') to initialize the field • lib/features/config/data_api_terminal_config_repository.dart:10:7 • prefer_initializing_formals
   info • Use an initializing formal to assign a parameter to a field. Try using an initialing formal ('this._persistedDisabledDefaultActions') to initialize the field • lib/features/config/local_terminal_config_models.dart:243:8 • prefer_initializing_formals
   info • Use an initializing formal to assign a parameter to a field. Try using an initialing formal ('this._tombstonedOverrides') to initialize the field • lib/features/config/local_terminal_config_models.dart:244:8 • prefer_initializing_formals
   info • Use an initializing formal to assign a parameter to a field. Try using an initialing formal ('this._client') to initialize the field • lib/features/layout/data_api_terminal_layout_repository.dart:9:7 • prefer_initializing_formals
   info • Use an initializing formal to assign a parameter to a field. Try using an initialing formal ('this._client') to initialize the field • lib/features/preferences/data_api_app_preferences_repository.dart:10:7 • prefer_initializing_formals
   info • Use an initializing formal to assign a parameter to a field. Try using an initialing formal ('this._client') to initialize the field • lib/features/profiles/data_api_profile_repository.dart:74:8 • prefer_initializing_formals
   info • Use an initializing formal to assign a parameter to a field. Try using an initialing formal ('this._exportDirectoryResolver') to initialize the field • lib/features/profiles/data_api_profile_repository.dart:75:8 • prefer_initializing_formals
   info • Use an initializing formal to assign a parameter to a field. Try using an initialing formal ('this._warnings') to initialize the field • lib/features/profiles/profile_models.dart:551:8 • prefer_initializing_formals
   info • Use an initializing formal to assign a parameter to a field. Try using an initialing formal ('this._storage') to initialize the field • lib/features/profiles/profile_secret_cipher.dart:29:8 • prefer_initializing_formals
   info • Use an initializing formal to assign a parameter to a field. Try using an initialing formal ('this._keyStore') to initialize the field • lib/features/profiles/profile_secret_cipher.dart:119:8 • prefer_initializing_formals
   info • Use an initializing formal to assign a parameter to a field. Try using an initialing formal ('this._legacyKeyStore') to initialize the field • lib/features/profiles/profile_secret_cipher.dart:120:8 • prefer_initializing_formals
   info • Use an initializing formal to assign a parameter to a field. Try using an initialing formal ('this._algorithm') to initialize the field • lib/features/profiles/profile_secret_cipher.dart:121:8 • prefer_initializing_formals
   info • Use an initializing formal to assign a parameter to a field. Try using an initialing formal ('this._encoder') to initialize the field • lib/features/recording/local_session_recording_repository.dart:781:8 • prefer_initializing_formals
   info • Use an initializing formal to assign a parameter to a field. Try using an initialing formal ('this._decoder') to initialize the field • lib/features/recording/local_session_recording_repository.dart:782:8 • prefer_initializing_formals
   info • Use an initializing formal to assign a parameter to a field. Try using an initialing formal ('this._destinationCleanupBarrier') to initialize the field • lib/features/recording/local_session_recording_repository.dart:789:8 • prefer_initializing_formals
   info • Use an initializing formal to assign a parameter to a field. Try using an initialing formal ('this._settlementPersistenceBarrier') to initialize the field • lib/features/recording/local_session_recording_repository.dart:790:8 • prefer_initializing_formals
   info • Use an initializing formal to assign a parameter to a field. Try using an initialing formal ('this._destinationGcPreLockBarrier') to initialize the field • lib/features/recording/local_session_recording_repository.dart:791:8 • prefer_initializing_formals
   info • Use an initializing formal to assign a parameter to a field. Try using an initialing formal ('this._repository') to initialize the field • lib/features/security/master_key_management.dart:13:8 • prefer_initializing_formals
   info • Use an initializing formal to assign a parameter to a field. Try using an initialing formal ('this._platform') to initialize the field • lib/features/sftp/sftp_file_actions.dart:107:8 • prefer_initializing_formals
   info • Use an initializing formal to assign a parameter to a field. Try using an initialing formal ('this._settleDelay') to initialize the field • lib/features/sftp/sftp_file_actions.dart:108:8 • prefer_initializing_formals
   info • Use an initializing formal to assign a parameter to a field. Try using an initialing formal ('this._onCancel') to initialize the field • lib/features/sftp/sftp_side_panel.dart:44:8 • prefer_initializing_formals
   info • Use an initializing formal to assign a parameter to a field. Try using an initialing formal ('this._client') to initialize the field • lib/features/shell/data_api_paste_history_repository.dart:8:7 • prefer_initializing_formals
   info • Use an initializing formal to assign a parameter to a field. Try using an initialing formal ('this._onFrameMaterialized') to initialize the field • lib/features/shell/instant_replay_store.dart:103:8 • prefer_initializing_formals
   info • Use an initializing formal to assign a parameter to a field. Try using an initialing formal ('this._onInlineImageFingerprint') to initialize the field • lib/features/shell/instant_replay_store.dart:104:8 • prefer_initializing_formals
   info • Use an initializing formal to assign a parameter to a field. Try using an initialing formal ('this._sendInput') to initialize the field • lib/features/shell/osc72_drag_drop_controller.dart:71:8 • prefer_initializing_formals
   info • Use an initializing formal to assign a parameter to a field. Try using an initialing formal ('this._configureTarget') to initialize the field • lib/features/shell/osc72_drag_drop_controller.dart:72:8 • prefer_initializing_formals
   info • Use an initializing formal to assign a parameter to a field. Try using an initialing formal ('this._setDecision') to initialize the field • lib/features/shell/osc72_drag_drop_controller.dart:73:8 • prefer_initializing_formals
   info • Use an initializing formal to assign a parameter to a field. Try using an initialing formal ('this._readDropData') to initialize the field • lib/features/shell/osc72_drag_drop_controller.dart:74:8 • prefer_initializing_formals
   info • Use an initializing formal to assign a parameter to a field. Try using an initialing formal ('this._releaseDrop') to initialize the field • lib/features/shell/osc72_drag_drop_controller.dart:75:8 • prefer_initializing_formals
   info • Use an initializing formal to assign a parameter to a field. Try using an initialing formal ('this._viewportController') to initialize the field • lib/features/shell/shell_screen_instant_replay.dart:8:8 • prefer_initializing_formals
   info • Use an initializing formal to assign a parameter to a field. Try using an initialing formal ('this._replayRuntime') to initialize the field • lib/features/shell/shell_screen_recording_library.dart:422:8 • prefer_initializing_formals
   info • Use an initializing formal to assign a parameter to a field. Try using an initialing formal ('this._recreate') to initialize the field • lib/features/shell/shell_screen_recording_library.dart:423:8 • prefer_initializing_formals
   info • Use an initializing formal to assign a parameter to a field. Try using an initialing formal ('this._onRecreated') to initialize the field • lib/features/shell/shell_screen_recording_library.dart:424:8 • prefer_initializing_formals
   info • Statements in an if should be enclosed in a block. Try wrapping the statement in a block • lib/features/shell/shell_screen_sftp.dart:54:7 • curly_braces_in_flow_control_structures
   info • Statements in an if should be enclosed in a block. Try wrapping the statement in a block • lib/features/shell/shell_screen_state_command_actions.dart:650:15 • curly_braces_in_flow_control_structures
   info • Statements in an if should be enclosed in a block. Try wrapping the statement in a block • lib/features/shell/shell_screen_state_instant_replay.dart:313:7 • curly_braces_in_flow_control_structures
   info • Use an initializing formal to assign a parameter to a field. Try using an initialing formal ('this._backgroundLoader') to initialize the field • lib/features/ssh/ssh_profile_import_service.dart:35:8 • prefer_initializing_formals
   info • Use an initializing formal to assign a parameter to a field. Try using an initialing formal ('this._repository') to initialize the field • lib/startup/production_app_startup.dart:445:8 • prefer_initializing_formals
   info • Use an initializing formal to assign a parameter to a field. Try using an initialing formal ('this._fileRepository') to initialize the field • lib/startup/production_app_startup.dart:446:8 • prefer_initializing_formals
   info • Use an initializing formal to assign a parameter to a field. Try using an initialing formal ('this._masterKeyRepository') to initialize the field • lib/startup/production_app_startup.dart:447:8 • prefer_initializing_formals
   info • Use an initializing formal to assign a parameter to a field. Try using an initialing formal ('this._platform') to initialize the field • lib/startup/production_app_startup.dart:448:8 • prefer_initializing_formals
   info • Sort directive sections alphabetically. Try sorting the directives • lib/ui/app_ui.dart:2:1 • directives_ordering
   info • Use an initializing formal to assign a parameter to a field. Try using an initialing formal ('this._local') to initialize the field • test/data/sync/api_sync_panel_test.dart:337:8 • prefer_initializing_formals
   info • Sort directive sections alphabetically. Try sorting the directives • test/shell/session_sidebar_test.dart:5:1 • directives_ordering
   info • Use an initializing formal to assign a parameter to a field. Try using an initialing formal ('this._initialSetupRequirement') to initialize the field • test/startup/app_startup_host_test.dart:925:8 • prefer_initializing_formals
   info • Sort directive sections alphabetically. Try sorting the directives • test/visual/local_terminal_diagnostics_exporter_test.dart:5:1 • directives_ordering
   info • Method invocation or property access on a 'dynamic' target. Try giving the target a type • test/visual/local_terminal_diagnostics_exporter_test.dart:43:11 • avoid_dynamic_calls
   info • Method invocation or property access on a 'dynamic' target. Try giving the target a type • test/visual/local_terminal_diagnostics_exporter_test.dart:45:14 • avoid_dynamic_calls
   info • Method invocation or property access on a 'dynamic' target. Try giving the target a type • test/visual/local_terminal_diagnostics_exporter_test.dart:46:14 • avoid_dynamic_calls
   info • Method invocation or property access on a 'dynamic' target. Try giving the target a type • test/visual/local_terminal_diagnostics_exporter_test.dart:47:14 • avoid_dynamic_calls

90 issues found. (ran in 5.5s)
