package:ianvs_design has `uses-material-design: true` set but the primary pubspec contains `uses-material-design: false`. If the application needs material icons, then `uses-material-design`  must be set to true.
00:00 +0: loading /Users/robinfai/flutter_projects/ianvs-terminal/example/test/shell/shell_pane_input_metrics_test.dart
00:00 +0: secondary click in inactive raw pane preserves Composer target and draft (variant: TargetPlatform.macOS)
══╡ EXCEPTION CAUGHT BY FLUTTER TEST FRAMEWORK ╞════════════════════════════════════════════════════
The following TestFailure was thrown running a test:
Expected: true
  Actual: <false>

When the exception was thrown, this was the stack:
#4      main.<anonymous closure> (file:///Users/robinfai/flutter_projects/ianvs-terminal/example/test/shell/shell_pane_input_metrics_test.dart:191:7)
<asynchronous suspension>
#5      testWidgets.<anonymous closure>.<anonymous closure> (package:flutter_test/src/widget_tester.dart:192:15)
<asynchronous suspension>
#6      TestWidgetsFlutterBinding._runTestBody (package:flutter_test/src/binding.dart:1952:5)
<asynchronous suspension>
<asynchronous suspension>
(elided one frame from package:stack_trace)

This was caught by the test expectation on the following line:
  file:///Users/robinfai/flutter_projects/ianvs-terminal/example/test/shell/shell_pane_input_metrics_test.dart line 191
The test description was:
  secondary click in inactive raw pane preserves Composer target and draft (variant:
  TargetPlatform.macOS)
════════════════════════════════════════════════════════════════════════════════════════════════════
00:02 +0 -1: secondary click in inactive raw pane preserves Composer target and draft (variant: TargetPlatform.macOS) [E]
  Test failed. See exception logs above.
  The test description was: secondary click in inactive raw pane preserves Composer target and draft (variant: TargetPlatform.macOS)
  
00:02 +0 -1: primary PointerDeviceKind.mouse click still activates the clicked pane without losing draft (variant: TargetPlatform.macOS)
00:02 +1 -1: primary PointerDeviceKind.touch click still activates the clicked pane without losing draft (variant: TargetPlatform.macOS)
00:03 +2 -1: DPR-only resize updates native pixels and replay metrics without changing cells (variant: TargetPlatform.macOS)
00:03 +3 -1: DPR 1 to 2 to 1 before debounce never commits obsolete metrics (variant: TargetPlatform.macOS)
00:03 +4 -1: selection release cannot commit a queued resize from the previous DPR (variant: TargetPlatform.macOS)
00:03 +5 -1: tab menu TerminalActionId.closePane keeps its captured target after the original pane exits (variant: TargetPlatform.macOS)
00:04 +6 -1: tab menu TerminalActionId.closeActiveTab keeps its captured target after the original pane exits (variant: TargetPlatform.macOS)
00:04 +7 -1: Some tests failed.

Failing tests:
  /Users/robinfai/flutter_projects/ianvs-terminal/example/test/shell/shell_pane_input_metrics_test.dart: secondary click in inactive raw pane preserves Composer target and draft (variant: TargetPlatform.macOS)
