package:ianvs_design has `uses-material-design: true` set but the primary pubspec contains `uses-material-design: false`. If the application needs material icons, then `uses-material-design`  must be set to true.
00:00 +0: loading /Users/robinfai/flutter_projects/ianvs-terminal/example/test/shell/shell_pane_input_metrics_test.dart
00:00 +0: secondary click in inactive raw pane preserves Composer target and draft (variant: TargetPlatform.macOS)
00:01 +1: primary PointerDeviceKind.mouse click still activates the clicked pane without losing draft (variant: TargetPlatform.macOS)
00:02 +2: primary PointerDeviceKind.touch click still activates the clicked pane without losing draft (variant: TargetPlatform.macOS)
00:02 +3: cancelling an inactive tab menu restores the original Composer draft focus (variant: TargetPlatform.macOS)
00:03 +4: DPR-only resize updates native pixels and replay metrics without changing cells (variant: TargetPlatform.macOS)
00:03 +5: DPR 1 to 2 to 1 before debounce never commits obsolete metrics (variant: TargetPlatform.macOS)
00:03 +6: selection release cannot commit a queued resize from the previous DPR (variant: TargetPlatform.macOS)
00:03 +7: tab menu TerminalActionId.closePane keeps its captured target after the original pane exits (variant: TargetPlatform.macOS)
00:04 +8: tab menu TerminalActionId.closeActiveTab keeps its captured target after the original pane exits (variant: TargetPlatform.macOS)
00:04 +9: old tab mode menu cannot follow a pane moved into another tab (variant: TargetPlatform.macOS)
══╡ EXCEPTION CAUGHT BY FLUTTER TEST FRAMEWORK ╞════════════════════════════════════════════════════
The following StateError was thrown running a test:
Bad state: No element

When the exception was thrown, this was the stack:
#0      ListBase.singleWhere (dart:collection/list.dart:167:5)
#1      main.<anonymous closure> (file:///Users/robinfai/flutter_projects/ianvs-terminal/example/test/shell/shell_pane_input_metrics_test.dart:523:14)
<asynchronous suspension>
#2      testWidgets.<anonymous closure>.<anonymous closure> (package:flutter_test/src/widget_tester.dart:192:15)
<asynchronous suspension>
#3      TestWidgetsFlutterBinding._runTestBody (package:flutter_test/src/binding.dart:1952:5)
<asynchronous suspension>
<asynchronous suspension>
(elided one frame from package:stack_trace)

The test description was:
  old tab mode menu cannot follow a pane moved into another tab (variant: TargetPlatform.macOS)
════════════════════════════════════════════════════════════════════════════════════════════════════
00:05 +9 -1: old tab mode menu cannot follow a pane moved into another tab (variant: TargetPlatform.macOS) [E]
  Test failed. See exception logs above.
  The test description was: old tab mode menu cannot follow a pane moved into another tab (variant: TargetPlatform.macOS)
  
00:05 +9 -1: Some tests failed.

Failing tests:
  /Users/robinfai/flutter_projects/ianvs-terminal/example/test/shell/shell_pane_input_metrics_test.dart: old tab mode menu cannot follow a pane moved into another tab (variant: TargetPlatform.macOS)
