package:ianvs_design has `uses-material-design: true` set but the primary pubspec contains `uses-material-design: false`. If the application needs material icons, then `uses-material-design`  must be set to true.
00:00 +0: loading /Users/robinfai/flutter_projects/ianvs-terminal/example/test/shell/mobile_terminal_modes_test.dart
00:00 +0: /Users/robinfai/flutter_projects/ianvs-terminal/example/test/terminal_input_controller_test.dart: terminal input uses keyboard paste shortcut to send clipboard text (variant: TargetPlatform.macOS)
00:00 +1: /Users/robinfai/flutter_projects/ianvs-terminal/example/test/shell/mobile_terminal_modes_test.dart: AI evidence reinput reveals and focuses the draft from Normal on macOS (reconnected: false)
00:00 +2: /Users/robinfai/flutter_projects/ianvs-terminal/example/test/shell/mobile_terminal_modes_test.dart: AI evidence reinput reveals and focuses the draft from Normal on macOS (reconnected: false)
00:00 +3: /Users/robinfai/flutter_projects/ianvs-terminal/example/test/shell/mobile_terminal_modes_test.dart: AI evidence reinput reveals and focuses the draft from Normal on macOS (reconnected: false)
00:00 +4: /Users/robinfai/flutter_projects/ianvs-terminal/example/test/shell/mobile_terminal_modes_test.dart: AI evidence reinput reveals and focuses the draft from Normal on macOS (reconnected: false)
00:00 +5: /Users/robinfai/flutter_projects/ianvs-terminal/example/test/shell/mobile_terminal_modes_test.dart: AI evidence reinput reveals and focuses the draft from Normal on macOS (reconnected: false)
00:00 +6: /Users/robinfai/flutter_projects/ianvs-terminal/example/test/shell/mobile_terminal_modes_test.dart: AI evidence reinput reveals and focuses the draft from Normal on macOS (reconnected: false)
00:00 +7: /Users/robinfai/flutter_projects/ianvs-terminal/example/test/shell/mobile_terminal_modes_test.dart: AI evidence reinput reveals and focuses the draft from Normal on macOS (reconnected: false)
00:00 +8: /Users/robinfai/flutter_projects/ianvs-terminal/example/test/shell/mobile_terminal_modes_test.dart: AI evidence reinput reveals and focuses the draft from Normal on macOS (reconnected: false)
00:00 +9: /Users/robinfai/flutter_projects/ianvs-terminal/example/test/shell/mobile_terminal_modes_test.dart: AI evidence reinput reveals and focuses the draft from Normal on macOS (reconnected: false)
00:00 +10: /Users/robinfai/flutter_projects/ianvs-terminal/example/test/shell/mobile_terminal_modes_test.dart: AI evidence reinput reveals and focuses the draft from Normal on macOS (reconnected: false)
00:00 +11: /Users/robinfai/flutter_projects/ianvs-terminal/example/test/shell/mobile_terminal_modes_test.dart: AI evidence reinput reveals and focuses the draft from Normal on macOS (reconnected: false)
00:00 +12: /Users/robinfai/flutter_projects/ianvs-terminal/example/test/shell/mobile_terminal_modes_test.dart: AI evidence reinput reveals and focuses the draft from Normal on macOS (reconnected: false)
00:00 +13: /Users/robinfai/flutter_projects/ianvs-terminal/example/test/shell/mobile_terminal_modes_test.dart: AI evidence reinput reveals and focuses the draft from Normal on macOS (reconnected: false)
00:00 +14: /Users/robinfai/flutter_projects/ianvs-terminal/example/test/shell/mobile_terminal_modes_test.dart: AI evidence reinput reveals and focuses the draft from Normal on macOS (reconnected: false)
00:00 +15: /Users/robinfai/flutter_projects/ianvs-terminal/example/test/shell/mobile_terminal_modes_test.dart: AI evidence reinput reveals and focuses the draft from Normal on macOS (reconnected: false)
00:00 +16: /Users/robinfai/flutter_projects/ianvs-terminal/example/test/shell/mobile_terminal_modes_test.dart: AI evidence reinput reveals and focuses the draft from Normal on macOS (reconnected: false)
00:00 +17: /Users/robinfai/flutter_projects/ianvs-terminal/example/test/shell/mobile_terminal_modes_test.dart: AI evidence reinput reveals and focuses the draft from Normal on macOS (reconnected: false)
00:00 +18: /Users/robinfai/flutter_projects/ianvs-terminal/example/test/shell/mobile_terminal_modes_test.dart: AI evidence reinput reveals and focuses the draft from Normal on macOS (reconnected: false)
00:00 +19: /Users/robinfai/flutter_projects/ianvs-terminal/example/test/shell/mobile_terminal_modes_test.dart: AI evidence reinput reveals and focuses the draft from Normal on macOS (reconnected: false)
00:00 +20: /Users/robinfai/flutter_projects/ianvs-terminal/example/test/shell/mobile_terminal_modes_test.dart: AI evidence reinput reveals and focuses the draft from Normal on macOS (reconnected: false)
00:00 +21: /Users/robinfai/flutter_projects/ianvs-terminal/example/test/shell/mobile_terminal_modes_test.dart: AI evidence reinput reveals and focuses the draft from Normal on macOS (reconnected: false)
00:00 +22: /Users/robinfai/flutter_projects/ianvs-terminal/example/test/shell/mobile_terminal_modes_test.dart: AI evidence reinput reveals and focuses the draft from Normal on macOS (reconnected: false)
00:00 +23: /Users/robinfai/flutter_projects/ianvs-terminal/example/test/shell/mobile_terminal_modes_test.dart: AI evidence reinput reveals and focuses the draft from Normal on macOS (reconnected: false)
00:00 +24: /Users/robinfai/flutter_projects/ianvs-terminal/example/test/shell/mobile_terminal_modes_test.dart: AI evidence reinput reveals and focuses the draft from Normal on macOS (reconnected: false)
00:01 +25: /Users/robinfai/flutter_projects/ianvs-terminal/example/test/shell/mobile_terminal_modes_test.dart: AI evidence reinput reveals and focuses the draft from Normal on macOS (reconnected: false)
00:01 +26: /Users/robinfai/flutter_projects/ianvs-terminal/example/test/shell/mobile_terminal_modes_test.dart: AI evidence reinput reveals and focuses the draft from Normal on macOS (reconnected: false)
00:01 +27: /Users/robinfai/flutter_projects/ianvs-terminal/example/test/shell/mobile_terminal_modes_test.dart: AI evidence reinput reveals and focuses the draft from Normal on macOS (reconnected: false)
00:01 +28: /Users/robinfai/flutter_projects/ianvs-terminal/example/test/shell/mobile_terminal_modes_test.dart: AI evidence reinput reveals and focuses the draft from Normal on macOS (reconnected: false)
00:01 +29: /Users/robinfai/flutter_projects/ianvs-terminal/example/test/shell/mobile_terminal_modes_test.dart: AI evidence reinput reveals and focuses the draft from Normal on macOS (reconnected: false)
00:01 +30: /Users/robinfai/flutter_projects/ianvs-terminal/example/test/shell/mobile_terminal_modes_test.dart: AI evidence reinput reveals and focuses the draft from Normal on macOS (reconnected: false)
00:01 +31: /Users/robinfai/flutter_projects/ianvs-terminal/example/test/shell/mobile_terminal_modes_test.dart: AI evidence reinput reveals and focuses the draft from Normal on macOS (reconnected: false)
00:01 +32: /Users/robinfai/flutter_projects/ianvs-terminal/example/test/shell/mobile_terminal_modes_test.dart: AI evidence reinput reveals and focuses the draft from Normal on macOS (reconnected: false)
00:01 +33: /Users/robinfai/flutter_projects/ianvs-terminal/example/test/shell/mobile_terminal_modes_test.dart: AI evidence reinput reveals and focuses the draft from Normal on macOS (reconnected: false)
00:01 +34: /Users/robinfai/flutter_projects/ianvs-terminal/example/test/shell/mobile_terminal_modes_test.dart: AI evidence reinput reveals and focuses the draft from Normal on macOS (reconnected: false)
00:01 +35: /Users/robinfai/flutter_projects/ianvs-terminal/example/test/shell/mobile_terminal_modes_test.dart: AI evidence reinput reveals and focuses the draft from Normal on macOS (reconnected: false)
00:01 +36: /Users/robinfai/flutter_projects/ianvs-terminal/example/test/shell/mobile_terminal_modes_test.dart: AI evidence reinput reveals and focuses the draft from Normal on macOS (reconnected: false)
00:01 +37: /Users/robinfai/flutter_projects/ianvs-terminal/example/test/shell/mobile_terminal_modes_test.dart: AI evidence reinput reveals and focuses the draft from Normal on macOS (reconnected: false)
00:01 +38: /Users/robinfai/flutter_projects/ianvs-terminal/example/test/shell/mobile_terminal_modes_test.dart: AI evidence reinput reveals and focuses the draft from Normal on macOS (reconnected: false)
00:01 +39: /Users/robinfai/flutter_projects/ianvs-terminal/example/test/shell/mobile_terminal_modes_test.dart: AI evidence reinput reveals and focuses the draft from Normal on macOS (reconnected: false)
00:01 +40: /Users/robinfai/flutter_projects/ianvs-terminal/example/test/shell/mobile_terminal_modes_test.dart: AI evidence reinput reveals and focuses the draft from Normal on macOS (reconnected: false)
00:01 +41: /Users/robinfai/flutter_projects/ianvs-terminal/example/test/shell/mobile_terminal_modes_test.dart: AI evidence reinput reveals and focuses the draft from Normal on macOS (reconnected: false)
00:01 +42: /Users/robinfai/flutter_projects/ianvs-terminal/example/test/shell/mobile_terminal_modes_test.dart: AI evidence reinput reveals and focuses the draft from Normal on macOS (reconnected: true)
00:02 +43: /Users/robinfai/flutter_projects/ianvs-terminal/example/test/shell/mobile_terminal_modes_test.dart: AI evidence reinput reveals and focuses the draft from Normal on iOS (reconnected: false)
00:03 +44: /Users/robinfai/flutter_projects/ianvs-terminal/example/test/shell/mobile_terminal_modes_test.dart: AI evidence reinput reveals and focuses the draft from Normal on iOS (reconnected: true)
00:03 +45: /Users/robinfai/flutter_projects/ianvs-terminal/example/test/shell/mobile_terminal_modes_test.dart: AI evidence reinput keeps both drafts when the editor is unavailable
00:04 +46: /Users/robinfai/flutter_projects/ianvs-terminal/example/test/shell/mobile_terminal_modes_test.dart: completed AI task returns to visible TerminalViewMode.normal on TargetPlatform.macOS
00:05 +47: /Users/robinfai/flutter_projects/ianvs-terminal/example/test/shell/mobile_terminal_modes_test.dart: completed AI task returns to visible TerminalViewMode.blocks on TargetPlatform.macOS
00:06 +48: /Users/robinfai/flutter_projects/ianvs-terminal/example/test/shell/mobile_terminal_modes_test.dart: completed AI task returns to visible TerminalViewMode.normal on TargetPlatform.iOS
00:07 +49: /Users/robinfai/flutter_projects/ianvs-terminal/example/test/shell/mobile_terminal_modes_test.dart: completed AI task returns to visible TerminalViewMode.blocks on TargetPlatform.iOS
00:07 +50: /Users/robinfai/flutter_projects/ianvs-terminal/example/test/shell/mobile_terminal_modes_test.dart: reduced motion session menus preserve input and grid on TargetPlatform.macOS
00:08 +51: /Users/robinfai/flutter_projects/ianvs-terminal/example/test/shell/mobile_terminal_modes_test.dart: reduced motion session menus preserve input and grid on TargetPlatform.iOS
00:08 +52: /Users/robinfai/flutter_projects/ianvs-terminal/example/test/shell/mobile_terminal_modes_test.dart: SSH failure keeps AI draft and output on macOS

Warning: A call to tap() with finder "Found 1 widget with key [<'ai-terminal-settings'>]: [
  TextButton-[<'ai-terminal-settings'>](dirty, dependencies: [IconTheme, InheritedCupertinoTheme, MediaQuery, _InheritedTheme, _LocalizationsScope-[GlobalKey#1f923], _ScrollableScope], state: _ButtonStyleState#cdb1d),
]" derived an Offset (Offset(524.0, 311.0)) that would not hit test on the specified widget.
Maybe the widget is actually off-screen, or another widget is obscuring it, or the widget cannot receive pointer events.
The finder corresponds to this RenderBox: RenderSemanticsAnnotations#f0ca0 relayoutBoundary=up8 NEEDS-PAINT
The hit test result at that offset is: HitTestResult(RenderPointerListener#44033@Offset(524.0, 311.0), RenderSemanticsAnnotations#6d87e@Offset(524.0, 311.0), RenderSemanticsAnnotations#444b0@Offset(524.0, 311.0), RenderSemanticsAnnotations#5aff2@Offset(524.0, 311.0), RenderSemanticsAnnotations#4b491@Offset(524.0, 311.0), RenderTapRegionSurface#737ed@Offset(524.0, 311.0), RenderSemanticsAnnotations#54856@Offset(524.0, 311.0), RenderSemanticsAnnotations#e0bbb@Offset(524.0, 311.0), RenderSemanticsAnnotations#ca01f@Offset(524.0, 311.0), RenderRepaintBoundary#21b4e@Offset(524.0, 311.0), HitTestEntry<HitTestTarget>#1e5b8(_ReusableRenderView#5e6de), HitTestEntry<HitTestTarget>#b9496(<ConfigurationCaptureBinding>))
#0      WidgetController._getElementPoint (package:flutter_test/src/controller.dart:2165:25)
#1      WidgetController.getCenter (package:flutter_test/src/controller.dart:1947:12)
#2      WidgetController.tap (package:flutter_test/src/controller.dart:1080:7)
#3      main.<anonymous closure> (file:///Users/robinfai/flutter_projects/ianvs-terminal/example/test/shell/mobile_terminal_modes_test.dart:753:20)
<asynchronous suspension>
#4      testWidgets.<anonymous closure>.<anonymous closure> (package:flutter_test/src/widget_tester.dart:192:15)
<asynchronous suspension>
#5      TestWidgetsFlutterBinding._runTestBody (package:flutter_test/src/binding.dart:1952:5)
<asynchronous suspension>
#6      StackZoneSpecification._registerCallback.<anonymous closure> (package:stack_trace/src/stack_zone_specification.dart:114:42)
<asynchronous suspension>
To silence this warning, pass "warnIfMissed: false" to "tap()".
To make this warning fatal, set WidgetController.hitTestWarningShouldBeFatal to true.

00:09 +53: /Users/robinfai/flutter_projects/ianvs-terminal/example/test/shell/mobile_terminal_modes_test.dart: SSH failure keeps AI draft and output on iOS

Warning: A call to tap() with finder "Found 1 widget with key [<'ai-terminal-settings'>]: [
  TextButton-[<'ai-terminal-settings'>](dirty, dependencies: [IconTheme, InheritedCupertinoTheme, MediaQuery, _InheritedTheme, _LocalizationsScope-[GlobalKey#8e21b], _ScrollableScope], state: _ButtonStyleState#4a0a1),
]" derived an Offset (Offset(253.0, 518.0)) that would not hit test on the specified widget.
Maybe the widget is actually off-screen, or another widget is obscuring it, or the widget cannot receive pointer events.
The finder corresponds to this RenderBox: RenderSemanticsAnnotations#91c00 relayoutBoundary=up8 NEEDS-PAINT
The hit test result at that offset is: HitTestResult(RenderPointerListener#7aa10@Offset(253.0, 518.0), RenderSemanticsAnnotations#5efed@Offset(253.0, 518.0), RenderSemanticsAnnotations#2d734@Offset(253.0, 518.0), RenderSemanticsAnnotations#6f800@Offset(253.0, 518.0), RenderSemanticsAnnotations#cc69c@Offset(253.0, 518.0), RenderTapRegionSurface#ccaf5@Offset(253.0, 518.0), RenderSemanticsAnnotations#fb070@Offset(253.0, 518.0), RenderSemanticsAnnotations#6d8e2@Offset(253.0, 518.0), RenderSemanticsAnnotations#b4508@Offset(253.0, 518.0), RenderRepaintBoundary#fdb13@Offset(253.0, 518.0), HitTestEntry<HitTestTarget>#43c28(_ReusableRenderView#5e6de), HitTestEntry<HitTestTarget>#16ebd(<ConfigurationCaptureBinding>))
#0      WidgetController._getElementPoint (package:flutter_test/src/controller.dart:2165:25)
#1      WidgetController.getCenter (package:flutter_test/src/controller.dart:1947:12)
#2      WidgetController.tap (package:flutter_test/src/controller.dart:1080:7)
#3      main.<anonymous closure> (file:///Users/robinfai/flutter_projects/ianvs-terminal/example/test/shell/mobile_terminal_modes_test.dart:753:20)
<asynchronous suspension>
#4      testWidgets.<anonymous closure>.<anonymous closure> (package:flutter_test/src/widget_tester.dart:192:15)
<asynchronous suspension>
#5      TestWidgetsFlutterBinding._runTestBody (package:flutter_test/src/binding.dart:1952:5)
<asynchronous suspension>
#6      StackZoneSpecification._registerCallback.<anonymous closure> (package:stack_trace/src/stack_zone_specification.dart:114:42)
<asynchronous suspension>
To silence this warning, pass "warnIfMissed: false" to "tap()".
To make this warning fatal, set WidgetController.hitTestWarningShouldBeFatal to true.

00:10 +54: /Users/robinfai/flutter_projects/ianvs-terminal/example/test/shell/mobile_terminal_modes_test.dart: phone can recheck current support without changing mode or task
00:10 +55: /Users/robinfai/flutter_projects/ianvs-terminal/example/test/shell/mobile_terminal_modes_test.dart: phone reader touch selection returns to the retained AI task
00:12 +56: /Users/robinfai/flutter_projects/ianvs-terminal/example/test/shell/mobile_terminal_modes_test.dart: phone TUI grid and input ownership portrait
00:13 +57: /Users/robinfai/flutter_projects/ianvs-terminal/example/test/shell/mobile_terminal_modes_test.dart: phone TUI grid and input ownership landscape
00:13 +58: /Users/robinfai/flutter_projects/ianvs-terminal/example/test/shell/mobile_terminal_modes_test.dart: phone TUI grid and input ownership short-dark
00:14 +59: /Users/robinfai/flutter_projects/ianvs-terminal/example/test/shell/mobile_terminal_modes_test.dart: phone session menu preserves the AI task through capability changes
00:15 +60: /Users/robinfai/flutter_projects/ianvs-terminal/example/test/shell/mobile_terminal_modes_test.dart: iOS negotiates Blocks and preserves manual Normal
00:16 +61: /Users/robinfai/flutter_projects/ianvs-terminal/example/test/shell/mobile_terminal_modes_test.dart: android negotiates Blocks and preserves manual Normal
00:16 +62: /Users/robinfai/flutter_projects/ianvs-terminal/example/test/shell/mobile_terminal_modes_test.dart: SSH hop and fullscreen fall back; restore remains manual
00:17 +63: /Users/robinfai/flutter_projects/ianvs-terminal/example/test/shell/mobile_terminal_modes_test.dart: main-screen application modes fall back without an alternate buffer
00:17 +64: /Users/robinfai/flutter_projects/ianvs-terminal/example/test/shell/mobile_terminal_modes_test.dart: mobile Block input fits phone with the keyboard
00:17 +65: /Users/robinfai/flutter_projects/ianvs-terminal/example/test/shell/mobile_terminal_modes_test.dart: mobile Block input fits landscape with the keyboard
00:18 +66: /Users/robinfai/flutter_projects/ianvs-terminal/example/test/shell/mobile_terminal_modes_test.dart: mobile Block input fits fixed-text-dark with the keyboard
00:18 +67: /Users/robinfai/flutter_projects/ianvs-terminal/example/test/shell/mobile_terminal_modes_test.dart: mobile Block input fits landscape-dark with the keyboard
00:18 +68: /Users/robinfai/flutter_projects/ianvs-terminal/example/test/shell/mobile_terminal_modes_test.dart: mobile Block input fits ipad with the keyboard
00:18 +69: /Users/robinfai/flutter_projects/ianvs-terminal/example/test/shell/mobile_terminal_modes_test.dart: mobile settings save Normal for new sessions only
00:19 +70: /Users/robinfai/flutter_projects/ianvs-terminal/example/test/shell/mobile_terminal_modes_test.dart: explicit Normal preference overrides the mobile default
00:19 +71: All tests passed!
