package:ianvs_design has `uses-material-design: true` set but the primary pubspec contains `uses-material-design: false`. If the application needs material icons, then `uses-material-design`  must be set to true.
00:00 +0: loading /Users/robinfai/flutter_projects/ianvs-terminal/example/test/shell/shell_pane_input_metrics_test.dart
00:00 +0: /Users/robinfai/flutter_projects/ianvs-terminal/example/test/shell/shell_screen_architecture_test.dart: DartLibraryGraphScanner counts a part after it is migrated to a real import
00:00 +1: /Users/robinfai/flutter_projects/ianvs-terminal/example/test/shell/shell_screen_architecture_test.dart: DartLibraryGraphScanner rejects an unregistered owned real library as an orphan
00:00 +2: /Users/robinfai/flutter_projects/ianvs-terminal/example/test/shell/shell_screen_architecture_test.dart: DartLibraryGraphScanner counts multiline conditional imports and recursive export chains
00:00 +3: /Users/robinfai/flutter_projects/ianvs-terminal/example/test/shell/shell_screen_architecture_test.dart: DartLibraryGraphScanner counts non-prefixed relative package and conditional libraries
00:00 +4: /Users/robinfai/flutter_projects/ianvs-terminal/example/test/shell/shell_screen_architecture_test.dart: DartLibraryGraphScanner counts LF CRLF and CR physical lines identically
00:00 +5: /Users/robinfai/flutter_projects/ianvs-terminal/example/test/shell/shell_screen_architecture_test.dart: DartLibraryGraphScanner ignores metadata strings and finds the following directives
00:00 +6: /Users/robinfai/flutter_projects/ianvs-terminal/example/test/shell/shell_screen_architecture_test.dart: DartLibraryGraphScanner counts a large library after generic named metadata designations
00:00 +7: /Users/robinfai/flutter_projects/ianvs-terminal/example/test/shell/shell_screen_architecture_test.dart: DartLibraryGraphScanner rejects a cross-directory dependency without an allowlist entry
00:00 +8: /Users/robinfai/flutter_projects/ianvs-terminal/example/test/shell/shell_screen_architecture_test.dart: DartLibraryGraphScanner rejects a missing local directive target
00:00 +9: /Users/robinfai/flutter_projects/ianvs-terminal/example/test/shell/shell_screen_architecture_test.dart: DartLibraryGraphScanner rejects duplicate local directive targets
00:00 +10: /Users/robinfai/flutter_projects/ianvs-terminal/example/test/shell/shell_screen_architecture_test.dart: DartLibraryGraphScanner counts each library once when import and export cycles exist
00:00 +11: /Users/robinfai/flutter_projects/ianvs-terminal/example/test/shell/shell_screen_architecture_test.dart: DartLibraryGraphScanner rejects a part-of directive naming a different owner
00:00 +12: /Users/robinfai/flutter_projects/ianvs-terminal/example/test/shell/shell_screen_architecture_test.dart: shell screen architecture budget bounds the complete owned library graph without a part count
00:00 +13: /Users/robinfai/flutter_projects/ianvs-terminal/example/test/shell/shell_screen_phase4_test.dart: opening the new-tab sheet releases terminal text input
00:00 +14: /Users/robinfai/flutter_projects/ianvs-terminal/example/test/shell/shell_screen_phase4_test.dart: opening the new-tab sheet releases terminal text input
00:00 +15: /Users/robinfai/flutter_projects/ianvs-terminal/example/test/shell/shell_screen_phase4_test.dart: opening the new-tab sheet releases terminal text input
00:00 +16: /Users/robinfai/flutter_projects/ianvs-terminal/example/test/shell/shell_screen_phase4_test.dart: opening the new-tab sheet releases terminal text input
00:00 +17: /Users/robinfai/flutter_projects/ianvs-terminal/example/test/shell/shell_screen_phase4_test.dart: opening the new-tab sheet releases terminal text input
00:00 +18: /Users/robinfai/flutter_projects/ianvs-terminal/example/test/shell/shell_screen_phase4_test.dart: opening the new-tab sheet releases terminal text input
00:00 +19: /Users/robinfai/flutter_projects/ianvs-terminal/example/test/shell/shell_screen_phase4_test.dart: opening the new-tab sheet releases terminal text input
00:01 +20: /Users/robinfai/flutter_projects/ianvs-terminal/example/test/shell/shell_screen_phase4_test.dart: opening the new-tab sheet releases terminal text input
00:01 +21: /Users/robinfai/flutter_projects/ianvs-terminal/example/test/shell/shell_pane_input_metrics_test.dart: secondary click in inactive raw pane preserves Composer target and draft (variant: TargetPlatform.macOS)
00:01 +22: /Users/robinfai/flutter_projects/ianvs-terminal/example/test/shell/shell_pane_input_metrics_test.dart: secondary click in inactive raw pane preserves Composer target and draft (variant: TargetPlatform.macOS)
00:01 +23: /Users/robinfai/flutter_projects/ianvs-terminal/example/test/shell/shell_pane_input_metrics_test.dart: secondary click in inactive raw pane preserves Composer target and draft (variant: TargetPlatform.macOS)
00:01 +24: /Users/robinfai/flutter_projects/ianvs-terminal/example/test/shell/shell_pane_input_metrics_test.dart: secondary click in inactive raw pane preserves Composer target and draft (variant: TargetPlatform.macOS)
00:01 +25: /Users/robinfai/flutter_projects/ianvs-terminal/example/test/shell/shell_pane_input_metrics_test.dart: secondary click in inactive raw pane preserves Composer target and draft (variant: TargetPlatform.macOS)
00:01 +26: /Users/robinfai/flutter_projects/ianvs-terminal/example/test/shell/shell_pane_input_metrics_test.dart: secondary click in inactive raw pane preserves Composer target and draft (variant: TargetPlatform.macOS)
00:01 +27: /Users/robinfai/flutter_projects/ianvs-terminal/example/test/shell/shell_pane_input_metrics_test.dart: secondary click in inactive raw pane preserves Composer target and draft (variant: TargetPlatform.macOS)
00:01 +28: /Users/robinfai/flutter_projects/ianvs-terminal/example/test/shell/shell_pane_input_metrics_test.dart: secondary click in inactive raw pane preserves Composer target and draft (variant: TargetPlatform.macOS)
00:01 +29: /Users/robinfai/flutter_projects/ianvs-terminal/example/test/shell/shell_pane_input_metrics_test.dart: secondary click in inactive raw pane preserves Composer target and draft (variant: TargetPlatform.macOS)
00:01 +30: /Users/robinfai/flutter_projects/ianvs-terminal/example/test/shell/shell_pane_input_metrics_test.dart: secondary click in inactive raw pane preserves Composer target and draft (variant: TargetPlatform.macOS)
00:01 +31: /Users/robinfai/flutter_projects/ianvs-terminal/example/test/shell/shell_pane_input_metrics_test.dart: secondary click in inactive raw pane preserves Composer target and draft (variant: TargetPlatform.macOS)
00:01 +32: /Users/robinfai/flutter_projects/ianvs-terminal/example/test/shell/shell_pane_input_metrics_test.dart: secondary click in inactive raw pane preserves Composer target and draft (variant: TargetPlatform.macOS)
00:01 +33: /Users/robinfai/flutter_projects/ianvs-terminal/example/test/shell/shell_pane_input_metrics_test.dart: secondary click in inactive raw pane preserves Composer target and draft (variant: TargetPlatform.macOS)
00:01 +34: /Users/robinfai/flutter_projects/ianvs-terminal/example/test/shell/shell_pane_input_metrics_test.dart: secondary click in inactive raw pane preserves Composer target and draft (variant: TargetPlatform.macOS)
00:01 +35: /Users/robinfai/flutter_projects/ianvs-terminal/example/test/shell/shell_pane_input_metrics_test.dart: secondary click in inactive raw pane preserves Composer target and draft (variant: TargetPlatform.macOS)
00:01 +36: /Users/robinfai/flutter_projects/ianvs-terminal/example/test/shell/shell_pane_input_metrics_test.dart: secondary click in inactive raw pane preserves Composer target and draft (variant: TargetPlatform.macOS)
00:01 +37: /Users/robinfai/flutter_projects/ianvs-terminal/example/test/shell/shell_pane_input_metrics_test.dart: secondary click in inactive raw pane preserves Composer target and draft (variant: TargetPlatform.macOS)
00:01 +38: /Users/robinfai/flutter_projects/ianvs-terminal/example/test/shell/shell_pane_input_metrics_test.dart: secondary click in inactive raw pane preserves Composer target and draft (variant: TargetPlatform.macOS)
00:01 +39: /Users/robinfai/flutter_projects/ianvs-terminal/example/test/shell/shell_pane_input_metrics_test.dart: secondary click in inactive raw pane preserves Composer target and draft (variant: TargetPlatform.macOS)
00:01 +40: /Users/robinfai/flutter_projects/ianvs-terminal/example/test/shell/shell_pane_input_metrics_test.dart: secondary click in inactive raw pane preserves Composer target and draft (variant: TargetPlatform.macOS)
00:01 +41: /Users/robinfai/flutter_projects/ianvs-terminal/example/test/shell/shell_pane_input_metrics_test.dart: secondary click in inactive raw pane preserves Composer target and draft (variant: TargetPlatform.macOS)
00:01 +42: /Users/robinfai/flutter_projects/ianvs-terminal/example/test/shell/shell_pane_input_metrics_test.dart: secondary click in inactive raw pane preserves Composer target and draft (variant: TargetPlatform.macOS)
00:01 +43: /Users/robinfai/flutter_projects/ianvs-terminal/example/test/shell/shell_pane_input_metrics_test.dart: secondary click in inactive raw pane preserves Composer target and draft (variant: TargetPlatform.macOS)
00:01 +44: /Users/robinfai/flutter_projects/ianvs-terminal/example/test/shell/shell_pane_input_metrics_test.dart: secondary click in inactive raw pane preserves Composer target and draft (variant: TargetPlatform.macOS)
00:02 +45: /Users/robinfai/flutter_projects/ianvs-terminal/example/test/shell/shell_pane_input_metrics_test.dart: secondary click in inactive raw pane preserves Composer target and draft (variant: TargetPlatform.macOS)
00:02 +46: /Users/robinfai/flutter_projects/ianvs-terminal/example/test/shell/shell_pane_input_metrics_test.dart: secondary click in inactive raw pane preserves Composer target and draft (variant: TargetPlatform.macOS)
00:02 +47: /Users/robinfai/flutter_projects/ianvs-terminal/example/test/shell/shell_close_protection_test.dart: Shell close protection pending proposal cancellation preserves state and permits copying draft
00:02 +48: /Users/robinfai/flutter_projects/ianvs-terminal/example/test/shell/shell_close_protection_test.dart: Shell close protection pending proposal cancellation preserves state and permits copying draft
00:02 +49: /Users/robinfai/flutter_projects/ianvs-terminal/example/test/shell/shell_close_protection_test.dart: Shell close protection pending proposal cancellation preserves state and permits copying draft
00:02 +50: /Users/robinfai/flutter_projects/ianvs-terminal/example/test/shell/shell_close_protection_test.dart: Shell close protection pending proposal cancellation preserves state and permits copying draft
00:02 +51: /Users/robinfai/flutter_projects/ianvs-terminal/example/test/shell/shell_close_protection_test.dart: Shell close protection pending proposal cancellation preserves state and permits copying draft
00:02 +52: /Users/robinfai/flutter_projects/ianvs-terminal/example/test/shell/shell_close_protection_test.dart: Shell close protection pending proposal cancellation preserves state and permits copying draft
00:03 +53: /Users/robinfai/flutter_projects/ianvs-terminal/example/test/shell/shell_close_protection_test.dart: Shell close protection pending proposal cancellation preserves state and permits copying draft
00:03 +54: /Users/robinfai/flutter_projects/ianvs-terminal/example/test/shell/shell_close_protection_test.dart: Shell close protection pending proposal cancellation preserves state and permits copying draft
00:03 +55: /Users/robinfai/flutter_projects/ianvs-terminal/example/test/shell/shell_close_protection_test.dart: Shell close protection pending proposal cancellation preserves state and permits copying draft
00:03 +56: /Users/robinfai/flutter_projects/ianvs-terminal/example/test/shell/shell_close_protection_test.dart: Shell close protection pending proposal cancellation preserves state and permits copying draft
00:03 +57: /Users/robinfai/flutter_projects/ianvs-terminal/example/test/shell/shell_close_protection_test.dart: Shell close protection pending proposal cancellation preserves state and permits copying draft
00:03 +58: /Users/robinfai/flutter_projects/ianvs-terminal/example/test/shell/shell_close_protection_test.dart: Shell close protection pending proposal cancellation preserves state and permits copying draft
00:03 +59: /Users/robinfai/flutter_projects/ianvs-terminal/example/test/shell/shell_close_protection_test.dart: Shell close protection pending proposal cancellation preserves state and permits copying draft
00:03 +60: /Users/robinfai/flutter_projects/ianvs-terminal/example/test/shell/shell_close_protection_test.dart: Shell close protection pending proposal cancellation preserves state and permits copying draft
00:03 +61: /Users/robinfai/flutter_projects/ianvs-terminal/example/test/shell/shell_close_protection_test.dart: Shell close protection pending proposal cancellation preserves state and permits copying draft
00:03 +62: /Users/robinfai/flutter_projects/ianvs-terminal/example/test/ai/shell_ai_reconnect_test.dart: Shell AI reconnect ordinary reconnect preserves a closed AI and its old receipt
00:04 +63: /Users/robinfai/flutter_projects/ianvs-terminal/example/test/ui/pane_divider_keyboard_test.dart: real 2 by 2 outer divider resizes its own split with keyboard and keeps pane, focus, PTY writes and size constraints (variant: TargetPlatform.macOS)
00:04 +64: /Users/robinfai/flutter_projects/ianvs-terminal/example/test/ui/pane_divider_keyboard_test.dart: real 2 by 2 outer divider resizes its own split with keyboard and keeps pane, focus, PTY writes and size constraints (variant: TargetPlatform.macOS)
00:04 +65: /Users/robinfai/flutter_projects/ianvs-terminal/example/test/ui/pane_divider_keyboard_test.dart: real 2 by 2 outer divider resizes its own split with keyboard and keeps pane, focus, PTY writes and size constraints (variant: TargetPlatform.macOS)
00:04 +66: /Users/robinfai/flutter_projects/ianvs-terminal/example/test/ui/pane_divider_keyboard_test.dart: real 2 by 2 outer divider resizes its own split with keyboard and keeps pane, focus, PTY writes and size constraints (variant: TargetPlatform.macOS)
00:04 +67: /Users/robinfai/flutter_projects/ianvs-terminal/example/test/ui/pane_divider_keyboard_test.dart: real 2 by 2 outer divider resizes its own split with keyboard and keeps pane, focus, PTY writes and size constraints (variant: TargetPlatform.macOS)
00:04 +68: /Users/robinfai/flutter_projects/ianvs-terminal/example/test/ui/pane_divider_keyboard_test.dart: real 2 by 2 outer divider resizes its own split with keyboard and keeps pane, focus, PTY writes and size constraints (variant: TargetPlatform.macOS)
00:05 +69: /Users/robinfai/flutter_projects/ianvs-terminal/example/test/ui/pane_divider_keyboard_test.dart: real 2 by 2 outer divider resizes its own split with keyboard and keeps pane, focus, PTY writes and size constraints (variant: TargetPlatform.macOS)
00:06 +70: /Users/robinfai/flutter_projects/ianvs-terminal/example/test/ui/pane_divider_keyboard_test.dart: real 2 by 2 outer divider resizes its own split with keyboard and keeps pane, focus, PTY writes and size constraints (variant: TargetPlatform.macOS)
00:06 +71: /Users/robinfai/flutter_projects/ianvs-terminal/example/test/ui/pane_divider_keyboard_test.dart: real 2 by 2 outer divider resizes its own split with keyboard and keeps pane, focus, PTY writes and size constraints (variant: TargetPlatform.macOS)
00:06 +72: /Users/robinfai/flutter_projects/ianvs-terminal/example/test/ui/pane_divider_keyboard_test.dart: real 2 by 2 outer divider resizes its own split with keyboard and keeps pane, focus, PTY writes and size constraints (variant: TargetPlatform.macOS)
00:06 +73: /Users/robinfai/flutter_projects/ianvs-terminal/example/test/ui/pane_divider_keyboard_test.dart: real 2 by 2 outer divider resizes its own split with keyboard and keeps pane, focus, PTY writes and size constraints (variant: TargetPlatform.macOS)
00:06 +74: /Users/robinfai/flutter_projects/ianvs-terminal/example/test/ui/pane_divider_keyboard_test.dart: real 2 by 2 outer divider resizes its own split with keyboard and keeps pane, focus, PTY writes and size constraints (variant: TargetPlatform.macOS)
00:06 +75: /Users/robinfai/flutter_projects/ianvs-terminal/example/test/ui/pane_divider_keyboard_test.dart: real 2 by 2 outer divider resizes its own split with keyboard and keeps pane, focus, PTY writes and size constraints (variant: TargetPlatform.macOS)
00:06 +76: /Users/robinfai/flutter_projects/ianvs-terminal/example/test/ui/pane_divider_keyboard_test.dart: real 2 by 2 outer divider resizes its own split with keyboard and keeps pane, focus, PTY writes and size constraints (variant: TargetPlatform.macOS)
00:06 +77: /Users/robinfai/flutter_projects/ianvs-terminal/example/test/ui/pane_divider_keyboard_test.dart: real 2 by 2 outer divider resizes its own split with keyboard and keeps pane, focus, PTY writes and size constraints (variant: TargetPlatform.macOS)
00:07 +78: /Users/robinfai/flutter_projects/ianvs-terminal/example/test/shell/shell_close_protection_test.dart: Shell close protection ready Composer draft-only close preserves drafts on cancel and closes only the target on confirm
00:07 +79: /Users/robinfai/flutter_projects/ianvs-terminal/example/test/shell/shell_close_protection_test.dart: Shell close protection ready Composer draft-only close preserves drafts on cancel and closes only the target on confirm
00:07 +80: /Users/robinfai/flutter_projects/ianvs-terminal/example/test/ai/shell_ai_reconnect_test.dart: Shell AI reconnect an earlier history row reconnects the latest failed AI and terminal draft
00:07 +81: /Users/robinfai/flutter_projects/ianvs-terminal/example/test/ai/shell_ai_reconnect_test.dart: Shell AI reconnect an earlier history row reconnects the latest failed AI and terminal draft
00:07 +82: /Users/robinfai/flutter_projects/ianvs-terminal/example/test/ai/shell_ai_reconnect_test.dart: Shell AI reconnect an earlier history row reconnects the latest failed AI and terminal draft
00:07 +83: /Users/robinfai/flutter_projects/ianvs-terminal/example/test/shell/shell_pane_input_metrics_test.dart: active TUI secondary click respects the current input owner (variant: TargetPlatform.macOS)
00:07 +84: /Users/robinfai/flutter_projects/ianvs-terminal/example/test/shell/shell_close_protection_test.dart: Shell close protection idle AI draft-only close preserves drafts on cancel and closes only the target on confirm
00:07 +85: /Users/robinfai/flutter_projects/ianvs-terminal/example/test/shell/shell_close_protection_test.dart: Shell close protection idle AI draft-only close preserves drafts on cancel and closes only the target on confirm
00:07 +86: /Users/robinfai/flutter_projects/ianvs-terminal/example/test/shell/shell_close_protection_test.dart: Shell close protection idle AI draft-only close preserves drafts on cancel and closes only the target on confirm
00:07 +87: /Users/robinfai/flutter_projects/ianvs-terminal/example/test/shell/shell_close_protection_test.dart: Shell close protection idle AI draft-only close preserves drafts on cancel and closes only the target on confirm
00:07 +88: /Users/robinfai/flutter_projects/ianvs-terminal/example/test/shell/shell_close_protection_test.dart: Shell close protection idle AI draft-only close preserves drafts on cancel and closes only the target on confirm
00:07 +89: /Users/robinfai/flutter_projects/ianvs-terminal/example/test/shell/shell_close_protection_test.dart: Shell close protection idle AI draft-only close preserves drafts on cancel and closes only the target on confirm
00:07 +90: /Users/robinfai/flutter_projects/ianvs-terminal/example/test/shell/shell_close_protection_test.dart: Shell close protection idle AI draft-only close preserves drafts on cancel and closes only the target on confirm
00:08 +91: /Users/robinfai/flutter_projects/ianvs-terminal/example/test/shell/shell_close_protection_test.dart: Shell close protection idle AI draft-only close preserves drafts on cancel and closes only the target on confirm
00:08 +92: /Users/robinfai/flutter_projects/ianvs-terminal/example/test/shell/shell_close_protection_test.dart: Shell close protection idle AI draft-only close preserves drafts on cancel and closes only the target on confirm
00:08 +93: /Users/robinfai/flutter_projects/ianvs-terminal/example/test/shell/shell_close_protection_test.dart: Shell close protection idle AI draft-only close preserves drafts on cancel and closes only the target on confirm
00:08 +94: /Users/robinfai/flutter_projects/ianvs-terminal/example/test/shell/shell_close_protection_test.dart: Shell close protection idle AI draft-only close preserves drafts on cancel and closes only the target on confirm
00:08 +95: /Users/robinfai/flutter_projects/ianvs-terminal/example/test/shell/shell_close_protection_test.dart: Shell close protection idle AI draft-only close preserves drafts on cancel and closes only the target on confirm
00:08 +96: /Users/robinfai/flutter_projects/ianvs-terminal/example/test/shell/shell_close_protection_test.dart: Shell close protection idle AI draft-only close preserves drafts on cancel and closes only the target on confirm
00:08 +97: /Users/robinfai/flutter_projects/ianvs-terminal/example/test/ai/shell_ai_reconnect_test.dart: Shell AI reconnect history cleanup protects an AI source with an unknown receipt
00:08 +98: /Users/robinfai/flutter_projects/ianvs-terminal/example/test/ai/shell_ai_reconnect_test.dart: Shell AI reconnect history cleanup protects an AI source with an unknown receipt
00:08 +99: /Users/robinfai/flutter_projects/ianvs-terminal/example/test/ai/shell_ai_reconnect_test.dart: Shell AI reconnect history cleanup protects an AI source with an unknown receipt
00:09 +100: /Users/robinfai/flutter_projects/ianvs-terminal/example/test/ai/shell_ai_reconnect_test.dart: Shell AI reconnect history cleanup protects an AI source with an unknown receipt
00:09 +101: /Users/robinfai/flutter_projects/ianvs-terminal/example/test/shell/shell_close_protection_test.dart: Shell close protection Composer and AI draft-only close preserves drafts on cancel and closes only the target on confirm
00:09 +102: /Users/robinfai/flutter_projects/ianvs-terminal/example/test/shell/shell_close_protection_test.dart: Shell close protection Composer and AI draft-only close preserves drafts on cancel and closes only the target on confirm
00:09 +103: /Users/robinfai/flutter_projects/ianvs-terminal/example/test/shell/shell_close_protection_test.dart: Shell close protection Composer and AI draft-only close preserves drafts on cancel and closes only the target on confirm
00:09 +104: /Users/robinfai/flutter_projects/ianvs-terminal/example/test/shell/shell_close_protection_test.dart: Shell close protection Composer and AI draft-only close preserves drafts on cancel and closes only the target on confirm
00:09 +105: /Users/robinfai/flutter_projects/ianvs-terminal/example/test/shell/shell_close_protection_test.dart: Shell close protection Composer and AI draft-only close preserves drafts on cancel and closes only the target on confirm
00:09 +106: /Users/robinfai/flutter_projects/ianvs-terminal/example/test/shell/shell_close_protection_test.dart: Shell close protection Composer and AI draft-only close preserves drafts on cancel and closes only the target on confirm
00:09 +107: /Users/robinfai/flutter_projects/ianvs-terminal/example/test/shell/shell_close_protection_test.dart: Shell close protection Composer and AI draft-only close preserves drafts on cancel and closes only the target on confirm
00:09 +108: /Users/robinfai/flutter_projects/ianvs-terminal/example/test/shell/shell_close_protection_test.dart: Shell close protection Composer and AI draft-only close preserves drafts on cancel and closes only the target on confirm
00:09 +109: /Users/robinfai/flutter_projects/ianvs-terminal/example/test/shell/shell_close_protection_test.dart: Shell close protection Composer and AI draft-only close preserves drafts on cancel and closes only the target on confirm
00:09 +110: /Users/robinfai/flutter_projects/ianvs-terminal/example/test/shell/shell_close_protection_test.dart: Shell close protection Composer and AI draft-only close preserves drafts on cancel and closes only the target on confirm
00:09 +111: /Users/robinfai/flutter_projects/ianvs-terminal/example/test/shell/shell_close_protection_test.dart: Shell close protection Composer and AI draft-only close preserves drafts on cancel and closes only the target on confirm
00:09 +112: /Users/robinfai/flutter_projects/ianvs-terminal/example/test/shell/shell_close_protection_test.dart: Shell close protection Composer and AI draft-only close preserves drafts on cancel and closes only the target on confirm
00:10 +113: /Users/robinfai/flutter_projects/ianvs-terminal/example/test/shell/shell_close_protection_test.dart: Shell close protection Composer and AI draft-only close preserves drafts on cancel and closes only the target on confirm
00:10 +114: /Users/robinfai/flutter_projects/ianvs-terminal/example/test/shell/shell_close_protection_test.dart: Shell close protection Composer and AI draft-only close preserves drafts on cancel and closes only the target on confirm
00:10 +115: /Users/robinfai/flutter_projects/ianvs-terminal/example/test/ai/shell_ai_reconnect_test.dart: Shell AI reconnect split tab close removes its AI owner before the old source
00:10 +116: /Users/robinfai/flutter_projects/ianvs-terminal/example/test/ai/shell_ai_reconnect_test.dart: Shell AI reconnect split tab close removes its AI owner before the old source
00:10 +117: /Users/robinfai/flutter_projects/ianvs-terminal/example/test/ai/shell_ai_reconnect_test.dart: Shell AI reconnect split tab close removes its AI owner before the old source
00:10 +118: /Users/robinfai/flutter_projects/ianvs-terminal/example/test/ai/shell_ai_reconnect_test.dart: Shell AI reconnect split tab close removes its AI owner before the old source
00:10 +119: /Users/robinfai/flutter_projects/ianvs-terminal/example/test/shell/shell_close_protection_test.dart: Shell close protection older idle AI task draft-only close preserves drafts on cancel and closes only the target on confirm
00:10 +120: /Users/robinfai/flutter_projects/ianvs-terminal/example/test/shell/shell_close_protection_test.dart: Shell close protection older idle AI task draft-only close preserves drafts on cancel and closes only the target on confirm
00:10 +121: /Users/robinfai/flutter_projects/ianvs-terminal/example/test/shell/shell_close_protection_test.dart: Shell close protection older idle AI task draft-only close preserves drafts on cancel and closes only the target on confirm
00:10 +122: /Users/robinfai/flutter_projects/ianvs-terminal/example/test/shell/shell_close_protection_test.dart: Shell close protection older idle AI task draft-only close preserves drafts on cancel and closes only the target on confirm
00:11 +123: /Users/robinfai/flutter_projects/ianvs-terminal/example/test/shell/shell_close_protection_test.dart: Shell close protection older idle AI task draft-only close preserves drafts on cancel and closes only the target on confirm
00:11 +124: /Users/robinfai/flutter_projects/ianvs-terminal/example/test/shell/shell_close_protection_test.dart: Shell close protection older idle AI task draft-only close preserves drafts on cancel and closes only the target on confirm
00:11 +125: /Users/robinfai/flutter_projects/ianvs-terminal/example/test/ai/shell_ai_reconnect_test.dart: Shell AI reconnect split tab close retains the old source when its AI owner rejects close
00:11 +126: /Users/robinfai/flutter_projects/ianvs-terminal/example/test/ai/shell_ai_reconnect_test.dart: Shell AI reconnect split tab close retains the old source when its AI owner rejects close
00:11 +127: /Users/robinfai/flutter_projects/ianvs-terminal/example/test/shell/shell_close_protection_test.dart: Shell close protection current idle AI attachment-only close preserves sources on cancel
00:11 +128: /Users/robinfai/flutter_projects/ianvs-terminal/example/test/shell/shell_close_protection_test.dart: Shell close protection current idle AI attachment-only close preserves sources on cancel
00:11 +129: /Users/robinfai/flutter_projects/ianvs-terminal/example/test/shell/shell_close_protection_test.dart: Shell close protection current idle AI attachment-only close preserves sources on cancel
00:11 +130: /Users/robinfai/flutter_projects/ianvs-terminal/example/test/shell/shell_close_protection_test.dart: Shell close protection current idle AI attachment-only close preserves sources on cancel
00:11 +131: /Users/robinfai/flutter_projects/ianvs-terminal/example/test/ai/shell_ai_reconnect_test.dart: Shell AI reconnect recording finalization during tab close prevents AI reconnecting the source
00:11 +132: /Users/robinfai/flutter_projects/ianvs-terminal/example/test/ai/shell_ai_reconnect_test.dart: Shell AI reconnect recording finalization during tab close prevents AI reconnecting the source
00:11 +133: /Users/robinfai/flutter_projects/ianvs-terminal/example/test/ai/shell_ai_reconnect_test.dart: Shell AI reconnect recording finalization during tab close prevents AI reconnecting the source
00:11 +134: /Users/robinfai/flutter_projects/ianvs-terminal/example/test/shell/shell_close_protection_test.dart: Shell close protection older idle AI attachment-only close preserves sources on cancel
00:12 +135: /Users/robinfai/flutter_projects/ianvs-terminal/example/test/shell/shell_screen_phase4_test.dart: OSC 1337 download cancel and inactive pane release bytes
00:12 +136: /Users/robinfai/flutter_projects/ianvs-terminal/example/test/ai/shell_ai_reconnect_test.dart: Shell AI reconnect mobile menu hides clear buffer for a disconnected output record
00:12 +137: /Users/robinfai/flutter_projects/ianvs-terminal/example/test/ai/shell_ai_reconnect_test.dart: Shell AI reconnect mobile menu hides clear buffer for a disconnected output record
00:12 +138: /Users/robinfai/flutter_projects/ianvs-terminal/example/test/shell/shell_close_protection_test.dart: Shell close protection idle tab without drafts closes without confirmation
00:12 +139: /Users/robinfai/flutter_projects/ianvs-terminal/example/test/shell/shell_screen_phase4_test.dart: OSC 52 prompt identifies inactive split pane
00:12 +140: /Users/robinfai/flutter_projects/ianvs-terminal/example/test/ai/shell_ai_reconnect_test.dart: Shell AI reconnect mobile menu hides clear buffer for a retained AI evidence source
00:12 +141: /Users/robinfai/flutter_projects/ianvs-terminal/example/test/ai/shell_ai_reconnect_test.dart: Shell AI reconnect mobile menu hides clear buffer for a retained AI evidence source
00:12 +142: /Users/robinfai/flutter_projects/ianvs-terminal/example/test/ai/shell_ai_reconnect_test.dart: Shell AI reconnect mobile menu hides clear buffer for a retained AI evidence source
00:12 +143: /Users/robinfai/flutter_projects/ianvs-terminal/example/test/ai/shell_ai_reconnect_test.dart: Shell AI reconnect mobile menu hides clear buffer for a retained AI evidence source
00:12 +144: /Users/robinfai/flutter_projects/ianvs-terminal/example/test/ai/shell_ai_reconnect_test.dart: Shell AI reconnect mobile menu hides clear buffer for a retained AI evidence source
00:12 +145: /Users/robinfai/flutter_projects/ianvs-terminal/example/test/shell/shell_screen_phase4_test.dart: visible split tab badge does not mark hidden overflow tabs
00:12 +146: /Users/robinfai/flutter_projects/ianvs-terminal/example/test/shell/shell_close_protection_test.dart: Shell close protection a pane added while confirmation is open is never closed by it
00:13 +147: /Users/robinfai/flutter_projects/ianvs-terminal/example/test/shell/shell_close_protection_test.dart: Shell close protection a pane added while confirmation is open is never closed by it
00:13 +148: /Users/robinfai/flutter_projects/ianvs-terminal/example/test/ai/shell_ai_reconnect_test.dart: Shell AI reconnect desktop menu and shortcut preserve retained evidence while live clear still works
00:13 +149: /Users/robinfai/flutter_projects/ianvs-terminal/example/test/ai/shell_ai_reconnect_test.dart: Shell AI reconnect desktop menu and shortcut preserve retained evidence while live clear still works
00:13 +150: /Users/robinfai/flutter_projects/ianvs-terminal/example/test/shell/shell_close_protection_test.dart: Shell close protection unknown receipt in an older task is protected while current task is idle
00:13 +151: /Users/robinfai/flutter_projects/ianvs-terminal/example/test/shell/shell_screen_phase4_test.dart: hidden overflow new output marker prioritizes inactive pane in active hidden split tab
00:13 +152: /Users/robinfai/flutter_projects/ianvs-terminal/example/test/shell/shell_close_protection_test.dart: Shell close protection proposal changes during recording finalization reject stale close and resume recording
00:13 +153: /Users/robinfai/flutter_projects/ianvs-terminal/example/test/shell/shell_screen_phase4_test.dart: OSC notification stays in the tab instead of a snackbar
00:13 +154: /Users/robinfai/flutter_projects/ianvs-terminal/example/test/shell/shell_close_protection_test.dart: Shell close protection topology changes during recording finalization reject stale close and resume recording
00:14 +155: /Users/robinfai/flutter_projects/ianvs-terminal/example/test/shell/shell_close_protection_test.dart: Shell close protection topology changes during recording finalization reject stale close and resume recording
00:14 +156: /Users/robinfai/flutter_projects/ianvs-terminal/example/test/shell/shell_screen_phase4_test.dart: manual notification removal supports osc777 without an ID
00:14 +157: /Users/robinfai/flutter_projects/ianvs-terminal/example/test/shell/shell_close_protection_test.dart: Shell close protection attachment changes during recording finalization reject stale close and resume recording
00:14 +158: /Users/robinfai/flutter_projects/ianvs-terminal/example/test/shell/shell_screen_phase4_test.dart: manual notification removal supports osc99 without an ID
00:14 +159: /Users/robinfai/flutter_projects/ianvs-terminal/example/test/shell/shell_close_protection_test.dart: Shell close protection recording save rejection preserves the approved close target AI state
00:14 +160: /Users/robinfai/flutter_projects/ianvs-terminal/example/test/shell/shell_screen_phase4_test.dart: manual notification clear all covers every tab pane and hidden history
00:14 +161: /Users/robinfai/flutter_projects/ianvs-terminal/example/test/shell/shell_close_protection_test.dart: Shell close protection native partial tab close removes only successful panes and preserves failed pane AI
00:15 +162: /Users/robinfai/flutter_projects/ianvs-terminal/example/test/shell/shell_close_protection_test.dart: Shell close protection native partial tab close removes only successful panes and preserves failed pane AI
00:15 +163: /Users/robinfai/flutter_projects/ianvs-terminal/example/test/shell/shell_screen_phase4_test.dart: command finished notification identifies inactive split pane
00:15 +164: /Users/robinfai/flutter_projects/ianvs-terminal/example/test/shell/shell_close_protection_test.dart: Shell close protection pane close protection targets only that pane
00:15 +165: /Users/robinfai/flutter_projects/ianvs-terminal/example/test/shell/shell_close_protection_test.dart: Shell close protection pane close protection targets only that pane
00:15 +166: /Users/robinfai/flutter_projects/ianvs-terminal/example/test/shell/shell_close_protection_test.dart: Shell close protection pane close protection targets only that pane
00:15 +167: /Users/robinfai/flutter_projects/ianvs-terminal/example/test/shell/shell_screen_phase4_test.dart: shortcut editor saves and hot-reloads an override
00:15 +168: /Users/robinfai/flutter_projects/ianvs-terminal/example/test/shell/shell_screen_phase4_test.dart: shortcut editor saves and hot-reloads an override
00:15 +169: /Users/robinfai/flutter_projects/ianvs-terminal/example/test/shell/shell_close_protection_test.dart: Shell close protection disconnected mobile owner with unknown result can cancel removal
00:16 +170: /Users/robinfai/flutter_projects/ianvs-terminal/example/test/shell/shell_screen_phase4_test.dart: shortcut editor restores defaults and hot-reloads them
00:16 +171: /Users/robinfai/flutter_projects/ianvs-terminal/example/test/shell/shell_close_protection_test.dart: Shell close protection late API reply after confirmed close cannot propose or write again
00:16 +172: /Users/robinfai/flutter_projects/ianvs-terminal/example/test/shell/shell_close_protection_test.dart: Shell close protection late API reply after confirmed close cannot propose or write again
00:16 +173: /Users/robinfai/flutter_projects/ianvs-terminal/example/test/shell/shell_close_protection_test.dart: Shell close protection late API reply after confirmed close cannot propose or write again
00:16 +174: /Users/robinfai/flutter_projects/ianvs-terminal/example/test/shell/shell_screen_phase4_test.dart: local paste config can force bracketed paste wrapping
00:16 +175: /Users/robinfai/flutter_projects/ianvs-terminal/example/test/shell/shell_close_protection_test.dart: Shell close protection asynchronous complete close preserves a newly opened modal focus
00:16 +176: /Users/robinfai/flutter_projects/ianvs-terminal/example/test/shell/shell_close_protection_test.dart: Shell close protection asynchronous complete close preserves a newly opened modal focus
00:16 +177: /Users/robinfai/flutter_projects/ianvs-terminal/example/test/shell/shell_close_protection_test.dart: Shell close protection asynchronous complete close preserves a newly opened modal focus
00:16 +178: /Users/robinfai/flutter_projects/ianvs-terminal/example/test/shell/shell_close_protection_test.dart: Shell close protection asynchronous complete close preserves a newly opened modal focus
00:16 +179: /Users/robinfai/flutter_projects/ianvs-terminal/example/test/shell/shell_close_protection_test.dart: Shell close protection asynchronous complete close preserves a newly opened modal focus
00:16 +180: /Users/robinfai/flutter_projects/ianvs-terminal/example/test/shell/shell_screen_phase4_test.dart: command-v read-only paste does not read clipboard
00:16 +181: /Users/robinfai/flutter_projects/ianvs-terminal/example/test/shell/shell_close_protection_test.dart: Shell close protection asynchronous partial close preserves a newly opened modal focus
00:16 +182: /Users/robinfai/flutter_projects/ianvs-terminal/example/test/shell/shell_close_protection_test.dart: Shell close protection asynchronous partial close preserves a newly opened modal focus
00:17 +183: /Users/robinfai/flutter_projects/ianvs-terminal/example/test/shell/shell_close_protection_test.dart: Shell close protection asynchronous partial close preserves a newly opened modal focus
00:17 +184: /Users/robinfai/flutter_projects/ianvs-terminal/example/test/shell/shell_screen_phase4_test.dart: modal barriers block native paste and terminal host input (variant: TargetPlatform.macOS)
00:17 +185: /Users/robinfai/flutter_projects/ianvs-terminal/example/test/shell/shell_screen_phase4_test.dart: form fields keep command and native paste out of the terminal (variant: TargetPlatform.macOS)
00:17 +186: /Users/robinfai/flutter_projects/ianvs-terminal/example/test/shell/shell_screen_phase4_test.dart: native select all targets the focused form field (variant: TargetPlatform.macOS)
00:17 +187: /Users/robinfai/flutter_projects/ianvs-terminal/example/test/shell/shell_screen_phase4_test.dart: command-v pastes into the open search field instead of the terminal (variant: TargetPlatform.macOS)
00:17 +188: /Users/robinfai/flutter_projects/ianvs-terminal/example/test/shell/shell_screen_phase4_test.dart: native paste menu pastes into the open search field instead of the terminal (variant: TargetPlatform.macOS)
00:17 +189: /Users/robinfai/flutter_projects/ianvs-terminal/example/test/shell/shell_screen_phase4_test.dart: tab context menu disables split actions while pane is zoomed
00:18 +190: /Users/robinfai/flutter_projects/ianvs-terminal/example/test/shell/shell_screen_phase4_test.dart: tab context menu can reopen the most recently closed split pane
00:18 +191: /Users/robinfai/flutter_projects/ianvs-terminal/example/test/shell/shell_screen_phase4_test.dart: split tab semantics describe pane signals and new output
00:18 +192: /Users/robinfai/flutter_projects/ianvs-terminal/example/test/shell/shell_screen_phase4_test.dart: shell coalesces rapid window-width changes into the final terminal resize
00:18 +193: /Users/robinfai/flutter_projects/ianvs-terminal/example/test/shell/shell_screen_phase4_test.dart: split panes each commit their debounced terminal resize
00:18 +194: /Users/robinfai/flutter_projects/ianvs-terminal/example/test/shell/shell_screen_phase4_test.dart: terminal focus alone does not show the shell layout cue
00:18 +195: /Users/robinfai/flutter_projects/ianvs-terminal/example/test/shell/shell_screen_phase4_test.dart: shell passes theme-aware terminal colors into the viewport
00:18 +196: /Users/robinfai/flutter_projects/ianvs-terminal/example/test/shell/shell_screen_phase4_test.dart: launcher close shows a brief return cue at top right and keeps keyboard path
00:19 +197: /Users/robinfai/flutter_projects/ianvs-terminal/example/test/shell/shell_screen_phase4_test.dart: defaults close restores the layout cue and keyboard path
00:19 +198: All tests passed!
