package:ianvs_design has `uses-material-design: true` set but the primary pubspec contains `uses-material-design: false`. If the application needs material icons, then `uses-material-design`  must be set to true.
00:00 +0: loading /Users/robinfai/flutter_projects/ianvs-terminal/example/test/design/command_blocks_review_test.dart
00:00 +0: (setUpAll)
00:00 +0: round 2 filter fits landscape above the keyboard
══╡ EXCEPTION CAUGHT BY FLUTTER TEST FRAMEWORK ╞════════════════════════════════════════════════════
The following TestFailure was thrown running a test:
Expected: a value greater than or equal to <44>
  Actual: <14.0>
   Which: is not a value greater than or equal to <44>
Filtering must leave readable output above the keyboard.

When the exception was thrown, this was the stack:
#4      main.<anonymous closure> (file:///Users/robinfai/flutter_projects/ianvs-terminal/example/test/design/command_blocks_review_test.dart:227:7)
<asynchronous suspension>
#5      testWidgets.<anonymous closure>.<anonymous closure> (package:flutter_test/src/widget_tester.dart:192:15)
<asynchronous suspension>
#6      TestWidgetsFlutterBinding._runTestBody (package:flutter_test/src/binding.dart:1952:5)
<asynchronous suspension>
<asynchronous suspension>
(elided one frame from package:stack_trace)

This was caught by the test expectation on the following line:
  file:///Users/robinfai/flutter_projects/ianvs-terminal/example/test/design/command_blocks_review_test.dart line 227
The test description was:
  round 2 filter fits landscape above the keyboard
════════════════════════════════════════════════════════════════════════════════════════════════════
00:00 +0 -1: round 2 filter fits landscape above the keyboard [E]
  Test failed. See exception logs above.
  The test description was: round 2 filter fits landscape above the keyboard

00:00 +0 -1: round 2 filter fits landscape-2x above the keyboard
══╡ EXCEPTION CAUGHT BY FLUTTER TEST FRAMEWORK ╞════════════════════════════════════════════════════
The following TestFailure was thrown running a test:
Expected: null
  Actual: FlutterError:<A RenderFlex overflowed by 27 pixels on the bottom.>

When the exception was thrown, this was the stack:
#4      main.<anonymous closure> (file:///Users/robinfai/flutter_projects/ianvs-terminal/example/test/design/command_blocks_review_test.dart:221:7)
<asynchronous suspension>
#5      testWidgets.<anonymous closure>.<anonymous closure> (package:flutter_test/src/widget_tester.dart:192:15)
<asynchronous suspension>
#6      TestWidgetsFlutterBinding._runTestBody (package:flutter_test/src/binding.dart:1952:5)
<asynchronous suspension>
<asynchronous suspension>
(elided one frame from package:stack_trace)

This was caught by the test expectation on the following line:
  file:///Users/robinfai/flutter_projects/ianvs-terminal/example/test/design/command_blocks_review_test.dart line 221
The test description was:
  round 2 filter fits landscape-2x above the keyboard
════════════════════════════════════════════════════════════════════════════════════════════════════
00:01 +0 -2: round 2 filter fits landscape-2x above the keyboard [E]
  Test failed. See exception logs above.
  The test description was: round 2 filter fits landscape-2x above the keyboard

00:01 +0 -2: round 2 filter fits phone-2x above the keyboard
00:01 +1 -2: (tearDownAll)
00:01 +1 -2: Some tests failed.

Failing tests:
  /Users/robinfai/flutter_projects/ianvs-terminal/example/test/design/command_blocks_review_test.dart: round 2 filter fits landscape above the keyboard
  /Users/robinfai/flutter_projects/ianvs-terminal/example/test/design/command_blocks_review_test.dart: round 2 filter fits landscape-2x above the keyboard
