00:00 +0: loading /Users/robinfai/flutter_projects/ianvs-terminal/packages/ianvs_terminal_core/test/terminal/command_blocks_test.dart
00:00 +0: /Users/robinfai/flutter_projects/ianvs-terminal/packages/ianvs_terminal_core/test/composer/composer_test.dart: policy and lifecycle changes cancel providers and keep sessions local
00:00 +1: /Users/robinfai/flutter_projects/ianvs-terminal/packages/ianvs_terminal_core/test/terminal/command_blocks_test.dart: whole block fits one third, uses full rows and expands at (font: Instance of 'TerminalFontConfig', scale: 1.0, size: Size(900.0, 900.0))
00:00 +2: /Users/robinfai/flutter_projects/ianvs-terminal/packages/ianvs_terminal_core/test/terminal/command_blocks_test.dart: whole block fits one third, uses full rows and expands at (font: Instance of 'TerminalFontConfig', scale: 1.0, size: Size(900.0, 900.0))
00:00 +3: /Users/robinfai/flutter_projects/ianvs-terminal/packages/ianvs_terminal_core/test/terminal/command_blocks_test.dart: whole block fits one third, uses full rows and expands at (font: Instance of 'TerminalFontConfig', scale: 1.0, size: Size(900.0, 900.0))
00:00 +4: /Users/robinfai/flutter_projects/ianvs-terminal/packages/ianvs_terminal_core/test/terminal/command_blocks_test.dart: whole block fits one third, uses full rows and expands at (font: Instance of 'TerminalFontConfig', scale: 1.0, size: Size(900.0, 900.0))
00:00 +5: /Users/robinfai/flutter_projects/ianvs-terminal/packages/ianvs_terminal_core/test/terminal/command_blocks_test.dart: whole block fits one third, uses full rows and expands at (font: Instance of 'TerminalFontConfig', scale: 1.0, size: Size(900.0, 900.0))
00:00 +6: /Users/robinfai/flutter_projects/ianvs-terminal/packages/ianvs_terminal_core/test/terminal/command_blocks_test.dart: whole block fits one third, uses full rows and expands at (font: Instance of 'TerminalFontConfig', scale: 1.0, size: Size(900.0, 900.0))
00:00 +7: /Users/robinfai/flutter_projects/ianvs-terminal/packages/ianvs_terminal_core/test/terminal/command_blocks_test.dart: whole block fits one third, uses full rows and expands at (font: Instance of 'TerminalFontConfig', scale: 1.0, size: Size(900.0, 900.0))
00:00 +8: /Users/robinfai/flutter_projects/ianvs-terminal/packages/ianvs_terminal_core/test/terminal/command_blocks_test.dart: whole block fits one third, uses full rows and expands at (font: Instance of 'TerminalFontConfig', scale: 1.0, size: Size(900.0, 900.0))
00:00 +9: /Users/robinfai/flutter_projects/ianvs-terminal/packages/ianvs_terminal_core/test/terminal/command_blocks_test.dart: whole block fits one third, uses full rows and expands at (font: Instance of 'TerminalFontConfig', scale: 1.0, size: Size(900.0, 900.0))
00:00 +10: /Users/robinfai/flutter_projects/ianvs-terminal/packages/ianvs_terminal_core/test/terminal/command_blocks_test.dart: whole block fits one third, uses full rows and expands at (font: Instance of 'TerminalFontConfig', scale: 1.0, size: Size(900.0, 900.0))
00:00 +11: /Users/robinfai/flutter_projects/ianvs-terminal/packages/ianvs_terminal_core/test/terminal/command_blocks_test.dart: whole block fits one third, uses full rows and expands at (font: Instance of 'TerminalFontConfig', scale: 1.0, size: Size(900.0, 900.0))
00:00 +12: /Users/robinfai/flutter_projects/ianvs-terminal/packages/ianvs_terminal_core/test/terminal/command_blocks_test.dart: whole block fits one third, uses full rows and expands at (font: Instance of 'TerminalFontConfig', scale: 1.0, size: Size(900.0, 900.0))
00:00 +13: /Users/robinfai/flutter_projects/ianvs-terminal/packages/ianvs_terminal_core/test/terminal/command_blocks_test.dart: whole block fits one third, uses full rows and expands at (font: Instance of 'TerminalFontConfig', scale: 1.0, size: Size(900.0, 900.0))
00:00 +14: /Users/robinfai/flutter_projects/ianvs-terminal/packages/ianvs_terminal_core/test/terminal/command_blocks_test.dart: whole block fits one third, uses full rows and expands at (font: Instance of 'TerminalFontConfig', scale: 1.0, size: Size(900.0, 900.0))
00:00 +15: /Users/robinfai/flutter_projects/ianvs-terminal/packages/ianvs_terminal_core/test/terminal/command_blocks_test.dart: whole block fits one third, uses full rows and expands at (font: Instance of 'TerminalFontConfig', scale: 1.0, size: Size(900.0, 900.0))
00:00 +16: /Users/robinfai/flutter_projects/ianvs-terminal/packages/ianvs_terminal_core/test/terminal/command_blocks_test.dart: whole block fits one third, uses full rows and expands at (font: Instance of 'TerminalFontConfig', scale: 1.0, size: Size(900.0, 900.0))
00:00 +17: /Users/robinfai/flutter_projects/ianvs-terminal/packages/ianvs_terminal_core/test/terminal/command_blocks_test.dart: whole block fits one third, uses full rows and expands at (font: Instance of 'TerminalFontConfig', scale: 1.0, size: Size(900.0, 900.0))
00:00 +18: /Users/robinfai/flutter_projects/ianvs-terminal/packages/ianvs_terminal_core/test/terminal/command_blocks_test.dart: whole block fits one third, uses full rows and expands at (font: Instance of 'TerminalFontConfig', scale: 1.0, size: Size(900.0, 900.0))
00:00 +19: /Users/robinfai/flutter_projects/ianvs-terminal/packages/ianvs_terminal_core/test/terminal/command_blocks_test.dart: whole block fits one third, uses full rows and expands at (font: Instance of 'TerminalFontConfig', scale: 1.0, size: Size(900.0, 900.0))
00:00 +20: /Users/robinfai/flutter_projects/ianvs-terminal/packages/ianvs_terminal_core/test/terminal/command_blocks_test.dart: whole block fits one third, uses full rows and expands at (font: Instance of 'TerminalFontConfig', scale: 1.0, size: Size(900.0, 900.0))
00:00 +21: /Users/robinfai/flutter_projects/ianvs-terminal/packages/ianvs_terminal_core/test/terminal/command_blocks_test.dart: whole block fits one third, uses full rows and expands at (font: Instance of 'TerminalFontConfig', scale: 1.0, size: Size(900.0, 900.0))
00:00 +22: /Users/robinfai/flutter_projects/ianvs-terminal/packages/ianvs_terminal_core/test/terminal/command_blocks_test.dart: whole block fits one third, uses full rows and expands at (font: Instance of 'TerminalFontConfig', scale: 1.0, size: Size(900.0, 900.0))
00:00 +23: /Users/robinfai/flutter_projects/ianvs-terminal/packages/ianvs_terminal_core/test/terminal/command_blocks_test.dart: whole block fits one third, uses full rows and expands at (font: Instance of 'TerminalFontConfig', scale: 1.0, size: Size(900.0, 900.0))
00:00 +24: /Users/robinfai/flutter_projects/ianvs-terminal/packages/ianvs_terminal_core/test/terminal/command_blocks_test.dart: whole block fits one third, uses full rows and expands at (font: Instance of 'TerminalFontConfig', scale: 1.0, size: Size(900.0, 900.0))
00:00 +25: /Users/robinfai/flutter_projects/ianvs-terminal/packages/ianvs_terminal_core/test/terminal/command_blocks_test.dart: whole block fits one third, uses full rows and expands at (font: Instance of 'TerminalFontConfig', scale: 1.0, size: Size(900.0, 900.0))
00:00 +26: /Users/robinfai/flutter_projects/ianvs-terminal/packages/ianvs_terminal_core/test/terminal/command_blocks_test.dart: whole block fits one third, uses full rows and expands at (font: Instance of 'TerminalFontConfig', scale: 1.0, size: Size(900.0, 900.0))
00:00 +27: /Users/robinfai/flutter_projects/ianvs-terminal/packages/ianvs_terminal_core/test/terminal/command_blocks_test.dart: whole block fits one third, uses full rows and expands at (font: Instance of 'TerminalFontConfig', scale: 1.0, size: Size(900.0, 900.0))
00:00 +28: /Users/robinfai/flutter_projects/ianvs-terminal/packages/ianvs_terminal_core/test/terminal/command_blocks_test.dart: whole block fits one third, uses full rows and expands at (font: Instance of 'TerminalFontConfig', scale: 1.0, size: Size(900.0, 900.0))
00:00 +29: /Users/robinfai/flutter_projects/ianvs-terminal/packages/ianvs_terminal_core/test/terminal/command_blocks_test.dart: whole block fits one third, uses full rows and expands at (font: Instance of 'TerminalFontConfig', scale: 1.0, size: Size(900.0, 900.0))
00:00 +30: /Users/robinfai/flutter_projects/ianvs-terminal/packages/ianvs_terminal_core/test/terminal/command_blocks_test.dart: whole block fits one third, uses full rows and expands at (font: Instance of 'TerminalFontConfig', scale: 1.0, size: Size(900.0, 900.0))
00:00 +31: /Users/robinfai/flutter_projects/ianvs-terminal/packages/ianvs_terminal_core/test/terminal/command_blocks_test.dart: whole block fits one third, uses full rows and expands at (font: Instance of 'TerminalFontConfig', scale: 1.0, size: Size(900.0, 900.0))
00:00 +32: /Users/robinfai/flutter_projects/ianvs-terminal/packages/ianvs_terminal_core/test/terminal/command_blocks_test.dart: whole block fits one third, uses full rows and expands at (font: Instance of 'TerminalFontConfig', scale: 1.0, size: Size(900.0, 900.0))
00:00 +33: /Users/robinfai/flutter_projects/ianvs-terminal/packages/ianvs_terminal_core/test/terminal/command_blocks_test.dart: whole block fits one third, uses full rows and expands at (font: Instance of 'TerminalFontConfig', scale: 1.0, size: Size(900.0, 900.0))
00:00 +34: /Users/robinfai/flutter_projects/ianvs-terminal/packages/ianvs_terminal_core/test/terminal/command_blocks_test.dart: whole block fits one third, uses full rows and expands at (font: Instance of 'TerminalFontConfig', scale: 1.0, size: Size(900.0, 900.0))
00:00 +35: /Users/robinfai/flutter_projects/ianvs-terminal/packages/ianvs_terminal_core/test/terminal/command_blocks_test.dart: whole block fits one third, uses full rows and expands at (font: Instance of 'TerminalFontConfig', scale: 1.0, size: Size(900.0, 900.0))
00:00 +36: /Users/robinfai/flutter_projects/ianvs-terminal/packages/ianvs_terminal_core/test/terminal/command_blocks_test.dart: whole block fits one third, uses full rows and expands at (font: Instance of 'TerminalFontConfig', scale: 1.0, size: Size(900.0, 900.0))
00:00 +37: /Users/robinfai/flutter_projects/ianvs-terminal/packages/ianvs_terminal_core/test/terminal/command_blocks_test.dart: whole block fits one third, uses full rows and expands at (font: Instance of 'TerminalFontConfig', scale: 1.0, size: Size(900.0, 900.0))
00:00 +38: /Users/robinfai/flutter_projects/ianvs-terminal/packages/ianvs_terminal_core/test/terminal/command_blocks_test.dart: whole block fits one third, uses full rows and expands at (font: Instance of 'TerminalFontConfig', scale: 1.0, size: Size(900.0, 900.0))
00:00 +39: /Users/robinfai/flutter_projects/ianvs-terminal/packages/ianvs_terminal_core/test/terminal/command_blocks_test.dart: whole block fits one third, uses full rows and expands at (font: Instance of 'TerminalFontConfig', scale: 1.0, size: Size(900.0, 900.0))
00:00 +40: /Users/robinfai/flutter_projects/ianvs-terminal/packages/ianvs_terminal_core/test/terminal/command_blocks_test.dart: whole block fits one third, uses full rows and expands at (font: Instance of 'TerminalFontConfig', scale: 1.0, size: Size(900.0, 900.0))
00:00 +41: /Users/robinfai/flutter_projects/ianvs-terminal/packages/ianvs_terminal_core/test/terminal/command_blocks_test.dart: whole block fits one third, uses full rows and expands at (font: Instance of 'TerminalFontConfig', scale: 1.0, size: Size(900.0, 900.0))
00:00 +42: /Users/robinfai/flutter_projects/ianvs-terminal/packages/ianvs_terminal_core/test/terminal/command_blocks_test.dart: whole block fits one third, uses full rows and expands at (font: Instance of 'TerminalFontConfig', scale: 1.0, size: Size(900.0, 900.0))
00:00 +43: /Users/robinfai/flutter_projects/ianvs-terminal/packages/ianvs_terminal_core/test/terminal/command_blocks_test.dart: whole block fits one third, uses full rows and expands at (font: Instance of 'TerminalFontConfig', scale: 1.0, size: Size(900.0, 900.0))
00:00 +44: /Users/robinfai/flutter_projects/ianvs-terminal/packages/ianvs_terminal_core/test/terminal/command_blocks_test.dart: whole block fits one third, uses full rows and expands at (font: Instance of 'TerminalFontConfig', scale: 1.0, size: Size(900.0, 900.0))
00:00 +45: /Users/robinfai/flutter_projects/ianvs-terminal/packages/ianvs_terminal_core/test/terminal/command_blocks_test.dart: whole block fits one third, uses full rows and expands at (font: Instance of 'TerminalFontConfig', scale: 1.0, size: Size(900.0, 900.0))
00:00 +46: /Users/robinfai/flutter_projects/ianvs-terminal/packages/ianvs_terminal_core/test/terminal/command_blocks_test.dart: whole block fits one third, uses full rows and expands at (font: Instance of 'TerminalFontConfig', scale: 1.0, size: Size(900.0, 900.0))
00:00 +47: /Users/robinfai/flutter_projects/ianvs-terminal/packages/ianvs_terminal_core/test/terminal/command_blocks_test.dart: whole block fits one third, uses full rows and expands at (font: Instance of 'TerminalFontConfig', scale: 1.0, size: Size(900.0, 900.0))
00:00 +48: /Users/robinfai/flutter_projects/ianvs-terminal/packages/ianvs_terminal_core/test/terminal/command_blocks_test.dart: whole block fits one third, uses full rows and expands at (font: Instance of 'TerminalFontConfig', scale: 1.0, size: Size(900.0, 900.0))
00:00 +49: /Users/robinfai/flutter_projects/ianvs-terminal/packages/ianvs_terminal_core/test/terminal/command_blocks_test.dart: whole block fits one third, uses full rows and expands at (font: Instance of 'TerminalFontConfig', scale: 1.0, size: Size(900.0, 900.0))
00:00 +50: /Users/robinfai/flutter_projects/ianvs-terminal/packages/ianvs_terminal_core/test/terminal/command_blocks_test.dart: whole block fits one third, uses full rows and expands at (font: Instance of 'TerminalFontConfig', scale: 1.0, size: Size(900.0, 900.0))
00:00 +51: /Users/robinfai/flutter_projects/ianvs-terminal/packages/ianvs_terminal_core/test/terminal/command_blocks_test.dart: whole block fits one third, uses full rows and expands at (font: Instance of 'TerminalFontConfig', scale: 1.0, size: Size(900.0, 900.0))
00:00 +52: /Users/robinfai/flutter_projects/ianvs-terminal/packages/ianvs_terminal_core/test/composer/composer_suggestions_test.dart: right and Ctrl+right accept ghost without execution; copy uses draft
00:00 +53: /Users/robinfai/flutter_projects/ianvs-terminal/packages/ianvs_terminal_core/test/composer/composer_suggestions_test.dart: right and Ctrl+right accept ghost without execution; copy uses draft
00:00 +54: /Users/robinfai/flutter_projects/ianvs-terminal/packages/ianvs_terminal_core/test/composer/composer_suggestions_test.dart: right and Ctrl+right accept ghost without execution; copy uses draft
00:00 +55: /Users/robinfai/flutter_projects/ianvs-terminal/packages/ianvs_terminal_core/test/terminal/command_blocks_mobile_test.dart: touch reader crosses native pages without jumping or opening IME (variant: TargetPlatform.iOS)
00:00 +56: /Users/robinfai/flutter_projects/ianvs-terminal/packages/ianvs_terminal_core/test/terminal/command_blocks_mobile_test.dart: touch reader crosses native pages without jumping or opening IME (variant: TargetPlatform.iOS)
00:00 +57: /Users/robinfai/flutter_projects/ianvs-terminal/packages/ianvs_terminal_core/test/terminal/command_blocks_mobile_test.dart: touch reader crosses native pages without jumping or opening IME (variant: TargetPlatform.iOS)
00:00 +58: /Users/robinfai/flutter_projects/ianvs-terminal/packages/ianvs_terminal_core/test/terminal/command_blocks_mobile_test.dart: touch reader crosses native pages without jumping or opening IME (variant: TargetPlatform.iOS)
00:00 +59: /Users/robinfai/flutter_projects/ianvs-terminal/packages/ianvs_terminal_core/test/terminal/command_blocks_mobile_test.dart: touch reader crosses native pages without jumping or opening IME (variant: TargetPlatform.iOS)
00:00 +60: /Users/robinfai/flutter_projects/ianvs-terminal/packages/ianvs_terminal_core/test/terminal/command_blocks_mobile_test.dart: touch reader crosses native pages without jumping or opening IME (variant: TargetPlatform.iOS)
00:00 +61: /Users/robinfai/flutter_projects/ianvs-terminal/packages/ianvs_terminal_core/test/terminal/command_blocks_mobile_test.dart: touch reader crosses native pages without jumping or opening IME (variant: TargetPlatform.iOS)
00:01 +62: /Users/robinfai/flutter_projects/ianvs-terminal/packages/ianvs_terminal_core/test/terminal/command_blocks_mobile_test.dart: touch reader crosses native pages without jumping or opening IME (variant: TargetPlatform.iOS)
00:01 +63: /Users/robinfai/flutter_projects/ianvs-terminal/packages/ianvs_terminal_core/test/terminal/command_blocks_mobile_test.dart: touch reader crosses native pages without jumping or opening IME (variant: TargetPlatform.iOS)
00:01 +64: /Users/robinfai/flutter_projects/ianvs-terminal/packages/ianvs_terminal_core/test/terminal/command_blocks_mobile_test.dart: touch reader crosses native pages without jumping or opening IME (variant: TargetPlatform.iOS)
00:01 +65: /Users/robinfai/flutter_projects/ianvs-terminal/packages/ianvs_terminal_core/test/terminal/command_blocks_mobile_test.dart: touch reader crosses native pages without jumping or opening IME (variant: TargetPlatform.iOS)
00:01 +66: /Users/robinfai/flutter_projects/ianvs-terminal/packages/ianvs_terminal_core/test/terminal/command_blocks_mobile_test.dart: touch reader crosses native pages without jumping or opening IME (variant: TargetPlatform.iOS)
00:01 +67: /Users/robinfai/flutter_projects/ianvs-terminal/packages/ianvs_terminal_core/test/terminal/command_blocks_mobile_test.dart: touch reader crosses native pages without jumping or opening IME (variant: TargetPlatform.iOS)
00:01 +68: /Users/robinfai/flutter_projects/ianvs-terminal/packages/ianvs_terminal_core/test/terminal/command_blocks_mobile_test.dart: touch reader crosses native pages without jumping or opening IME (variant: TargetPlatform.iOS)
00:01 +69: /Users/robinfai/flutter_projects/ianvs-terminal/packages/ianvs_terminal_core/test/terminal/command_blocks_mobile_test.dart: touch reader crosses native pages without jumping or opening IME (variant: TargetPlatform.iOS)
00:01 +70: /Users/robinfai/flutter_projects/ianvs-terminal/packages/ianvs_terminal_core/test/terminal/command_blocks_mobile_test.dart: touch reader crosses native pages without jumping or opening IME (variant: TargetPlatform.iOS)
00:01 +71: /Users/robinfai/flutter_projects/ianvs-terminal/packages/ianvs_terminal_core/test/terminal/command_blocks_mobile_test.dart: touch reader crosses native pages without jumping or opening IME (variant: TargetPlatform.iOS)
00:01 +72: /Users/robinfai/flutter_projects/ianvs-terminal/packages/ianvs_terminal_core/test/terminal/command_blocks_mobile_test.dart: touch reader crosses native pages without jumping or opening IME (variant: TargetPlatform.iOS)
00:01 +73: /Users/robinfai/flutter_projects/ianvs-terminal/packages/ianvs_terminal_core/test/terminal/command_blocks_mobile_test.dart: touch reader crosses native pages without jumping or opening IME (variant: TargetPlatform.iOS)
00:01 +74: /Users/robinfai/flutter_projects/ianvs-terminal/packages/ianvs_terminal_core/test/terminal/command_blocks_mobile_test.dart: touch reader crosses native pages without jumping or opening IME (variant: TargetPlatform.iOS)
00:01 +75: /Users/robinfai/flutter_projects/ianvs-terminal/packages/ianvs_terminal_core/test/terminal/command_blocks_mobile_test.dart: touch reader crosses native pages without jumping or opening IME (variant: TargetPlatform.iOS)
00:01 +76: /Users/robinfai/flutter_projects/ianvs-terminal/packages/ianvs_terminal_core/test/composer/composer_controller_redesign_test.dart: desktop event routing More keyboard activation cannot submit the editor draft (variant: TargetPlatform.macOS)
00:01 +77: /Users/robinfai/flutter_projects/ianvs-terminal/packages/ianvs_terminal_core/test/composer/composer_controller_redesign_test.dart: desktop event routing More keyboard activation cannot submit the editor draft (variant: TargetPlatform.macOS)
00:01 +78: /Users/robinfai/flutter_projects/ianvs-terminal/packages/ianvs_terminal_core/test/composer/composer_suggestions_test.dart: history trackpad scrolling survives hover and model updates
00:01 +79: /Users/robinfai/flutter_projects/ianvs-terminal/packages/ianvs_terminal_core/test/composer/composer_suggestions_test.dart: history trackpad scrolling survives hover and model updates
00:01 +80: /Users/robinfai/flutter_projects/ianvs-terminal/packages/ianvs_terminal_core/test/composer/composer_suggestions_test.dart: history trackpad scrolling survives hover and model updates
00:01 +81: /Users/robinfai/flutter_projects/ianvs-terminal/packages/ianvs_terminal_core/test/composer/composer_suggestions_test.dart: history trackpad scrolling survives hover and model updates
00:01 +82: /Users/robinfai/flutter_projects/ianvs-terminal/packages/ianvs_terminal_core/test/composer/composer_suggestions_test.dart: history trackpad scrolling survives hover and model updates
00:01 +83: /Users/robinfai/flutter_projects/ianvs-terminal/packages/ianvs_terminal_core/test/composer/composer_test.dart: keyboard selection stays visible in scaled mixed-height lists
00:02 +84: /Users/robinfai/flutter_projects/ianvs-terminal/packages/ianvs_terminal_core/test/composer/composer_test.dart: keyboard selection stays visible in scaled mixed-height lists
00:02 +85: /Users/robinfai/flutter_projects/ianvs-terminal/packages/ianvs_terminal_core/test/composer/composer_test.dart: keyboard selection stays visible in scaled mixed-height lists
00:02 +86: /Users/robinfai/flutter_projects/ianvs-terminal/packages/ianvs_terminal_core/test/composer/composer_test.dart: keyboard selection stays visible in scaled mixed-height lists
00:02 +87: /Users/robinfai/flutter_projects/ianvs-terminal/packages/ianvs_terminal_core/test/terminal/command_blocks_test.dart: offscreen bookmarks reveal lazily built blocks and wheel scroll is not pulled back
00:02 +88: /Users/robinfai/flutter_projects/ianvs-terminal/packages/ianvs_terminal_core/test/terminal/command_blocks_test.dart: offscreen bookmarks reveal lazily built blocks and wheel scroll is not pulled back
00:02 +89: /Users/robinfai/flutter_projects/ianvs-terminal/packages/ianvs_terminal_core/test/terminal/command_blocks_test.dart: offscreen bookmarks reveal lazily built blocks and wheel scroll is not pulled back
00:03 +90: /Users/robinfai/flutter_projects/ianvs-terminal/packages/ianvs_terminal_core/test/terminal/command_blocks_test.dart: block output passes pixel wheel deltas to vertical and horizontal scrollables (variant: TargetPlatform.macOS)
00:03 +91: /Users/robinfai/flutter_projects/ianvs-terminal/packages/ianvs_terminal_core/test/terminal/command_blocks_test.dart: one trackpad gesture crosses block boundaries and survives source refreshes (running: false) (variant: TargetPlatform.macOS)
00:04 +92: /Users/robinfai/flutter_projects/ianvs-terminal/packages/ianvs_terminal_core/test/terminal/command_blocks_test.dart: one trackpad gesture crosses block boundaries and survives source refreshes (running: true) (variant: TargetPlatform.macOS)
00:04 +93: /Users/robinfai/flutter_projects/ianvs-terminal/packages/ianvs_terminal_core/test/terminal/command_blocks_test.dart: range selection, bookmarks, paging and eviction stay session-local
00:04 +94: /Users/robinfai/flutter_projects/ianvs-terminal/packages/ianvs_terminal_core/test/terminal/command_blocks_test.dart: copy ignores filters and joins soft wraps across pages
00:04 +95: /Users/robinfai/flutter_projects/ianvs-terminal/packages/ianvs_terminal_core/test/terminal/command_blocks_test.dart: running block owns focus and PTY input; completed terminal is read-only
00:04 +96: /Users/robinfai/flutter_projects/ianvs-terminal/packages/ianvs_terminal_core/test/terminal/command_blocks_test.dart: re-input edits only, folding preserves terminal source
00:04 +97: All tests passed!
