package:ianvs_design has `uses-material-design: true` set but the primary pubspec contains `uses-material-design: false`. If the application needs material icons, then `uses-material-design`  must be set to true.
00:00 +0: loading /Users/robinfai/flutter_projects/ianvs-terminal/example/integration_test/terminal_ai_model_scenarios_test.dart
Building macOS application...                                   
✓ Built build/macos/Build/Products/Debug/Trail Development.app
00:00 +0: real model clarifies, reviews and distinguishes evidence from success
══╡ EXCEPTION CAUGHT BY FLUTTER TEST FRAMEWORK ╞════════════════════════════════════════════════════
The following TestFailure was thrown running a test:
Expected: not contains '[block:'
  Actual: '最后一条命令是 `true`，它以退出码 0 结束，没有产生输出。它只能证明这个 `true` 命令成功返回；不能证明前面的 beta
启动检查成功，也不能确认数据库连接失败的具体原因。 [block:1790981600507-8 的输出为空；无可引用行]'

When the exception was thrown, this was the stack:
#4      main.<anonymous closure> (file:///Users/robinfai/flutter_projects/ianvs-terminal/example/integration_test/terminal_ai_model_scenarios_test.dart:414:11)
<asynchronous suspension>
#5      testWidgets.<anonymous closure>.<anonymous closure> (package:flutter_test/src/widget_tester.dart:192:15)
<asynchronous suspension>
#6      TestWidgetsFlutterBinding._runTestBody (package:flutter_test/src/binding.dart:1952:5)
<asynchronous suspension>
<asynchronous suspension>
(elided one frame from package:stack_trace)

This was caught by the test expectation on the following line:
  file:///Users/robinfai/flutter_projects/ianvs-terminal/example/integration_test/terminal_ai_model_scenarios_test.dart line 414
The test description was:
  real model clarifies, reviews and distinguishes evidence from success
════════════════════════════════════════════════════════════════════════════════════════════════════
00:34 +0 -1: real model clarifies, reviews and distinguishes evidence from success [E]
  Test failed. See exception logs above.
  The test description was: real model clarifies, reviews and distinguishes evidence from success
  
00:34 +0 -1: (tearDownAll)
00:34 +0 -1: Some tests failed.

Failing tests:
  /Users/robinfai/flutter_projects/ianvs-terminal/example/integration_test/terminal_ai_model_scenarios_test.dart: real model clarifies, reviews and distinguishes evidence from success
