package:ianvs_design has `uses-material-design: true` set but the primary pubspec contains `uses-material-design: false`. If the application needs material icons, then `uses-material-design`  must be set to true.
00:00 +0: loading /Users/robinfai/flutter_projects/ianvs-terminal/example/test/shell/defaults_appearance_redesign_test.dart
00:00 +0: AI settings distinguishes loading from unreadable configuration
00:00 +1: AI settings status follows saved configuration, not cancelled edits
00:00 +2: platform terminal preference stages and saves explicitly
00:01 +3: platform terminal preference stages and cancels explicitly
00:01 +4: preferred terminal mode saves independently
00:01 +5: global SSH switches save independently
00:01 +6: shortcut empty results keep the list width
00:01 +7: change status clears when a selection is reverted
00:01 +8: reset menu stages a profile reset and cancel discards it
00:01 +9: all desktop sections reflow at 680 px and 2x text in Brightness.dark
00:01 +10: all desktop sections reflow at 680 px and 2x text in Brightness.light
00:02 +11: iPhone settings sections remain reachable at Size(375.0, 667.0) and 1.0x
00:02 +12: iPhone settings sections remain reachable at Size(375.0, 667.0) and 2.0x
00:02 +13: iPhone settings sections remain reachable at Size(375.0, 667.0) and 3.0x
00:02 +14: iPhone settings sections remain reachable at Size(402.0, 874.0) and 1.0x
00:02 +15: iPhone settings sections remain reachable at Size(402.0, 874.0) and 2.0x
00:02 +16: iPhone settings sections remain reachable at Size(402.0, 874.0) and 3.0x
00:02 +17: iPhone settings sections remain reachable at Size(874.0, 402.0) and 1.0x
00:02 +18: iPhone settings sections remain reachable at Size(874.0, 402.0) and 2.0x
00:03 +19: iPhone settings sections remain reachable at Size(874.0, 402.0) and 3.0x
00:03 +20: wide defaults dialog navigates to compact permission controls
00:03 +21: wide defaults dialog renders shortcuts as a persistent tab
00:03 +22: language selection is returned when defaults are saved
00:03 +23: stale configured profile saves automatic fallback
00:03 +24: fixed profile can be changed back to automatic fallback
00:03 +25: long SSH option fits compact enlarged text
00:03 +26: small Mac settings stays navigable in Brightness.dark
00:03 +27: small Mac settings stays navigable in Brightness.light
00:03 +28: compact defaults dialog keeps the touch-friendly radio layout
00:03 +29: All tests passed!
