package:ianvs_design has `uses-material-design: true` set but the primary pubspec contains `uses-material-design: false`. If the application needs material icons, then `uses-material-design`  must be set to true.
00:00 +0: loading /Users/robinfai/flutter_projects/ianvs-terminal/example/test/shell/mobile_terminal_modes_test.dart
00:00 +0: (setUpAll)
00:00 +0: SSH failure keeps AI draft and output on macOS

Warning: A call to tap() with finder "Found 1 widget with key [<'ai-terminal-settings'>]: [
  TextButton-[<'ai-terminal-settings'>](dirty, dependencies: [IconTheme, InheritedCupertinoTheme, MediaQuery, _InheritedTheme, _LocalizationsScope-[GlobalKey#d5f43], _ScrollableScope], state: _ButtonStyleState#764dc),
]" derived an Offset (Offset(512.1, 337.0)) that would not hit test on the specified widget.
Maybe the widget is actually off-screen, or another widget is obscuring it, or the widget cannot receive pointer events.
The finder corresponds to this RenderBox: RenderSemanticsAnnotations#c7aea relayoutBoundary=up8 NEEDS-PAINT
The hit test result at that offset is: HitTestResult(RenderPointerListener#595e4@Offset(512.1, 337.0), RenderSemanticsAnnotations#0671d@Offset(512.1, 337.0), RenderSemanticsAnnotations#97096@Offset(512.1, 337.0), RenderSemanticsAnnotations#e9c5a@Offset(512.1, 337.0), RenderSemanticsAnnotations#5f0f9@Offset(512.1, 337.0), RenderTapRegionSurface#215cd@Offset(512.1, 337.0), RenderSemanticsAnnotations#7a8ee@Offset(512.1, 337.0), RenderSemanticsAnnotations#f6354@Offset(512.1, 337.0), RenderSemanticsAnnotations#eaa78@Offset(512.1, 337.0), RenderRepaintBoundary#62b6f@Offset(512.1, 337.0), HitTestEntry<HitTestTarget>#151e3(_ReusableRenderView#cd558), HitTestEntry<HitTestTarget>#fb2c5(<ConfigurationCaptureBinding>))
#0      WidgetController._getElementPoint (package:flutter_test/src/controller.dart:2165:25)
#1      WidgetController.getCenter (package:flutter_test/src/controller.dart:1947:12)
#2      WidgetController.tap (package:flutter_test/src/controller.dart:1080:7)
#3      main.<anonymous closure> (file:///Users/robinfai/flutter_projects/ianvs-terminal/example/test/shell/mobile_terminal_modes_test.dart:357:20)
<asynchronous suspension>
#4      testWidgets.<anonymous closure>.<anonymous closure> (package:flutter_test/src/widget_tester.dart:192:15)
<asynchronous suspension>
#5      TestWidgetsFlutterBinding._runTestBody (package:flutter_test/src/binding.dart:1952:5)
<asynchronous suspension>
#6      StackZoneSpecification._registerCallback.<anonymous closure> (package:stack_trace/src/stack_zone_specification.dart:114:42)
<asynchronous suspension>
To silence this warning, pass "warnIfMissed: false" to "tap()".
To make this warning fatal, set WidgetController.hitTestWarningShouldBeFatal to true.

00:01 +1: SSH failure keeps AI draft and output on iOS

Warning: A call to tap() with finder "Found 1 widget with key [<'ai-terminal-settings'>]: [
  TextButton-[<'ai-terminal-settings'>](dirty, dependencies: [IconTheme, InheritedCupertinoTheme, MediaQuery, _InheritedTheme, _LocalizationsScope-[GlobalKey#84028], _ScrollableScope], state: _ButtonStyleState#b2926),
]" derived an Offset (Offset(238.3, 518.0)) that would not hit test on the specified widget.
Maybe the widget is actually off-screen, or another widget is obscuring it, or the widget cannot receive pointer events.
The finder corresponds to this RenderBox: RenderSemanticsAnnotations#8b13d relayoutBoundary=up8 NEEDS-PAINT
The hit test result at that offset is: HitTestResult(RenderPointerListener#3d104@Offset(238.3, 518.0), RenderSemanticsAnnotations#05d7b@Offset(238.3, 518.0), RenderSemanticsAnnotations#266a3@Offset(238.3, 518.0), RenderSemanticsAnnotations#0efe3@Offset(238.3, 518.0), RenderSemanticsAnnotations#b3dac@Offset(238.3, 518.0), RenderTapRegionSurface#d6f1e@Offset(238.3, 518.0), RenderSemanticsAnnotations#ab636@Offset(238.3, 518.0), RenderSemanticsAnnotations#4bbe2@Offset(238.3, 518.0), RenderSemanticsAnnotations#ecba0@Offset(238.3, 518.0), RenderRepaintBoundary#0b342@Offset(238.3, 518.0), HitTestEntry<HitTestTarget>#bb436(_ReusableRenderView#cd558), HitTestEntry<HitTestTarget>#a5abf(<ConfigurationCaptureBinding>))
#0      WidgetController._getElementPoint (package:flutter_test/src/controller.dart:2165:25)
#1      WidgetController.getCenter (package:flutter_test/src/controller.dart:1947:12)
#2      WidgetController.tap (package:flutter_test/src/controller.dart:1080:7)
#3      main.<anonymous closure> (file:///Users/robinfai/flutter_projects/ianvs-terminal/example/test/shell/mobile_terminal_modes_test.dart:357:20)
<asynchronous suspension>
#4      testWidgets.<anonymous closure>.<anonymous closure> (package:flutter_test/src/widget_tester.dart:192:15)
<asynchronous suspension>
#5      TestWidgetsFlutterBinding._runTestBody (package:flutter_test/src/binding.dart:1952:5)
<asynchronous suspension>
#6      StackZoneSpecification._registerCallback.<anonymous closure> (package:stack_trace/src/stack_zone_specification.dart:114:42)
<asynchronous suspension>
To silence this warning, pass "warnIfMissed: false" to "tap()".
To make this warning fatal, set WidgetController.hitTestWarningShouldBeFatal to true.

00:02 +2: phone can recheck current support without changing mode or task
00:03 +3: phone reader touch selection returns to the retained AI task
00:04 +4: phone TUI grid and input ownership portrait
00:04 +5: phone TUI grid and input ownership landscape
00:05 +6: phone TUI grid and input ownership short-dark
00:05 +7: phone session menu preserves the AI task through capability changes
00:06 +8: iOS negotiates Blocks and preserves manual Normal
00:06 +9: android negotiates Blocks and preserves manual Normal
00:07 +10: SSH hop and fullscreen fall back; restore remains manual
00:07 +11: main-screen application modes fall back without an alternate buffer
00:07 +12: mobile Block input fits phone with the keyboard
00:08 +13: mobile Block input fits landscape with the keyboard
00:08 +14: mobile Block input fits fixed-text-dark with the keyboard
00:08 +15: mobile Block input fits landscape-dark with the keyboard
00:08 +16: mobile Block input fits ipad with the keyboard
00:09 +17: mobile settings save Normal for new sessions only
00:09 +18: explicit Normal preference overrides the mobile default
00:09 +19: (tearDownAll)
00:09 +19: All tests passed!
