package:ianvs_design has `uses-material-design: true` set but the primary pubspec contains `uses-material-design: false`. If the application needs material icons, then `uses-material-design`  must be set to true.
00:00 +0: loading /Users/robinfai/flutter_projects/ianvs-terminal/example/test/ai/terminal_ai_connections_test.dart
00:00 +0: three connections keep each native history window and original reading state
00:00 +0 -1: three connections keep each native history window and original reading state [E]
  Expected: an object with length of <384>
    Actual: [
              Instance of 'CommandBlock',
              Instance of 'CommandBlock',
              Instance of 'CommandBlock',
              Instance of 'CommandBlock',
              Instance of 'CommandBlock',
              Instance of 'CommandBlock',
              Instance of 'CommandBlock',
              Instance of 'CommandBlock',
              Instance of 'CommandBlock',
              Instance of 'CommandBlock',
              Instance of 'CommandBlock',
              Instance of 'CommandBlock',
              Instance of 'CommandBlock',
              Instance of 'CommandBlock',
              Instance of 'CommandBlock',
              Instance of 'CommandBlock',
              Instance of 'CommandBlock',
              Instance of 'CommandBlock',
              Instance of 'CommandBlock',
              Instance of 'CommandBlock',
              Instance of 'CommandBlock',
              Instance of 'CommandBlock',
              Instance of 'CommandBlock',
              Instance of 'CommandBlock',
              ...
            ]
     Which: has length of <128>
  
  package:matcher                                     expect
  package:flutter_test/src/widget_tester.dart 473:18  expect
  test/ai/terminal_ai_connections_test.dart 128:7     main.<fn>
  
00:00 +0 -1: Some tests failed.

Failing tests:
  /Users/robinfai/flutter_projects/ianvs-terminal/example/test/ai/terminal_ai_connections_test.dart: three connections keep each native history window and original reading state
