00:00 +0: loading /Users/robinfai/flutter_projects/ianvs-terminal/packages/ianvs_terminal/test/terminal/command_blocks_mobile_test.dart
00:00 +0: /Users/robinfai/flutter_projects/ianvs-terminal/packages/ianvs_terminal/test/terminal/command_blocks_mobile_test.dart: compact previews keep six rows and height when keyboard opens (variant: TargetPlatform.iOS)
00:00 +1: /Users/robinfai/flutter_projects/ianvs-terminal/packages/ianvs_terminal/test/terminal/command_blocks_mobile_test.dart: compact previews keep six rows and height when keyboard opens (variant: TargetPlatform.iOS)
00:00 +2: /Users/robinfai/flutter_projects/ianvs-terminal/packages/ianvs_terminal/test/terminal/command_blocks_mobile_test.dart: compact previews keep six rows and height when keyboard opens (variant: TargetPlatform.iOS)
00:00 +3: /Users/robinfai/flutter_projects/ianvs-terminal/packages/ianvs_terminal/test/terminal/command_block_elapsed_test.dart: elapsed survives refresh and freezes at native finish (phone false, Chinese false)
00:00 +4: /Users/robinfai/flutter_projects/ianvs-terminal/packages/ianvs_terminal/test/terminal/command_blocks_timeline_test.dart: task timeline selects and attaches only its visible blocks
00:00 +5: /Users/robinfai/flutter_projects/ianvs-terminal/packages/ianvs_terminal/test/terminal/command_blocks_timeline_test.dart: task timeline selects and attaches only its visible blocks
00:00 +6: /Users/robinfai/flutter_projects/ianvs-terminal/packages/ianvs_terminal/test/terminal/command_blocks_timeline_test.dart: task timeline selects and attaches only its visible blocks
00:00 +7: /Users/robinfai/flutter_projects/ianvs-terminal/packages/ianvs_terminal/test/terminal/command_blocks_test.dart: whole block fits one third, uses full rows and expands at (font: Instance of 'TerminalFontConfig', scale: 1.0, size: Size(900.0, 900.0))
00:00 +8: /Users/robinfai/flutter_projects/ianvs-terminal/packages/ianvs_terminal/test/terminal/command_block_copy_test.dart: reader drags and copies across pages (phone false, reverse false, filtered false) (variant: TargetPlatform.macOS)
00:00 +9: /Users/robinfai/flutter_projects/ianvs-terminal/packages/ianvs_terminal/test/terminal/command_block_elapsed_test.dart: elapsed survives refresh and freezes at native finish (phone true, Chinese false)
00:01 +10: /Users/robinfai/flutter_projects/ianvs-terminal/packages/ianvs_terminal/test/terminal/command_blocks_mobile_test.dart: touch reader crosses native pages without jumping or opening IME (variant: TargetPlatform.iOS)
00:01 +11: /Users/robinfai/flutter_projects/ianvs-terminal/packages/ianvs_terminal/test/terminal/command_blocks_mobile_test.dart: touch reader crosses native pages without jumping or opening IME (variant: TargetPlatform.iOS)
00:01 +12: /Users/robinfai/flutter_projects/ianvs-terminal/packages/ianvs_terminal/test/terminal/command_blocks_mobile_test.dart: touch reader crosses native pages without jumping or opening IME (variant: TargetPlatform.iOS)
00:01 +13: /Users/robinfai/flutter_projects/ianvs-terminal/packages/ianvs_terminal/test/terminal/command_blocks_mobile_test.dart: touch reader crosses native pages without jumping or opening IME (variant: TargetPlatform.iOS)
00:01 +14: /Users/robinfai/flutter_projects/ianvs-terminal/packages/ianvs_terminal/test/terminal/command_blocks_mobile_test.dart: touch reader crosses native pages without jumping or opening IME (variant: TargetPlatform.iOS)
00:01 +15: /Users/robinfai/flutter_projects/ianvs-terminal/packages/ianvs_terminal/test/terminal/command_blocks_mobile_test.dart: touch reader crosses native pages without jumping or opening IME (variant: TargetPlatform.iOS)
00:01 +16: /Users/robinfai/flutter_projects/ianvs-terminal/packages/ianvs_terminal/test/terminal/command_blocks_mobile_test.dart: touch reader crosses native pages without jumping or opening IME (variant: TargetPlatform.iOS)
00:01 +17: /Users/robinfai/flutter_projects/ianvs-terminal/packages/ianvs_terminal/test/terminal/command_blocks_mobile_test.dart: touch reader crosses native pages without jumping or opening IME (variant: TargetPlatform.iOS)
00:01 +18: /Users/robinfai/flutter_projects/ianvs-terminal/packages/ianvs_terminal/test/terminal/command_block_elapsed_test.dart: silent timer updates only metadata and resumes without input
00:01 +19: /Users/robinfai/flutter_projects/ianvs-terminal/packages/ianvs_terminal/test/terminal/command_block_elapsed_test.dart: silent timer updates only metadata and resumes without input
00:01 +20: /Users/robinfai/flutter_projects/ianvs-terminal/packages/ianvs_terminal/test/terminal/command_block_elapsed_test.dart: silent timer updates only metadata and resumes without input
00:01 +21: /Users/robinfai/flutter_projects/ianvs-terminal/packages/ianvs_terminal/test/terminal/command_block_elapsed_test.dart: silent timer updates only metadata and resumes without input
00:01 +22: /Users/robinfai/flutter_projects/ianvs-terminal/packages/ianvs_terminal/test/terminal/command_block_elapsed_test.dart: silent timer updates only metadata and resumes without input
00:01 +23: /Users/robinfai/flutter_projects/ianvs-terminal/packages/ianvs_terminal/test/terminal/command_block_elapsed_test.dart: silent timer updates only metadata and resumes without input
00:01 +24: /Users/robinfai/flutter_projects/ianvs-terminal/packages/ianvs_terminal/test/terminal/command_block_elapsed_test.dart: silent timer updates only metadata and resumes without input
00:01 +25: /Users/robinfai/flutter_projects/ianvs-terminal/packages/ianvs_terminal/test/terminal/command_block_elapsed_test.dart: silent timer updates only metadata and resumes without input
00:02 +26: /Users/robinfai/flutter_projects/ianvs-terminal/packages/ianvs_terminal/test/terminal/command_block_elapsed_test.dart: silent timer updates only metadata and resumes without input
00:02 +27: /Users/robinfai/flutter_projects/ianvs-terminal/packages/ianvs_terminal/test/terminal/command_block_elapsed_test.dart: silent timer updates only metadata and resumes without input
00:02 +28: /Users/robinfai/flutter_projects/ianvs-terminal/packages/ianvs_terminal/test/terminal/command_block_elapsed_test.dart: silent timer updates only metadata and resumes without input
00:02 +29: /Users/robinfai/flutter_projects/ianvs-terminal/packages/ianvs_terminal/test/terminal/command_block_elapsed_test.dart: silent timer updates only metadata and resumes without input
00:02 +30: /Users/robinfai/flutter_projects/ianvs-terminal/packages/ianvs_terminal/test/terminal/command_block_elapsed_test.dart: silent timer updates only metadata and resumes without input
00:02 +31: /Users/robinfai/flutter_projects/ianvs-terminal/packages/ianvs_terminal/test/terminal/command_block_elapsed_test.dart: silent timer updates only metadata and resumes without input
00:02 +32: /Users/robinfai/flutter_projects/ianvs-terminal/packages/ianvs_terminal/test/terminal/command_block_elapsed_test.dart: silent timer updates only metadata and resumes without input
00:02 +33: /Users/robinfai/flutter_projects/ianvs-terminal/packages/ianvs_terminal/test/terminal/command_block_elapsed_test.dart: silent timer updates only metadata and resumes without input
00:02 +34: /Users/robinfai/flutter_projects/ianvs-terminal/packages/ianvs_terminal/test/terminal/command_block_elapsed_test.dart: silent timer updates only metadata and resumes without input
00:02 +35: /Users/robinfai/flutter_projects/ianvs-terminal/packages/ianvs_terminal/test/terminal/command_block_elapsed_test.dart: silent timer updates only metadata and resumes without input
00:02 +36: /Users/robinfai/flutter_projects/ianvs-terminal/packages/ianvs_terminal/test/terminal/command_block_elapsed_test.dart: silent timer updates only metadata and resumes without input
00:02 +37: /Users/robinfai/flutter_projects/ianvs-terminal/packages/ianvs_terminal/test/terminal/command_block_elapsed_test.dart: silent timer updates only metadata and resumes without input
00:02 +38: /Users/robinfai/flutter_projects/ianvs-terminal/packages/ianvs_terminal/test/terminal/command_block_elapsed_test.dart: silent timer updates only metadata and resumes without input
00:02 +39: /Users/robinfai/flutter_projects/ianvs-terminal/packages/ianvs_terminal/test/terminal/command_block_elapsed_test.dart: silent timer updates only metadata and resumes without input
00:02 +40: /Users/robinfai/flutter_projects/ianvs-terminal/packages/ianvs_terminal/test/terminal/command_block_elapsed_test.dart: silent timer updates only metadata and resumes without input
00:03 +41: /Users/robinfai/flutter_projects/ianvs-terminal/packages/ianvs_terminal/test/terminal/command_blocks_test.dart: offscreen bookmarks reveal lazily built blocks and wheel scroll is not pulled back
00:03 +42: /Users/robinfai/flutter_projects/ianvs-terminal/packages/ianvs_terminal/test/terminal/command_blocks_test.dart: offscreen bookmarks reveal lazily built blocks and wheel scroll is not pulled back
00:04 +43: /Users/robinfai/flutter_projects/ianvs-terminal/packages/ianvs_terminal/test/terminal/command_blocks_test.dart: offscreen bookmarks reveal lazily built blocks and wheel scroll is not pulled back
00:04 +44: /Users/robinfai/flutter_projects/ianvs-terminal/packages/ianvs_terminal/test/terminal/command_block_copy_test.dart: reader edge drag scrolls beyond its starting page (phone false, upward false, filtered true) (variant: TargetPlatform.macOS)
00:04 +45: /Users/robinfai/flutter_projects/ianvs-terminal/packages/ianvs_terminal/test/terminal/command_block_copy_test.dart: reader edge drag scrolls beyond its starting page (phone false, upward false, filtered true) (variant: TargetPlatform.macOS)
00:04 +46: /Users/robinfai/flutter_projects/ianvs-terminal/packages/ianvs_terminal/test/terminal/command_block_copy_test.dart: reader edge drag scrolls beyond its starting page (phone false, upward false, filtered true) (variant: TargetPlatform.macOS)
00:05 +47: /Users/robinfai/flutter_projects/ianvs-terminal/packages/ianvs_terminal/test/terminal/command_block_copy_test.dart: reader edge drag scrolls beyond its starting page (phone false, upward false, filtered true) (variant: TargetPlatform.macOS)
00:05 +48: /Users/robinfai/flutter_projects/ianvs-terminal/packages/ianvs_terminal/test/terminal/command_block_copy_test.dart: reader edge drag scrolls beyond its starting page (phone false, upward false, filtered true) (variant: TargetPlatform.macOS)
00:05 +49: /Users/robinfai/flutter_projects/ianvs-terminal/packages/ianvs_terminal/test/terminal/command_block_copy_test.dart: reader edge drag scrolls beyond its starting page (phone false, upward false, filtered true) (variant: TargetPlatform.macOS)
00:05 +50: /Users/robinfai/flutter_projects/ianvs-terminal/packages/ianvs_terminal/test/terminal/command_block_copy_test.dart: reader edge drag scrolls beyond its starting page (phone false, upward false, filtered true) (variant: TargetPlatform.macOS)
00:05 +51: /Users/robinfai/flutter_projects/ianvs-terminal/packages/ianvs_terminal/test/terminal/command_block_copy_test.dart: reader edge drag scrolls beyond its starting page (phone false, upward false, filtered true) (variant: TargetPlatform.macOS)
00:05 +52: /Users/robinfai/flutter_projects/ianvs-terminal/packages/ianvs_terminal/test/terminal/command_block_copy_test.dart: reader edge drag scrolls beyond its starting page (phone false, upward true, filtered false) (variant: TargetPlatform.macOS)
00:06 +53: /Users/robinfai/flutter_projects/ianvs-terminal/packages/ianvs_terminal/test/terminal/command_block_copy_test.dart: reader edge drag scrolls beyond its starting page (phone false, upward true, filtered true) (variant: TargetPlatform.macOS)
00:07 +54: /Users/robinfai/flutter_projects/ianvs-terminal/packages/ianvs_terminal/test/terminal/command_block_copy_test.dart: reader edge drag scrolls beyond its starting page (phone true, upward false, filtered false) (variant: TargetPlatform.iOS)
00:08 +55: /Users/robinfai/flutter_projects/ianvs-terminal/packages/ianvs_terminal/test/terminal/command_block_copy_test.dart: reader edge drag scrolls beyond its starting page (phone true, upward false, filtered true) (variant: TargetPlatform.iOS)
00:09 +56: /Users/robinfai/flutter_projects/ianvs-terminal/packages/ianvs_terminal/test/terminal/command_block_copy_test.dart: reader edge drag scrolls beyond its starting page (phone true, upward true, filtered false) (variant: TargetPlatform.iOS)
00:10 +57: /Users/robinfai/flutter_projects/ianvs-terminal/packages/ianvs_terminal/test/terminal/command_block_copy_test.dart: reader edge drag scrolls beyond its starting page (phone true, upward true, filtered true) (variant: TargetPlatform.iOS)
00:10 +58: /Users/robinfai/flutter_projects/ianvs-terminal/packages/ianvs_terminal/test/terminal/command_block_copy_test.dart: reader edge scroll stops on cancellation or disposal (phone false, unmount false) (variant: TargetPlatform.macOS)
00:10 +59: /Users/robinfai/flutter_projects/ianvs-terminal/packages/ianvs_terminal/test/terminal/command_block_copy_test.dart: reader edge scroll stops on cancellation or disposal (phone false, unmount true) (variant: TargetPlatform.macOS)
00:10 +60: /Users/robinfai/flutter_projects/ianvs-terminal/packages/ianvs_terminal/test/terminal/command_block_copy_test.dart: reader edge scroll stops on cancellation or disposal (phone true, unmount false) (variant: TargetPlatform.iOS)
00:10 +61: /Users/robinfai/flutter_projects/ianvs-terminal/packages/ianvs_terminal/test/terminal/command_block_copy_test.dart: reader edge scroll stops on cancellation or disposal (phone true, unmount true) (variant: TargetPlatform.iOS)
00:10 +62: /Users/robinfai/flutter_projects/ianvs-terminal/packages/ianvs_terminal/test/terminal/command_block_copy_test.dart: selecting running output pauses tail following until explicitly resumed (phone false) (variant: TargetPlatform.macOS)
00:11 +63: /Users/robinfai/flutter_projects/ianvs-terminal/packages/ianvs_terminal/test/terminal/command_block_copy_test.dart: selecting running output pauses tail following until explicitly resumed (phone true) (variant: TargetPlatform.iOS)
00:11 +64: /Users/robinfai/flutter_projects/ianvs-terminal/packages/ianvs_terminal/test/terminal/command_block_copy_test.dart: reader Option drag copies a rectangle across pages after horizontal scroll (variant: TargetPlatform.macOS)
00:11 +65: /Users/robinfai/flutter_projects/ianvs-terminal/packages/ianvs_terminal/test/terminal/command_block_copy_test.dart: reader keyboard copies selection across native pages
00:11 +66: /Users/robinfai/flutter_projects/ianvs-terminal/packages/ianvs_terminal/test/terminal/command_block_copy_test.dart: reader distinguishes whole output, filtered output and selection
00:11 +67: /Users/robinfai/flutter_projects/ianvs-terminal/packages/ianvs_terminal/test/terminal/command_block_copy_test.dart: copy does not replace clipboard with a partially evicted snapshot
00:11 +68: /Users/robinfai/flutter_projects/ianvs-terminal/packages/ianvs_terminal/test/terminal/command_block_copy_test.dart: stale selected rows never copy replacement history
00:11 +69: /Users/robinfai/flutter_projects/ianvs-terminal/packages/ianvs_terminal/test/terminal/command_block_copy_test.dart: column selections preserve wide characters and rectangle line breaks
00:11 +70: All tests passed!
