package:ianvs_design has `uses-material-design: true` set but the primary pubspec contains `uses-material-design: false`. If the application needs material icons, then `uses-material-design`  must be set to true.
00:00 +0: loading /Users/robinfai/flutter_projects/ianvs-terminal/example/integration_test/terminal_ai_workspace_acceptance_test.dart
Building macOS application...                                   
✓ Built build/macos/Build/Products/Debug/Trail Development.app
00:00 +0: Main AI timeline submits once and returns unchanged TUI grid
══╡ EXCEPTION CAUGHT BY FLUTTER TEST FRAMEWORK ╞════════════════════════════════════════════════════
The following TestFailure was thrown running a test:
Timed out: UI control [<'ai-reject'>]

When the exception was thrown, this was the stack:
#0      fail (package:matcher/src/expect/expect.dart:187:31)
#1      main.<anonymous closure>.waitFor (file:///Users/robinfai/flutter_projects/ianvs-terminal/example/integration_test/terminal_ai_workspace_acceptance_test.dart:124:49)
<asynchronous suspension>
#2      main.<anonymous closure>.click (file:///Users/robinfai/flutter_projects/ianvs-terminal/example/integration_test/terminal_ai_workspace_acceptance_test.dart:130:9)
<asynchronous suspension>
#3      verifyStreamingTimeline (file:///Users/robinfai/flutter_projects/ianvs-terminal/example/integration_test/terminal_ai_stream_acceptance.dart:155:3)
<asynchronous suspension>
#4      main.<anonymous closure> (file:///Users/robinfai/flutter_projects/ianvs-terminal/example/integration_test/terminal_ai_workspace_acceptance_test.dart:808:25)
<asynchronous suspension>
#5      testWidgets.<anonymous closure>.<anonymous closure> (package:flutter_test/src/widget_tester.dart:192:15)
<asynchronous suspension>
#6      TestWidgetsFlutterBinding._runTestBody (package:flutter_test/src/binding.dart:1952:5)
<asynchronous suspension>
<asynchronous suspension>
(elided one frame from package:stack_trace)

The test description was:
  Main AI timeline submits once and returns unchanged TUI grid
════════════════════════════════════════════════════════════════════════════════════════════════════
01:23 +0 -1: Main AI timeline submits once and returns unchanged TUI grid [E]
  Test failed. See exception logs above.
  The test description was: Main AI timeline submits once and returns unchanged TUI grid
  
01:24 +0 -1: Production component preview M01-fixed-text
01:32 +1 -1: Production component preview M01-keyboard-space
01:34 +2 -1: Production component preview M03-dark-evidence
01:37 +3 -1: Production component preview M01-landscape
01:42 +4 -1: (tearDownAll)
01:42 +4 -1: Some tests failed.

Failing tests:
  /Users/robinfai/flutter_projects/ianvs-terminal/example/integration_test/terminal_ai_workspace_acceptance_test.dart: Main AI timeline submits once and returns unchanged TUI grid
