Preparing disposable SSH product fixtures
Running product transport acceptance
   Compiling ianvs_core v0.1.0 (/Users/robinfai/flutter_projects/ianvs-terminal/native/core)
    Finished `test` profile [unoptimized + debuginfo] target(s) in 7.95s
     Running unittests src/lib.rs (native/core/target/debug/deps/ianvs_core-017945922dc68c1a)

running 1 test
test shell_bootstrap::acceptance::product_ssh_bootstrap_acceptance ... PRODUCT direct a
PRODUCT shell switching a
PRODUCT direct zsh
PRODUCT shell switching zsh
PRODUCT direct fish
PRODUCT shell switching fish
PRODUCT direct preloaded
PRODUCT direct debug
PRODUCT direct stale
PRODUCT direct history
PRODUCT direct readonly
PRODUCT direct sh
PRODUCT early input
PRODUCT disabled
PRODUCT recursive SSH / ControlMaster / SFTP local=false
PRODUCT recursive SSH / ControlMaster / SFTP local=true
ok

test result: ok. 1 passed; 0 failed; 0 ignored; 0 measured; 390 filtered out; finished in 100.71s

Master running (pid=9826)
PASS product injection, nested ControlMaster/SFTP, endpoint isolation and history checks
