package:ianvs_design has `uses-material-design: true` set but the primary pubspec contains `uses-material-design: false`. If the application needs material icons, then `uses-material-design`  must be set to true.
00:00 +0: loading /Users/robinfai/flutter_projects/ianvs-terminal/example/integration_test/terminal_ai_model_scenarios_test.dart
Building macOS application...                                   
✓ Built build/macos/Build/Products/Debug/Trail Development.app
00:00 +0: real model clarifies, reviews and distinguishes evidence from success
══╡ EXCEPTION CAUGHT BY FLUTTER TEST FRAMEWORK ╞════════════════════════════════════════════════════
The following TestFailure was thrown running a test:
Expected: contains '[block:'
  Actual: '读取成功。结果显示 `service=beta`、`enabled=false`、`health=not_checked`。这**不能证明 beta
已恢复正常**：状态文件标记服务未启用，且健康状态尚未检查；它也不足以单独说明启动失败的具体原因。未修改任何文件，也未进行其他检查。'
   Which: does not contain '[block:'

When the exception was thrown, this was the stack:
#4      main.<anonymous closure> (file:///Users/robinfai/flutter_projects/ianvs-terminal/example/integration_test/terminal_ai_model_scenarios_test.dart:275:7)
<asynchronous suspension>
#5      testWidgets.<anonymous closure>.<anonymous closure> (package:flutter_test/src/widget_tester.dart:192:15)
<asynchronous suspension>
#6      TestWidgetsFlutterBinding._runTestBody (package:flutter_test/src/binding.dart:1952:5)
<asynchronous suspension>
<asynchronous suspension>
(elided one frame from package:stack_trace)

This was caught by the test expectation on the following line:
  file:///Users/robinfai/flutter_projects/ianvs-terminal/example/integration_test/terminal_ai_model_scenarios_test.dart line 275
The test description was:
  real model clarifies, reviews and distinguishes evidence from success
════════════════════════════════════════════════════════════════════════════════════════════════════
00:22 +0 -1: real model clarifies, reviews and distinguishes evidence from success [E]
  Test failed. See exception logs above.
  The test description was: real model clarifies, reviews and distinguishes evidence from success
  
00:22 +0 -1: (tearDownAll)
00:22 +0 -1: Some tests failed.

Failing tests:
  /Users/robinfai/flutter_projects/ianvs-terminal/example/integration_test/terminal_ai_model_scenarios_test.dart: real model clarifies, reviews and distinguishes evidence from success
