00:00 +0: loading /Users/robinfai/flutter_projects/ianvs-terminal/packages/ianvs_terminal/test/terminal/command_block_copy_test.dart
00:00 +0: reader drags and copies across pages (phone false, reverse false, filtered false) (variant: TargetPlatform.macOS)
00:00 +1: reader drags and copies across pages (phone false, reverse false, filtered true) (variant: TargetPlatform.macOS)
00:00 +2: reader drags and copies across pages (phone false, reverse true, filtered false) (variant: TargetPlatform.macOS)
00:00 +3: reader drags and copies across pages (phone false, reverse true, filtered true) (variant: TargetPlatform.macOS)
00:01 +4: reader drags and copies across pages (phone true, reverse false, filtered false) (variant: TargetPlatform.iOS)
00:01 +5: reader drags and copies across pages (phone true, reverse false, filtered true) (variant: TargetPlatform.iOS)
00:01 +6: reader drags and copies across pages (phone true, reverse true, filtered false) (variant: TargetPlatform.iOS)
00:01 +7: reader drags and copies across pages (phone true, reverse true, filtered true) (variant: TargetPlatform.iOS)
00:01 +8: touch copy rejects output evicted before the menu opens (variant: TargetPlatform.iOS)
00:01 +9: reader edge drag scrolls beyond its starting page (phone false, upward false, filtered false) (variant: TargetPlatform.macOS)
00:03 +10: reader edge drag scrolls beyond its starting page (phone false, upward false, filtered true) (variant: TargetPlatform.macOS)
00:04 +11: reader edge drag scrolls beyond its starting page (phone false, upward true, filtered false) (variant: TargetPlatform.macOS)
00:05 +12: reader edge drag scrolls beyond its starting page (phone false, upward true, filtered true) (variant: TargetPlatform.macOS)
00:05 +13: reader edge drag scrolls beyond its starting page (phone true, upward false, filtered false) (variant: TargetPlatform.iOS)
00:06 +14: reader edge drag scrolls beyond its starting page (phone true, upward false, filtered true) (variant: TargetPlatform.iOS)
00:08 +15: reader edge drag scrolls beyond its starting page (phone true, upward true, filtered false) (variant: TargetPlatform.iOS)
00:08 +16: reader edge drag scrolls beyond its starting page (phone true, upward true, filtered true) (variant: TargetPlatform.iOS)
00:09 +17: reader edge scroll stops on cancellation or disposal (phone false, unmount false) (variant: TargetPlatform.macOS)
00:09 +18: reader edge scroll stops on cancellation or disposal (phone false, unmount true) (variant: TargetPlatform.macOS)
00:09 +19: reader edge scroll stops on cancellation or disposal (phone true, unmount false) (variant: TargetPlatform.iOS)
00:09 +20: reader edge scroll stops on cancellation or disposal (phone true, unmount true) (variant: TargetPlatform.iOS)
00:09 +21: selecting running output pauses tail following until explicitly resumed (phone false) (variant: TargetPlatform.macOS)
00:09 +22: selecting running output pauses tail following until explicitly resumed (phone true) (variant: TargetPlatform.iOS)
00:09 +23: reader Option drag copies a rectangle across pages after horizontal scroll (variant: TargetPlatform.macOS)
00:10 +24: reader keyboard copies selection across native pages
00:10 +25: reader distinguishes whole output, filtered output and selection
00:10 +26: copy does not replace clipboard with a partially evicted snapshot
00:10 +27: stale selected rows never copy replacement history
00:10 +28: column selections preserve wide characters and rectangle line breaks
00:10 +29: All tests passed!
