package:ianvs_design has `uses-material-design: true` set but the primary pubspec contains `uses-material-design: false`. If the application needs material icons, then `uses-material-design`  must be set to true.
00:00 +0: loading /Users/robinfai/flutter_projects/ianvs-terminal/example/integration_test/terminal_ai_evidence_eviction_test.dart
Building macOS application...                                   
✓ Built build/macos/Build/Products/Debug/Trail Development.app
00:00 +0: native eviction keeps an AI citation on its original source rows
══╡ EXCEPTION CAUGHT BY FLUTTER TEST FRAMEWORK ╞════════════════════════════════════════════════════
The following TestFailure was thrown running a test:
Timed out: /usr/bin/seq 1 600

When the exception was thrown, this was the stack:
#0      fail (package:matcher/src/expect/expect.dart:187:31)
#1      main.<anonymous closure>.waitFor (file:///Users/robinfai/flutter_projects/ianvs-terminal/example/integration_test/terminal_ai_evidence_eviction_test.dart:89:13)
<asynchronous suspension>
#2      main.<anonymous closure>.run (file:///Users/robinfai/flutter_projects/ianvs-terminal/example/integration_test/terminal_ai_evidence_eviction_test.dart:107:9)
<asynchronous suspension>
#3      main.<anonymous closure> (file:///Users/robinfai/flutter_projects/ianvs-terminal/example/integration_test/terminal_ai_evidence_eviction_test.dart:116:21)
<asynchronous suspension>
#4      testWidgets.<anonymous closure>.<anonymous closure> (package:flutter_test/src/widget_tester.dart:192:15)
<asynchronous suspension>
#5      TestWidgetsFlutterBinding._runTestBody (package:flutter_test/src/binding.dart:1952:5)
<asynchronous suspension>
<asynchronous suspension>
(elided one frame from package:stack_trace)

The test description was:
  native eviction keeps an AI citation on its original source rows
════════════════════════════════════════════════════════════════════════════════════════════════════
00:20 +0 -1: native eviction keeps an AI citation on its original source rows [E]
  Test failed. See exception logs above.
  The test description was: native eviction keeps an AI citation on its original source rows
  
00:20 +0 -1: (tearDownAll)
00:20 +0 -1: Some tests failed.

Failing tests:
  /Users/robinfai/flutter_projects/ianvs-terminal/example/integration_test/terminal_ai_evidence_eviction_test.dart: native eviction keeps an AI citation on its original source rows
