package:ianvs_design has `uses-material-design: true` set but the primary pubspec contains `uses-material-design: false`. If the application needs material icons, then `uses-material-design`  must be set to true.
00:00 +0: loading /Users/robinfai/flutter_projects/ianvs-terminal/example/test/ai/terminal_ai_workspace_test.dart
00:00 +0: (setUpAll)
00:00 +0: conversation role distinction desktop-light
00:00 +1: conversation role distinction desktop-dark
00:01 +2: conversation role distinction desktop-wide
00:01 +3: conversation role distinction desktop-scaled
00:01 +4: conversation role distinction phone-light
00:01 +5: conversation role distinction phone-dark-small
00:02 +6: conversation role distinction phone-landscape
══╡ EXCEPTION CAUGHT BY FLUTTER TEST FRAMEWORK ╞════════════════════════════════════════════════════
The following TestFailure was thrown running a test:
Expected: at least one matching candidate
  Actual: _TextWidgetFinder:<Found 0 widgets with text "你": []>
   Which: means none were found but some were expected

When the exception was thrown, this was the stack:
#4      main.<anonymous closure> (file:///Users/robinfai/flutter_projects/ianvs-terminal/example/test/ai/terminal_ai_workspace_test.dart:192:7)
<asynchronous suspension>
#5      testWidgets.<anonymous closure>.<anonymous closure> (package:flutter_test/src/widget_tester.dart:192:15)
<asynchronous suspension>
#6      TestWidgetsFlutterBinding._runTestBody (package:flutter_test/src/binding.dart:1952:5)
<asynchronous suspension>
<asynchronous suspension>
(elided one frame from package:stack_trace)

This was caught by the test expectation on the following line:
  file:///Users/robinfai/flutter_projects/ianvs-terminal/example/test/ai/terminal_ai_workspace_test.dart line 192
The test description was:
  conversation role distinction phone-landscape
════════════════════════════════════════════════════════════════════════════════════════════════════
00:02 +6 -1: conversation role distinction phone-landscape [E]
  Test failed. See exception logs above.
  The test description was: conversation role distinction phone-landscape
  
00:02 +6 -1: (tearDownAll)
00:02 +6 -1: Some tests failed.

Failing tests:
  /Users/robinfai/flutter_projects/ianvs-terminal/example/test/ai/terminal_ai_workspace_test.dart: conversation role distinction phone-landscape
