package:ianvs_design has `uses-material-design: true` set but the primary pubspec contains `uses-material-design: false`. If the application needs material icons, then `uses-material-design`  must be set to true.
00:00 +0: loading /Users/robinfai/flutter_projects/ianvs-terminal/example/test/shell/mobile_terminal_modes_test.dart
00:00 +0: (setUpAll)
00:00 +0: reduced motion session menus preserve input and grid on TargetPlatform.macOS
00:01 +1: reduced motion session menus preserve input and grid on TargetPlatform.iOS
00:01 +2: SSH failure keeps AI draft and output on macOS

Warning: A call to tap() with finder "Found 1 widget with key [<'ai-terminal-settings'>]: [
  TextButton-[<'ai-terminal-settings'>](dirty, dependencies: [IconTheme, InheritedCupertinoTheme, MediaQuery, _InheritedTheme, _LocalizationsScope-[GlobalKey#b22ff], _ScrollableScope], state: _ButtonStyleState#a4f12),
]" derived an Offset (Offset(512.1, 337.0)) that would not hit test on the specified widget.
Maybe the widget is actually off-screen, or another widget is obscuring it, or the widget cannot receive pointer events.
The finder corresponds to this RenderBox: RenderSemanticsAnnotations#a40a7 relayoutBoundary=up8 NEEDS-PAINT
The hit test result at that offset is: HitTestResult(RenderPointerListener#e0969@Offset(512.1, 337.0), RenderSemanticsAnnotations#d99af@Offset(512.1, 337.0), RenderSemanticsAnnotations#cc9f2@Offset(512.1, 337.0), RenderSemanticsAnnotations#7eb9a@Offset(512.1, 337.0), RenderSemanticsAnnotations#22e08@Offset(512.1, 337.0), RenderTapRegionSurface#ce521@Offset(512.1, 337.0), RenderSemanticsAnnotations#48135@Offset(512.1, 337.0), RenderSemanticsAnnotations#e16a5@Offset(512.1, 337.0), RenderSemanticsAnnotations#44dac@Offset(512.1, 337.0), RenderRepaintBoundary#18e93@Offset(512.1, 337.0), HitTestEntry<HitTestTarget>#dca87(_ReusableRenderView#79a0b), HitTestEntry<HitTestTarget>#40137(<ConfigurationCaptureBinding>))
#0      WidgetController._getElementPoint (package:flutter_test/src/controller.dart:2165:25)
#1      WidgetController.getCenter (package:flutter_test/src/controller.dart:1947:12)
#2      WidgetController.tap (package:flutter_test/src/controller.dart:1080:7)
#3      main.<anonymous closure> (file:///Users/robinfai/flutter_projects/ianvs-terminal/example/test/shell/mobile_terminal_modes_test.dart:434:20)
<asynchronous suspension>
#4      testWidgets.<anonymous closure>.<anonymous closure> (package:flutter_test/src/widget_tester.dart:192:15)
<asynchronous suspension>
#5      TestWidgetsFlutterBinding._runTestBody (package:flutter_test/src/binding.dart:1952:5)
<asynchronous suspension>
#6      StackZoneSpecification._registerCallback.<anonymous closure> (package:stack_trace/src/stack_zone_specification.dart:114:42)
<asynchronous suspension>
To silence this warning, pass "warnIfMissed: false" to "tap()".
To make this warning fatal, set WidgetController.hitTestWarningShouldBeFatal to true.

00:03 +3: SSH failure keeps AI draft and output on iOS

Warning: A call to tap() with finder "Found 1 widget with key [<'ai-terminal-settings'>]: [
  TextButton-[<'ai-terminal-settings'>](dirty, dependencies: [IconTheme, InheritedCupertinoTheme, MediaQuery, _InheritedTheme, _LocalizationsScope-[GlobalKey#e19ad], _ScrollableScope], state: _ButtonStyleState#555f8),
]" derived an Offset (Offset(238.3, 518.0)) that would not hit test on the specified widget.
Maybe the widget is actually off-screen, or another widget is obscuring it, or the widget cannot receive pointer events.
The finder corresponds to this RenderBox: RenderSemanticsAnnotations#89b5f relayoutBoundary=up8 NEEDS-PAINT
The hit test result at that offset is: HitTestResult(RenderPointerListener#3db42@Offset(238.3, 518.0), RenderSemanticsAnnotations#0d19c@Offset(238.3, 518.0), RenderSemanticsAnnotations#df5de@Offset(238.3, 518.0), RenderSemanticsAnnotations#f45ef@Offset(238.3, 518.0), RenderSemanticsAnnotations#700c5@Offset(238.3, 518.0), RenderTapRegionSurface#40ff7@Offset(238.3, 518.0), RenderSemanticsAnnotations#38939@Offset(238.3, 518.0), RenderSemanticsAnnotations#94279@Offset(238.3, 518.0), RenderSemanticsAnnotations#bf305@Offset(238.3, 518.0), RenderRepaintBoundary#4faae@Offset(238.3, 518.0), HitTestEntry<HitTestTarget>#59513(_ReusableRenderView#79a0b), HitTestEntry<HitTestTarget>#1f564(<ConfigurationCaptureBinding>))
#0      WidgetController._getElementPoint (package:flutter_test/src/controller.dart:2165:25)
#1      WidgetController.getCenter (package:flutter_test/src/controller.dart:1947:12)
#2      WidgetController.tap (package:flutter_test/src/controller.dart:1080:7)
#3      main.<anonymous closure> (file:///Users/robinfai/flutter_projects/ianvs-terminal/example/test/shell/mobile_terminal_modes_test.dart:434:20)
<asynchronous suspension>
#4      testWidgets.<anonymous closure>.<anonymous closure> (package:flutter_test/src/widget_tester.dart:192:15)
<asynchronous suspension>
#5      TestWidgetsFlutterBinding._runTestBody (package:flutter_test/src/binding.dart:1952:5)
<asynchronous suspension>
#6      StackZoneSpecification._registerCallback.<anonymous closure> (package:stack_trace/src/stack_zone_specification.dart:114:42)
<asynchronous suspension>
To silence this warning, pass "warnIfMissed: false" to "tap()".
To make this warning fatal, set WidgetController.hitTestWarningShouldBeFatal to true.

00:03 +4: phone can recheck current support without changing mode or task
00:04 +5: phone reader touch selection returns to the retained AI task
00:06 +6: phone TUI grid and input ownership portrait
00:06 +7: phone TUI grid and input ownership landscape
00:07 +8: phone TUI grid and input ownership short-dark
00:08 +9: phone session menu preserves the AI task through capability changes
00:08 +10: iOS negotiates Blocks and preserves manual Normal
00:09 +11: android negotiates Blocks and preserves manual Normal
00:09 +12: SSH hop and fullscreen fall back; restore remains manual
00:10 +13: main-screen application modes fall back without an alternate buffer
00:10 +14: mobile Block input fits phone with the keyboard
00:11 +15: mobile Block input fits landscape with the keyboard
00:11 +16: mobile Block input fits fixed-text-dark with the keyboard
00:11 +17: mobile Block input fits landscape-dark with the keyboard
00:11 +18: mobile Block input fits ipad with the keyboard
00:11 +19: mobile settings save Normal for new sessions only
00:12 +20: explicit Normal preference overrides the mobile default
00:12 +21: (tearDownAll)
00:12 +21: All tests passed!
