2026-04-27T12:00:00.000Z level=INFO service=gateway request_id=req-000000 user_id=1000 latency_ms=4 payload_bytes=256 path=/api/v1/logs/0 message="cat log benchmark line 0" trace=tr-00000000
2026-04-27T12:00:01.001Z level=DEBUG service=timeline request_id=req-000001 user_id=1001 latency_ms=5 payload_bytes=257 path=/api/v1/logs/1 message="cat log benchmark line 1" trace=tr-00000017
2026-04-27T12:00:02.002Z level=WARN service=session request_id=req-000002 user_id=1002 latency_ms=6 payload_bytes=258 path=/api/v1/logs/2 message="cat log benchmark line 2" trace=tr-00000034
2026-04-27T12:00:03.003Z level=ERROR service=renderer request_id=req-000003 user_id=1003 latency_ms=7 payload_bytes=259 path=/api/v1/logs/3 message="cat log benchmark line 3" trace=tr-00000051
2026-04-27T12:00:04.004Z level=TRACE service=gateway request_id=req-000004 user_id=1004 latency_ms=8 payload_bytes=260 path=/api/v1/logs/4 message="cat log benchmark line 4" trace=tr-00000068
2026-04-27T12:00:05.005Z level=INFO service=timeline request_id=req-000005 user_id=1005 latency_ms=9 payload_bytes=261 path=/api/v1/logs/5 message="cat log benchmark line 5" trace=tr-00000085
2026-04-27T12:00:06.006Z level=DEBUG service=session request_id=req-000006 user_id=1006 latency_ms=10 payload_bytes=262 path=/api/v1/logs/6 message="cat log benchmark line 6" trace=tr-00000102
2026-04-27T12:00:07.007Z level=WARN service=renderer request_id=req-000007 user_id=1007 latency_ms=11 payload_bytes=263 path=/api/v1/logs/7 message="cat log benchmark line 7" trace=tr-00000119
2026-04-27T12:00:08.008Z level=ERROR service=gateway request_id=req-000008 user_id=1008 latency_ms=12 payload_bytes=264 path=/api/v1/logs/8 message="cat log benchmark line 8" trace=tr-00000136
2026-04-27T12:00:09.009Z level=TRACE service=timeline request_id=req-000009 user_id=1009 latency_ms=13 payload_bytes=265 path=/api/v1/logs/9 message="cat log benchmark line 9" trace=tr-00000153
2026-04-27T12:00:10.010Z level=INFO service=session request_id=req-000010 user_id=1010 latency_ms=14 payload_bytes=266 path=/api/v1/logs/10 message="cat log benchmark line 10" trace=tr-00000170
2026-04-27T12:00:11.011Z level=DEBUG service=renderer request_id=req-000011 user_id=1011 latency_ms=15 payload_bytes=267 path=/api/v1/logs/11 message="cat log benchmark line 11" trace=tr-00000187
2026-04-27T12:00:12.012Z level=WARN service=gateway request_id=req-000012 user_id=1012 latency_ms=16 payload_bytes=268 path=/api/v1/logs/12 message="cat log benchmark line 12" trace=tr-00000204
2026-04-27T12:00:13.013Z level=ERROR service=timeline request_id=req-000013 user_id=1013 latency_ms=17 payload_bytes=269 path=/api/v1/logs/0 message="cat log benchmark line 13" trace=tr-00000221
2026-04-27T12:00:14.014Z level=TRACE service=session request_id=req-000014 user_id=1014 latency_ms=18 payload_bytes=270 path=/api/v1/logs/1 message="cat log benchmark line 14" trace=tr-00000238
2026-04-27T12:00:15.015Z level=INFO service=renderer request_id=req-000015 user_id=1015 latency_ms=19 payload_bytes=271 path=/api/v1/logs/2 message="cat log benchmark line 15" trace=tr-00000255
2026-04-27T12:00:16.016Z level=DEBUG service=gateway request_id=req-000016 user_id=1016 latency_ms=20 payload_bytes=272 path=/api/v1/logs/3 message="cat log benchmark line 16" trace=tr-00000272
2026-04-27T12:00:17.017Z level=WARN service=timeline request_id=req-000017 user_id=1017 latency_ms=21 payload_bytes=273 path=/api/v1/logs/4 message="cat log benchmark line 17" trace=tr-00000289
2026-04-27T12:00:18.018Z level=ERROR service=session request_id=req-000018 user_id=1018 latency_ms=22 payload_bytes=274 path=/api/v1/logs/5 message="cat log benchmark line 18" trace=tr-00000306
2026-04-27T12:00:19.019Z level=TRACE service=renderer request_id=req-000019 user_id=1019 latency_ms=23 payload_bytes=275 path=/api/v1/logs/6 message="cat log benchmark line 19" trace=tr-00000323
2026-04-27T12:00:20.020Z level=INFO service=gateway request_id=req-000020 user_id=1020 latency_ms=24 payload_bytes=276 path=/api/v1/logs/7 message="cat log benchmark line 20" trace=tr-00000340
2026-04-27T12:00:21.021Z level=DEBUG service=timeline request_id=req-000021 user_id=1021 latency_ms=25 payload_bytes=277 path=/api/v1/logs/8 message="cat log benchmark line 21" trace=tr-00000357
2026-04-27T12:00:22.022Z level=WARN service=session request_id=req-000022 user_id=1022 latency_ms=26 payload_bytes=278 path=/api/v1/logs/9 message="cat log benchmark line 22" trace=tr-00000374
2026-04-27T12:00:23.023Z level=ERROR service=renderer request_id=req-000023 user_id=1023 latency_ms=27 payload_bytes=279 path=/api/v1/logs/10 message="cat log benchmark line 23" trace=tr-00000391
2026-04-27T12:00:24.024Z level=TRACE service=gateway request_id=req-000024 user_id=1024 latency_ms=28 payload_bytes=280 path=/api/v1/logs/11 message="cat log benchmark line 24" trace=tr-00000408
2026-04-27T12:00:25.025Z level=INFO service=timeline request_id=req-000025 user_id=1025 latency_ms=29 payload_bytes=281 path=/api/v1/logs/12 message="cat log benchmark line 25" trace=tr-00000425
2026-04-27T12:00:26.026Z level=DEBUG service=session request_id=req-000026 user_id=1026 latency_ms=30 payload_bytes=282 path=/api/v1/logs/0 message="cat log benchmark line 26" trace=tr-00000442
2026-04-27T12:00:27.027Z level=WARN service=renderer request_id=req-000027 user_id=1027 latency_ms=31 payload_bytes=283 path=/api/v1/logs/1 message="cat log benchmark line 27" trace=tr-00000459
2026-04-27T12:00:28.028Z level=ERROR service=gateway request_id=req-000028 user_id=1028 latency_ms=32 payload_bytes=284 path=/api/v1/logs/2 message="cat log benchmark line 28" trace=tr-00000476
2026-04-27T12:00:29.029Z level=TRACE service=timeline request_id=req-000029 user_id=1029 latency_ms=33 payload_bytes=285 path=/api/v1/logs/3 message="cat log benchmark line 29" trace=tr-00000493
2026-04-27T12:00:30.030Z level=INFO service=session request_id=req-000030 user_id=1030 latency_ms=34 payload_bytes=286 path=/api/v1/logs/4 message="cat log benchmark line 30" trace=tr-00000510
2026-04-27T12:00:31.031Z level=DEBUG service=renderer request_id=req-000031 user_id=1031 latency_ms=35 payload_bytes=287 path=/api/v1/logs/5 message="cat log benchmark line 31" trace=tr-00000527
2026-04-27T12:00:32.032Z level=WARN service=gateway request_id=req-000032 user_id=1032 latency_ms=36 payload_bytes=288 path=/api/v1/logs/6 message="cat log benchmark line 32" trace=tr-00000544
2026-04-27T12:00:33.033Z level=ERROR service=timeline request_id=req-000033 user_id=1033 latency_ms=37 payload_bytes=289 path=/api/v1/logs/7 message="cat log benchmark line 33" trace=tr-00000561
2026-04-27T12:00:34.034Z level=TRACE service=session request_id=req-000034 user_id=1034 latency_ms=38 payload_bytes=290 path=/api/v1/logs/8 message="cat log benchmark line 34" trace=tr-00000578
2026-04-27T12:00:35.035Z level=INFO service=renderer request_id=req-000035 user_id=1035 latency_ms=39 payload_bytes=291 path=/api/v1/logs/9 message="cat log benchmark line 35" trace=tr-00000595
2026-04-27T12:00:36.036Z level=DEBUG service=gateway request_id=req-000036 user_id=1036 latency_ms=40 payload_bytes=292 path=/api/v1/logs/10 message="cat log benchmark line 36" trace=tr-00000612
2026-04-27T12:00:37.037Z level=WARN service=timeline request_id=req-000037 user_id=1037 latency_ms=41 payload_bytes=293 path=/api/v1/logs/11 message="cat log benchmark line 37" trace=tr-00000629
2026-04-27T12:00:38.038Z level=ERROR service=session request_id=req-000038 user_id=1038 latency_ms=42 payload_bytes=294 path=/api/v1/logs/12 message="cat log benchmark line 38" trace=tr-00000646
2026-04-27T12:00:39.039Z level=TRACE service=renderer request_id=req-000039 user_id=1039 latency_ms=43 payload_bytes=295 path=/api/v1/logs/0 message="cat log benchmark line 39" trace=tr-00000663
2026-04-27T12:00:40.040Z level=INFO service=gateway request_id=req-000040 user_id=1040 latency_ms=44 payload_bytes=296 path=/api/v1/logs/1 message="cat log benchmark line 40" trace=tr-00000680
2026-04-27T12:00:41.041Z level=DEBUG service=timeline request_id=req-000041 user_id=1041 latency_ms=45 payload_bytes=297 path=/api/v1/logs/2 message="cat log benchmark line 41" trace=tr-00000697
2026-04-27T12:00:42.042Z level=WARN service=session request_id=req-000042 user_id=1042 latency_ms=46 payload_bytes=298 path=/api/v1/logs/3 message="cat log benchmark line 42" trace=tr-00000714
2026-04-27T12:00:43.043Z level=ERROR service=renderer request_id=req-000043 user_id=1043 latency_ms=47 payload_bytes=299 path=/api/v1/logs/4 message="cat log benchmark line 43" trace=tr-00000731
2026-04-27T12:00:44.044Z level=TRACE service=gateway request_id=req-000044 user_id=1044 latency_ms=48 payload_bytes=300 path=/api/v1/logs/5 message="cat log benchmark line 44" trace=tr-00000748
2026-04-27T12:00:45.045Z level=INFO service=timeline request_id=req-000045 user_id=1045 latency_ms=49 payload_bytes=301 path=/api/v1/logs/6 message="cat log benchmark line 45" trace=tr-00000765
2026-04-27T12:00:46.046Z level=DEBUG service=session request_id=req-000046 user_id=1046 latency_ms=50 payload_bytes=302 path=/api/v1/logs/7 message="cat log benchmark line 46" trace=tr-00000782
2026-04-27T12:00:47.047Z level=WARN service=renderer request_id=req-000047 user_id=1047 latency_ms=51 payload_bytes=303 path=/api/v1/logs/8 message="cat log benchmark line 47" trace=tr-00000799
2026-04-27T12:00:48.048Z level=ERROR service=gateway request_id=req-000048 user_id=1048 latency_ms=52 payload_bytes=304 path=/api/v1/logs/9 message="cat log benchmark line 48" trace=tr-00000816
2026-04-27T12:00:49.049Z level=TRACE service=timeline request_id=req-000049 user_id=1049 latency_ms=53 payload_bytes=305 path=/api/v1/logs/10 message="cat log benchmark line 49" trace=tr-00000833
2026-04-27T12:00:50.050Z level=INFO service=session request_id=req-000050 user_id=1050 latency_ms=54 payload_bytes=306 path=/api/v1/logs/11 message="cat log benchmark line 50" trace=tr-00000850
2026-04-27T12:00:51.051Z level=DEBUG service=renderer request_id=req-000051 user_id=1051 latency_ms=55 payload_bytes=307 path=/api/v1/logs/12 message="cat log benchmark line 51" trace=tr-00000867
2026-04-27T12:00:52.052Z level=WARN service=gateway request_id=req-000052 user_id=1052 latency_ms=56 payload_bytes=308 path=/api/v1/logs/0 message="cat log benchmark line 52" trace=tr-00000884
2026-04-27T12:00:53.053Z level=ERROR service=timeline request_id=req-000053 user_id=1053 latency_ms=57 payload_bytes=309 path=/api/v1/logs/1 message="cat log benchmark line 53" trace=tr-00000901
2026-04-27T12:00:54.054Z level=TRACE service=session request_id=req-000054 user_id=1054 latency_ms=58 payload_bytes=310 path=/api/v1/logs/2 message="cat log benchmark line 54" trace=tr-00000918
2026-04-27T12:00:55.055Z level=INFO service=renderer request_id=req-000055 user_id=1055 latency_ms=59 payload_bytes=311 path=/api/v1/logs/3 message="cat log benchmark line 55" trace=tr-00000935
2026-04-27T12:00:56.056Z level=DEBUG service=gateway request_id=req-000056 user_id=1056 latency_ms=60 payload_bytes=312 path=/api/v1/logs/4 message="cat log benchmark line 56" trace=tr-00000952
2026-04-27T12:00:57.057Z level=WARN service=timeline request_id=req-000057 user_id=1057 latency_ms=61 payload_bytes=313 path=/api/v1/logs/5 message="cat log benchmark line 57" trace=tr-00000969
2026-04-27T12:00:58.058Z level=ERROR service=session request_id=req-000058 user_id=1058 latency_ms=62 payload_bytes=314 path=/api/v1/logs/6 message="cat log benchmark line 58" trace=tr-00000986
2026-04-27T12:00:59.059Z level=TRACE service=renderer request_id=req-000059 user_id=1059 latency_ms=63 payload_bytes=315 path=/api/v1/logs/7 message="cat log benchmark line 59" trace=tr-00001003
2026-04-27T12:01:00.060Z level=INFO service=gateway request_id=req-000060 user_id=1060 latency_ms=64 payload_bytes=316 path=/api/v1/logs/8 message="cat log benchmark line 60" trace=tr-00001020
2026-04-27T12:01:01.061Z level=DEBUG service=timeline request_id=req-000061 user_id=1061 latency_ms=65 payload_bytes=317 path=/api/v1/logs/9 message="cat log benchmark line 61" trace=tr-00001037
2026-04-27T12:01:02.062Z level=WARN service=session request_id=req-000062 user_id=1062 latency_ms=66 payload_bytes=318 path=/api/v1/logs/10 message="cat log benchmark line 62" trace=tr-00001054
2026-04-27T12:01:03.063Z level=ERROR service=renderer request_id=req-000063 user_id=1063 latency_ms=67 payload_bytes=319 path=/api/v1/logs/11 message="cat log benchmark line 63" trace=tr-00001071
2026-04-27T12:01:04.064Z level=TRACE service=gateway request_id=req-000064 user_id=1064 latency_ms=68 payload_bytes=320 path=/api/v1/logs/12 message="cat log benchmark line 64" trace=tr-00001088
2026-04-27T12:01:05.065Z level=INFO service=timeline request_id=req-000065 user_id=1065 latency_ms=69 payload_bytes=321 path=/api/v1/logs/0 message="cat log benchmark line 65" trace=tr-00001105
2026-04-27T12:01:06.066Z level=DEBUG service=session request_id=req-000066 user_id=1066 latency_ms=70 payload_bytes=322 path=/api/v1/logs/1 message="cat log benchmark line 66" trace=tr-00001122
2026-04-27T12:01:07.067Z level=WARN service=renderer request_id=req-000067 user_id=1067 latency_ms=71 payload_bytes=323 path=/api/v1/logs/2 message="cat log benchmark line 67" trace=tr-00001139
2026-04-27T12:01:08.068Z level=ERROR service=gateway request_id=req-000068 user_id=1068 latency_ms=72 payload_bytes=324 path=/api/v1/logs/3 message="cat log benchmark line 68" trace=tr-00001156
2026-04-27T12:01:09.069Z level=TRACE service=timeline request_id=req-000069 user_id=1069 latency_ms=73 payload_bytes=325 path=/api/v1/logs/4 message="cat log benchmark line 69" trace=tr-00001173
2026-04-27T12:01:10.070Z level=INFO service=session request_id=req-000070 user_id=1070 latency_ms=74 payload_bytes=326 path=/api/v1/logs/5 message="cat log benchmark line 70" trace=tr-00001190
2026-04-27T12:01:11.071Z level=DEBUG service=renderer request_id=req-000071 user_id=1071 latency_ms=75 payload_bytes=327 path=/api/v1/logs/6 message="cat log benchmark line 71" trace=tr-00001207
2026-04-27T12:01:12.072Z level=WARN service=gateway request_id=req-000072 user_id=1072 latency_ms=76 payload_bytes=328 path=/api/v1/logs/7 message="cat log benchmark line 72" trace=tr-00001224
2026-04-27T12:01:13.073Z level=ERROR service=timeline request_id=req-000073 user_id=1073 latency_ms=77 payload_bytes=329 path=/api/v1/logs/8 message="cat log benchmark line 73" trace=tr-00001241
2026-04-27T12:01:14.074Z level=TRACE service=session request_id=req-000074 user_id=1074 latency_ms=78 payload_bytes=330 path=/api/v1/logs/9 message="cat log benchmark line 74" trace=tr-00001258
2026-04-27T12:01:15.075Z level=INFO service=renderer request_id=req-000075 user_id=1075 latency_ms=79 payload_bytes=331 path=/api/v1/logs/10 message="cat log benchmark line 75" trace=tr-00001275
2026-04-27T12:01:16.076Z level=DEBUG service=gateway request_id=req-000076 user_id=1076 latency_ms=80 payload_bytes=332 path=/api/v1/logs/11 message="cat log benchmark line 76" trace=tr-00001292
2026-04-27T12:01:17.077Z level=WARN service=timeline request_id=req-000077 user_id=1077 latency_ms=81 payload_bytes=333 path=/api/v1/logs/12 message="cat log benchmark line 77" trace=tr-00001309
2026-04-27T12:01:18.078Z level=ERROR service=session request_id=req-000078 user_id=1078 latency_ms=82 payload_bytes=334 path=/api/v1/logs/0 message="cat log benchmark line 78" trace=tr-00001326
2026-04-27T12:01:19.079Z level=TRACE service=renderer request_id=req-000079 user_id=1079 latency_ms=83 payload_bytes=335 path=/api/v1/logs/1 message="cat log benchmark line 79" trace=tr-00001343
2026-04-27T12:01:20.080Z level=INFO service=gateway request_id=req-000080 user_id=1080 latency_ms=84 payload_bytes=336 path=/api/v1/logs/2 message="cat log benchmark line 80" trace=tr-00001360
2026-04-27T12:01:21.081Z level=DEBUG service=timeline request_id=req-000081 user_id=1081 latency_ms=85 payload_bytes=337 path=/api/v1/logs/3 message="cat log benchmark line 81" trace=tr-00001377
2026-04-27T12:01:22.082Z level=WARN service=session request_id=req-000082 user_id=1082 latency_ms=86 payload_bytes=338 path=/api/v1/logs/4 message="cat log benchmark line 82" trace=tr-00001394
2026-04-27T12:01:23.083Z level=ERROR service=renderer request_id=req-000083 user_id=1083 latency_ms=87 payload_bytes=339 path=/api/v1/logs/5 message="cat log benchmark line 83" trace=tr-00001411
2026-04-27T12:01:24.084Z level=TRACE service=gateway request_id=req-000084 user_id=1084 latency_ms=88 payload_bytes=340 path=/api/v1/logs/6 message="cat log benchmark line 84" trace=tr-00001428
2026-04-27T12:01:25.085Z level=INFO service=timeline request_id=req-000085 user_id=1085 latency_ms=89 payload_bytes=341 path=/api/v1/logs/7 message="cat log benchmark line 85" trace=tr-00001445
2026-04-27T12:01:26.086Z level=DEBUG service=session request_id=req-000086 user_id=1086 latency_ms=90 payload_bytes=342 path=/api/v1/logs/8 message="cat log benchmark line 86" trace=tr-00001462
2026-04-27T12:01:27.087Z level=WARN service=renderer request_id=req-000087 user_id=1087 latency_ms=91 payload_bytes=343 path=/api/v1/logs/9 message="cat log benchmark line 87" trace=tr-00001479
2026-04-27T12:01:28.088Z level=ERROR service=gateway request_id=req-000088 user_id=1088 latency_ms=92 payload_bytes=344 path=/api/v1/logs/10 message="cat log benchmark line 88" trace=tr-00001496
2026-04-27T12:01:29.089Z level=TRACE service=timeline request_id=req-000089 user_id=1089 latency_ms=93 payload_bytes=345 path=/api/v1/logs/11 message="cat log benchmark line 89" trace=tr-00001513
2026-04-27T12:01:30.090Z level=INFO service=session request_id=req-000090 user_id=1090 latency_ms=94 payload_bytes=346 path=/api/v1/logs/12 message="cat log benchmark line 90" trace=tr-00001530
2026-04-27T12:01:31.091Z level=DEBUG service=renderer request_id=req-000091 user_id=1091 latency_ms=95 payload_bytes=347 path=/api/v1/logs/0 message="cat log benchmark line 91" trace=tr-00001547
2026-04-27T12:01:32.092Z level=WARN service=gateway request_id=req-000092 user_id=1092 latency_ms=96 payload_bytes=348 path=/api/v1/logs/1 message="cat log benchmark line 92" trace=tr-00001564
2026-04-27T12:01:33.093Z level=ERROR service=timeline request_id=req-000093 user_id=1093 latency_ms=97 payload_bytes=349 path=/api/v1/logs/2 message="cat log benchmark line 93" trace=tr-00001581
2026-04-27T12:01:34.094Z level=TRACE service=session request_id=req-000094 user_id=1094 latency_ms=98 payload_bytes=350 path=/api/v1/logs/3 message="cat log benchmark line 94" trace=tr-00001598
2026-04-27T12:01:35.095Z level=INFO service=renderer request_id=req-000095 user_id=1095 latency_ms=99 payload_bytes=351 path=/api/v1/logs/4 message="cat log benchmark line 95" trace=tr-00001615
2026-04-27T12:01:36.096Z level=DEBUG service=gateway request_id=req-000096 user_id=1096 latency_ms=100 payload_bytes=352 path=/api/v1/logs/5 message="cat log benchmark line 96" trace=tr-00001632
2026-04-27T12:01:37.097Z level=WARN service=timeline request_id=req-000097 user_id=1000 latency_ms=101 payload_bytes=353 path=/api/v1/logs/6 message="cat log benchmark line 97" trace=tr-00001649
2026-04-27T12:01:38.098Z level=ERROR service=session request_id=req-000098 user_id=1001 latency_ms=102 payload_bytes=354 path=/api/v1/logs/7 message="cat log benchmark line 98" trace=tr-00001666
2026-04-27T12:01:39.099Z level=TRACE service=renderer request_id=req-000099 user_id=1002 latency_ms=103 payload_bytes=355 path=/api/v1/logs/8 message="cat log benchmark line 99" trace=tr-00001683
2026-04-27T12:01:40.100Z level=INFO service=gateway request_id=req-000100 user_id=1003 latency_ms=104 payload_bytes=356 path=/api/v1/logs/9 message="cat log benchmark line 100" trace=tr-00001700
2026-04-27T12:01:41.101Z level=DEBUG service=timeline request_id=req-000101 user_id=1004 latency_ms=105 payload_bytes=357 path=/api/v1/logs/10 message="cat log benchmark line 101" trace=tr-00001717
2026-04-27T12:01:42.102Z level=WARN service=session request_id=req-000102 user_id=1005 latency_ms=106 payload_bytes=358 path=/api/v1/logs/11 message="cat log benchmark line 102" trace=tr-00001734
2026-04-27T12:01:43.103Z level=ERROR service=renderer request_id=req-000103 user_id=1006 latency_ms=107 payload_bytes=359 path=/api/v1/logs/12 message="cat log benchmark line 103" trace=tr-00001751
2026-04-27T12:01:44.104Z level=TRACE service=gateway request_id=req-000104 user_id=1007 latency_ms=108 payload_bytes=360 path=/api/v1/logs/0 message="cat log benchmark line 104" trace=tr-00001768
2026-04-27T12:01:45.105Z level=INFO service=timeline request_id=req-000105 user_id=1008 latency_ms=109 payload_bytes=361 path=/api/v1/logs/1 message="cat log benchmark line 105" trace=tr-00001785
2026-04-27T12:01:46.106Z level=DEBUG service=session request_id=req-000106 user_id=1009 latency_ms=110 payload_bytes=362 path=/api/v1/logs/2 message="cat log benchmark line 106" trace=tr-00001802
2026-04-27T12:01:47.107Z level=WARN service=renderer request_id=req-000107 user_id=1010 latency_ms=111 payload_bytes=363 path=/api/v1/logs/3 message="cat log benchmark line 107" trace=tr-00001819
2026-04-27T12:01:48.108Z level=ERROR service=gateway request_id=req-000108 user_id=1011 latency_ms=112 payload_bytes=364 path=/api/v1/logs/4 message="cat log benchmark line 108" trace=tr-00001836
2026-04-27T12:01:49.109Z level=TRACE service=timeline request_id=req-000109 user_id=1012 latency_ms=113 payload_bytes=365 path=/api/v1/logs/5 message="cat log benchmark line 109" trace=tr-00001853
2026-04-27T12:01:50.110Z level=INFO service=session request_id=req-000110 user_id=1013 latency_ms=114 payload_bytes=366 path=/api/v1/logs/6 message="cat log benchmark line 110" trace=tr-00001870
2026-04-27T12:01:51.111Z level=DEBUG service=renderer request_id=req-000111 user_id=1014 latency_ms=115 payload_bytes=367 path=/api/v1/logs/7 message="cat log benchmark line 111" trace=tr-00001887
2026-04-27T12:01:52.112Z level=WARN service=gateway request_id=req-000112 user_id=1015 latency_ms=116 payload_bytes=368 path=/api/v1/logs/8 message="cat log benchmark line 112" trace=tr-00001904
2026-04-27T12:01:53.113Z level=ERROR service=timeline request_id=req-000113 user_id=1016 latency_ms=117 payload_bytes=369 path=/api/v1/logs/9 message="cat log benchmark line 113" trace=tr-00001921
2026-04-27T12:01:54.114Z level=TRACE service=session request_id=req-000114 user_id=1017 latency_ms=118 payload_bytes=370 path=/api/v1/logs/10 message="cat log benchmark line 114" trace=tr-00001938
2026-04-27T12:01:55.115Z level=INFO service=renderer request_id=req-000115 user_id=1018 latency_ms=119 payload_bytes=371 path=/api/v1/logs/11 message="cat log benchmark line 115" trace=tr-00001955
2026-04-27T12:01:56.116Z level=DEBUG service=gateway request_id=req-000116 user_id=1019 latency_ms=120 payload_bytes=372 path=/api/v1/logs/12 message="cat log benchmark line 116" trace=tr-00001972
2026-04-27T12:01:57.117Z level=WARN service=timeline request_id=req-000117 user_id=1020 latency_ms=121 payload_bytes=373 path=/api/v1/logs/0 message="cat log benchmark line 117" trace=tr-00001989
2026-04-27T12:01:58.118Z level=ERROR service=session request_id=req-000118 user_id=1021 latency_ms=122 payload_bytes=374 path=/api/v1/logs/1 message="cat log benchmark line 118" trace=tr-00002006
2026-04-27T12:01:59.119Z level=TRACE service=renderer request_id=req-000119 user_id=1022 latency_ms=123 payload_bytes=375 path=/api/v1/logs/2 message="cat log benchmark line 119" trace=tr-00002023
2026-04-27T12:02:00.120Z level=INFO service=gateway request_id=req-000120 user_id=1023 latency_ms=124 payload_bytes=376 path=/api/v1/logs/3 message="cat log benchmark line 120" trace=tr-00002040
2026-04-27T12:02:01.121Z level=DEBUG service=timeline request_id=req-000121 user_id=1024 latency_ms=125 payload_bytes=377 path=/api/v1/logs/4 message="cat log benchmark line 121" trace=tr-00002057
2026-04-27T12:02:02.122Z level=WARN service=session request_id=req-000122 user_id=1025 latency_ms=126 payload_bytes=378 path=/api/v1/logs/5 message="cat log benchmark line 122" trace=tr-00002074
2026-04-27T12:02:03.123Z level=ERROR service=renderer request_id=req-000123 user_id=1026 latency_ms=127 payload_bytes=379 path=/api/v1/logs/6 message="cat log benchmark line 123" trace=tr-00002091
2026-04-27T12:02:04.124Z level=TRACE service=gateway request_id=req-000124 user_id=1027 latency_ms=128 payload_bytes=380 path=/api/v1/logs/7 message="cat log benchmark line 124" trace=tr-00002108
2026-04-27T12:02:05.125Z level=INFO service=timeline request_id=req-000125 user_id=1028 latency_ms=129 payload_bytes=381 path=/api/v1/logs/8 message="cat log benchmark line 125" trace=tr-00002125
2026-04-27T12:02:06.126Z level=DEBUG service=session request_id=req-000126 user_id=1029 latency_ms=130 payload_bytes=382 path=/api/v1/logs/9 message="cat log benchmark line 126" trace=tr-00002142
2026-04-27T12:02:07.127Z level=WARN service=renderer request_id=req-000127 user_id=1030 latency_ms=131 payload_bytes=383 path=/api/v1/logs/10 message="cat log benchmark line 127" trace=tr-00002159
2026-04-27T12:02:08.128Z level=ERROR service=gateway request_id=req-000128 user_id=1031 latency_ms=132 payload_bytes=384 path=/api/v1/logs/11 message="cat log benchmark line 128" trace=tr-00002176
2026-04-27T12:02:09.129Z level=TRACE service=timeline request_id=req-000129 user_id=1032 latency_ms=133 payload_bytes=385 path=/api/v1/logs/12 message="cat log benchmark line 129" trace=tr-00002193
2026-04-27T12:02:10.130Z level=INFO service=session request_id=req-000130 user_id=1033 latency_ms=134 payload_bytes=386 path=/api/v1/logs/0 message="cat log benchmark line 130" trace=tr-00002210
2026-04-27T12:02:11.131Z level=DEBUG service=renderer request_id=req-000131 user_id=1034 latency_ms=135 payload_bytes=387 path=/api/v1/logs/1 message="cat log benchmark line 131" trace=tr-00002227
2026-04-27T12:02:12.132Z level=WARN service=gateway request_id=req-000132 user_id=1035 latency_ms=136 payload_bytes=388 path=/api/v1/logs/2 message="cat log benchmark line 132" trace=tr-00002244
2026-04-27T12:02:13.133Z level=ERROR service=timeline request_id=req-000133 user_id=1036 latency_ms=137 payload_bytes=389 path=/api/v1/logs/3 message="cat log benchmark line 133" trace=tr-00002261
2026-04-27T12:02:14.134Z level=TRACE service=session request_id=req-000134 user_id=1037 latency_ms=138 payload_bytes=390 path=/api/v1/logs/4 message="cat log benchmark line 134" trace=tr-00002278
2026-04-27T12:02:15.135Z level=INFO service=renderer request_id=req-000135 user_id=1038 latency_ms=139 payload_bytes=391 path=/api/v1/logs/5 message="cat log benchmark line 135" trace=tr-00002295
2026-04-27T12:02:16.136Z level=DEBUG service=gateway request_id=req-000136 user_id=1039 latency_ms=140 payload_bytes=392 path=/api/v1/logs/6 message="cat log benchmark line 136" trace=tr-00002312
2026-04-27T12:02:17.137Z level=WARN service=timeline request_id=req-000137 user_id=1040 latency_ms=141 payload_bytes=393 path=/api/v1/logs/7 message="cat log benchmark line 137" trace=tr-00002329
2026-04-27T12:02:18.138Z level=ERROR service=session request_id=req-000138 user_id=1041 latency_ms=142 payload_bytes=394 path=/api/v1/logs/8 message="cat log benchmark line 138" trace=tr-00002346
2026-04-27T12:02:19.139Z level=TRACE service=renderer request_id=req-000139 user_id=1042 latency_ms=143 payload_bytes=395 path=/api/v1/logs/9 message="cat log benchmark line 139" trace=tr-00002363
2026-04-27T12:02:20.140Z level=INFO service=gateway request_id=req-000140 user_id=1043 latency_ms=144 payload_bytes=396 path=/api/v1/logs/10 message="cat log benchmark line 140" trace=tr-00002380
2026-04-27T12:02:21.141Z level=DEBUG service=timeline request_id=req-000141 user_id=1044 latency_ms=145 payload_bytes=397 path=/api/v1/logs/11 message="cat log benchmark line 141" trace=tr-00002397
2026-04-27T12:02:22.142Z level=WARN service=session request_id=req-000142 user_id=1045 latency_ms=146 payload_bytes=398 path=/api/v1/logs/12 message="cat log benchmark line 142" trace=tr-00002414
2026-04-27T12:02:23.143Z level=ERROR service=renderer request_id=req-000143 user_id=1046 latency_ms=147 payload_bytes=399 path=/api/v1/logs/0 message="cat log benchmark line 143" trace=tr-00002431
2026-04-27T12:02:24.144Z level=TRACE service=gateway request_id=req-000144 user_id=1047 latency_ms=148 payload_bytes=400 path=/api/v1/logs/1 message="cat log benchmark line 144" trace=tr-00002448
2026-04-27T12:02:25.145Z level=INFO service=timeline request_id=req-000145 user_id=1048 latency_ms=149 payload_bytes=401 path=/api/v1/logs/2 message="cat log benchmark line 145" trace=tr-00002465
2026-04-27T12:02:26.146Z level=DEBUG service=session request_id=req-000146 user_id=1049 latency_ms=150 payload_bytes=402 path=/api/v1/logs/3 message="cat log benchmark line 146" trace=tr-00002482
2026-04-27T12:02:27.147Z level=WARN service=renderer request_id=req-000147 user_id=1050 latency_ms=151 payload_bytes=403 path=/api/v1/logs/4 message="cat log benchmark line 147" trace=tr-00002499
2026-04-27T12:02:28.148Z level=ERROR service=gateway request_id=req-000148 user_id=1051 latency_ms=152 payload_bytes=404 path=/api/v1/logs/5 message="cat log benchmark line 148" trace=tr-00002516
2026-04-27T12:02:29.149Z level=TRACE service=timeline request_id=req-000149 user_id=1052 latency_ms=153 payload_bytes=405 path=/api/v1/logs/6 message="cat log benchmark line 149" trace=tr-00002533
2026-04-27T12:02:30.150Z level=INFO service=session request_id=req-000150 user_id=1053 latency_ms=154 payload_bytes=406 path=/api/v1/logs/7 message="cat log benchmark line 150" trace=tr-00002550
2026-04-27T12:02:31.151Z level=DEBUG service=renderer request_id=req-000151 user_id=1054 latency_ms=155 payload_bytes=407 path=/api/v1/logs/8 message="cat log benchmark line 151" trace=tr-00002567
2026-04-27T12:02:32.152Z level=WARN service=gateway request_id=req-000152 user_id=1055 latency_ms=156 payload_bytes=408 path=/api/v1/logs/9 message="cat log benchmark line 152" trace=tr-00002584
2026-04-27T12:02:33.153Z level=ERROR service=timeline request_id=req-000153 user_id=1056 latency_ms=157 payload_bytes=409 path=/api/v1/logs/10 message="cat log benchmark line 153" trace=tr-00002601
2026-04-27T12:02:34.154Z level=TRACE service=session request_id=req-000154 user_id=1057 latency_ms=158 payload_bytes=410 path=/api/v1/logs/11 message="cat log benchmark line 154" trace=tr-00002618
2026-04-27T12:02:35.155Z level=INFO service=renderer request_id=req-000155 user_id=1058 latency_ms=159 payload_bytes=411 path=/api/v1/logs/12 message="cat log benchmark line 155" trace=tr-00002635
2026-04-27T12:02:36.156Z level=DEBUG service=gateway request_id=req-000156 user_id=1059 latency_ms=160 payload_bytes=412 path=/api/v1/logs/0 message="cat log benchmark line 156" trace=tr-00002652
2026-04-27T12:02:37.157Z level=WARN service=timeline request_id=req-000157 user_id=1060 latency_ms=161 payload_bytes=413 path=/api/v1/logs/1 message="cat log benchmark line 157" trace=tr-00002669
2026-04-27T12:02:38.158Z level=ERROR service=session request_id=req-000158 user_id=1061 latency_ms=162 payload_bytes=414 path=/api/v1/logs/2 message="cat log benchmark line 158" trace=tr-00002686
2026-04-27T12:02:39.159Z level=TRACE service=renderer request_id=req-000159 user_id=1062 latency_ms=163 payload_bytes=415 path=/api/v1/logs/3 message="cat log benchmark line 159" trace=tr-00002703
2026-04-27T12:02:40.160Z level=INFO service=gateway request_id=req-000160 user_id=1063 latency_ms=164 payload_bytes=416 path=/api/v1/logs/4 message="cat log benchmark line 160" trace=tr-00002720
2026-04-27T12:02:41.161Z level=DEBUG service=timeline request_id=req-000161 user_id=1064 latency_ms=165 payload_bytes=417 path=/api/v1/logs/5 message="cat log benchmark line 161" trace=tr-00002737
2026-04-27T12:02:42.162Z level=WARN service=session request_id=req-000162 user_id=1065 latency_ms=166 payload_bytes=418 path=/api/v1/logs/6 message="cat log benchmark line 162" trace=tr-00002754
2026-04-27T12:02:43.163Z level=ERROR service=renderer request_id=req-000163 user_id=1066 latency_ms=167 payload_bytes=419 path=/api/v1/logs/7 message="cat log benchmark line 163" trace=tr-00002771
2026-04-27T12:02:44.164Z level=TRACE service=gateway request_id=req-000164 user_id=1067 latency_ms=168 payload_bytes=420 path=/api/v1/logs/8 message="cat log benchmark line 164" trace=tr-00002788
2026-04-27T12:02:45.165Z level=INFO service=timeline request_id=req-000165 user_id=1068 latency_ms=169 payload_bytes=421 path=/api/v1/logs/9 message="cat log benchmark line 165" trace=tr-00002805
2026-04-27T12:02:46.166Z level=DEBUG service=session request_id=req-000166 user_id=1069 latency_ms=170 payload_bytes=422 path=/api/v1/logs/10 message="cat log benchmark line 166" trace=tr-00002822
2026-04-27T12:02:47.167Z level=WARN service=renderer request_id=req-000167 user_id=1070 latency_ms=171 payload_bytes=423 path=/api/v1/logs/11 message="cat log benchmark line 167" trace=tr-00002839
2026-04-27T12:02:48.168Z level=ERROR service=gateway request_id=req-000168 user_id=1071 latency_ms=172 payload_bytes=424 path=/api/v1/logs/12 message="cat log benchmark line 168" trace=tr-00002856
2026-04-27T12:02:49.169Z level=TRACE service=timeline request_id=req-000169 user_id=1072 latency_ms=173 payload_bytes=425 path=/api/v1/logs/0 message="cat log benchmark line 169" trace=tr-00002873
2026-04-27T12:02:50.170Z level=INFO service=session request_id=req-000170 user_id=1073 latency_ms=174 payload_bytes=426 path=/api/v1/logs/1 message="cat log benchmark line 170" trace=tr-00002890
2026-04-27T12:02:51.171Z level=DEBUG service=renderer request_id=req-000171 user_id=1074 latency_ms=175 payload_bytes=427 path=/api/v1/logs/2 message="cat log benchmark line 171" trace=tr-00002907
2026-04-27T12:02:52.172Z level=WARN service=gateway request_id=req-000172 user_id=1075 latency_ms=176 payload_bytes=428 path=/api/v1/logs/3 message="cat log benchmark line 172" trace=tr-00002924
2026-04-27T12:02:53.173Z level=ERROR service=timeline request_id=req-000173 user_id=1076 latency_ms=177 payload_bytes=429 path=/api/v1/logs/4 message="cat log benchmark line 173" trace=tr-00002941
2026-04-27T12:02:54.174Z level=TRACE service=session request_id=req-000174 user_id=1077 latency_ms=178 payload_bytes=430 path=/api/v1/logs/5 message="cat log benchmark line 174" trace=tr-00002958
2026-04-27T12:02:55.175Z level=INFO service=renderer request_id=req-000175 user_id=1078 latency_ms=179 payload_bytes=431 path=/api/v1/logs/6 message="cat log benchmark line 175" trace=tr-00002975
2026-04-27T12:02:56.176Z level=DEBUG service=gateway request_id=req-000176 user_id=1079 latency_ms=180 payload_bytes=432 path=/api/v1/logs/7 message="cat log benchmark line 176" trace=tr-00002992
2026-04-27T12:02:57.177Z level=WARN service=timeline request_id=req-000177 user_id=1080 latency_ms=181 payload_bytes=433 path=/api/v1/logs/8 message="cat log benchmark line 177" trace=tr-00003009
2026-04-27T12:02:58.178Z level=ERROR service=session request_id=req-000178 user_id=1081 latency_ms=182 payload_bytes=434 path=/api/v1/logs/9 message="cat log benchmark line 178" trace=tr-00003026
2026-04-27T12:02:59.179Z level=TRACE service=renderer request_id=req-000179 user_id=1082 latency_ms=183 payload_bytes=435 path=/api/v1/logs/10 message="cat log benchmark line 179" trace=tr-00003043
2026-04-27T12:03:00.180Z level=INFO service=gateway request_id=req-000180 user_id=1083 latency_ms=184 payload_bytes=436 path=/api/v1/logs/11 message="cat log benchmark line 180" trace=tr-00003060
2026-04-27T12:03:01.181Z level=DEBUG service=timeline request_id=req-000181 user_id=1084 latency_ms=185 payload_bytes=437 path=/api/v1/logs/12 message="cat log benchmark line 181" trace=tr-00003077
2026-04-27T12:03:02.182Z level=WARN service=session request_id=req-000182 user_id=1085 latency_ms=186 payload_bytes=438 path=/api/v1/logs/0 message="cat log benchmark line 182" trace=tr-00003094
2026-04-27T12:03:03.183Z level=ERROR service=renderer request_id=req-000183 user_id=1086 latency_ms=187 payload_bytes=439 path=/api/v1/logs/1 message="cat log benchmark line 183" trace=tr-00003111
2026-04-27T12:03:04.184Z level=TRACE service=gateway request_id=req-000184 user_id=1087 latency_ms=188 payload_bytes=440 path=/api/v1/logs/2 message="cat log benchmark line 184" trace=tr-00003128
2026-04-27T12:03:05.185Z level=INFO service=timeline request_id=req-000185 user_id=1088 latency_ms=189 payload_bytes=441 path=/api/v1/logs/3 message="cat log benchmark line 185" trace=tr-00003145
2026-04-27T12:03:06.186Z level=DEBUG service=session request_id=req-000186 user_id=1089 latency_ms=190 payload_bytes=442 path=/api/v1/logs/4 message="cat log benchmark line 186" trace=tr-00003162
2026-04-27T12:03:07.187Z level=WARN service=renderer request_id=req-000187 user_id=1090 latency_ms=191 payload_bytes=443 path=/api/v1/logs/5 message="cat log benchmark line 187" trace=tr-00003179
2026-04-27T12:03:08.188Z level=ERROR service=gateway request_id=req-000188 user_id=1091 latency_ms=192 payload_bytes=444 path=/api/v1/logs/6 message="cat log benchmark line 188" trace=tr-00003196
2026-04-27T12:03:09.189Z level=TRACE service=timeline request_id=req-000189 user_id=1092 latency_ms=193 payload_bytes=445 path=/api/v1/logs/7 message="cat log benchmark line 189" trace=tr-00003213
2026-04-27T12:03:10.190Z level=INFO service=session request_id=req-000190 user_id=1093 latency_ms=194 payload_bytes=446 path=/api/v1/logs/8 message="cat log benchmark line 190" trace=tr-00003230
2026-04-27T12:03:11.191Z level=DEBUG service=renderer request_id=req-000191 user_id=1094 latency_ms=195 payload_bytes=447 path=/api/v1/logs/9 message="cat log benchmark line 191" trace=tr-00003247
2026-04-27T12:03:12.192Z level=WARN service=gateway request_id=req-000192 user_id=1095 latency_ms=196 payload_bytes=448 path=/api/v1/logs/10 message="cat log benchmark line 192" trace=tr-00003264
2026-04-27T12:03:13.193Z level=ERROR service=timeline request_id=req-000193 user_id=1096 latency_ms=197 payload_bytes=449 path=/api/v1/logs/11 message="cat log benchmark line 193" trace=tr-00003281
2026-04-27T12:03:14.194Z level=TRACE service=session request_id=req-000194 user_id=1000 latency_ms=198 payload_bytes=450 path=/api/v1/logs/12 message="cat log benchmark line 194" trace=tr-00003298
2026-04-27T12:03:15.195Z level=INFO service=renderer request_id=req-000195 user_id=1001 latency_ms=199 payload_bytes=451 path=/api/v1/logs/0 message="cat log benchmark line 195" trace=tr-00003315
2026-04-27T12:03:16.196Z level=DEBUG service=gateway request_id=req-000196 user_id=1002 latency_ms=200 payload_bytes=452 path=/api/v1/logs/1 message="cat log benchmark line 196" trace=tr-00003332
2026-04-27T12:03:17.197Z level=WARN service=timeline request_id=req-000197 user_id=1003 latency_ms=201 payload_bytes=453 path=/api/v1/logs/2 message="cat log benchmark line 197" trace=tr-00003349
2026-04-27T12:03:18.198Z level=ERROR service=session request_id=req-000198 user_id=1004 latency_ms=202 payload_bytes=454 path=/api/v1/logs/3 message="cat log benchmark line 198" trace=tr-00003366
2026-04-27T12:03:19.199Z level=TRACE service=renderer request_id=req-000199 user_id=1005 latency_ms=203 payload_bytes=455 path=/api/v1/logs/4 message="cat log benchmark line 199" trace=tr-00003383
2026-04-27T12:03:20.200Z level=INFO service=gateway request_id=req-000200 user_id=1006 latency_ms=204 payload_bytes=456 path=/api/v1/logs/5 message="cat log benchmark line 200" trace=tr-00003400
2026-04-27T12:03:21.201Z level=DEBUG service=timeline request_id=req-000201 user_id=1007 latency_ms=205 payload_bytes=457 path=/api/v1/logs/6 message="cat log benchmark line 201" trace=tr-00003417
2026-04-27T12:03:22.202Z level=WARN service=session request_id=req-000202 user_id=1008 latency_ms=206 payload_bytes=458 path=/api/v1/logs/7 message="cat log benchmark line 202" trace=tr-00003434
2026-04-27T12:03:23.203Z level=ERROR service=renderer request_id=req-000203 user_id=1009 latency_ms=207 payload_bytes=459 path=/api/v1/logs/8 message="cat log benchmark line 203" trace=tr-00003451
2026-04-27T12:03:24.204Z level=TRACE service=gateway request_id=req-000204 user_id=1010 latency_ms=208 payload_bytes=460 path=/api/v1/logs/9 message="cat log benchmark line 204" trace=tr-00003468
2026-04-27T12:03:25.205Z level=INFO service=timeline request_id=req-000205 user_id=1011 latency_ms=209 payload_bytes=461 path=/api/v1/logs/10 message="cat log benchmark line 205" trace=tr-00003485
2026-04-27T12:03:26.206Z level=DEBUG service=session request_id=req-000206 user_id=1012 latency_ms=210 payload_bytes=462 path=/api/v1/logs/11 message="cat log benchmark line 206" trace=tr-00003502
2026-04-27T12:03:27.207Z level=WARN service=renderer request_id=req-000207 user_id=1013 latency_ms=211 payload_bytes=463 path=/api/v1/logs/12 message="cat log benchmark line 207" trace=tr-00003519
2026-04-27T12:03:28.208Z level=ERROR service=gateway request_id=req-000208 user_id=1014 latency_ms=212 payload_bytes=464 path=/api/v1/logs/0 message="cat log benchmark line 208" trace=tr-00003536
2026-04-27T12:03:29.209Z level=TRACE service=timeline request_id=req-000209 user_id=1015 latency_ms=213 payload_bytes=465 path=/api/v1/logs/1 message="cat log benchmark line 209" trace=tr-00003553
2026-04-27T12:03:30.210Z level=INFO service=session request_id=req-000210 user_id=1016 latency_ms=214 payload_bytes=466 path=/api/v1/logs/2 message="cat log benchmark line 210" trace=tr-00003570
2026-04-27T12:03:31.211Z level=DEBUG service=renderer request_id=req-000211 user_id=1017 latency_ms=215 payload_bytes=467 path=/api/v1/logs/3 message="cat log benchmark line 211" trace=tr-00003587
2026-04-27T12:03:32.212Z level=WARN service=gateway request_id=req-000212 user_id=1018 latency_ms=216 payload_bytes=468 path=/api/v1/logs/4 message="cat log benchmark line 212" trace=tr-00003604
2026-04-27T12:03:33.213Z level=ERROR service=timeline request_id=req-000213 user_id=1019 latency_ms=217 payload_bytes=469 path=/api/v1/logs/5 message="cat log benchmark line 213" trace=tr-00003621
2026-04-27T12:03:34.214Z level=TRACE service=session request_id=req-000214 user_id=1020 latency_ms=218 payload_bytes=470 path=/api/v1/logs/6 message="cat log benchmark line 214" trace=tr-00003638
2026-04-27T12:03:35.215Z level=INFO service=renderer request_id=req-000215 user_id=1021 latency_ms=219 payload_bytes=471 path=/api/v1/logs/7 message="cat log benchmark line 215" trace=tr-00003655
2026-04-27T12:03:36.216Z level=DEBUG service=gateway request_id=req-000216 user_id=1022 latency_ms=220 payload_bytes=472 path=/api/v1/logs/8 message="cat log benchmark line 216" trace=tr-00003672
2026-04-27T12:03:37.217Z level=WARN service=timeline request_id=req-000217 user_id=1023 latency_ms=221 payload_bytes=473 path=/api/v1/logs/9 message="cat log benchmark line 217" trace=tr-00003689
2026-04-27T12:03:38.218Z level=ERROR service=session request_id=req-000218 user_id=1024 latency_ms=222 payload_bytes=474 path=/api/v1/logs/10 message="cat log benchmark line 218" trace=tr-00003706
2026-04-27T12:03:39.219Z level=TRACE service=renderer request_id=req-000219 user_id=1025 latency_ms=223 payload_bytes=475 path=/api/v1/logs/11 message="cat log benchmark line 219" trace=tr-00003723
